[0.011s][info][gc,heap] Heap region size: 1M
[0.011s][info][gc,heap,coops] Heap address: 0x00000000e0000000, size: 512 MB, Compressed Oops mode: 32-bit
[0.015s][info][gc           ] Using G1
[0.049s][info][gc           ] Periodic GC disabled
[0.344s][info][gc,start     ] GC(0) Pause Young (Normal) (G1 Evacuation Pause)
[0.344s][info][gc,task      ] GC(0) Using 6 workers of 6 for evacuation
[0.347s][info][gc,phases    ] GC(0)   Pre Evacuate Collection Set: 0.1ms
[0.347s][info][gc,phases    ] GC(0)   Merge Heap Roots: 0.0ms
[0.347s][info][gc,phases    ] GC(0)   Evacuate Collection Set: 2.7ms
[0.347s][info][gc,phases    ] GC(0)   Post Evacuate Collection Set: 0.3ms
[0.348s][info][gc,phases    ] GC(0)   Other: 0.4ms
[0.348s][info][gc,heap      ] GC(0) Eden regions: 25->0(21)
[0.348s][info][gc,heap      ] GC(0) Survivor regions: 0->4(4)
[0.348s][info][gc,heap      ] GC(0) Old regions: 0->7
[0.348s][info][gc,heap      ] GC(0) Archive regions: 0->0
[0.348s][info][gc,heap      ] GC(0) Humongous regions: 10->5
[0.348s][info][gc,metaspace ] GC(0) Metaspace: 9166K(9600K)->9166K(9600K) NonClass: 8360K(8704K)->8360K(8704K) Class: 805K(896K)->805K(896K)
[0.348s][info][gc           ] GC(0) Pause Young (Normal) (G1 Evacuation Pause) 34M->15M(512M) 3.710ms
[0.348s][info][gc,cpu       ] GC(0) User=0.00s Sys=0.00s Real=0.00s
[0.353s][info][gc,start     ] GC(1) Pause Young (Normal) (G1 Evacuation Pause)
[0.354s][info][gc,task      ] GC(1) Using 6 workers of 6 for evacuation
[0.356s][info][gc,phases    ] GC(1)   Pre Evacuate Collection Set: 0.1ms
[0.356s][info][gc,phases    ] GC(1)   Merge Heap Roots: 0.0ms
[0.356s][info][gc,phases    ] GC(1)   Evacuate Collection Set: 2.5ms
[0.356s][info][gc,phases    ] GC(1)   Post Evacuate Collection Set: 0.2ms
[0.356s][info][gc,phases    ] GC(1)   Other: 0.1ms
[0.356s][info][gc,heap      ] GC(1) Eden regions: 21->0(30)
[0.357s][info][gc,heap      ] GC(1) Survivor regions: 4->4(4)
[0.357s][info][gc,heap      ] GC(1) Old regions: 7->15
[0.357s][info][gc,heap      ] GC(1) Archive regions: 0->0
[0.357s][info][gc,heap      ] GC(1) Humongous regions: 15->12
[0.357s][info][gc,metaspace ] GC(1) Metaspace: 9169K(9600K)->9169K(9600K) NonClass: 8363K(8704K)->8363K(8704K) Class: 805K(896K)->805K(896K)
[0.357s][info][gc           ] GC(1) Pause Young (Normal) (G1 Evacuation Pause) 46M->30M(512M) 3.062ms
[0.357s][info][gc,cpu       ] GC(1) User=0.08s Sys=0.00s Real=0.00s
[0.366s][info][gc,start     ] GC(2) Pause Young (Normal) (G1 Evacuation Pause)
[0.367s][info][gc,task      ] GC(2) Using 6 workers of 6 for evacuation
[0.370s][info][gc,phases    ] GC(2)   Pre Evacuate Collection Set: 0.0ms
[0.370s][info][gc,phases    ] GC(2)   Merge Heap Roots: 0.0ms
[0.370s][info][gc,phases    ] GC(2)   Evacuate Collection Set: 2.8ms
[0.370s][info][gc,phases    ] GC(2)   Post Evacuate Collection Set: 0.2ms
[0.370s][info][gc,phases    ] GC(2)   Other: 0.1ms
[0.370s][info][gc,heap      ] GC(2) Eden regions: 30->0(43)
[0.370s][info][gc,heap      ] GC(2) Survivor regions: 4->5(5)
[0.370s][info][gc,heap      ] GC(2) Old regions: 15->27
[0.370s][info][gc,heap      ] GC(2) Archive regions: 0->0
[0.370s][info][gc,heap      ] GC(2) Humongous regions: 30->21
[0.370s][info][gc,metaspace ] GC(2) Metaspace: 9175K(9600K)->9175K(9600K) NonClass: 8370K(8704K)->8370K(8704K) Class: 805K(896K)->805K(896K)
[0.370s][info][gc           ] GC(2) Pause Young (Normal) (G1 Evacuation Pause) 78M->52M(512M) 3.315ms
[0.370s][info][gc,cpu       ] GC(2) User=0.00s Sys=0.00s Real=0.00s
[0.384s][info][gc,start     ] GC(3) Pause Young (Normal) (G1 Evacuation Pause)
[0.384s][info][gc,task      ] GC(3) Using 6 workers of 6 for evacuation
[0.388s][info][gc,phases    ] GC(3)   Pre Evacuate Collection Set: 0.0ms
[0.388s][info][gc,phases    ] GC(3)   Merge Heap Roots: 0.0ms
[0.388s][info][gc,phases    ] GC(3)   Evacuate Collection Set: 4.0ms
[0.388s][info][gc,phases    ] GC(3)   Post Evacuate Collection Set: 0.3ms
[0.388s][info][gc,phases    ] GC(3)   Other: 0.1ms
[0.388s][info][gc,heap      ] GC(3) Eden regions: 43->0(57)
[0.388s][info][gc,heap      ] GC(3) Survivor regions: 5->6(6)
[0.388s][info][gc,heap      ] GC(3) Old regions: 27->44
[0.388s][info][gc,heap      ] GC(3) Archive regions: 0->0
[0.388s][info][gc,heap      ] GC(3) Humongous regions: 54->32
[0.388s][info][gc,metaspace ] GC(3) Metaspace: 9175K(9600K)->9175K(9600K) NonClass: 8370K(8704K)->8370K(8704K) Class: 805K(896K)->805K(896K)
[0.388s][info][gc           ] GC(3) Pause Young (Normal) (G1 Evacuation Pause) 128M->81M(512M) 4.693ms
[0.388s][info][gc,cpu       ] GC(3) User=0.00s Sys=0.09s Real=0.01s
[0.402s][info][gc,start     ] GC(4) Pause Young (Normal) (G1 Evacuation Pause)
[0.402s][info][gc,task      ] GC(4) Using 6 workers of 6 for evacuation
[0.408s][info][gc,phases    ] GC(4)   Pre Evacuate Collection Set: 0.0ms
[0.408s][info][gc,phases    ] GC(4)   Merge Heap Roots: 0.0ms
[0.408s][info][gc,phases    ] GC(4)   Evacuate Collection Set: 5.6ms
[0.408s][info][gc,phases    ] GC(4)   Post Evacuate Collection Set: 0.2ms
[0.408s][info][gc,phases    ] GC(4)   Other: 0.1ms
[0.408s][info][gc,heap      ] GC(4) Eden regions: 57->0(76)
[0.408s][info][gc,heap      ] GC(4) Survivor regions: 6->8(8)
[0.408s][info][gc,heap      ] GC(4) Old regions: 44->69
[0.408s][info][gc,heap      ] GC(4) Archive regions: 0->0
[0.408s][info][gc,heap      ] GC(4) Humongous regions: 67->45
[0.408s][info][gc,metaspace ] GC(4) Metaspace: 9175K(9600K)->9175K(9600K) NonClass: 8370K(8704K)->8370K(8704K) Class: 805K(896K)->805K(896K)
[0.408s][info][gc           ] GC(4) Pause Young (Normal) (G1 Evacuation Pause) 173M->121M(512M) 6.119ms
[0.408s][info][gc,cpu       ] GC(4) User=0.00s Sys=0.00s Real=0.01s
[0.429s][info][gc,start     ] GC(5) Pause Young (Normal) (G1 Evacuation Pause)
[0.429s][info][gc,task      ] GC(5) Using 6 workers of 6 for evacuation
[0.436s][info][gc,phases    ] GC(5)   Pre Evacuate Collection Set: 0.0ms
[0.436s][info][gc,phases    ] GC(5)   Merge Heap Roots: 0.0ms
[0.436s][info][gc,phases    ] GC(5)   Evacuate Collection Set: 6.6ms
[0.436s][info][gc,phases    ] GC(5)   Post Evacuate Collection Set: 0.3ms
[0.436s][info][gc,phases    ] GC(5)   Other: 0.2ms
[0.436s][info][gc,heap      ] GC(5) Eden regions: 76->0(140)
[0.436s][info][gc,heap      ] GC(5) Survivor regions: 8->11(11)
[0.436s][info][gc,heap      ] GC(5) Old regions: 69->94
[0.436s][info][gc,heap      ] GC(5) Archive regions: 0->0
[0.436s][info][gc,heap      ] GC(5) Humongous regions: 90->55
[0.436s][info][gc,metaspace ] GC(5) Metaspace: 9175K(9600K)->9175K(9600K) NonClass: 8370K(8704K)->8370K(8704K) Class: 805K(896K)->805K(896K)
[0.436s][info][gc           ] GC(5) Pause Young (Normal) (G1 Evacuation Pause) 242M->159M(512M) 7.319ms
[0.436s][info][gc,cpu       ] GC(5) User=0.03s Sys=0.06s Real=0.01s
[0.478s][info][gc,start     ] GC(6) Pause Young (Normal) (G1 Evacuation Pause)
[0.478s][info][gc,task      ] GC(6) Using 6 workers of 6 for evacuation
[0.490s][info][gc,phases    ] GC(6)   Pre Evacuate Collection Set: 0.0ms
[0.490s][info][gc,phases    ] GC(6)   Merge Heap Roots: 0.0ms
[0.490s][info][gc,phases    ] GC(6)   Evacuate Collection Set: 11.0ms
[0.490s][info][gc,phases    ] GC(6)   Post Evacuate Collection Set: 0.4ms
[0.490s][info][gc,phases    ] GC(6)   Other: 0.1ms
[0.490s][info][gc,heap      ] GC(6) Eden regions: 140->0(105)
[0.490s][info][gc,heap      ] GC(6) Survivor regions: 11->19(19)
[0.490s][info][gc,heap      ] GC(6) Old regions: 94->138
[0.490s][info][gc,heap      ] GC(6) Archive regions: 0->0
[0.490s][info][gc,heap      ] GC(6) Humongous regions: 135->76
[0.490s][info][gc,metaspace ] GC(6) Metaspace: 9175K(9600K)->9175K(9600K) NonClass: 8370K(8704K)->8370K(8704K) Class: 805K(896K)->805K(896K)
[0.490s][info][gc           ] GC(6) Pause Young (Normal) (G1 Evacuation Pause) 379M->232M(512M) 11.716ms
[0.490s][info][gc,cpu       ] GC(6) User=0.02s Sys=0.08s Real=0.01s
[0.495s][info][gc,start     ] GC(7) Pause Young (Concurrent Start) (G1 Humongous Allocation)
[0.495s][info][gc,task      ] GC(7) Using 6 workers of 6 for evacuation
[0.498s][info][gc,phases    ] GC(7)   Pre Evacuate Collection Set: 0.0ms
[0.498s][info][gc,phases    ] GC(7)   Merge Heap Roots: 0.0ms
[0.498s][info][gc,phases    ] GC(7)   Evacuate Collection Set: 2.9ms
[0.498s][info][gc,phases    ] GC(7)   Post Evacuate Collection Set: 0.2ms
[0.498s][info][gc,phases    ] GC(7)   Other: 0.1ms
[0.498s][info][gc,heap      ] GC(7) Eden regions: 25->0(100)
[0.498s][info][gc,heap      ] GC(7) Survivor regions: 19->10(16)
[0.498s][info][gc,heap      ] GC(7) Old regions: 138->158
[0.498s][info][gc,heap      ] GC(7) Archive regions: 0->0
[0.498s][info][gc,heap      ] GC(7) Humongous regions: 92->81
[0.498s][info][gc,metaspace ] GC(7) Metaspace: 9175K(9600K)->9175K(9600K) NonClass: 8370K(8704K)->8370K(8704K) Class: 805K(896K)->805K(896K)
[0.498s][info][gc           ] GC(7) Pause Young (Concurrent Start) (G1 Humongous Allocation) 272M->247M(512M) 3.538ms
[0.498s][info][gc,cpu       ] GC(7) User=0.09s Sys=0.00s Real=0.00s
[0.498s][info][gc           ] GC(8) Concurrent Cycle
[0.499s][info][gc,marking   ] GC(8) Concurrent Clear Claimed Marks
[0.499s][info][gc,marking   ] GC(8) Concurrent Clear Claimed Marks 0.014ms
[0.499s][info][gc,marking   ] GC(8) Concurrent Scan Root Regions
[0.499s][info][gc,marking   ] GC(8) Concurrent Scan Root Regions 0.255ms
[0.499s][info][gc,marking   ] GC(8) Concurrent Mark (0.499s)
[0.499s][info][gc,marking   ] GC(8) Concurrent Mark From Roots
[0.499s][info][gc,task      ] GC(8) Using 2 workers of 2 for marking
[0.501s][info][gc,marking   ] GC(8) Concurrent Mark From Roots 2.060ms
[0.501s][info][gc,marking   ] GC(8) Concurrent Preclean
[0.501s][info][gc,marking   ] GC(8) Concurrent Preclean 0.037ms
[0.501s][info][gc,marking   ] GC(8) Concurrent Mark (0.499s, 0.501s) 2.138ms
[0.501s][info][gc,start     ] GC(8) Pause Remark
[0.501s][info][gc           ] GC(8) Pause Remark 268M->268M(512M) 0.315ms
[0.501s][info][gc,cpu       ] GC(8) User=0.00s Sys=0.00s Real=0.00s
[0.501s][info][gc,marking   ] GC(8) Concurrent Rebuild Remembered Sets
[0.502s][info][gc,marking   ] GC(8) Concurrent Rebuild Remembered Sets 0.843ms
[0.502s][info][gc,start     ] GC(8) Pause Cleanup
[0.503s][info][gc           ] GC(8) Pause Cleanup 277M->277M(512M) 0.086ms
[0.503s][info][gc,cpu       ] GC(8) User=0.00s Sys=0.00s Real=0.00s
[0.503s][info][gc,marking   ] GC(8) Concurrent Cleanup for Next Mark
[0.505s][info][gc,marking   ] GC(8) Concurrent Cleanup for Next Mark 2.103ms
[0.505s][info][gc           ] GC(8) Concurrent Cycle 6.229ms
[0.524s][info][gc,start     ] GC(9) Pause Young (Prepare Mixed) (G1 Evacuation Pause)
[0.524s][info][gc,task      ] GC(9) Using 6 workers of 6 for evacuation
[0.532s][info][gc,phases    ] GC(9)   Pre Evacuate Collection Set: 0.0ms
[0.532s][info][gc,phases    ] GC(9)   Merge Heap Roots: 0.1ms
[0.532s][info][gc,phases    ] GC(9)   Evacuate Collection Set: 6.9ms
[0.532s][info][gc,phases    ] GC(9)   Post Evacuate Collection Set: 0.3ms
[0.532s][info][gc,phases    ] GC(9)   Other: 0.1ms
[0.532s][info][gc,heap      ] GC(9) Eden regions: 100->0(11)
[0.532s][info][gc,heap      ] GC(9) Survivor regions: 10->14(14)
[0.532s][info][gc,heap      ] GC(9) Old regions: 158->191
[0.532s][info][gc,heap      ] GC(9) Archive regions: 0->0
[0.532s][info][gc,heap      ] GC(9) Humongous regions: 156->110
[0.532s][info][gc,metaspace ] GC(9) Metaspace: 9175K(9600K)->9175K(9600K) NonClass: 8370K(8704K)->8370K(8704K) Class: 805K(896K)->805K(896K)
[0.532s][info][gc           ] GC(9) Pause Young (Prepare Mixed) (G1 Evacuation Pause) 422M->314M(512M) 7.604ms
[0.532s][info][gc,cpu       ] GC(9) User=0.00s Sys=0.09s Real=0.01s
[0.534s][info][gc,start     ] GC(10) Pause Young (Mixed) (G1 Evacuation Pause)
[0.534s][info][gc,task      ] GC(10) Using 6 workers of 6 for evacuation
[0.538s][info][gc,phases    ] GC(10)   Pre Evacuate Collection Set: 0.0ms
[0.538s][info][gc,phases    ] GC(10)   Merge Heap Roots: 0.0ms
[0.538s][info][gc,phases    ] GC(10)   Evacuate Collection Set: 3.8ms
[0.538s][info][gc,phases    ] GC(10)   Post Evacuate Collection Set: 0.3ms
[0.539s][info][gc,phases    ] GC(10)   Other: 0.1ms
[0.539s][info][gc,heap      ] GC(10) Eden regions: 11->0(88)
[0.539s][info][gc,heap      ] GC(10) Survivor regions: 14->4(4)
[0.539s][info][gc,heap      ] GC(10) Old regions: 191->172
[0.539s][info][gc,heap      ] GC(10) Archive regions: 0->0
[0.539s][info][gc,heap      ] GC(10) Humongous regions: 118->111
[0.539s][info][gc,metaspace ] GC(10) Metaspace: 9175K(9600K)->9175K(9600K) NonClass: 8370K(8704K)->8370K(8704K) Class: 805K(896K)->805K(896K)
[0.539s][info][gc           ] GC(10) Pause Young (Mixed) (G1 Evacuation Pause) 333M->286M(512M) 4.483ms
[0.539s][info][gc,cpu       ] GC(10) User=0.00s Sys=0.00s Real=0.01s
[0.539s][info][gc,start     ] GC(11) Pause Young (Concurrent Start) (G1 Humongous Allocation)
[0.539s][info][gc,task      ] GC(11) Using 6 workers of 6 for evacuation
[0.540s][info][gc,phases    ] GC(11)   Pre Evacuate Collection Set: 0.0ms
[0.540s][info][gc,phases    ] GC(11)   Merge Heap Roots: 0.0ms
[0.540s][info][gc,phases    ] GC(11)   Evacuate Collection Set: 0.6ms
[0.540s][info][gc,phases    ] GC(11)   Post Evacuate Collection Set: 0.1ms
[0.540s][info][gc,phases    ] GC(11)   Other: 0.1ms
[0.540s][info][gc,heap      ] GC(11) Eden regions: 5->0(71)
[0.540s][info][gc,heap      ] GC(11) Survivor regions: 4->6(12)
[0.540s][info][gc,heap      ] GC(11) Old regions: 172->172
[0.540s][info][gc,heap      ] GC(11) Archive regions: 0->0
[0.540s][info][gc,heap      ] GC(11) Humongous regions: 111->111
[0.540s][info][gc,metaspace ] GC(11) Metaspace: 9175K(9600K)->9175K(9600K) NonClass: 8370K(8704K)->8370K(8704K) Class: 805K(896K)->805K(896K)
[0.540s][info][gc           ] GC(11) Pause Young (Concurrent Start) (G1 Humongous Allocation) 290M->288M(512M) 0.937ms
[0.540s][info][gc,cpu       ] GC(11) User=0.00s Sys=0.00s Real=0.00s
[0.540s][info][gc           ] GC(12) Concurrent Cycle
[0.540s][info][gc,marking   ] GC(12) Concurrent Clear Claimed Marks
[0.540s][info][gc,marking   ] GC(12) Concurrent Clear Claimed Marks 0.011ms
[0.540s][info][gc,marking   ] GC(12) Concurrent Scan Root Regions
[0.540s][info][gc,marking   ] GC(12) Concurrent Scan Root Regions 0.030ms
[0.540s][info][gc,marking   ] GC(12) Concurrent Mark (0.540s)
[0.540s][info][gc,marking   ] GC(12) Concurrent Mark From Roots
[0.540s][info][gc,task      ] GC(12) Using 2 workers of 2 for marking
[0.542s][info][gc,marking   ] GC(12) Concurrent Mark From Roots 1.492ms
[0.542s][info][gc,marking   ] GC(12) Concurrent Preclean
[0.542s][info][gc,marking   ] GC(12) Concurrent Preclean 0.038ms
[0.542s][info][gc,marking   ] GC(12) Concurrent Mark (0.540s, 0.542s) 1.563ms
[0.542s][info][gc,start     ] GC(12) Pause Remark
[0.542s][info][gc           ] GC(12) Pause Remark 303M->303M(512M) 0.310ms
[0.542s][info][gc,cpu       ] GC(12) User=0.00s Sys=0.00s Real=0.00s
[0.542s][info][gc,marking   ] GC(12) Concurrent Rebuild Remembered Sets
[0.543s][info][gc,marking   ] GC(12) Concurrent Rebuild Remembered Sets 0.991ms
[0.543s][info][gc,start     ] GC(12) Pause Cleanup
[0.543s][info][gc           ] GC(12) Pause Cleanup 311M->311M(512M) 0.105ms
[0.543s][info][gc,cpu       ] GC(12) User=0.00s Sys=0.00s Real=0.00s
[0.543s][info][gc,marking   ] GC(12) Concurrent Cleanup for Next Mark
[0.545s][info][gc,marking   ] GC(12) Concurrent Cleanup for Next Mark 1.666ms
[0.545s][info][gc           ] GC(12) Concurrent Cycle 4.978ms
[0.555s][info][gc,start     ] GC(13) Pause Young (Prepare Mixed) (G1 Evacuation Pause)
[0.555s][info][gc,task      ] GC(13) Using 6 workers of 6 for evacuation
[0.558s][info][gc,phases    ] GC(13)   Pre Evacuate Collection Set: 0.0ms
[0.558s][info][gc,phases    ] GC(13)   Merge Heap Roots: 0.1ms
[0.559s][info][gc,phases    ] GC(13)   Evacuate Collection Set: 3.2ms
[0.559s][info][gc,phases    ] GC(13)   Post Evacuate Collection Set: 0.3ms
[0.559s][info][gc,phases    ] GC(13)   Other: 0.1ms
[0.559s][info][gc,heap      ] GC(13) Eden regions: 71->0(15)
[0.559s][info][gc,heap      ] GC(13) Survivor regions: 6->10(10)
[0.559s][info][gc,heap      ] GC(13) Old regions: 172->192
[0.559s][info][gc,heap      ] GC(13) Archive regions: 0->0
[0.559s][info][gc,heap      ] GC(13) Humongous regions: 161->121
[0.559s][info][gc,metaspace ] GC(13) Metaspace: 9175K(9600K)->9175K(9600K) NonClass: 8370K(8704K)->8370K(8704K) Class: 805K(896K)->805K(896K)
[0.559s][info][gc           ] GC(13) Pause Young (Prepare Mixed) (G1 Evacuation Pause) 409M->322M(512M) 3.934ms
[0.559s][info][gc,cpu       ] GC(13) User=0.03s Sys=0.00s Real=0.00s
[0.561s][info][gc,start     ] GC(14) Pause Young (Mixed) (G1 Evacuation Pause)
[0.561s][info][gc,task      ] GC(14) Using 6 workers of 6 for evacuation
[0.566s][info][gc,phases    ] GC(14)   Pre Evacuate Collection Set: 0.0ms
[0.566s][info][gc,phases    ] GC(14)   Merge Heap Roots: 0.0ms
[0.566s][info][gc,phases    ] GC(14)   Evacuate Collection Set: 4.3ms
[0.566s][info][gc,phases    ] GC(14)   Post Evacuate Collection Set: 0.3ms
[0.566s][info][gc,phases    ] GC(14)   Other: 0.2ms
[0.566s][info][gc,heap      ] GC(14) Eden regions: 15->0(68)
[0.566s][info][gc,heap      ] GC(14) Survivor regions: 10->4(4)
[0.566s][info][gc,heap      ] GC(14) Old regions: 192->181
[0.566s][info][gc,heap      ] GC(14) Archive regions: 0->0
[0.566s][info][gc,heap      ] GC(14) Humongous regions: 129->120
[0.566s][info][gc,metaspace ] GC(14) Metaspace: 9175K(9600K)->9175K(9600K) NonClass: 8370K(8704K)->8370K(8704K) Class: 805K(896K)->805K(896K)
[0.566s][info][gc           ] GC(14) Pause Young (Mixed) (G1 Evacuation Pause) 345M->304M(512M) 4.952ms
[0.566s][info][gc,cpu       ] GC(14) User=0.00s Sys=0.00s Real=0.00s
[0.567s][info][gc,start     ] GC(15) Pause Young (Concurrent Start) (G1 Humongous Allocation)
[0.567s][info][gc,task      ] GC(15) Using 6 workers of 6 for evacuation
[0.568s][info][gc,phases    ] GC(15)   Pre Evacuate Collection Set: 0.0ms
[0.568s][info][gc,phases    ] GC(15)   Merge Heap Roots: 0.0ms
[0.568s][info][gc,phases    ] GC(15)   Evacuate Collection Set: 0.5ms
[0.568s][info][gc,phases    ] GC(15)   Post Evacuate Collection Set: 0.2ms
[0.568s][info][gc,phases    ] GC(15)   Other: 0.1ms
[0.568s][info][gc,heap      ] GC(15) Eden regions: 6->0(72)
[0.568s][info][gc,heap      ] GC(15) Survivor regions: 4->6(9)
[0.568s][info][gc,heap      ] GC(15) Old regions: 181->181
[0.568s][info][gc,heap      ] GC(15) Archive regions: 0->0
[0.568s][info][gc,heap      ] GC(15) Humongous regions: 120->119
[0.568s][info][gc,metaspace ] GC(15) Metaspace: 9175K(9600K)->9175K(9600K) NonClass: 8370K(8704K)->8370K(8704K) Class: 805K(896K)->805K(896K)
[0.568s][info][gc           ] GC(15) Pause Young (Concurrent Start) (G1 Humongous Allocation) 309M->304M(512M) 0.967ms
[0.568s][info][gc,cpu       ] GC(15) User=0.00s Sys=0.00s Real=0.00s
[0.568s][info][gc           ] GC(16) Concurrent Cycle
[0.568s][info][gc,marking   ] GC(16) Concurrent Clear Claimed Marks
[0.568s][info][gc,marking   ] GC(16) Concurrent Clear Claimed Marks 0.011ms
[0.568s][info][gc,marking   ] GC(16) Concurrent Scan Root Regions
[0.568s][info][gc,marking   ] GC(16) Concurrent Scan Root Regions 0.050ms
[0.568s][info][gc,marking   ] GC(16) Concurrent Mark (0.568s)
[0.568s][info][gc,marking   ] GC(16) Concurrent Mark From Roots
[0.568s][info][gc,task      ] GC(16) Using 2 workers of 2 for marking
[0.570s][info][gc,marking   ] GC(16) Concurrent Mark From Roots 1.558ms
[0.570s][info][gc,marking   ] GC(16) Concurrent Preclean
[0.570s][info][gc,marking   ] GC(16) Concurrent Preclean 0.039ms
[0.570s][info][gc,marking   ] GC(16) Concurrent Mark (0.568s, 0.570s) 1.627ms
[0.570s][info][gc,start     ] GC(16) Pause Remark
[0.570s][info][gc           ] GC(16) Pause Remark 319M->319M(512M) 0.304ms
[0.570s][info][gc,cpu       ] GC(16) User=0.00s Sys=0.00s Real=0.00s
[0.570s][info][gc,marking   ] GC(16) Concurrent Rebuild Remembered Sets
[0.571s][info][gc,marking   ] GC(16) Concurrent Rebuild Remembered Sets 0.862ms
[0.571s][info][gc,start     ] GC(16) Pause Cleanup
[0.571s][info][gc           ] GC(16) Pause Cleanup 328M->328M(512M) 0.108ms
[0.571s][info][gc,cpu       ] GC(16) User=0.00s Sys=0.00s Real=0.00s
[0.571s][info][gc,marking   ] GC(16) Concurrent Cleanup for Next Mark
[0.572s][info][gc,marking   ] GC(16) Concurrent Cleanup for Next Mark 0.665ms
[0.572s][info][gc           ] GC(16) Concurrent Cycle 3.993ms
[0.582s][info][gc,start     ] GC(17) Pause Young (Prepare Mixed) (G1 Evacuation Pause)
[0.582s][info][gc,task      ] GC(17) Using 6 workers of 6 for evacuation
[0.586s][info][gc,phases    ] GC(17)   Pre Evacuate Collection Set: 0.0ms
[0.586s][info][gc,phases    ] GC(17)   Merge Heap Roots: 0.1ms
[0.586s][info][gc,phases    ] GC(17)   Evacuate Collection Set: 3.8ms
[0.586s][info][gc,phases    ] GC(17)   Post Evacuate Collection Set: 0.3ms
[0.586s][info][gc,phases    ] GC(17)   Other: 0.1ms
[0.587s][info][gc,heap      ] GC(17) Eden regions: 72->0(15)
[0.587s][info][gc,heap      ] GC(17) Survivor regions: 6->10(10)
[0.587s][info][gc,heap      ] GC(17) Old regions: 181->207
[0.587s][info][gc,heap      ] GC(17) Archive regions: 0->0
[0.587s][info][gc,heap      ] GC(17) Humongous regions: 162->122
[0.587s][info][gc,metaspace ] GC(17) Metaspace: 9175K(9600K)->9175K(9600K) NonClass: 8370K(8704K)->8370K(8704K) Class: 805K(896K)->805K(896K)
[0.587s][info][gc           ] GC(17) Pause Young (Prepare Mixed) (G1 Evacuation Pause) 419M->338M(512M) 4.474ms
[0.587s][info][gc,cpu       ] GC(17) User=0.00s Sys=0.00s Real=0.00s
[0.589s][info][gc,start     ] GC(18) Pause Young (Mixed) (G1 Evacuation Pause)
[0.589s][info][gc,task      ] GC(18) Using 6 workers of 6 for evacuation
[0.594s][info][gc,phases    ] GC(18)   Pre Evacuate Collection Set: 0.0ms
[0.594s][info][gc,phases    ] GC(18)   Merge Heap Roots: 0.0ms
[0.594s][info][gc,phases    ] GC(18)   Evacuate Collection Set: 4.7ms
[0.594s][info][gc,phases    ] GC(18)   Post Evacuate Collection Set: 0.3ms
[0.594s][info][gc,phases    ] GC(18)   Other: 0.1ms
[0.594s][info][gc,heap      ] GC(18) Eden regions: 15->0(65)
[0.594s][info][gc,heap      ] GC(18) Survivor regions: 10->4(4)
[0.594s][info][gc,heap      ] GC(18) Old regions: 207->196
[0.594s][info][gc,heap      ] GC(18) Archive regions: 0->0
[0.594s][info][gc,heap      ] GC(18) Humongous regions: 127->121
[0.594s][info][gc,metaspace ] GC(18) Metaspace: 9175K(9600K)->9175K(9600K) NonClass: 8370K(8704K)->8370K(8704K) Class: 805K(896K)->805K(896K)
[0.594s][info][gc           ] GC(18) Pause Young (Mixed) (G1 Evacuation Pause) 358M->320M(512M) 5.281ms
[0.594s][info][gc,cpu       ] GC(18) User=0.00s Sys=0.09s Real=0.00s
[0.605s][info][gc,start     ] GC(19) Pause Young (Concurrent Start) (G1 Evacuation Pause)
[0.605s][info][gc,task      ] GC(19) Using 6 workers of 6 for evacuation
[0.609s][info][gc,phases    ] GC(19)   Pre Evacuate Collection Set: 0.0ms
[0.609s][info][gc,phases    ] GC(19)   Merge Heap Roots: 0.0ms
[0.609s][info][gc,phases    ] GC(19)   Evacuate Collection Set: 3.1ms
[0.609s][info][gc,phases    ] GC(19)   Post Evacuate Collection Set: 0.3ms
[0.609s][info][gc,phases    ] GC(19)   Other: 0.1ms
[0.609s][info][gc,heap      ] GC(19) Eden regions: 65->0(54)
[0.609s][info][gc,heap      ] GC(19) Survivor regions: 4->9(9)
[0.609s][info][gc,heap      ] GC(19) Old regions: 196->216
[0.609s][info][gc,heap      ] GC(19) Archive regions: 0->0
[0.609s][info][gc,heap      ] GC(19) Humongous regions: 152->121
[0.609s][info][gc,metaspace ] GC(19) Metaspace: 9175K(9600K)->9175K(9600K) NonClass: 8370K(8704K)->8370K(8704K) Class: 805K(896K)->805K(896K)
[0.609s][info][gc           ] GC(19) Pause Young (Concurrent Start) (G1 Evacuation Pause) 415M->345M(512M) 3.733ms
[0.609s][info][gc,cpu       ] GC(19) User=0.00s Sys=0.00s Real=0.00s
[0.609s][info][gc           ] GC(20) Concurrent Cycle
[0.609s][info][gc,marking   ] GC(20) Concurrent Clear Claimed Marks
[0.609s][info][gc,marking   ] GC(20) Concurrent Clear Claimed Marks 0.014ms
[0.609s][info][gc,marking   ] GC(20) Concurrent Scan Root Regions
[0.609s][info][gc,marking   ] GC(20) Concurrent Scan Root Regions 0.053ms
[0.609s][info][gc,marking   ] GC(20) Concurrent Mark (0.609s)
[0.609s][info][gc,marking   ] GC(20) Concurrent Mark From Roots
[0.609s][info][gc,task      ] GC(20) Using 2 workers of 2 for marking
[0.611s][info][gc,marking   ] GC(20) Concurrent Mark From Roots 1.486ms
[0.611s][info][gc,marking   ] GC(20) Concurrent Preclean
[0.611s][info][gc,marking   ] GC(20) Concurrent Preclean 0.046ms
[0.611s][info][gc,marking   ] GC(20) Concurrent Mark (0.609s, 0.611s) 1.576ms
[0.611s][info][gc,start     ] GC(20) Pause Remark
[0.611s][info][gc           ] GC(20) Pause Remark 360M->360M(512M) 0.299ms
[0.611s][info][gc,cpu       ] GC(20) User=0.00s Sys=0.00s Real=0.00s
[0.611s][info][gc,marking   ] GC(20) Concurrent Rebuild Remembered Sets
[0.612s][info][gc,marking   ] GC(20) Concurrent Rebuild Remembered Sets 0.813ms
[0.612s][info][gc,start     ] GC(20) Pause Cleanup
[0.612s][info][gc           ] GC(20) Pause Cleanup 366M->366M(512M) 0.110ms
[0.612s][info][gc,cpu       ] GC(20) User=0.00s Sys=0.00s Real=0.00s
[0.612s][info][gc,marking   ] GC(20) Concurrent Cleanup for Next Mark
[0.613s][info][gc,marking   ] GC(20) Concurrent Cleanup for Next Mark 0.591ms
[0.613s][info][gc           ] GC(20) Concurrent Cycle 3.792ms
[0.620s][info][gc,start     ] GC(21) Pause Young (Prepare Mixed) (G1 Evacuation Pause)
[0.620s][info][gc,task      ] GC(21) Using 6 workers of 6 for evacuation
[0.624s][info][gc,phases    ] GC(21)   Pre Evacuate Collection Set: 0.0ms
[0.624s][info][gc,phases    ] GC(21)   Merge Heap Roots: 0.1ms
[0.624s][info][gc,phases    ] GC(21)   Evacuate Collection Set: 3.2ms
[0.624s][info][gc,phases    ] GC(21)   Post Evacuate Collection Set: 0.3ms
[0.624s][info][gc,phases    ] GC(21)   Other: 0.1ms
[0.624s][info][gc,heap      ] GC(21) Eden regions: 54->0(17)
[0.624s][info][gc,heap      ] GC(21) Survivor regions: 9->8(8)
[0.624s][info][gc,heap      ] GC(21) Old regions: 216->240
[0.624s][info][gc,heap      ] GC(21) Archive regions: 0->0
[0.624s][info][gc,heap      ] GC(21) Humongous regions: 154->125
[0.624s][info][gc,metaspace ] GC(21) Metaspace: 9175K(9600K)->9175K(9600K) NonClass: 8370K(8704K)->8370K(8704K) Class: 805K(896K)->805K(896K)
[0.624s][info][gc           ] GC(21) Pause Young (Prepare Mixed) (G1 Evacuation Pause) 432M->372M(512M) 3.854ms
[0.624s][info][gc,cpu       ] GC(21) User=0.06s Sys=0.02s Real=0.00s
[0.627s][info][gc,start     ] GC(22) Pause Young (Mixed) (G1 Evacuation Pause)
[0.627s][info][gc,task      ] GC(22) Using 6 workers of 6 for evacuation
[0.632s][info][gc,phases    ] GC(22)   Pre Evacuate Collection Set: 0.0ms
[0.632s][info][gc,phases    ] GC(22)   Merge Heap Roots: 0.0ms
[0.632s][info][gc,phases    ] GC(22)   Evacuate Collection Set: 4.0ms
[0.632s][info][gc,phases    ] GC(22)   Post Evacuate Collection Set: 0.3ms
[0.632s][info][gc,phases    ] GC(22)   Other: 0.1ms
[0.632s][info][gc,heap      ] GC(22) Eden regions: 17->0(51)
[0.632s][info][gc,heap      ] GC(22) Survivor regions: 8->4(4)
[0.632s][info][gc,heap      ] GC(22) Old regions: 240->223
[0.632s][info][gc,heap      ] GC(22) Archive regions: 0->0
[0.632s][info][gc,heap      ] GC(22) Humongous regions: 134->126
[0.632s][info][gc,metaspace ] GC(22) Metaspace: 9175K(9600K)->9175K(9600K) NonClass: 8370K(8704K)->8370K(8704K) Class: 805K(896K)->805K(896K)
[0.632s][info][gc           ] GC(22) Pause Young (Mixed) (G1 Evacuation Pause) 398M->352M(512M) 4.593ms
[0.632s][info][gc,cpu       ] GC(22) User=0.00s Sys=0.00s Real=0.01s
[0.641s][info][gc,start     ] GC(23) Pause Young (Normal) (G1 Evacuation Pause)
[0.641s][info][gc,task      ] GC(23) Using 6 workers of 6 for evacuation
[0.644s][info][gc,phases    ] GC(23)   Pre Evacuate Collection Set: 0.0ms
[0.644s][info][gc,phases    ] GC(23)   Merge Heap Roots: 0.0ms
[0.644s][info][gc,phases    ] GC(23)   Evacuate Collection Set: 2.8ms
[0.644s][info][gc,phases    ] GC(23)   Post Evacuate Collection Set: 0.3ms
[0.644s][info][gc,phases    ] GC(23)   Other: 0.1ms
[0.644s][info][gc,heap      ] GC(23) Eden regions: 51->0(39)
[0.644s][info][gc,heap      ] GC(23) Survivor regions: 4->7(7)
[0.644s][info][gc,heap      ] GC(23) Old regions: 223->243
[0.644s][info][gc,heap      ] GC(23) Archive regions: 0->0
[0.644s][info][gc,heap      ] GC(23) Humongous regions: 150->126
[0.644s][info][gc,metaspace ] GC(23) Metaspace: 9175K(9600K)->9175K(9600K) NonClass: 8370K(8704K)->8370K(8704K) Class: 805K(896K)->805K(896K)
[0.644s][info][gc           ] GC(23) Pause Young (Normal) (G1 Evacuation Pause) 427M->375M(512M) 3.436ms
[0.644s][info][gc,cpu       ] GC(23) User=0.00s Sys=0.00s Real=0.00s
[0.645s][info][gc,start     ] GC(24) Pause Young (Concurrent Start) (G1 Humongous Allocation)
[0.645s][info][gc,task      ] GC(24) Using 6 workers of 6 for evacuation
[0.646s][info][gc,phases    ] GC(24)   Pre Evacuate Collection Set: 0.0ms
[0.646s][info][gc,phases    ] GC(24)   Merge Heap Roots: 0.0ms
[0.646s][info][gc,phases    ] GC(24)   Evacuate Collection Set: 0.8ms
[0.646s][info][gc,phases    ] GC(24)   Post Evacuate Collection Set: 0.1ms
[0.646s][info][gc,phases    ] GC(24)   Other: 0.1ms
[0.646s][info][gc,heap      ] GC(24) Eden regions: 3->0(41)
[0.646s][info][gc,heap      ] GC(24) Survivor regions: 7->2(6)
[0.646s][info][gc,heap      ] GC(24) Old regions: 243->249
[0.646s][info][gc,heap      ] GC(24) Archive regions: 0->0
[0.646s][info][gc,heap      ] GC(24) Humongous regions: 126->124
[0.646s][info][gc,metaspace ] GC(24) Metaspace: 9175K(9600K)->9175K(9600K) NonClass: 8370K(8704K)->8370K(8704K) Class: 805K(896K)->805K(896K)
[0.646s][info][gc           ] GC(24) Pause Young (Concurrent Start) (G1 Humongous Allocation) 378M->374M(512M) 1.134ms
[0.646s][info][gc,cpu       ] GC(24) User=0.00s Sys=0.00s Real=0.00s
[0.646s][info][gc           ] GC(25) Concurrent Cycle
[0.646s][info][gc,marking   ] GC(25) Concurrent Clear Claimed Marks
[0.646s][info][gc,marking   ] GC(25) Concurrent Clear Claimed Marks 0.013ms
[0.646s][info][gc,marking   ] GC(25) Concurrent Scan Root Regions
[0.646s][info][gc,marking   ] GC(25) Concurrent Scan Root Regions 0.036ms
[0.646s][info][gc,marking   ] GC(25) Concurrent Mark (0.646s)
[0.646s][info][gc,marking   ] GC(25) Concurrent Mark From Roots
[0.646s][info][gc,task      ] GC(25) Using 2 workers of 2 for marking
[0.648s][info][gc,marking   ] GC(25) Concurrent Mark From Roots 1.435ms
[0.648s][info][gc,marking   ] GC(25) Concurrent Preclean
[0.648s][info][gc,marking   ] GC(25) Concurrent Preclean 0.046ms
[0.648s][info][gc,marking   ] GC(25) Concurrent Mark (0.646s, 0.648s) 1.520ms
[0.648s][info][gc,start     ] GC(25) Pause Remark
[0.648s][info][gc           ] GC(25) Pause Remark 389M->389M(512M) 0.346ms
[0.648s][info][gc,cpu       ] GC(25) User=0.00s Sys=0.00s Real=0.00s
[0.648s][info][gc,marking   ] GC(25) Concurrent Rebuild Remembered Sets
[0.649s][info][gc,marking   ] GC(25) Concurrent Rebuild Remembered Sets 0.917ms
[0.649s][info][gc,start     ] GC(25) Pause Cleanup
[0.649s][info][gc           ] GC(25) Pause Cleanup 395M->395M(512M) 0.120ms
[0.649s][info][gc,cpu       ] GC(25) User=0.00s Sys=0.00s Real=0.00s
[0.649s][info][gc,marking   ] GC(25) Concurrent Cleanup for Next Mark
[0.650s][info][gc,marking   ] GC(25) Concurrent Cleanup for Next Mark 0.610ms
[0.650s][info][gc           ] GC(25) Concurrent Cycle 3.901ms
[0.654s][info][gc,start     ] GC(26) Pause Young (Prepare Mixed) (G1 Evacuation Pause)
[0.654s][info][gc,task      ] GC(26) Using 6 workers of 6 for evacuation
[0.656s][info][gc,phases    ] GC(26)   Pre Evacuate Collection Set: 0.0ms
[0.657s][info][gc,phases    ] GC(26)   Merge Heap Roots: 0.1ms
[0.657s][info][gc,phases    ] GC(26)   Evacuate Collection Set: 1.7ms
[0.657s][info][gc,phases    ] GC(26)   Post Evacuate Collection Set: 0.2ms
[0.657s][info][gc,phases    ] GC(26)   Other: 0.1ms
[0.657s][info][gc,heap      ] GC(26) Eden regions: 41->0(19)
[0.657s][info][gc,heap      ] GC(26) Survivor regions: 2->6(6)
[0.657s][info][gc,heap      ] GC(26) Old regions: 249->260
[0.657s][info][gc,heap      ] GC(26) Archive regions: 0->0
[0.657s][info][gc,heap      ] GC(26) Humongous regions: 145->122
[0.657s][info][gc,metaspace ] GC(26) Metaspace: 9175K(9600K)->9175K(9600K) NonClass: 8370K(8704K)->8370K(8704K) Class: 805K(896K)->805K(896K)
[0.657s][info][gc           ] GC(26) Pause Young (Prepare Mixed) (G1 Evacuation Pause) 436M->387M(512M) 2.327ms
[0.657s][info][gc,cpu       ] GC(26) User=0.00s Sys=0.00s Real=0.00s
[0.659s][info][gc,start     ] GC(27) Pause Young (Mixed) (G1 Evacuation Pause)
[0.659s][info][gc,task      ] GC(27) Using 6 workers of 6 for evacuation
[0.664s][info][gc,phases    ] GC(27)   Pre Evacuate Collection Set: 0.0ms
[0.664s][info][gc,phases    ] GC(27)   Merge Heap Roots: 0.0ms
[0.664s][info][gc,phases    ] GC(27)   Evacuate Collection Set: 3.8ms
[0.664s][info][gc,phases    ] GC(27)   Post Evacuate Collection Set: 0.3ms
[0.664s][info][gc,phases    ] GC(27)   Other: 0.1ms
[0.664s][info][gc,heap      ] GC(27) Eden regions: 19->0(21)
[0.664s][info][gc,heap      ] GC(27) Survivor regions: 6->4(4)
[0.664s][info][gc,heap      ] GC(27) Old regions: 260->241
[0.664s][info][gc,heap      ] GC(27) Archive regions: 0->0
[0.664s][info][gc,heap      ] GC(27) Humongous regions: 125->122
[0.664s][info][gc,metaspace ] GC(27) Metaspace: 9175K(9600K)->9175K(9600K) NonClass: 8370K(8704K)->8370K(8704K) Class: 805K(896K)->805K(896K)
[0.664s][info][gc           ] GC(27) Pause Young (Mixed) (G1 Evacuation Pause) 409M->366M(512M) 4.402ms
[0.664s][info][gc,cpu       ] GC(27) User=0.00s Sys=0.00s Real=0.00s
[0.667s][info][gc,start     ] GC(28) Pause Young (Mixed) (G1 Evacuation Pause)
[0.667s][info][gc,task      ] GC(28) Using 6 workers of 6 for evacuation
[0.672s][info][gc,phases    ] GC(28)   Pre Evacuate Collection Set: 0.0ms
[0.672s][info][gc,phases    ] GC(28)   Merge Heap Roots: 0.0ms
[0.672s][info][gc,phases    ] GC(28)   Evacuate Collection Set: 4.5ms
[0.672s][info][gc,phases    ] GC(28)   Post Evacuate Collection Set: 0.3ms
[0.672s][info][gc,phases    ] GC(28)   Other: 0.1ms
[0.672s][info][gc,heap      ] GC(28) Eden regions: 21->0(51)
[0.672s][info][gc,heap      ] GC(28) Survivor regions: 4->4(4)
[0.672s][info][gc,heap      ] GC(28) Old regions: 241->231
[0.672s][info][gc,heap      ] GC(28) Archive regions: 0->0
[0.672s][info][gc,heap      ] GC(28) Humongous regions: 133->124
[0.672s][info][gc,metaspace ] GC(28) Metaspace: 9175K(9600K)->9175K(9600K) NonClass: 8370K(8704K)->8370K(8704K) Class: 805K(896K)->805K(896K)
[0.673s][info][gc           ] GC(28) Pause Young (Mixed) (G1 Evacuation Pause) 398M->358M(512M) 5.199ms
[0.673s][info][gc,cpu       ] GC(28) User=0.09s Sys=0.00s Real=0.01s
[0.680s][info][gc,start     ] GC(29) Pause Young (Concurrent Start) (G1 Humongous Allocation)
[0.680s][info][gc,task      ] GC(29) Using 6 workers of 6 for evacuation
[0.683s][info][gc,phases    ] GC(29)   Pre Evacuate Collection Set: 0.0ms
[0.683s][info][gc,phases    ] GC(29)   Merge Heap Roots: 0.0ms
[0.683s][info][gc,phases    ] GC(29)   Evacuate Collection Set: 2.3ms
[0.683s][info][gc,phases    ] GC(29)   Post Evacuate Collection Set: 0.2ms
[0.683s][info][gc,phases    ] GC(29)   Other: 0.1ms
[0.683s][info][gc,heap      ] GC(29) Eden regions: 43->0(38)
[0.683s][info][gc,heap      ] GC(29) Survivor regions: 4->7(7)
[0.683s][info][gc,heap      ] GC(29) Old regions: 231->244
[0.683s][info][gc,heap      ] GC(29) Archive regions: 0->0
[0.683s][info][gc,heap      ] GC(29) Humongous regions: 151->133
[0.683s][info][gc,metaspace ] GC(29) Metaspace: 9175K(9600K)->9175K(9600K) NonClass: 8370K(8704K)->8370K(8704K) Class: 805K(896K)->805K(896K)
[0.683s][info][gc           ] GC(29) Pause Young (Concurrent Start) (G1 Humongous Allocation) 427M->383M(512M) 2.928ms
[0.683s][info][gc,cpu       ] GC(29) User=0.00s Sys=0.00s Real=0.00s
[0.683s][info][gc           ] GC(30) Concurrent Cycle
[0.683s][info][gc,marking   ] GC(30) Concurrent Clear Claimed Marks
[0.683s][info][gc,marking   ] GC(30) Concurrent Clear Claimed Marks 0.011ms
[0.683s][info][gc,marking   ] GC(30) Concurrent Scan Root Regions
[0.683s][info][gc,marking   ] GC(30) Concurrent Scan Root Regions 0.048ms
[0.683s][info][gc,marking   ] GC(30) Concurrent Mark (0.683s)
[0.683s][info][gc,marking   ] GC(30) Concurrent Mark From Roots
[0.683s][info][gc,task      ] GC(30) Using 2 workers of 2 for marking
[0.685s][info][gc,marking   ] GC(30) Concurrent Mark From Roots 1.877ms
[0.685s][info][gc,marking   ] GC(30) Concurrent Preclean
[0.685s][info][gc,marking   ] GC(30) Concurrent Preclean 0.042ms
[0.685s][info][gc,marking   ] GC(30) Concurrent Mark (0.683s, 0.685s) 1.968ms
[0.685s][info][gc,start     ] GC(30) Pause Remark
[0.685s][info][gc           ] GC(30) Pause Remark 398M->398M(512M) 0.372ms
[0.685s][info][gc,cpu       ] GC(30) User=0.00s Sys=0.00s Real=0.00s
[0.685s][info][gc,marking   ] GC(30) Concurrent Rebuild Remembered Sets
[0.686s][info][gc,marking   ] GC(30) Concurrent Rebuild Remembered Sets 0.977ms
[0.686s][info][gc,start     ] GC(30) Pause Cleanup
[0.687s][info][gc           ] GC(30) Pause Cleanup 407M->407M(512M) 0.113ms
[0.687s][info][gc,cpu       ] GC(30) User=0.00s Sys=0.00s Real=0.00s
[0.687s][info][gc,marking   ] GC(30) Concurrent Cleanup for Next Mark
[0.687s][info][gc,marking   ] GC(30) Concurrent Cleanup for Next Mark 0.540ms
[0.687s][info][gc           ] GC(30) Concurrent Cycle 4.366ms
[0.691s][info][gc,start     ] GC(31) Pause Young (Prepare Mixed) (G1 Evacuation Pause)
[0.691s][info][gc,task      ] GC(31) Using 6 workers of 6 for evacuation
[0.694s][info][gc,phases    ] GC(31)   Pre Evacuate Collection Set: 0.0ms
[0.694s][info][gc,phases    ] GC(31)   Merge Heap Roots: 0.1ms
[0.694s][info][gc,phases    ] GC(31)   Evacuate Collection Set: 2.4ms
[0.694s][info][gc,phases    ] GC(31)   Post Evacuate Collection Set: 0.2ms
[0.694s][info][gc,phases    ] GC(31)   Other: 0.1ms
[0.694s][info][gc,heap      ] GC(31) Eden regions: 38->0(19)
[0.694s][info][gc,heap      ] GC(31) Survivor regions: 7->6(6)
[0.694s][info][gc,heap      ] GC(31) Old regions: 244->261
[0.694s][info][gc,heap      ] GC(31) Archive regions: 0->0
[0.694s][info][gc,heap      ] GC(31) Humongous regions: 157->134
[0.694s][info][gc,metaspace ] GC(31) Metaspace: 9175K(9600K)->9175K(9600K) NonClass: 8370K(8704K)->8370K(8704K) Class: 805K(896K)->805K(896K)
[0.694s][info][gc           ] GC(31) Pause Young (Prepare Mixed) (G1 Evacuation Pause) 445M->400M(512M) 3.006ms
[0.694s][info][gc,cpu       ] GC(31) User=0.00s Sys=0.00s Real=0.00s
[0.697s][info][gc,start     ] GC(32) Pause Young (Mixed) (G1 Evacuation Pause)
[0.697s][info][gc,task      ] GC(32) Using 6 workers of 6 for evacuation
[0.702s][info][gc,phases    ] GC(32)   Pre Evacuate Collection Set: 0.0ms
[0.702s][info][gc,phases    ] GC(32)   Merge Heap Roots: 0.0ms
[0.702s][info][gc,phases    ] GC(32)   Evacuate Collection Set: 4.0ms
[0.702s][info][gc,phases    ] GC(32)   Post Evacuate Collection Set: 0.3ms
[0.702s][info][gc,phases    ] GC(32)   Other: 0.2ms
[0.702s][info][gc,heap      ] GC(32) Eden regions: 19->0(38)
[0.702s][info][gc,heap      ] GC(32) Survivor regions: 6->4(4)
[0.702s][info][gc,heap      ] GC(32) Old regions: 261->244
[0.702s][info][gc,heap      ] GC(32) Archive regions: 0->0
[0.702s][info][gc,heap      ] GC(32) Humongous regions: 145->135
[0.702s][info][gc,metaspace ] GC(32) Metaspace: 9175K(9600K)->9175K(9600K) NonClass: 8370K(8704K)->8370K(8704K) Class: 805K(896K)->805K(896K)
[0.702s][info][gc           ] GC(32) Pause Young (Mixed) (G1 Evacuation Pause) 430M->382M(512M) 4.689ms
[0.702s][info][gc,cpu       ] GC(32) User=0.03s Sys=0.03s Real=0.00s
[0.702s][info][gc,start     ] GC(33) Pause Young (Concurrent Start) (G1 Humongous Allocation)
[0.702s][info][gc,task      ] GC(33) Using 6 workers of 6 for evacuation
[0.703s][info][gc,phases    ] GC(33)   Pre Evacuate Collection Set: 0.0ms
[0.703s][info][gc,phases    ] GC(33)   Merge Heap Roots: 0.0ms
[0.703s][info][gc,phases    ] GC(33)   Evacuate Collection Set: 0.6ms
[0.703s][info][gc,phases    ] GC(33)   Post Evacuate Collection Set: 0.1ms
[0.703s][info][gc,phases    ] GC(33)   Other: 0.1ms
[0.703s][info][gc,heap      ] GC(33) Eden regions: 2->0(36)
[0.703s][info][gc,heap      ] GC(33) Survivor regions: 4->1(6)
[0.703s][info][gc,heap      ] GC(33) Old regions: 244->248
[0.703s][info][gc,heap      ] GC(33) Archive regions: 0->0
[0.703s][info][gc,heap      ] GC(33) Humongous regions: 135->134
[0.703s][info][gc,metaspace ] GC(33) Metaspace: 9175K(9600K)->9175K(9600K) NonClass: 8370K(8704K)->8370K(8704K) Class: 805K(896K)->805K(896K)
[0.703s][info][gc           ] GC(33) Pause Young (Concurrent Start) (G1 Humongous Allocation) 383M->382M(512M) 1.033ms
[0.703s][info][gc,cpu       ] GC(33) User=0.00s Sys=0.00s Real=0.00s
[0.703s][info][gc           ] GC(34) Concurrent Cycle
[0.703s][info][gc,marking   ] GC(34) Concurrent Clear Claimed Marks
[0.703s][info][gc,marking   ] GC(34) Concurrent Clear Claimed Marks 0.011ms
[0.703s][info][gc,marking   ] GC(34) Concurrent Scan Root Regions
[0.703s][info][gc,marking   ] GC(34) Concurrent Scan Root Regions 0.031ms
[0.703s][info][gc,marking   ] GC(34) Concurrent Mark (0.703s)
[0.703s][info][gc,marking   ] GC(34) Concurrent Mark From Roots
[0.703s][info][gc,task      ] GC(34) Using 2 workers of 2 for marking
[0.705s][info][gc,marking   ] GC(34) Concurrent Mark From Roots 1.727ms
[0.705s][info][gc,marking   ] GC(34) Concurrent Preclean
[0.705s][info][gc,marking   ] GC(34) Concurrent Preclean 0.034ms
[0.705s][info][gc,marking   ] GC(34) Concurrent Mark (0.703s, 0.705s) 1.793ms
[0.705s][info][gc,start     ] GC(34) Pause Remark
[0.706s][info][gc           ] GC(34) Pause Remark 398M->398M(512M) 0.327ms
[0.706s][info][gc,cpu       ] GC(34) User=0.00s Sys=0.00s Real=0.00s
[0.706s][info][gc,marking   ] GC(34) Concurrent Rebuild Remembered Sets
[0.707s][info][gc,marking   ] GC(34) Concurrent Rebuild Remembered Sets 1.092ms
[0.707s][info][gc,start     ] GC(34) Pause Cleanup
[0.707s][info][gc           ] GC(34) Pause Cleanup 406M->406M(512M) 0.121ms
[0.707s][info][gc,cpu       ] GC(34) User=0.00s Sys=0.00s Real=0.00s
[0.707s][info][gc,marking   ] GC(34) Concurrent Cleanup for Next Mark
[0.708s][info][gc,marking   ] GC(34) Concurrent Cleanup for Next Mark 0.568ms
[0.708s][info][gc           ] GC(34) Concurrent Cycle 4.270ms
[0.711s][info][gc,start     ] GC(35) Pause Young (Prepare Mixed) (G1 Evacuation Pause)
[0.711s][info][gc,task      ] GC(35) Using 6 workers of 6 for evacuation
[0.713s][info][gc,phases    ] GC(35)   Pre Evacuate Collection Set: 0.0ms
[0.713s][info][gc,phases    ] GC(35)   Merge Heap Roots: 0.1ms
[0.713s][info][gc,phases    ] GC(35)   Evacuate Collection Set: 1.6ms
[0.713s][info][gc,phases    ] GC(35)   Post Evacuate Collection Set: 0.2ms
[0.713s][info][gc,phases    ] GC(35)   Other: 0.1ms
[0.713s][info][gc,heap      ] GC(35) Eden regions: 36->0(20)
[0.713s][info][gc,heap      ] GC(35) Survivor regions: 1->5(5)
[0.713s][info][gc,heap      ] GC(35) Old regions: 248->258
[0.713s][info][gc,heap      ] GC(35) Archive regions: 0->0
[0.713s][info][gc,heap      ] GC(35) Humongous regions: 154->134
[0.713s][info][gc,metaspace ] GC(35) Metaspace: 9175K(9600K)->9175K(9600K) NonClass: 8370K(8704K)->8370K(8704K) Class: 805K(896K)->805K(896K)
[0.713s][info][gc           ] GC(35) Pause Young (Prepare Mixed) (G1 Evacuation Pause) 438M->396M(512M) 2.147ms
[0.713s][info][gc,cpu       ] GC(35) User=0.00s Sys=0.00s Real=0.00s
[0.717s][info][gc,start     ] GC(36) Pause Young (Mixed) (G1 Evacuation Pause)
[0.717s][info][gc,task      ] GC(36) Using 6 workers of 6 for evacuation
[0.722s][info][gc,phases    ] GC(36)   Pre Evacuate Collection Set: 0.1ms
[0.722s][info][gc,phases    ] GC(36)   Merge Heap Roots: 0.0ms
[0.722s][info][gc,phases    ] GC(36)   Evacuate Collection Set: 4.1ms
[0.722s][info][gc,phases    ] GC(36)   Post Evacuate Collection Set: 0.3ms
[0.722s][info][gc,phases    ] GC(36)   Other: 0.2ms
[0.722s][info][gc,heap      ] GC(36) Eden regions: 20->0(38)
[0.722s][info][gc,heap      ] GC(36) Survivor regions: 5->4(4)
[0.722s][info][gc,heap      ] GC(36) Old regions: 258->245
[0.722s][info][gc,heap      ] GC(36) Archive regions: 0->0
[0.722s][info][gc,heap      ] GC(36) Humongous regions: 144->131
[0.722s][info][gc,metaspace ] GC(36) Metaspace: 9175K(9600K)->9175K(9600K) NonClass: 8370K(8704K)->8370K(8704K) Class: 805K(896K)->805K(896K)
[0.722s][info][gc           ] GC(36) Pause Young (Mixed) (G1 Evacuation Pause) 426M->379M(512M) 4.869ms
[0.722s][info][gc,cpu       ] GC(36) User=0.00s Sys=0.00s Real=0.00s
[0.723s][info][gc,start     ] GC(37) Pause Young (Concurrent Start) (G1 Humongous Allocation)
[0.723s][info][gc,task      ] GC(37) Using 6 workers of 6 for evacuation
[0.723s][info][gc,phases    ] GC(37)   Pre Evacuate Collection Set: 0.0ms
[0.723s][info][gc,phases    ] GC(37)   Merge Heap Roots: 0.0ms
[0.723s][info][gc,phases    ] GC(37)   Evacuate Collection Set: 0.6ms
[0.723s][info][gc,phases    ] GC(37)   Post Evacuate Collection Set: 0.1ms
[0.723s][info][gc,phases    ] GC(37)   Other: 0.1ms
[0.723s][info][gc,heap      ] GC(37) Eden regions: 5->0(41)
[0.724s][info][gc,heap      ] GC(37) Survivor regions: 4->2(6)
[0.724s][info][gc,heap      ] GC(37) Old regions: 245->249
[0.724s][info][gc,heap      ] GC(37) Archive regions: 0->0
[0.724s][info][gc,heap      ] GC(37) Humongous regions: 132->131
[0.724s][info][gc,metaspace ] GC(37) Metaspace: 9175K(9600K)->9175K(9600K) NonClass: 8370K(8704K)->8370K(8704K) Class: 805K(896K)->805K(896K)
[0.724s][info][gc           ] GC(37) Pause Young (Concurrent Start) (G1 Humongous Allocation) 385M->381M(512M) 0.986ms
[0.724s][info][gc,cpu       ] GC(37) User=0.00s Sys=0.00s Real=0.00s
[0.724s][info][gc           ] GC(38) Concurrent Cycle
[0.724s][info][gc,marking   ] GC(38) Concurrent Clear Claimed Marks
[0.724s][info][gc,marking   ] GC(38) Concurrent Clear Claimed Marks 0.011ms
[0.724s][info][gc,marking   ] GC(38) Concurrent Scan Root Regions
[0.724s][info][gc,marking   ] GC(38) Concurrent Scan Root Regions 0.031ms
[0.724s][info][gc,marking   ] GC(38) Concurrent Mark (0.724s)
[0.724s][info][gc,marking   ] GC(38) Concurrent Mark From Roots
[0.724s][info][gc,task      ] GC(38) Using 2 workers of 2 for marking
[0.725s][info][gc,marking   ] GC(38) Concurrent Mark From Roots 1.617ms
[0.725s][info][gc,marking   ] GC(38) Concurrent Preclean
[0.725s][info][gc,marking   ] GC(38) Concurrent Preclean 0.035ms
[0.725s][info][gc,marking   ] GC(38) Concurrent Mark (0.724s, 0.725s) 1.691ms
[0.725s][info][gc,start     ] GC(38) Pause Remark
[0.726s][info][gc           ] GC(38) Pause Remark 396M->396M(512M) 0.292ms
[0.726s][info][gc,cpu       ] GC(38) User=0.00s Sys=0.00s Real=0.00s
[0.726s][info][gc,marking   ] GC(38) Concurrent Rebuild Remembered Sets
[0.727s][info][gc,marking   ] GC(38) Concurrent Rebuild Remembered Sets 1.105ms
[0.727s][info][gc,start     ] GC(38) Pause Cleanup
[0.727s][info][gc           ] GC(38) Pause Cleanup 404M->404M(512M) 0.094ms
[0.727s][info][gc,cpu       ] GC(38) User=0.00s Sys=0.00s Real=0.00s
[0.727s][info][gc,marking   ] GC(38) Concurrent Cleanup for Next Mark
[0.728s][info][gc,marking   ] GC(38) Concurrent Cleanup for Next Mark 0.558ms
[0.728s][info][gc           ] GC(38) Concurrent Cycle 4.017ms
[0.733s][info][gc,start     ] GC(39) Pause Young (Prepare Mixed) (G1 Evacuation Pause)
[0.733s][info][gc,task      ] GC(39) Using 6 workers of 6 for evacuation
[0.735s][info][gc,phases    ] GC(39)   Pre Evacuate Collection Set: 0.1ms
[0.735s][info][gc,phases    ] GC(39)   Merge Heap Roots: 0.1ms
[0.735s][info][gc,phases    ] GC(39)   Evacuate Collection Set: 2.1ms
[0.735s][info][gc,phases    ] GC(39)   Post Evacuate Collection Set: 0.3ms
[0.735s][info][gc,phases    ] GC(39)   Other: 0.1ms
[0.735s][info][gc,heap      ] GC(39) Eden regions: 41->0(19)
[0.735s][info][gc,heap      ] GC(39) Survivor regions: 2->6(6)
[0.735s][info][gc,heap      ] GC(39) Old regions: 249->262
[0.735s][info][gc,heap      ] GC(39) Archive regions: 0->0
[0.735s][info][gc,heap      ] GC(39) Humongous regions: 168->137
[0.735s][info][gc,metaspace ] GC(39) Metaspace: 9175K(9600K)->9175K(9600K) NonClass: 8370K(8704K)->8370K(8704K) Class: 805K(896K)->805K(896K)
[0.735s][info][gc           ] GC(39) Pause Young (Prepare Mixed) (G1 Evacuation Pause) 459M->404M(512M) 2.774ms
[0.735s][info][gc,cpu       ] GC(39) User=0.00s Sys=0.00s Real=0.00s
[0.739s][info][gc,start     ] GC(40) Pause Young (Mixed) (G1 Evacuation Pause)
[0.739s][info][gc,task      ] GC(40) Using 6 workers of 6 for evacuation
[0.744s][info][gc,phases    ] GC(40)   Pre Evacuate Collection Set: 0.1ms
[0.744s][info][gc,phases    ] GC(40)   Merge Heap Roots: 0.0ms
[0.744s][info][gc,phases    ] GC(40)   Evacuate Collection Set: 4.3ms
[0.744s][info][gc,phases    ] GC(40)   Post Evacuate Collection Set: 0.3ms
[0.744s][info][gc,phases    ] GC(40)   Other: 0.2ms
[0.744s][info][gc,heap      ] GC(40) Eden regions: 19->0(35)
[0.744s][info][gc,heap      ] GC(40) Survivor regions: 6->4(4)
[0.744s][info][gc,heap      ] GC(40) Old regions: 262->249
[0.744s][info][gc,heap      ] GC(40) Archive regions: 0->0
[0.744s][info][gc,heap      ] GC(40) Humongous regions: 148->138
[0.744s][info][gc,metaspace ] GC(40) Metaspace: 9175K(9600K)->9175K(9600K) NonClass: 8370K(8704K)->8370K(8704K) Class: 805K(896K)->805K(896K)
[0.744s][info][gc           ] GC(40) Pause Young (Mixed) (G1 Evacuation Pause) 434M->390M(512M) 4.960ms
[0.744s][info][gc,cpu       ] GC(40) User=0.00s Sys=0.00s Real=0.00s
[0.744s][info][gc,start     ] GC(41) Pause Young (Concurrent Start) (G1 Humongous Allocation)
[0.744s][info][gc,task      ] GC(41) Using 6 workers of 6 for evacuation
[0.745s][info][gc,phases    ] GC(41)   Pre Evacuate Collection Set: 0.0ms
[0.745s][info][gc,phases    ] GC(41)   Merge Heap Roots: 0.0ms
[0.745s][info][gc,phases    ] GC(41)   Evacuate Collection Set: 0.5ms
[0.745s][info][gc,phases    ] GC(41)   Post Evacuate Collection Set: 0.1ms
[0.745s][info][gc,phases    ] GC(41)   Other: 0.1ms
[0.745s][info][gc,heap      ] GC(41) Eden regions: 1->0(38)
[0.745s][info][gc,heap      ] GC(41) Survivor regions: 4->1(5)
[0.745s][info][gc,heap      ] GC(41) Old regions: 249->252
[0.745s][info][gc,heap      ] GC(41) Archive regions: 0->0
[0.745s][info][gc,heap      ] GC(41) Humongous regions: 138->137
[0.745s][info][gc,metaspace ] GC(41) Metaspace: 9175K(9600K)->9175K(9600K) NonClass: 8370K(8704K)->8370K(8704K) Class: 805K(896K)->805K(896K)
[0.745s][info][gc           ] GC(41) Pause Young (Concurrent Start) (G1 Humongous Allocation) 391M->389M(512M) 0.924ms
[0.745s][info][gc,cpu       ] GC(41) User=0.00s Sys=0.00s Real=0.00s
[0.745s][info][gc           ] GC(42) Concurrent Cycle
[0.745s][info][gc,marking   ] GC(42) Concurrent Clear Claimed Marks
[0.745s][info][gc,marking   ] GC(42) Concurrent Clear Claimed Marks 0.011ms
[0.745s][info][gc,marking   ] GC(42) Concurrent Scan Root Regions
[0.745s][info][gc,marking   ] GC(42) Concurrent Scan Root Regions 0.054ms
[0.745s][info][gc,marking   ] GC(42) Concurrent Mark (0.745s)
[0.745s][info][gc,marking   ] GC(42) Concurrent Mark From Roots
[0.745s][info][gc,task      ] GC(42) Using 2 workers of 2 for marking
[0.747s][info][gc,marking   ] GC(42) Concurrent Mark From Roots 1.575ms
[0.747s][info][gc,marking   ] GC(42) Concurrent Preclean
[0.747s][info][gc,marking   ] GC(42) Concurrent Preclean 0.041ms
[0.747s][info][gc,marking   ] GC(42) Concurrent Mark (0.745s, 0.747s) 1.661ms
[0.747s][info][gc,start     ] GC(42) Pause Remark
[0.748s][info][gc           ] GC(42) Pause Remark 407M->407M(512M) 0.346ms
[0.748s][info][gc,cpu       ] GC(42) User=0.00s Sys=0.00s Real=0.00s
[0.748s][info][gc,marking   ] GC(42) Concurrent Rebuild Remembered Sets
[0.749s][info][gc,marking   ] GC(42) Concurrent Rebuild Remembered Sets 1.055ms
[0.749s][info][gc,start     ] GC(42) Pause Cleanup
[0.749s][info][gc           ] GC(42) Pause Cleanup 416M->416M(512M) 0.099ms
[0.749s][info][gc,cpu       ] GC(42) User=0.00s Sys=0.00s Real=0.00s
[0.749s][info][gc,marking   ] GC(42) Concurrent Cleanup for Next Mark
[0.749s][info][gc,marking   ] GC(42) Concurrent Cleanup for Next Mark 0.581ms
[0.749s][info][gc           ] GC(42) Concurrent Cycle 4.120ms
[0.753s][info][gc,start     ] GC(43) Pause Young (Prepare Mixed) (G1 Evacuation Pause)
[0.753s][info][gc,task      ] GC(43) Using 6 workers of 6 for evacuation
[0.755s][info][gc,phases    ] GC(43)   Pre Evacuate Collection Set: 0.0ms
[0.755s][info][gc,phases    ] GC(43)   Merge Heap Roots: 0.1ms
[0.755s][info][gc,phases    ] GC(43)   Evacuate Collection Set: 1.9ms
[0.755s][info][gc,phases    ] GC(43)   Post Evacuate Collection Set: 0.2ms
[0.755s][info][gc,phases    ] GC(43)   Other: 0.1ms
[0.755s][info][gc,heap      ] GC(43) Eden regions: 38->0(20)
[0.755s][info][gc,heap      ] GC(43) Survivor regions: 1->5(5)
[0.755s][info][gc,heap      ] GC(43) Old regions: 252->265
[0.755s][info][gc,heap      ] GC(43) Archive regions: 0->0
[0.755s][info][gc,heap      ] GC(43) Humongous regions: 160->136
[0.755s][info][gc,metaspace ] GC(43) Metaspace: 9175K(9600K)->9175K(9600K) NonClass: 8370K(8704K)->8370K(8704K) Class: 805K(896K)->805K(896K)
[0.755s][info][gc           ] GC(43) Pause Young (Prepare Mixed) (G1 Evacuation Pause) 450M->405M(512M) 2.519ms
[0.755s][info][gc,cpu       ] GC(43) User=0.00s Sys=0.00s Real=0.00s
[0.759s][info][gc,start     ] GC(44) Pause Young (Mixed) (G1 Evacuation Pause)
[0.759s][info][gc,task      ] GC(44) Using 6 workers of 6 for evacuation
[0.764s][info][gc,phases    ] GC(44)   Pre Evacuate Collection Set: 0.1ms
[0.764s][info][gc,phases    ] GC(44)   Merge Heap Roots: 0.0ms
[0.764s][info][gc,phases    ] GC(44)   Evacuate Collection Set: 4.1ms
[0.764s][info][gc,phases    ] GC(44)   Post Evacuate Collection Set: 0.3ms
[0.764s][info][gc,phases    ] GC(44)   Other: 0.2ms
[0.764s][info][gc,heap      ] GC(44) Eden regions: 20->0(35)
[0.764s][info][gc,heap      ] GC(44) Survivor regions: 5->4(4)
[0.764s][info][gc,heap      ] GC(44) Old regions: 265->250
[0.764s][info][gc,heap      ] GC(44) Archive regions: 0->0
[0.764s][info][gc,heap      ] GC(44) Humongous regions: 149->138
[0.764s][info][gc,metaspace ] GC(44) Metaspace: 9175K(9600K)->9175K(9600K) NonClass: 8370K(8704K)->8370K(8704K) Class: 805K(896K)->805K(896K)
[0.764s][info][gc           ] GC(44) Pause Young (Mixed) (G1 Evacuation Pause) 438M->391M(512M) 4.839ms
[0.764s][info][gc,cpu       ] GC(44) User=0.09s Sys=0.00s Real=0.01s
[0.764s][info][gc,start     ] GC(45) Pause Young (Concurrent Start) (G1 Humongous Allocation)
[0.764s][info][gc,task      ] GC(45) Using 6 workers of 6 for evacuation
[0.765s][info][gc,phases    ] GC(45)   Pre Evacuate Collection Set: 0.0ms
[0.765s][info][gc,phases    ] GC(45)   Merge Heap Roots: 0.0ms
[0.765s][info][gc,phases    ] GC(45)   Evacuate Collection Set: 0.5ms
[0.765s][info][gc,phases    ] GC(45)   Post Evacuate Collection Set: 0.1ms
[0.765s][info][gc,phases    ] GC(45)   Other: 0.1ms
[0.765s][info][gc,heap      ] GC(45) Eden regions: 2->0(38)
[0.765s][info][gc,heap      ] GC(45) Survivor regions: 4->1(5)
[0.765s][info][gc,heap      ] GC(45) Old regions: 250->254
[0.765s][info][gc,heap      ] GC(45) Archive regions: 0->0
[0.765s][info][gc,heap      ] GC(45) Humongous regions: 138->136
[0.765s][info][gc,metaspace ] GC(45) Metaspace: 9175K(9600K)->9175K(9600K) NonClass: 8370K(8704K)->8370K(8704K) Class: 805K(896K)->805K(896K)
[0.765s][info][gc           ] GC(45) Pause Young (Concurrent Start) (G1 Humongous Allocation) 393M->390M(512M) 0.934ms
[0.765s][info][gc,cpu       ] GC(45) User=0.00s Sys=0.00s Real=0.00s
[0.765s][info][gc           ] GC(46) Concurrent Cycle
[0.765s][info][gc,marking   ] GC(46) Concurrent Clear Claimed Marks
[0.765s][info][gc,marking   ] GC(46) Concurrent Clear Claimed Marks 0.011ms
[0.765s][info][gc,marking   ] GC(46) Concurrent Scan Root Regions
[0.765s][info][gc,marking   ] GC(46) Concurrent Scan Root Regions 0.029ms
[0.765s][info][gc,marking   ] GC(46) Concurrent Mark (0.765s)
[0.765s][info][gc,marking   ] GC(46) Concurrent Mark From Roots
[0.765s][info][gc,task      ] GC(46) Using 2 workers of 2 for marking
[0.767s][info][gc,marking   ] GC(46) Concurrent Mark From Roots 1.680ms
[0.767s][info][gc,marking   ] GC(46) Concurrent Preclean
[0.767s][info][gc,marking   ] GC(46) Concurrent Preclean 0.038ms
[0.767s][info][gc,marking   ] GC(46) Concurrent Mark (0.765s, 0.767s) 1.755ms
[0.767s][info][gc,start     ] GC(46) Pause Remark
[0.768s][info][gc           ] GC(46) Pause Remark 408M->408M(512M) 0.342ms
[0.768s][info][gc,cpu       ] GC(46) User=0.00s Sys=0.00s Real=0.00s
[0.768s][info][gc,marking   ] GC(46) Concurrent Rebuild Remembered Sets
[0.769s][info][gc,marking   ] GC(46) Concurrent Rebuild Remembered Sets 1.064ms
[0.769s][info][gc,start     ] GC(46) Pause Cleanup
[0.769s][info][gc           ] GC(46) Pause Cleanup 417M->417M(512M) 0.109ms
[0.769s][info][gc,cpu       ] GC(46) User=0.00s Sys=0.00s Real=0.00s
[0.769s][info][gc,marking   ] GC(46) Concurrent Cleanup for Next Mark
[0.769s][info][gc,marking   ] GC(46) Concurrent Cleanup for Next Mark 0.576ms
[0.769s][info][gc           ] GC(46) Concurrent Cycle 4.159ms
[0.773s][info][gc,start     ] GC(47) Pause Young (Prepare Mixed) (G1 Evacuation Pause)
[0.773s][info][gc,task      ] GC(47) Using 6 workers of 6 for evacuation
[0.775s][info][gc,phases    ] GC(47)   Pre Evacuate Collection Set: 0.0ms
[0.775s][info][gc,phases    ] GC(47)   Merge Heap Roots: 0.1ms
[0.775s][info][gc,phases    ] GC(47)   Evacuate Collection Set: 1.4ms
[0.775s][info][gc,phases    ] GC(47)   Post Evacuate Collection Set: 0.2ms
[0.775s][info][gc,phases    ] GC(47)   Other: 0.1ms
[0.775s][info][gc,heap      ] GC(47) Eden regions: 38->0(20)
[0.775s][info][gc,heap      ] GC(47) Survivor regions: 1->5(5)
[0.775s][info][gc,heap      ] GC(47) Old regions: 254->262
[0.775s][info][gc,heap      ] GC(47) Archive regions: 0->0
[0.775s][info][gc,heap      ] GC(47) Humongous regions: 160->143
[0.775s][info][gc,metaspace ] GC(47) Metaspace: 9175K(9600K)->9175K(9600K) NonClass: 8370K(8704K)->8370K(8704K) Class: 805K(896K)->805K(896K)
[0.775s][info][gc           ] GC(47) Pause Young (Prepare Mixed) (G1 Evacuation Pause) 452M->409M(512M) 1.982ms
[0.775s][info][gc,cpu       ] GC(47) User=0.00s Sys=0.00s Real=0.00s
[0.779s][info][gc,start     ] GC(48) Pause Young (Mixed) (G1 Evacuation Pause)
[0.779s][info][gc,task      ] GC(48) Using 6 workers of 6 for evacuation
[0.784s][info][gc,phases    ] GC(48)   Pre Evacuate Collection Set: 0.0ms
[0.784s][info][gc,phases    ] GC(48)   Merge Heap Roots: 0.0ms
[0.784s][info][gc,phases    ] GC(48)   Evacuate Collection Set: 4.5ms
[0.784s][info][gc,phases    ] GC(48)   Post Evacuate Collection Set: 0.4ms
[0.784s][info][gc,phases    ] GC(48)   Other: 0.1ms
[0.784s][info][gc,heap      ] GC(48) Eden regions: 20->0(32)
[0.784s][info][gc,heap      ] GC(48) Survivor regions: 5->4(4)
[0.784s][info][gc,heap      ] GC(48) Old regions: 262->251
[0.784s][info][gc,heap      ] GC(48) Archive regions: 0->0
[0.784s][info][gc,heap      ] GC(48) Humongous regions: 158->144
[0.784s][info][gc,metaspace ] GC(48) Metaspace: 9175K(9600K)->9175K(9600K) NonClass: 8370K(8704K)->8370K(8704K) Class: 805K(896K)->805K(896K)
[0.784s][info][gc           ] GC(48) Pause Young (Mixed) (G1 Evacuation Pause) 444M->398M(512M) 5.253ms
[0.784s][info][gc,cpu       ] GC(48) User=0.00s Sys=0.00s Real=0.00s
[0.784s][info][gc,start     ] GC(49) Pause Young (Concurrent Start) (G1 Humongous Allocation)
[0.784s][info][gc,task      ] GC(49) Using 6 workers of 6 for evacuation
[0.785s][info][gc,phases    ] GC(49)   Pre Evacuate Collection Set: 0.0ms
[0.785s][info][gc,phases    ] GC(49)   Merge Heap Roots: 0.0ms
[0.785s][info][gc,phases    ] GC(49)   Evacuate Collection Set: 0.5ms
[0.785s][info][gc,phases    ] GC(49)   Post Evacuate Collection Set: 0.1ms
[0.785s][info][gc,phases    ] GC(49)   Other: 0.1ms
[0.785s][info][gc,heap      ] GC(49) Eden regions: 1->0(35)
[0.785s][info][gc,heap      ] GC(49) Survivor regions: 4->1(5)
[0.785s][info][gc,heap      ] GC(49) Old regions: 251->255
[0.785s][info][gc,heap      ] GC(49) Archive regions: 0->0
[0.785s][info][gc,heap      ] GC(49) Humongous regions: 144->144
[0.785s][info][gc,metaspace ] GC(49) Metaspace: 9175K(9600K)->9175K(9600K) NonClass: 8370K(8704K)->8370K(8704K) Class: 805K(896K)->805K(896K)
[0.785s][info][gc           ] GC(49) Pause Young (Concurrent Start) (G1 Humongous Allocation) 398M->398M(512M) 0.920ms
[0.785s][info][gc,cpu       ] GC(49) User=0.00s Sys=0.00s Real=0.00s
[0.785s][info][gc           ] GC(50) Concurrent Cycle
[0.785s][info][gc,marking   ] GC(50) Concurrent Clear Claimed Marks
[0.785s][info][gc,marking   ] GC(50) Concurrent Clear Claimed Marks 0.010ms
[0.785s][info][gc,marking   ] GC(50) Concurrent Scan Root Regions
[0.785s][info][gc,marking   ] GC(50) Concurrent Scan Root Regions 0.034ms
[0.785s][info][gc,marking   ] GC(50) Concurrent Mark (0.785s)
[0.785s][info][gc,marking   ] GC(50) Concurrent Mark From Roots
[0.785s][info][gc,task      ] GC(50) Using 2 workers of 2 for marking
[0.787s][info][gc,marking   ] GC(50) Concurrent Mark From Roots 1.734ms
[0.787s][info][gc,marking   ] GC(50) Concurrent Preclean
[0.787s][info][gc,marking   ] GC(50) Concurrent Preclean 0.038ms
[0.787s][info][gc,marking   ] GC(50) Concurrent Mark (0.785s, 0.787s) 1.811ms
[0.787s][info][gc,start     ] GC(50) Pause Remark
[0.788s][info][gc           ] GC(50) Pause Remark 418M->418M(512M) 0.326ms
[0.788s][info][gc,cpu       ] GC(50) User=0.00s Sys=0.00s Real=0.00s
[0.788s][info][gc,marking   ] GC(50) Concurrent Rebuild Remembered Sets
[0.789s][info][gc,marking   ] GC(50) Concurrent Rebuild Remembered Sets 1.154ms
[0.789s][info][gc,start     ] GC(50) Pause Cleanup
[0.789s][info][gc           ] GC(50) Pause Cleanup 430M->430M(512M) 0.125ms
[0.789s][info][gc,cpu       ] GC(50) User=0.00s Sys=0.00s Real=0.00s
[0.789s][info][gc,marking   ] GC(50) Concurrent Cleanup for Next Mark
[0.790s][info][gc,marking   ] GC(50) Concurrent Cleanup for Next Mark 0.629ms
[0.790s][info][gc           ] GC(50) Concurrent Cycle 4.411ms
[0.794s][info][gc,start     ] GC(51) Pause Young (Prepare Mixed) (G1 Evacuation Pause)
[0.794s][info][gc,task      ] GC(51) Using 6 workers of 6 for evacuation
[0.796s][info][gc,phases    ] GC(51)   Pre Evacuate Collection Set: 0.0ms
[0.796s][info][gc,phases    ] GC(51)   Merge Heap Roots: 0.1ms
[0.796s][info][gc,phases    ] GC(51)   Evacuate Collection Set: 1.8ms
[0.796s][info][gc,phases    ] GC(51)   Post Evacuate Collection Set: 0.2ms
[0.796s][info][gc,phases    ] GC(51)   Other: 0.1ms
[0.796s][info][gc,heap      ] GC(51) Eden regions: 35->0(20)
[0.796s][info][gc,heap      ] GC(51) Survivor regions: 1->5(5)
[0.796s][info][gc,heap      ] GC(51) Old regions: 255->267
[0.796s][info][gc,heap      ] GC(51) Archive regions: 0->0
[0.796s][info][gc,heap      ] GC(51) Humongous regions: 187->162
[0.796s][info][gc,metaspace ] GC(51) Metaspace: 9175K(9600K)->9175K(9600K) NonClass: 8370K(8704K)->8370K(8704K) Class: 805K(896K)->805K(896K)
[0.796s][info][gc           ] GC(51) Pause Young (Prepare Mixed) (G1 Evacuation Pause) 476M->433M(512M) 2.361ms
[0.796s][info][gc,cpu       ] GC(51) User=0.00s Sys=0.00s Real=0.00s
[0.799s][info][gc,start     ] GC(52) Pause Young (Mixed) (G1 Evacuation Pause)
[0.799s][info][gc,task      ] GC(52) Using 6 workers of 6 for evacuation
[0.804s][info][gc,phases    ] GC(52)   Pre Evacuate Collection Set: 0.0ms
[0.804s][info][gc,phases    ] GC(52)   Merge Heap Roots: 0.0ms
[0.804s][info][gc,phases    ] GC(52)   Evacuate Collection Set: 4.4ms
[0.804s][info][gc,phases    ] GC(52)   Post Evacuate Collection Set: 0.3ms
[0.804s][info][gc,phases    ] GC(52)   Other: 0.2ms
[0.804s][info][gc,heap      ] GC(52) Eden regions: 20->0(23)
[0.804s][info][gc,heap      ] GC(52) Survivor regions: 5->4(4)
[0.804s][info][gc,heap      ] GC(52) Old regions: 267->255
[0.804s][info][gc,heap      ] GC(52) Archive regions: 0->0
[0.804s][info][gc,heap      ] GC(52) Humongous regions: 172->157
[0.804s][info][gc,metaspace ] GC(52) Metaspace: 9175K(9600K)->9175K(9600K) NonClass: 8370K(8704K)->8370K(8704K) Class: 805K(896K)->805K(896K)
[0.804s][info][gc           ] GC(52) Pause Young (Mixed) (G1 Evacuation Pause) 463M->415M(512M) 5.107ms
[0.804s][info][gc,cpu       ] GC(52) User=0.00s Sys=0.00s Real=0.00s
[0.804s][info][gc,start     ] GC(53) Pause Young (Concurrent Start) (G1 Humongous Allocation)
[0.804s][info][gc,task      ] GC(53) Using 6 workers of 6 for evacuation
[0.805s][info][gc,phases    ] GC(53)   Pre Evacuate Collection Set: 0.0ms
[0.805s][info][gc,phases    ] GC(53)   Merge Heap Roots: 0.0ms
[0.805s][info][gc,phases    ] GC(53)   Evacuate Collection Set: 0.5ms
[0.805s][info][gc,phases    ] GC(53)   Post Evacuate Collection Set: 0.1ms
[0.805s][info][gc,phases    ] GC(53)   Other: 0.1ms
[0.805s][info][gc,heap      ] GC(53) Eden regions: 1->0(25)
[0.805s][info][gc,heap      ] GC(53) Survivor regions: 4->1(4)
[0.805s][info][gc,heap      ] GC(53) Old regions: 255->259
[0.805s][info][gc,heap      ] GC(53) Archive regions: 0->0
[0.805s][info][gc,heap      ] GC(53) Humongous regions: 157->157
[0.805s][info][gc,metaspace ] GC(53) Metaspace: 9175K(9600K)->9175K(9600K) NonClass: 8370K(8704K)->8370K(8704K) Class: 805K(896K)->805K(896K)
[0.805s][info][gc           ] GC(53) Pause Young (Concurrent Start) (G1 Humongous Allocation) 415M->415M(512M) 0.903ms
[0.805s][info][gc,cpu       ] GC(53) User=0.00s Sys=0.00s Real=0.00s
[0.805s][info][gc           ] GC(54) Concurrent Cycle
[0.805s][info][gc,marking   ] GC(54) Concurrent Clear Claimed Marks
[0.805s][info][gc,marking   ] GC(54) Concurrent Clear Claimed Marks 0.012ms
[0.805s][info][gc,marking   ] GC(54) Concurrent Scan Root Regions
[0.805s][info][gc,marking   ] GC(54) Concurrent Scan Root Regions 0.049ms
[0.805s][info][gc,marking   ] GC(54) Concurrent Mark (0.805s)
[0.805s][info][gc,marking   ] GC(54) Concurrent Mark From Roots
[0.805s][info][gc,task      ] GC(54) Using 2 workers of 2 for marking
[0.807s][info][gc,marking   ] GC(54) Concurrent Mark From Roots 1.695ms
[0.807s][info][gc,marking   ] GC(54) Concurrent Preclean
[0.807s][info][gc,marking   ] GC(54) Concurrent Preclean 0.036ms
[0.807s][info][gc,marking   ] GC(54) Concurrent Mark (0.805s, 0.807s) 1.763ms
[0.807s][info][gc,start     ] GC(54) Pause Remark
[0.808s][info][gc           ] GC(54) Pause Remark 432M->432M(512M) 0.302ms
[0.808s][info][gc,cpu       ] GC(54) User=0.00s Sys=0.00s Real=0.00s
[0.808s][info][gc,marking   ] GC(54) Concurrent Rebuild Remembered Sets
[0.809s][info][gc,marking   ] GC(54) Concurrent Rebuild Remembered Sets 1.121ms
[0.809s][info][gc,start     ] GC(54) Pause Cleanup
[0.809s][info][gc           ] GC(54) Pause Cleanup 441M->441M(512M) 0.103ms
[0.809s][info][gc,cpu       ] GC(54) User=0.00s Sys=0.00s Real=0.00s
[0.809s][info][gc,marking   ] GC(54) Concurrent Cleanup for Next Mark
[0.809s][info][gc,marking   ] GC(54) Concurrent Cleanup for Next Mark 0.598ms
[0.810s][info][gc           ] GC(54) Concurrent Cycle 4.204ms
[0.811s][info][gc,start     ] GC(55) Pause Young (Prepare Mixed) (G1 Evacuation Pause)
[0.811s][info][gc,task      ] GC(55) Using 6 workers of 6 for evacuation
[0.812s][info][gc,phases    ] GC(55)   Pre Evacuate Collection Set: 0.0ms
[0.812s][info][gc,phases    ] GC(55)   Merge Heap Roots: 0.1ms
[0.812s][info][gc,phases    ] GC(55)   Evacuate Collection Set: 1.1ms
[0.812s][info][gc,phases    ] GC(55)   Post Evacuate Collection Set: 0.2ms
[0.812s][info][gc,phases    ] GC(55)   Other: 0.1ms
[0.812s][info][gc,heap      ] GC(55) Eden regions: 25->0(21)
[0.812s][info][gc,heap      ] GC(55) Survivor regions: 1->4(4)
[0.812s][info][gc,heap      ] GC(55) Old regions: 259->266
[0.812s][info][gc,heap      ] GC(55) Archive regions: 0->0
[0.812s][info][gc,heap      ] GC(55) Humongous regions: 170->153
[0.812s][info][gc,metaspace ] GC(55) Metaspace: 9175K(9600K)->9175K(9600K) NonClass: 8370K(8704K)->8370K(8704K) Class: 805K(896K)->805K(896K)
[0.812s][info][gc           ] GC(55) Pause Young (Prepare Mixed) (G1 Evacuation Pause) 453M->422M(512M) 1.548ms
[0.812s][info][gc,cpu       ] GC(55) User=0.00s Sys=0.00s Real=0.00s
[0.816s][info][gc,start     ] GC(56) Pause Young (Mixed) (G1 Evacuation Pause)
[0.816s][info][gc,task      ] GC(56) Using 6 workers of 6 for evacuation
[0.821s][info][gc,phases    ] GC(56)   Pre Evacuate Collection Set: 0.1ms
[0.821s][info][gc,phases    ] GC(56)   Merge Heap Roots: 0.0ms
[0.821s][info][gc,phases    ] GC(56)   Evacuate Collection Set: 4.5ms
[0.821s][info][gc,phases    ] GC(56)   Post Evacuate Collection Set: 0.3ms
[0.821s][info][gc,phases    ] GC(56)   Other: 0.2ms
[0.821s][info][gc,heap      ] GC(56) Eden regions: 21->0(23)
[0.821s][info][gc,heap      ] GC(56) Survivor regions: 4->4(4)
[0.821s][info][gc,heap      ] GC(56) Old regions: 266->255
[0.821s][info][gc,heap      ] GC(56) Archive regions: 0->0
[0.822s][info][gc,heap      ] GC(56) Humongous regions: 166->158
[0.822s][info][gc,metaspace ] GC(56) Metaspace: 9175K(9600K)->9175K(9600K) NonClass: 8370K(8704K)->8370K(8704K) Class: 805K(896K)->805K(896K)
[0.822s][info][gc           ] GC(56) Pause Young (Mixed) (G1 Evacuation Pause) 456M->416M(512M) 5.234ms
[0.822s][info][gc,cpu       ] GC(56) User=0.00s Sys=0.00s Real=0.01s
[0.822s][info][gc,start     ] GC(57) Pause Young (Concurrent Start) (G1 Humongous Allocation)
[0.822s][info][gc,task      ] GC(57) Using 6 workers of 6 for evacuation
[0.823s][info][gc,phases    ] GC(57)   Pre Evacuate Collection Set: 0.0ms
[0.823s][info][gc,phases    ] GC(57)   Merge Heap Roots: 0.0ms
[0.823s][info][gc,phases    ] GC(57)   Evacuate Collection Set: 0.5ms
[0.823s][info][gc,phases    ] GC(57)   Post Evacuate Collection Set: 0.1ms
[0.823s][info][gc,phases    ] GC(57)   Other: 0.1ms
[0.823s][info][gc,heap      ] GC(57) Eden regions: 2->0(24)
[0.823s][info][gc,heap      ] GC(57) Survivor regions: 4->1(4)
[0.823s][info][gc,heap      ] GC(57) Old regions: 255->259
[0.823s][info][gc,heap      ] GC(57) Archive regions: 0->0
[0.823s][info][gc,heap      ] GC(57) Humongous regions: 158->158
[0.823s][info][gc,metaspace ] GC(57) Metaspace: 9175K(9600K)->9175K(9600K) NonClass: 8370K(8704K)->8370K(8704K) Class: 805K(896K)->805K(896K)
[0.823s][info][gc           ] GC(57) Pause Young (Concurrent Start) (G1 Humongous Allocation) 417M->416M(512M) 0.922ms
[0.823s][info][gc,cpu       ] GC(57) User=0.00s Sys=0.00s Real=0.00s
[0.823s][info][gc           ] GC(58) Concurrent Cycle
[0.823s][info][gc,marking   ] GC(58) Concurrent Clear Claimed Marks
[0.823s][info][gc,marking   ] GC(58) Concurrent Clear Claimed Marks 0.013ms
[0.823s][info][gc,marking   ] GC(58) Concurrent Scan Root Regions
[0.823s][info][gc,marking   ] GC(58) Concurrent Scan Root Regions 0.043ms
[0.823s][info][gc,marking   ] GC(58) Concurrent Mark (0.823s)
[0.823s][info][gc,marking   ] GC(58) Concurrent Mark From Roots
[0.823s][info][gc,task      ] GC(58) Using 2 workers of 2 for marking
[0.824s][info][gc,marking   ] GC(58) Concurrent Mark From Roots 1.460ms
[0.824s][info][gc,marking   ] GC(58) Concurrent Preclean
[0.824s][info][gc,marking   ] GC(58) Concurrent Preclean 0.034ms
[0.824s][info][gc,marking   ] GC(58) Concurrent Mark (0.823s, 0.824s) 1.527ms
[0.824s][info][gc,start     ] GC(58) Pause Remark
[0.825s][info][gc           ] GC(58) Pause Remark 430M->430M(512M) 0.310ms
[0.825s][info][gc,cpu       ] GC(58) User=0.00s Sys=0.00s Real=0.00s
[0.825s][info][gc,marking   ] GC(58) Concurrent Rebuild Remembered Sets
[0.826s][info][gc,marking   ] GC(58) Concurrent Rebuild Remembered Sets 1.181ms
[0.826s][info][gc,start     ] GC(58) Pause Cleanup
[0.826s][info][gc           ] GC(58) Pause Cleanup 440M->440M(512M) 0.123ms
[0.826s][info][gc,cpu       ] GC(58) User=0.00s Sys=0.00s Real=0.00s
[0.826s][info][gc,marking   ] GC(58) Concurrent Cleanup for Next Mark
[0.827s][info][gc,marking   ] GC(58) Concurrent Cleanup for Next Mark 0.627ms
[0.827s][info][gc           ] GC(58) Concurrent Cycle 4.113ms
[0.827s][info][gc,start     ] GC(59) Pause Young (Prepare Mixed) (G1 Evacuation Pause)
[0.828s][info][gc,task      ] GC(59) Using 6 workers of 6 for evacuation
[0.829s][info][gc,phases    ] GC(59)   Pre Evacuate Collection Set: 0.0ms
[0.829s][info][gc,phases    ] GC(59)   Merge Heap Roots: 0.1ms
[0.829s][info][gc,phases    ] GC(59)   Evacuate Collection Set: 1.1ms
[0.829s][info][gc,phases    ] GC(59)   Post Evacuate Collection Set: 0.2ms
[0.829s][info][gc,phases    ] GC(59)   Other: 0.1ms
[0.829s][info][gc,heap      ] GC(59) Eden regions: 24->0(21)
[0.829s][info][gc,heap      ] GC(59) Survivor regions: 1->4(4)
[0.829s][info][gc,heap      ] GC(59) Old regions: 259->266
[0.829s][info][gc,heap      ] GC(59) Archive regions: 0->0
[0.829s][info][gc,heap      ] GC(59) Humongous regions: 168->151
[0.829s][info][gc,metaspace ] GC(59) Metaspace: 9175K(9600K)->9175K(9600K) NonClass: 8370K(8704K)->8370K(8704K) Class: 805K(896K)->805K(896K)
[0.829s][info][gc           ] GC(59) Pause Young (Prepare Mixed) (G1 Evacuation Pause) 450M->420M(512M) 1.608ms
[0.829s][info][gc,cpu       ] GC(59) User=0.00s Sys=0.00s Real=0.00s
[0.833s][info][gc,start     ] GC(60) Pause Young (Mixed) (G1 Evacuation Pause)
[0.833s][info][gc,task      ] GC(60) Using 6 workers of 6 for evacuation
[0.838s][info][gc,phases    ] GC(60)   Pre Evacuate Collection Set: 0.0ms
[0.838s][info][gc,phases    ] GC(60)   Merge Heap Roots: 0.0ms
[0.838s][info][gc,phases    ] GC(60)   Evacuate Collection Set: 4.4ms
[0.838s][info][gc,phases    ] GC(60)   Post Evacuate Collection Set: 0.3ms
[0.838s][info][gc,phases    ] GC(60)   Other: 0.1ms
[0.838s][info][gc,heap      ] GC(60) Eden regions: 21->0(22)
[0.838s][info][gc,heap      ] GC(60) Survivor regions: 4->4(4)
[0.838s][info][gc,heap      ] GC(60) Old regions: 266->256
[0.838s][info][gc,heap      ] GC(60) Archive regions: 0->0
[0.838s][info][gc,heap      ] GC(60) Humongous regions: 161->153
[0.838s][info][gc,metaspace ] GC(60) Metaspace: 9175K(9600K)->9175K(9600K) NonClass: 8370K(8704K)->8370K(8704K) Class: 805K(896K)->805K(896K)
[0.838s][info][gc           ] GC(60) Pause Young (Mixed) (G1 Evacuation Pause) 451M->412M(512M) 5.056ms
[0.838s][info][gc,cpu       ] GC(60) User=0.00s Sys=0.00s Real=0.00s
[0.838s][info][gc,start     ] GC(61) Pause Young (Concurrent Start) (G1 Humongous Allocation)
[0.838s][info][gc,task      ] GC(61) Using 6 workers of 6 for evacuation
[0.839s][info][gc,phases    ] GC(61)   Pre Evacuate Collection Set: 0.0ms
[0.839s][info][gc,phases    ] GC(61)   Merge Heap Roots: 0.0ms
[0.839s][info][gc,phases    ] GC(61)   Evacuate Collection Set: 0.5ms
[0.839s][info][gc,phases    ] GC(61)   Post Evacuate Collection Set: 0.2ms
[0.839s][info][gc,phases    ] GC(61)   Other: 0.1ms
[0.839s][info][gc,heap      ] GC(61) Eden regions: 1->0(24)
[0.839s][info][gc,heap      ] GC(61) Survivor regions: 4->1(4)
[0.839s][info][gc,heap      ] GC(61) Old regions: 256->260
[0.839s][info][gc,heap      ] GC(61) Archive regions: 0->0
[0.839s][info][gc,heap      ] GC(61) Humongous regions: 153->153
[0.839s][info][gc,metaspace ] GC(61) Metaspace: 9175K(9600K)->9175K(9600K) NonClass: 8370K(8704K)->8370K(8704K) Class: 805K(896K)->805K(896K)
[0.839s][info][gc           ] GC(61) Pause Young (Concurrent Start) (G1 Humongous Allocation) 412M->412M(512M) 0.896ms
[0.839s][info][gc,cpu       ] GC(61) User=0.00s Sys=0.00s Real=0.00s
[0.839s][info][gc           ] GC(62) Concurrent Cycle
[0.839s][info][gc,marking   ] GC(62) Concurrent Clear Claimed Marks
[0.839s][info][gc,marking   ] GC(62) Concurrent Clear Claimed Marks 0.010ms
[0.839s][info][gc,marking   ] GC(62) Concurrent Scan Root Regions
[0.839s][info][gc,marking   ] GC(62) Concurrent Scan Root Regions 0.047ms
[0.839s][info][gc,marking   ] GC(62) Concurrent Mark (0.839s)
[0.839s][info][gc,marking   ] GC(62) Concurrent Mark From Roots
[0.839s][info][gc,task      ] GC(62) Using 2 workers of 2 for marking
[0.841s][info][gc,marking   ] GC(62) Concurrent Mark From Roots 1.647ms
[0.841s][info][gc,marking   ] GC(62) Concurrent Preclean
[0.841s][info][gc,marking   ] GC(62) Concurrent Preclean 0.037ms
[0.841s][info][gc,marking   ] GC(62) Concurrent Mark (0.839s, 0.841s) 1.716ms
[0.841s][info][gc,start     ] GC(62) Pause Remark
[0.841s][info][gc           ] GC(62) Pause Remark 428M->428M(512M) 0.322ms
[0.841s][info][gc,cpu       ] GC(62) User=0.00s Sys=0.00s Real=0.00s
[0.841s][info][gc,marking   ] GC(62) Concurrent Rebuild Remembered Sets
[0.842s][info][gc,marking   ] GC(62) Concurrent Rebuild Remembered Sets 0.932ms
[0.842s][info][gc,start     ] GC(62) Pause Cleanup
[0.842s][info][gc           ] GC(62) Pause Cleanup 436M->436M(512M) 0.115ms
[0.842s][info][gc,cpu       ] GC(62) User=0.00s Sys=0.00s Real=0.00s
[0.842s][info][gc,marking   ] GC(62) Concurrent Cleanup for Next Mark
[0.843s][info][gc,marking   ] GC(62) Concurrent Cleanup for Next Mark 0.694ms
[0.843s][info][gc           ] GC(62) Concurrent Cycle 4.147ms
[0.845s][info][gc,start     ] GC(63) Pause Young (Prepare Mixed) (G1 Evacuation Pause)
[0.845s][info][gc,task      ] GC(63) Using 6 workers of 6 for evacuation
[0.846s][info][gc,phases    ] GC(63)   Pre Evacuate Collection Set: 0.0ms
[0.846s][info][gc,phases    ] GC(63)   Merge Heap Roots: 0.1ms
[0.846s][info][gc,phases    ] GC(63)   Evacuate Collection Set: 0.7ms
[0.846s][info][gc,phases    ] GC(63)   Post Evacuate Collection Set: 0.2ms
[0.846s][info][gc,phases    ] GC(63)   Other: 0.1ms
[0.846s][info][gc,heap      ] GC(63) Eden regions: 24->0(21)
[0.846s][info][gc,heap      ] GC(63) Survivor regions: 1->4(4)
[0.846s][info][gc,heap      ] GC(63) Old regions: 260->263
[0.846s][info][gc,heap      ] GC(63) Archive regions: 0->0
[0.846s][info][gc,heap      ] GC(63) Humongous regions: 173->159
[0.846s][info][gc,metaspace ] GC(63) Metaspace: 9175K(9600K)->9175K(9600K) NonClass: 8370K(8704K)->8370K(8704K) Class: 805K(896K)->805K(896K)
[0.846s][info][gc           ] GC(63) Pause Young (Prepare Mixed) (G1 Evacuation Pause) 456M->425M(512M) 1.267ms
[0.846s][info][gc,cpu       ] GC(63) User=0.00s Sys=0.00s Real=0.00s
[0.850s][info][gc,start     ] GC(64) Pause Young (Mixed) (G1 Evacuation Pause)
[0.850s][info][gc,task      ] GC(64) Using 6 workers of 6 for evacuation
[0.855s][info][gc,phases    ] GC(64)   Pre Evacuate Collection Set: 0.1ms
[0.855s][info][gc,phases    ] GC(64)   Merge Heap Roots: 0.0ms
[0.855s][info][gc,phases    ] GC(64)   Evacuate Collection Set: 4.4ms
[0.855s][info][gc,phases    ] GC(64)   Post Evacuate Collection Set: 0.3ms
[0.855s][info][gc,phases    ] GC(64)   Other: 0.2ms
[0.855s][info][gc,heap      ] GC(64) Eden regions: 21->0(23)
[0.855s][info][gc,heap      ] GC(64) Survivor regions: 4->4(4)
[0.855s][info][gc,heap      ] GC(64) Old regions: 263->250
[0.855s][info][gc,heap      ] GC(64) Archive regions: 0->0
[0.855s][info][gc,heap      ] GC(64) Humongous regions: 172->159
[0.855s][info][gc,metaspace ] GC(64) Metaspace: 9175K(9600K)->9175K(9600K) NonClass: 8370K(8704K)->8370K(8704K) Class: 805K(896K)->805K(896K)
[0.855s][info][gc           ] GC(64) Pause Young (Mixed) (G1 Evacuation Pause) 459M->412M(512M) 5.128ms
[0.855s][info][gc,cpu       ] GC(64) User=0.02s Sys=0.00s Real=0.01s
[0.856s][info][gc,start     ] GC(65) Pause Young (Concurrent Start) (G1 Humongous Allocation)
[0.856s][info][gc,task      ] GC(65) Using 6 workers of 6 for evacuation
[0.857s][info][gc,phases    ] GC(65)   Pre Evacuate Collection Set: 0.0ms
[0.857s][info][gc,phases    ] GC(65)   Merge Heap Roots: 0.0ms
[0.857s][info][gc,phases    ] GC(65)   Evacuate Collection Set: 0.5ms
[0.857s][info][gc,phases    ] GC(65)   Post Evacuate Collection Set: 0.1ms
[0.857s][info][gc,phases    ] GC(65)   Other: 0.1ms
[0.857s][info][gc,heap      ] GC(65) Eden regions: 3->0(25)
[0.857s][info][gc,heap      ] GC(65) Survivor regions: 4->1(4)
[0.857s][info][gc,heap      ] GC(65) Old regions: 250->254
[0.857s][info][gc,heap      ] GC(65) Archive regions: 0->0
[0.857s][info][gc,heap      ] GC(65) Humongous regions: 159->159
[0.857s][info][gc,metaspace ] GC(65) Metaspace: 9175K(9600K)->9175K(9600K) NonClass: 8370K(8704K)->8370K(8704K) Class: 805K(896K)->805K(896K)
[0.857s][info][gc           ] GC(65) Pause Young (Concurrent Start) (G1 Humongous Allocation) 415M->412M(512M) 0.955ms
[0.857s][info][gc,cpu       ] GC(65) User=0.00s Sys=0.00s Real=0.00s
[0.857s][info][gc           ] GC(66) Concurrent Cycle
[0.857s][info][gc,marking   ] GC(66) Concurrent Clear Claimed Marks
[0.857s][info][gc,marking   ] GC(66) Concurrent Clear Claimed Marks 0.011ms
[0.857s][info][gc,marking   ] GC(66) Concurrent Scan Root Regions
[0.857s][info][gc,marking   ] GC(66) Concurrent Scan Root Regions 0.048ms
[0.857s][info][gc,marking   ] GC(66) Concurrent Mark (0.857s)
[0.857s][info][gc,marking   ] GC(66) Concurrent Mark From Roots
[0.857s][info][gc,task      ] GC(66) Using 2 workers of 2 for marking
[0.859s][info][gc,marking   ] GC(66) Concurrent Mark From Roots 1.530ms
[0.859s][info][gc,marking   ] GC(66) Concurrent Preclean
[0.859s][info][gc,marking   ] GC(66) Concurrent Preclean 0.045ms
[0.859s][info][gc,marking   ] GC(66) Concurrent Mark (0.857s, 0.859s) 1.624ms
[0.859s][info][gc,start     ] GC(66) Pause Remark
[0.859s][info][gc           ] GC(66) Pause Remark 430M->430M(512M) 0.313ms
[0.859s][info][gc,cpu       ] GC(66) User=0.00s Sys=0.00s Real=0.00s
[0.859s][info][gc,marking   ] GC(66) Concurrent Rebuild Remembered Sets
[0.860s][info][gc,marking   ] GC(66) Concurrent Rebuild Remembered Sets 1.046ms
[0.860s][info][gc,start     ] GC(66) Pause Cleanup
[0.860s][info][gc           ] GC(66) Pause Cleanup 438M->438M(512M) 0.123ms
[0.860s][info][gc,cpu       ] GC(66) User=0.00s Sys=0.00s Real=0.00s
[0.860s][info][gc,marking   ] GC(66) Concurrent Cleanup for Next Mark
[0.861s][info][gc,marking   ] GC(66) Concurrent Cleanup for Next Mark 0.575ms
[0.861s][info][gc           ] GC(66) Concurrent Cycle 3.985ms
[0.862s][info][gc,start     ] GC(67) Pause Young (Prepare Mixed) (G1 Evacuation Pause)
[0.862s][info][gc,task      ] GC(67) Using 6 workers of 6 for evacuation
[0.863s][info][gc,phases    ] GC(67)   Pre Evacuate Collection Set: 0.0ms
[0.863s][info][gc,phases    ] GC(67)   Merge Heap Roots: 0.1ms
[0.863s][info][gc,phases    ] GC(67)   Evacuate Collection Set: 1.1ms
[0.863s][info][gc,phases    ] GC(67)   Post Evacuate Collection Set: 0.2ms
[0.863s][info][gc,phases    ] GC(67)   Other: 0.1ms
[0.863s][info][gc,heap      ] GC(67) Eden regions: 25->0(21)
[0.864s][info][gc,heap      ] GC(67) Survivor regions: 1->4(4)
[0.864s][info][gc,heap      ] GC(67) Old regions: 254->262
[0.864s][info][gc,heap      ] GC(67) Archive regions: 0->0
[0.864s][info][gc,heap      ] GC(67) Humongous regions: 172->157
[0.864s][info][gc,metaspace ] GC(67) Metaspace: 9175K(9600K)->9175K(9600K) NonClass: 8370K(8704K)->8370K(8704K) Class: 805K(896K)->805K(896K)
[0.864s][info][gc           ] GC(67) Pause Young (Prepare Mixed) (G1 Evacuation Pause) 450M->422M(512M) 1.556ms
[0.864s][info][gc,cpu       ] GC(67) User=0.00s Sys=0.00s Real=0.00s
[0.867s][info][gc,start     ] GC(68) Pause Young (Mixed) (G1 Evacuation Pause)
[0.867s][info][gc,task      ] GC(68) Using 6 workers of 6 for evacuation
[0.872s][info][gc,phases    ] GC(68)   Pre Evacuate Collection Set: 0.1ms
[0.872s][info][gc,phases    ] GC(68)   Merge Heap Roots: 0.0ms
[0.872s][info][gc,phases    ] GC(68)   Evacuate Collection Set: 4.7ms
[0.872s][info][gc,phases    ] GC(68)   Post Evacuate Collection Set: 0.3ms
[0.872s][info][gc,phases    ] GC(68)   Other: 0.1ms
[0.872s][info][gc,heap      ] GC(68) Eden regions: 21->0(24)
[0.872s][info][gc,heap      ] GC(68) Survivor regions: 4->4(4)
[0.872s][info][gc,heap      ] GC(68) Old regions: 262->250
[0.872s][info][gc,heap      ] GC(68) Archive regions: 0->0
[0.872s][info][gc,heap      ] GC(68) Humongous regions: 166->159
[0.873s][info][gc,metaspace ] GC(68) Metaspace: 9175K(9600K)->9175K(9600K) NonClass: 8370K(8704K)->8370K(8704K) Class: 805K(896K)->805K(896K)
[0.873s][info][gc           ] GC(68) Pause Young (Mixed) (G1 Evacuation Pause) 452M->412M(512M) 5.332ms
[0.873s][info][gc,cpu       ] GC(68) User=0.09s Sys=0.00s Real=0.00s
[0.873s][info][gc,start     ] GC(69) Pause Young (Concurrent Start) (G1 Humongous Allocation)
[0.873s][info][gc,task      ] GC(69) Using 6 workers of 6 for evacuation
[0.874s][info][gc,phases    ] GC(69)   Pre Evacuate Collection Set: 0.0ms
[0.874s][info][gc,phases    ] GC(69)   Merge Heap Roots: 0.0ms
[0.874s][info][gc,phases    ] GC(69)   Evacuate Collection Set: 0.5ms
[0.874s][info][gc,phases    ] GC(69)   Post Evacuate Collection Set: 0.2ms
[0.874s][info][gc,phases    ] GC(69)   Other: 0.1ms
[0.874s][info][gc,heap      ] GC(69) Eden regions: 2->0(26)
[0.874s][info][gc,heap      ] GC(69) Survivor regions: 4->1(4)
[0.874s][info][gc,heap      ] GC(69) Old regions: 250->254
[0.874s][info][gc,heap      ] GC(69) Archive regions: 0->0
[0.874s][info][gc,heap      ] GC(69) Humongous regions: 159->159
[0.874s][info][gc,metaspace ] GC(69) Metaspace: 9175K(9600K)->9175K(9600K) NonClass: 8370K(8704K)->8370K(8704K) Class: 805K(896K)->805K(896K)
[0.874s][info][gc           ] GC(69) Pause Young (Concurrent Start) (G1 Humongous Allocation) 414M->412M(512M) 0.946ms
[0.874s][info][gc,cpu       ] GC(69) User=0.00s Sys=0.00s Real=0.00s
[0.874s][info][gc           ] GC(70) Concurrent Cycle
[0.874s][info][gc,marking   ] GC(70) Concurrent Clear Claimed Marks
[0.874s][info][gc,marking   ] GC(70) Concurrent Clear Claimed Marks 0.010ms
[0.874s][info][gc,marking   ] GC(70) Concurrent Scan Root Regions
[0.874s][info][gc,marking   ] GC(70) Concurrent Scan Root Regions 0.034ms
[0.874s][info][gc,marking   ] GC(70) Concurrent Mark (0.874s)
[0.874s][info][gc,marking   ] GC(70) Concurrent Mark From Roots
[0.874s][info][gc,task      ] GC(70) Using 2 workers of 2 for marking
[0.876s][info][gc,marking   ] GC(70) Concurrent Mark From Roots 1.431ms
[0.876s][info][gc,marking   ] GC(70) Concurrent Preclean
[0.876s][info][gc,marking   ] GC(70) Concurrent Preclean 0.042ms
[0.876s][info][gc,marking   ] GC(70) Concurrent Mark (0.874s, 0.876s) 1.503ms
[0.876s][info][gc,start     ] GC(70) Pause Remark
[0.876s][info][gc           ] GC(70) Pause Remark 431M->431M(512M) 0.288ms
[0.876s][info][gc,cpu       ] GC(70) User=0.00s Sys=0.00s Real=0.00s
[0.876s][info][gc,marking   ] GC(70) Concurrent Rebuild Remembered Sets
[0.877s][info][gc,marking   ] GC(70) Concurrent Rebuild Remembered Sets 1.112ms
[0.877s][info][gc,start     ] GC(70) Pause Cleanup
[0.877s][info][gc           ] GC(70) Pause Cleanup 441M->441M(512M) 0.098ms
[0.877s][info][gc,cpu       ] GC(70) User=0.00s Sys=0.00s Real=0.00s
[0.877s][info][gc,marking   ] GC(70) Concurrent Cleanup for Next Mark
[0.878s][info][gc,marking   ] GC(70) Concurrent Cleanup for Next Mark 0.526ms
[0.878s][info][gc           ] GC(70) Concurrent Cycle 3.811ms
[0.880s][info][gc,start     ] GC(71) Pause Young (Prepare Mixed) (G1 Evacuation Pause)
[0.880s][info][gc,task      ] GC(71) Using 6 workers of 6 for evacuation
[0.881s][info][gc,phases    ] GC(71)   Pre Evacuate Collection Set: 0.0ms
[0.881s][info][gc,phases    ] GC(71)   Merge Heap Roots: 0.1ms
[0.882s][info][gc,phases    ] GC(71)   Evacuate Collection Set: 1.1ms
[0.882s][info][gc,phases    ] GC(71)   Post Evacuate Collection Set: 0.2ms
[0.882s][info][gc,phases    ] GC(71)   Other: 0.1ms
[0.882s][info][gc,heap      ] GC(71) Eden regions: 26->0(21)
[0.882s][info][gc,heap      ] GC(71) Survivor regions: 1->4(4)
[0.882s][info][gc,heap      ] GC(71) Old regions: 254->262
[0.882s][info][gc,heap      ] GC(71) Archive regions: 0->0
[0.882s][info][gc,heap      ] GC(71) Humongous regions: 181->161
[0.882s][info][gc,metaspace ] GC(71) Metaspace: 9175K(9600K)->9175K(9600K) NonClass: 8370K(8704K)->8370K(8704K) Class: 805K(896K)->805K(896K)
[0.882s][info][gc           ] GC(71) Pause Young (Prepare Mixed) (G1 Evacuation Pause) 460M->426M(512M) 1.531ms
[0.882s][info][gc,cpu       ] GC(71) User=0.00s Sys=0.00s Real=0.00s
[0.886s][info][gc,start     ] GC(72) Pause Young (Mixed) (G1 Evacuation Pause)
[0.886s][info][gc,task      ] GC(72) Using 6 workers of 6 for evacuation
[0.891s][info][gc,phases    ] GC(72)   Pre Evacuate Collection Set: 0.1ms
[0.891s][info][gc,phases    ] GC(72)   Merge Heap Roots: 0.0ms
[0.891s][info][gc,phases    ] GC(72)   Evacuate Collection Set: 4.6ms
[0.891s][info][gc,phases    ] GC(72)   Post Evacuate Collection Set: 0.3ms
[0.891s][info][gc,phases    ] GC(72)   Other: 0.2ms
[0.891s][info][gc,heap      ] GC(72) Eden regions: 21->0(21)
[0.891s][info][gc,heap      ] GC(72) Survivor regions: 4->4(4)
[0.891s][info][gc,heap      ] GC(72) Old regions: 262->251
[0.891s][info][gc,heap      ] GC(72) Archive regions: 0->0
[0.891s][info][gc,heap      ] GC(72) Humongous regions: 177->165
[0.891s][info][gc,metaspace ] GC(72) Metaspace: 9175K(9600K)->9175K(9600K) NonClass: 8370K(8704K)->8370K(8704K) Class: 805K(896K)->805K(896K)
[0.891s][info][gc           ] GC(72) Pause Young (Mixed) (G1 Evacuation Pause) 462M->419M(512M) 5.282ms
[0.891s][info][gc,cpu       ] GC(72) User=0.08s Sys=0.02s Real=0.01s
[0.891s][info][gc,start     ] GC(73) Pause Young (Concurrent Start) (G1 Humongous Allocation)
[0.891s][info][gc,task      ] GC(73) Using 6 workers of 6 for evacuation
[0.892s][info][gc,phases    ] GC(73)   Pre Evacuate Collection Set: 0.0ms
[0.892s][info][gc,phases    ] GC(73)   Merge Heap Roots: 0.0ms
[0.892s][info][gc,phases    ] GC(73)   Evacuate Collection Set: 0.5ms
[0.892s][info][gc,phases    ] GC(73)   Post Evacuate Collection Set: 0.2ms
[0.892s][info][gc,phases    ] GC(73)   Other: 0.1ms
[0.892s][info][gc,heap      ] GC(73) Eden regions: 1->0(24)
[0.892s][info][gc,heap      ] GC(73) Survivor regions: 4->1(4)
[0.892s][info][gc,heap      ] GC(73) Old regions: 251->255
[0.892s][info][gc,heap      ] GC(73) Archive regions: 0->0
[0.892s][info][gc,heap      ] GC(73) Humongous regions: 165->165
[0.892s][info][gc,metaspace ] GC(73) Metaspace: 9175K(9600K)->9175K(9600K) NonClass: 8370K(8704K)->8370K(8704K) Class: 805K(896K)->805K(896K)
[0.892s][info][gc           ] GC(73) Pause Young (Concurrent Start) (G1 Humongous Allocation) 420M->420M(512M) 0.950ms
[0.892s][info][gc,cpu       ] GC(73) User=0.00s Sys=0.00s Real=0.00s
[0.892s][info][gc           ] GC(74) Concurrent Cycle
[0.892s][info][gc,marking   ] GC(74) Concurrent Clear Claimed Marks
[0.892s][info][gc,marking   ] GC(74) Concurrent Clear Claimed Marks 0.011ms
[0.892s][info][gc,marking   ] GC(74) Concurrent Scan Root Regions
[0.892s][info][gc,marking   ] GC(74) Concurrent Scan Root Regions 0.031ms
[0.892s][info][gc,marking   ] GC(74) Concurrent Mark (0.892s)
[0.892s][info][gc,marking   ] GC(74) Concurrent Mark From Roots
[0.892s][info][gc,task      ] GC(74) Using 2 workers of 2 for marking
[0.894s][info][gc,marking   ] GC(74) Concurrent Mark From Roots 1.523ms
[0.894s][info][gc,marking   ] GC(74) Concurrent Preclean
[0.894s][info][gc,marking   ] GC(74) Concurrent Preclean 0.039ms
[0.894s][info][gc,marking   ] GC(74) Concurrent Mark (0.892s, 0.894s) 1.601ms
[0.894s][info][gc,start     ] GC(74) Pause Remark
[0.894s][info][gc           ] GC(74) Pause Remark 434M->434M(512M) 0.297ms
[0.894s][info][gc,cpu       ] GC(74) User=0.00s Sys=0.00s Real=0.00s
[0.894s][info][gc,marking   ] GC(74) Concurrent Rebuild Remembered Sets
[0.895s][info][gc,marking   ] GC(74) Concurrent Rebuild Remembered Sets 0.893ms
[0.895s][info][gc,start     ] GC(74) Pause Cleanup
[0.895s][info][gc           ] GC(74) Pause Cleanup 442M->442M(512M) 0.114ms
[0.895s][info][gc,cpu       ] GC(74) User=0.00s Sys=0.00s Real=0.00s
[0.896s][info][gc,marking   ] GC(74) Concurrent Cleanup for Next Mark
[0.896s][info][gc,marking   ] GC(74) Concurrent Cleanup for Next Mark 0.599ms
[0.896s][info][gc           ] GC(74) Concurrent Cycle 3.796ms
[0.898s][info][gc,start     ] GC(75) Pause Young (Prepare Mixed) (G1 Evacuation Pause)
[0.898s][info][gc,task      ] GC(75) Using 6 workers of 6 for evacuation
[0.899s][info][gc,phases    ] GC(75)   Pre Evacuate Collection Set: 0.0ms
[0.899s][info][gc,phases    ] GC(75)   Merge Heap Roots: 0.1ms
[0.899s][info][gc,phases    ] GC(75)   Evacuate Collection Set: 1.0ms
[0.899s][info][gc,phases    ] GC(75)   Post Evacuate Collection Set: 0.2ms
[0.899s][info][gc,phases    ] GC(75)   Other: 0.1ms
[0.899s][info][gc,heap      ] GC(75) Eden regions: 24->0(21)
[0.899s][info][gc,heap      ] GC(75) Survivor regions: 1->4(4)
[0.899s][info][gc,heap      ] GC(75) Old regions: 255->262
[0.899s][info][gc,heap      ] GC(75) Archive regions: 0->0
[0.899s][info][gc,heap      ] GC(75) Humongous regions: 182->168
[0.899s][info][gc,metaspace ] GC(75) Metaspace: 9175K(9600K)->9175K(9600K) NonClass: 8370K(8704K)->8370K(8704K) Class: 805K(896K)->805K(896K)
[0.899s][info][gc           ] GC(75) Pause Young (Prepare Mixed) (G1 Evacuation Pause) 461M->433M(512M) 1.515ms
[0.899s][info][gc,cpu       ] GC(75) User=0.00s Sys=0.00s Real=0.00s
[0.904s][info][gc,start     ] GC(76) Pause Young (Mixed) (G1 Evacuation Pause)
[0.904s][info][gc,task      ] GC(76) Using 6 workers of 6 for evacuation
[0.908s][info][gc           ] GC(76) To-space exhausted
[0.908s][info][gc,phases    ] GC(76)   Pre Evacuate Collection Set: 0.1ms
[0.908s][info][gc,phases    ] GC(76)   Merge Heap Roots: 0.0ms
[0.908s][info][gc,phases    ] GC(76)   Evacuate Collection Set: 3.8ms
[0.908s][info][gc,phases    ] GC(76)   Post Evacuate Collection Set: 0.3ms
[0.908s][info][gc,phases    ] GC(76)   Other: 0.2ms
[0.908s][info][gc,heap      ] GC(76) Eden regions: 21->0(21)
[0.908s][info][gc,heap      ] GC(76) Survivor regions: 4->4(4)
[0.908s][info][gc,heap      ] GC(76) Old regions: 262->264
[0.908s][info][gc,heap      ] GC(76) Archive regions: 0->0
[0.908s][info][gc,heap      ] GC(76) Humongous regions: 188->172
[0.908s][info][gc,metaspace ] GC(76) Metaspace: 9175K(9600K)->9175K(9600K) NonClass: 8370K(8704K)->8370K(8704K) Class: 805K(896K)->805K(896K)
[0.908s][info][gc           ] GC(76) Pause Young (Mixed) (G1 Evacuation Pause) 474M->440M(512M) 4.500ms
[0.908s][info][gc,cpu       ] GC(76) User=0.00s Sys=0.00s Real=0.01s
[0.908s][info][gc,start     ] GC(77) Pause Young (Concurrent Start) (G1 Humongous Allocation)
[0.908s][info][gc,task      ] GC(77) Using 6 workers of 6 for evacuation
[0.909s][info][gc,phases    ] GC(77)   Pre Evacuate Collection Set: 0.0ms
[0.909s][info][gc,phases    ] GC(77)   Merge Heap Roots: 0.0ms
[0.909s][info][gc,phases    ] GC(77)   Evacuate Collection Set: 0.5ms
[0.909s][info][gc,phases    ] GC(77)   Post Evacuate Collection Set: 0.1ms
[0.909s][info][gc,phases    ] GC(77)   Other: 0.1ms
[0.909s][info][gc,heap      ] GC(77) Eden regions: 2->0(24)
[0.909s][info][gc,heap      ] GC(77) Survivor regions: 4->1(4)
[0.909s][info][gc,heap      ] GC(77) Old regions: 264->268
[0.909s][info][gc,heap      ] GC(77) Archive regions: 0->0
[0.909s][info][gc,heap      ] GC(77) Humongous regions: 172->172
[0.909s][info][gc,metaspace ] GC(77) Metaspace: 9175K(9600K)->9175K(9600K) NonClass: 8370K(8704K)->8370K(8704K) Class: 805K(896K)->805K(896K)
[0.909s][info][gc           ] GC(77) Pause Young (Concurrent Start) (G1 Humongous Allocation) 441M->440M(512M) 0.824ms
[0.909s][info][gc,cpu       ] GC(77) User=0.00s Sys=0.00s Real=0.00s
[0.909s][info][gc           ] GC(78) Concurrent Cycle
[0.909s][info][gc,marking   ] GC(78) Concurrent Clear Claimed Marks
[0.909s][info][gc,marking   ] GC(78) Concurrent Clear Claimed Marks 0.011ms
[0.909s][info][gc,marking   ] GC(78) Concurrent Scan Root Regions
[0.909s][info][gc,marking   ] GC(78) Concurrent Scan Root Regions 0.030ms
[0.909s][info][gc,marking   ] GC(78) Concurrent Mark (0.909s)
[0.909s][info][gc,marking   ] GC(78) Concurrent Mark From Roots
[0.909s][info][gc,task      ] GC(78) Using 2 workers of 2 for marking
[0.911s][info][gc,marking   ] GC(78) Concurrent Mark From Roots 1.621ms
[0.911s][info][gc,marking   ] GC(78) Concurrent Preclean
[0.911s][info][gc,marking   ] GC(78) Concurrent Preclean 0.036ms
[0.911s][info][gc,marking   ] GC(78) Concurrent Mark (0.909s, 0.911s) 1.691ms
[0.911s][info][gc,start     ] GC(78) Pause Remark
[0.911s][info][gc           ] GC(78) Pause Remark 455M->455M(512M) 0.319ms
[0.911s][info][gc,cpu       ] GC(78) User=0.00s Sys=0.00s Real=0.00s
[0.912s][info][gc,marking   ] GC(78) Concurrent Rebuild Remembered Sets
[0.913s][info][gc,marking   ] GC(78) Concurrent Rebuild Remembered Sets 1.130ms
[0.913s][info][gc,start     ] GC(78) Pause Cleanup
[0.913s][info][gc           ] GC(78) Pause Cleanup 468M->468M(512M) 0.147ms
[0.913s][info][gc,cpu       ] GC(78) User=0.00s Sys=0.00s Real=0.00s
[0.913s][info][gc,marking   ] GC(78) Concurrent Cleanup for Next Mark
[0.913s][info][gc,marking   ] GC(78) Concurrent Cleanup for Next Mark 0.559ms
[0.913s][info][gc           ] GC(78) Concurrent Cycle 4.159ms
[0.915s][info][gc,start     ] GC(79) Pause Young (Prepare Mixed) (G1 Evacuation Pause)
[0.915s][info][gc,task      ] GC(79) Using 6 workers of 6 for evacuation
[0.916s][info][gc,phases    ] GC(79)   Pre Evacuate Collection Set: 0.0ms
[0.916s][info][gc,phases    ] GC(79)   Merge Heap Roots: 0.1ms
[0.916s][info][gc,phases    ] GC(79)   Evacuate Collection Set: 1.1ms
[0.916s][info][gc,phases    ] GC(79)   Post Evacuate Collection Set: 0.2ms
[0.916s][info][gc,phases    ] GC(79)   Other: 0.1ms
[0.916s][info][gc,heap      ] GC(79) Eden regions: 24->0(21)
[0.916s][info][gc,heap      ] GC(79) Survivor regions: 1->4(4)
[0.916s][info][gc,heap      ] GC(79) Old regions: 268->275
[0.916s][info][gc,heap      ] GC(79) Archive regions: 0->0
[0.916s][info][gc,heap      ] GC(79) Humongous regions: 190->174
[0.916s][info][gc,metaspace ] GC(79) Metaspace: 9175K(9600K)->9175K(9600K) NonClass: 8370K(8704K)->8370K(8704K) Class: 805K(896K)->805K(896K)
[0.916s][info][gc           ] GC(79) Pause Young (Prepare Mixed) (G1 Evacuation Pause) 482M->452M(512M) 1.586ms
[0.916s][info][gc,cpu       ] GC(79) User=0.00s Sys=0.00s Real=0.00s
[0.920s][info][gc,start     ] GC(80) Pause Young (Mixed) (G1 Evacuation Pause)
[0.921s][info][gc,task      ] GC(80) Using 6 workers of 6 for evacuation
[0.923s][info][gc           ] GC(80) To-space exhausted
[0.924s][info][gc,phases    ] GC(80)   Pre Evacuate Collection Set: 0.0ms
[0.924s][info][gc,phases    ] GC(80)   Merge Heap Roots: 0.0ms
[0.924s][info][gc,phases    ] GC(80)   Evacuate Collection Set: 2.5ms
[0.924s][info][gc,phases    ] GC(80)   Post Evacuate Collection Set: 0.3ms
[0.924s][info][gc,phases    ] GC(80)   Other: 0.2ms
[0.924s][info][gc,heap      ] GC(80) Eden regions: 21->0(21)
[0.924s][info][gc,heap      ] GC(80) Survivor regions: 4->4(4)
[0.924s][info][gc,heap      ] GC(80) Old regions: 275->280
[0.924s][info][gc,heap      ] GC(80) Archive regions: 0->0
[0.924s][info][gc,heap      ] GC(80) Humongous regions: 190->179
[0.924s][info][gc,metaspace ] GC(80) Metaspace: 9175K(9600K)->9175K(9600K) NonClass: 8370K(8704K)->8370K(8704K) Class: 805K(896K)->805K(896K)
[0.924s][info][gc           ] GC(80) Pause Young (Mixed) (G1 Evacuation Pause) 489M->463M(512M) 3.156ms
[0.924s][info][gc,cpu       ] GC(80) User=0.00s Sys=0.00s Real=0.00s
[0.924s][info][gc,start     ] GC(81) Pause Young (Concurrent Start) (G1 Humongous Allocation)
[0.924s][info][gc,task      ] GC(81) Using 6 workers of 6 for evacuation
[0.925s][info][gc,phases    ] GC(81)   Pre Evacuate Collection Set: 0.0ms
[0.925s][info][gc,phases    ] GC(81)   Merge Heap Roots: 0.0ms
[0.925s][info][gc,phases    ] GC(81)   Evacuate Collection Set: 0.5ms
[0.925s][info][gc,phases    ] GC(81)   Post Evacuate Collection Set: 0.1ms
[0.925s][info][gc,phases    ] GC(81)   Other: 0.1ms
[0.925s][info][gc,heap      ] GC(81) Eden regions: 5->0(24)
[0.925s][info][gc,heap      ] GC(81) Survivor regions: 4->1(4)
[0.925s][info][gc,heap      ] GC(81) Old regions: 280->284
[0.925s][info][gc,heap      ] GC(81) Archive regions: 0->0
[0.925s][info][gc,heap      ] GC(81) Humongous regions: 179->179
[0.925s][info][gc,metaspace ] GC(81) Metaspace: 9175K(9600K)->9175K(9600K) NonClass: 8370K(8704K)->8370K(8704K) Class: 805K(896K)->805K(896K)
[0.925s][info][gc           ] GC(81) Pause Young (Concurrent Start) (G1 Humongous Allocation) 467M->463M(512M) 0.871ms
[0.925s][info][gc,cpu       ] GC(81) User=0.00s Sys=0.00s Real=0.00s
[0.925s][info][gc           ] GC(82) Concurrent Cycle
[0.925s][info][gc,marking   ] GC(82) Concurrent Clear Claimed Marks
[0.925s][info][gc,marking   ] GC(82) Concurrent Clear Claimed Marks 0.011ms
[0.925s][info][gc,marking   ] GC(82) Concurrent Scan Root Regions
[0.925s][info][gc,marking   ] GC(82) Concurrent Scan Root Regions 0.045ms
[0.925s][info][gc,marking   ] GC(82) Concurrent Mark (0.925s)
[0.925s][info][gc,marking   ] GC(82) Concurrent Mark From Roots
[0.925s][info][gc,task      ] GC(82) Using 2 workers of 2 for marking
[0.927s][info][gc,marking   ] GC(82) Concurrent Mark From Roots 1.640ms
[0.927s][info][gc,marking   ] GC(82) Concurrent Preclean
[0.927s][info][gc,marking   ] GC(82) Concurrent Preclean 0.035ms
[0.927s][info][gc,marking   ] GC(82) Concurrent Mark (0.925s, 0.927s) 1.710ms
[0.927s][info][gc,start     ] GC(82) Pause Remark
[0.927s][info][gc           ] GC(82) Pause Remark 479M->479M(512M) 0.299ms
[0.927s][info][gc,cpu       ] GC(82) User=0.00s Sys=0.00s Real=0.00s
[0.927s][info][gc,marking   ] GC(82) Concurrent Rebuild Remembered Sets
[0.929s][info][gc,marking   ] GC(82) Concurrent Rebuild Remembered Sets 1.195ms
[0.929s][info][gc,start     ] GC(82) Pause Cleanup
[0.929s][info][gc           ] GC(82) Pause Cleanup 490M->490M(512M) 0.155ms
[0.929s][info][gc,cpu       ] GC(82) User=0.00s Sys=0.00s Real=0.00s
[0.929s][info][gc,marking   ] GC(82) Concurrent Cleanup for Next Mark
[0.929s][info][gc,marking   ] GC(82) Concurrent Cleanup for Next Mark 0.566ms
[0.929s][info][gc           ] GC(82) Concurrent Cycle 4.264ms
[0.931s][info][gc,start     ] GC(83) Pause Young (Prepare Mixed) (G1 Evacuation Pause)
[0.931s][info][gc,task      ] GC(83) Using 6 workers of 6 for evacuation
[0.932s][info][gc           ] GC(83) To-space exhausted
[0.932s][info][gc,phases    ] GC(83)   Pre Evacuate Collection Set: 0.0ms
[0.932s][info][gc,phases    ] GC(83)   Merge Heap Roots: 0.1ms
[0.932s][info][gc,phases    ] GC(83)   Evacuate Collection Set: 0.7ms
[0.932s][info][gc,phases    ] GC(83)   Post Evacuate Collection Set: 0.2ms
[0.932s][info][gc,phases    ] GC(83)   Other: 0.1ms
[0.932s][info][gc,heap      ] GC(83) Eden regions: 24->0(21)
[0.932s][info][gc,heap      ] GC(83) Survivor regions: 1->4(4)
[0.932s][info][gc,heap      ] GC(83) Old regions: 284->306
[0.932s][info][gc,heap      ] GC(83) Archive regions: 0->0
[0.932s][info][gc,heap      ] GC(83) Humongous regions: 196->178
[0.932s][info][gc,metaspace ] GC(83) Metaspace: 9175K(9600K)->9175K(9600K) NonClass: 8370K(8704K)->8370K(8704K) Class: 805K(896K)->805K(896K)
[0.932s][info][gc           ] GC(83) Pause Young (Prepare Mixed) (G1 Evacuation Pause) 504M->487M(512M) 1.171ms
[0.932s][info][gc,cpu       ] GC(83) User=0.00s Sys=0.00s Real=0.00s
[0.935s][info][gc,start     ] GC(84) Pause Young (Mixed) (G1 Evacuation Pause)
[0.935s][info][gc,task      ] GC(84) Using 6 workers of 6 for evacuation
[0.935s][info][gc           ] GC(84) To-space exhausted
[0.935s][info][gc,phases    ] GC(84)   Pre Evacuate Collection Set: 0.0ms
[0.935s][info][gc,phases    ] GC(84)   Merge Heap Roots: 0.0ms
[0.935s][info][gc,phases    ] GC(84)   Evacuate Collection Set: 0.1ms
[0.935s][info][gc,phases    ] GC(84)   Post Evacuate Collection Set: 0.3ms
[0.935s][info][gc,phases    ] GC(84)   Other: 0.1ms
[0.935s][info][gc,heap      ] GC(84) Eden regions: 17->0(25)
[0.935s][info][gc,heap      ] GC(84) Survivor regions: 4->0(0)
[0.935s][info][gc,heap      ] GC(84) Old regions: 306->326
[0.935s][info][gc,heap      ] GC(84) Archive regions: 0->0
[0.935s][info][gc,heap      ] GC(84) Humongous regions: 185->176
[0.935s][info][gc,metaspace ] GC(84) Metaspace: 9175K(9600K)->9175K(9600K) NonClass: 8370K(8704K)->8370K(8704K) Class: 805K(896K)->805K(896K)
[0.936s][info][gc           ] GC(84) Pause Young (Mixed) (G1 Evacuation Pause) 511M->501M(512M) 0.619ms
[0.936s][info][gc,cpu       ] GC(84) User=0.00s Sys=0.00s Real=0.00s
[0.936s][info][gc,start     ] GC(85) Pause Young (Concurrent Start) (G1 Humongous Allocation)
[0.936s][info][gc,task      ] GC(85) Using 6 workers of 6 for evacuation
[0.936s][info][gc,phases    ] GC(85)   Pre Evacuate Collection Set: 0.0ms
[0.936s][info][gc,phases    ] GC(85)   Merge Heap Roots: 0.0ms
[0.936s][info][gc,phases    ] GC(85)   Evacuate Collection Set: 0.2ms
[0.936s][info][gc,phases    ] GC(85)   Post Evacuate Collection Set: 0.1ms
[0.936s][info][gc,phases    ] GC(85)   Other: 0.1ms
[0.936s][info][gc,heap      ] GC(85) Eden regions: 2->0(24)
[0.936s][info][gc,heap      ] GC(85) Survivor regions: 0->1(4)
[0.936s][info][gc,heap      ] GC(85) Old regions: 326->326
[0.936s][info][gc,heap      ] GC(85) Archive regions: 0->0
[0.936s][info][gc,heap      ] GC(85) Humongous regions: 176->176
[0.936s][info][gc,metaspace ] GC(85) Metaspace: 9175K(9600K)->9175K(9600K) NonClass: 8370K(8704K)->8370K(8704K) Class: 805K(896K)->805K(896K)
[0.936s][info][gc           ] GC(85) Pause Young (Concurrent Start) (G1 Humongous Allocation) 503M->502M(512M) 0.511ms
[0.936s][info][gc,cpu       ] GC(85) User=0.00s Sys=0.00s Real=0.00s
[0.936s][info][gc           ] GC(86) Concurrent Cycle
[0.936s][info][gc,marking   ] GC(86) Concurrent Clear Claimed Marks
[0.937s][info][gc,marking   ] GC(86) Concurrent Clear Claimed Marks 0.015ms
[0.937s][info][gc,marking   ] GC(86) Concurrent Scan Root Regions
[0.937s][info][gc,marking   ] GC(86) Concurrent Scan Root Regions 0.045ms
[0.937s][info][gc,marking   ] GC(86) Concurrent Mark (0.937s)
[0.937s][info][gc,marking   ] GC(86) Concurrent Mark From Roots
[0.937s][info][gc,task      ] GC(86) Using 2 workers of 2 for marking
[0.938s][info][gc,start     ] GC(87) Pause Young (Normal) (G1 Evacuation Pause)
[0.938s][info][gc,task      ] GC(87) Using 6 workers of 6 for evacuation
[0.938s][info][gc           ] GC(87) To-space exhausted
[0.938s][info][gc,phases    ] GC(87)   Pre Evacuate Collection Set: 0.0ms
[0.938s][info][gc,phases    ] GC(87)   Merge Heap Roots: 0.0ms
[0.938s][info][gc,phases    ] GC(87)   Evacuate Collection Set: 0.1ms
[0.938s][info][gc,phases    ] GC(87)   Post Evacuate Collection Set: 0.1ms
[0.938s][info][gc,phases    ] GC(87)   Other: 0.1ms
[0.938s][info][gc,heap      ] GC(87) Eden regions: 5->0(25)
[0.938s][info][gc,heap      ] GC(87) Survivor regions: 1->0(0)
[0.938s][info][gc,heap      ] GC(87) Old regions: 326->332
[0.938s][info][gc,heap      ] GC(87) Archive regions: 0->0
[0.938s][info][gc,heap      ] GC(87) Humongous regions: 180->175
[0.938s][info][gc,metaspace ] GC(87) Metaspace: 9175K(9600K)->9175K(9600K) NonClass: 8370K(8704K)->8370K(8704K) Class: 805K(896K)->805K(896K)
[0.938s][info][gc           ] GC(87) Pause Young (Normal) (G1 Evacuation Pause) 511M->506M(512M) 0.424ms
[0.938s][info][gc,cpu       ] GC(87) User=0.00s Sys=0.00s Real=0.00s
[0.939s][info][gc,marking   ] GC(86) Concurrent Mark From Roots 2.213ms
[0.939s][info][gc,marking   ] GC(86) Concurrent Preclean
[0.939s][info][gc,start     ] GC(88) Pause Young (Normal) (G1 Evacuation Pause)
[0.939s][info][gc,task      ] GC(88) Using 6 workers of 6 for evacuation
[0.939s][info][gc           ] GC(88) To-space exhausted
[0.939s][info][gc,phases    ] GC(88)   Pre Evacuate Collection Set: 0.0ms
[0.939s][info][gc,phases    ] GC(88)   Merge Heap Roots: 0.0ms
[0.939s][info][gc,phases    ] GC(88)   Evacuate Collection Set: 0.0ms
[0.939s][info][gc,phases    ] GC(88)   Post Evacuate Collection Set: 0.1ms
[0.939s][info][gc,phases    ] GC(88)   Other: 0.1ms
[0.939s][info][gc,heap      ] GC(88) Eden regions: 4->0(25)
[0.939s][info][gc,heap      ] GC(88) Survivor regions: 0->0(0)
[0.939s][info][gc,heap      ] GC(88) Old regions: 332->336
[0.939s][info][gc,heap      ] GC(88) Archive regions: 0->0
[0.939s][info][gc,heap      ] GC(88) Humongous regions: 176->176
[0.939s][info][gc,metaspace ] GC(88) Metaspace: 9175K(9600K)->9175K(9600K) NonClass: 8370K(8704K)->8370K(8704K) Class: 805K(896K)->805K(896K)
[0.939s][info][gc           ] GC(88) Pause Young (Normal) (G1 Evacuation Pause) 511M->511M(512M) 0.379ms
[0.939s][info][gc,cpu       ] GC(88) User=0.00s Sys=0.00s Real=0.00s
[0.939s][info][gc,task      ] GC(89) Using 6 workers of 6 for full compaction
[0.939s][info][gc,start     ] GC(89) Pause Full (G1 Evacuation Pause)
[0.940s][info][gc,phases,start] GC(89) Phase 1: Mark live objects
[0.941s][info][gc,phases      ] GC(89) Phase 1: Mark live objects 1.082ms
[0.941s][info][gc,phases,start] GC(89) Phase 2: Prepare for compaction
[0.941s][info][gc,phases      ] GC(89) Phase 2: Prepare for compaction 0.383ms
[0.941s][info][gc,phases,start] GC(89) Phase 3: Adjust pointers
[0.942s][info][gc,phases      ] GC(89) Phase 3: Adjust pointers 0.420ms
[0.942s][info][gc,phases,start] GC(89) Phase 4: Compact heap
[0.963s][info][gc,phases      ] GC(89) Phase 4: Compact heap 20.818ms
[0.963s][info][gc,heap        ] GC(89) Eden regions: 0->0(25)
[0.963s][info][gc,heap        ] GC(89) Survivor regions: 0->0(0)
[0.963s][info][gc,heap        ] GC(89) Old regions: 336->248
[0.963s][info][gc,heap        ] GC(89) Archive regions: 0->0
[0.963s][info][gc,heap        ] GC(89) Humongous regions: 176->176
[0.963s][info][gc,metaspace   ] GC(89) Metaspace: 9175K(9600K)->9172K(9600K) NonClass: 8370K(8704K)->8367K(8704K) Class: 805K(896K)->804K(896K)
[0.963s][info][gc             ] GC(89) Pause Full (G1 Evacuation Pause) 511M->392M(512M) 23.556ms
[0.963s][info][gc,cpu         ] GC(89) User=0.08s Sys=0.00s Real=0.02s
[0.963s][info][gc,marking     ] GC(86) Concurrent Preclean 24.436ms
[0.963s][info][gc,marking     ] GC(86) Concurrent Mark Abort
[0.963s][info][gc             ] GC(86) Concurrent Cycle 26.929ms
[0.964s][info][gc,start       ] GC(90) Pause Young (Concurrent Start) (G1 Humongous Allocation)
[0.964s][info][gc,task        ] GC(90) Using 6 workers of 6 for evacuation
[0.964s][info][gc,phases      ] GC(90)   Pre Evacuate Collection Set: 0.0ms
[0.964s][info][gc,phases      ] GC(90)   Merge Heap Roots: 0.0ms
[0.964s][info][gc,phases      ] GC(90)   Evacuate Collection Set: 0.1ms
[0.964s][info][gc,phases      ] GC(90)   Post Evacuate Collection Set: 0.1ms
[0.964s][info][gc,phases      ] GC(90)   Other: 0.1ms
[0.964s][info][gc,heap        ] GC(90) Eden regions: 2->0(24)
[0.964s][info][gc,heap        ] GC(90) Survivor regions: 0->1(4)
[0.964s][info][gc,heap        ] GC(90) Old regions: 248->248
[0.964s][info][gc,heap        ] GC(90) Archive regions: 0->0
[0.964s][info][gc,heap        ] GC(90) Humongous regions: 176->176
[0.964s][info][gc,metaspace   ] GC(90) Metaspace: 9172K(9600K)->9172K(9600K) NonClass: 8367K(8704K)->8367K(8704K) Class: 804K(896K)->804K(896K)
[0.964s][info][gc             ] GC(90) Pause Young (Concurrent Start) (G1 Humongous Allocation) 393M->392M(512M) 0.499ms
[0.964s][info][gc,cpu         ] GC(90) User=0.00s Sys=0.00s Real=0.00s
[0.964s][info][gc             ] GC(91) Concurrent Cycle
[0.964s][info][gc,marking     ] GC(91) Concurrent Clear Claimed Marks
[0.964s][info][gc,marking     ] GC(91) Concurrent Clear Claimed Marks 0.011ms
[0.964s][info][gc,marking     ] GC(91) Concurrent Scan Root Regions
[0.964s][info][gc,marking     ] GC(91) Concurrent Scan Root Regions 0.029ms
[0.964s][info][gc,marking     ] GC(91) Concurrent Mark (0.964s)
[0.964s][info][gc,marking     ] GC(91) Concurrent Mark From Roots
[0.964s][info][gc,task        ] GC(91) Using 2 workers of 2 for marking
[0.966s][info][gc,marking     ] GC(91) Concurrent Mark From Roots 1.310ms
[0.966s][info][gc,marking     ] GC(91) Concurrent Preclean
[0.966s][info][gc,marking     ] GC(91) Concurrent Preclean 0.034ms
[0.966s][info][gc,marking     ] GC(91) Concurrent Mark (0.964s, 0.966s) 1.377ms
[0.966s][info][gc,start       ] GC(91) Pause Remark
[0.966s][info][gc             ] GC(91) Pause Remark 406M->405M(512M) 0.267ms
[0.966s][info][gc,cpu         ] GC(91) User=0.00s Sys=0.00s Real=0.00s
[0.966s][info][gc,marking     ] GC(91) Concurrent Rebuild Remembered Sets
[0.967s][info][gc,marking     ] GC(91) Concurrent Rebuild Remembered Sets 1.178ms
[0.967s][info][gc,start       ] GC(91) Pause Cleanup
[0.967s][info][gc             ] GC(91) Pause Cleanup 414M->414M(512M) 0.174ms
[0.968s][info][gc,cpu         ] GC(91) User=0.00s Sys=0.00s Real=0.00s
[0.968s][info][gc,marking     ] GC(91) Concurrent Cleanup for Next Mark
[0.968s][info][gc,marking     ] GC(91) Concurrent Cleanup for Next Mark 0.651ms
[0.968s][info][gc             ] GC(91) Concurrent Cycle 3.948ms
[0.968s][info][gc,start       ] GC(92) Pause Young (Concurrent Start) (G1 Humongous Allocation)
[0.968s][info][gc,task        ] GC(92) Using 6 workers of 6 for evacuation
[0.969s][info][gc,phases      ] GC(92)   Pre Evacuate Collection Set: 0.0ms
[0.969s][info][gc,phases      ] GC(92)   Merge Heap Roots: 0.1ms
[0.969s][info][gc,phases      ] GC(92)   Evacuate Collection Set: 0.5ms
[0.969s][info][gc,phases      ] GC(92)   Post Evacuate Collection Set: 0.1ms
[0.969s][info][gc,phases      ] GC(92)   Other: 0.1ms
[0.969s][info][gc,heap        ] GC(92) Eden regions: 18->0(21)
[0.969s][info][gc,heap        ] GC(92) Survivor regions: 1->4(4)
[0.969s][info][gc,heap        ] GC(92) Old regions: 248->250
[0.969s][info][gc,heap        ] GC(92) Archive regions: 0->0
[0.969s][info][gc,heap        ] GC(92) Humongous regions: 184->174
[0.969s][info][gc,metaspace   ] GC(92) Metaspace: 9172K(9600K)->9172K(9600K) NonClass: 8367K(8704K)->8367K(8704K) Class: 804K(896K)->804K(896K)
[0.969s][info][gc             ] GC(92) Pause Young (Concurrent Start) (G1 Humongous Allocation) 418M->395M(512M) 0.957ms
[0.969s][info][gc,cpu         ] GC(92) User=0.00s Sys=0.00s Real=0.00s
[0.969s][info][gc             ] GC(93) Concurrent Cycle
[0.969s][info][gc,marking     ] GC(93) Concurrent Clear Claimed Marks
[0.969s][info][gc,marking     ] GC(93) Concurrent Clear Claimed Marks 0.009ms
[0.969s][info][gc,marking     ] GC(93) Concurrent Scan Root Regions
[0.969s][info][gc,marking     ] GC(93) Concurrent Scan Root Regions 0.030ms
[0.969s][info][gc,marking     ] GC(93) Concurrent Mark (0.969s)
[0.969s][info][gc,marking     ] GC(93) Concurrent Mark From Roots
[0.969s][info][gc,task        ] GC(93) Using 2 workers of 2 for marking
[0.971s][info][gc,marking     ] GC(93) Concurrent Mark From Roots 1.499ms
[0.971s][info][gc,marking     ] GC(93) Concurrent Preclean
[0.971s][info][gc,marking     ] GC(93) Concurrent Preclean 0.037ms
[0.971s][info][gc,marking     ] GC(93) Concurrent Mark (0.969s, 0.971s) 1.569ms
[0.971s][info][gc,start       ] GC(93) Pause Remark
[0.971s][info][gc             ] GC(93) Pause Remark 411M->411M(512M) 0.257ms
[0.971s][info][gc,cpu         ] GC(93) User=0.00s Sys=0.00s Real=0.00s
[0.971s][info][gc,marking     ] GC(93) Concurrent Rebuild Remembered Sets
[0.972s][info][gc,marking     ] GC(93) Concurrent Rebuild Remembered Sets 1.133ms
[0.972s][info][gc,start       ] GC(93) Pause Cleanup
[0.973s][info][gc             ] GC(93) Pause Cleanup 423M->423M(512M) 0.096ms
[0.973s][info][gc,cpu         ] GC(93) User=0.00s Sys=0.00s Real=0.00s
[0.973s][info][gc,marking     ] GC(93) Concurrent Cleanup for Next Mark
[0.973s][info][gc,marking     ] GC(93) Concurrent Cleanup for Next Mark 0.580ms
[0.973s][info][gc             ] GC(93) Concurrent Cycle 3.921ms
[0.974s][info][gc,start       ] GC(94) Pause Young (Prepare Mixed) (G1 Evacuation Pause)
[0.974s][info][gc,task        ] GC(94) Using 6 workers of 6 for evacuation
[0.976s][info][gc,phases      ] GC(94)   Pre Evacuate Collection Set: 0.0ms
[0.976s][info][gc,phases      ] GC(94)   Merge Heap Roots: 0.1ms
[0.976s][info][gc,phases      ] GC(94)   Evacuate Collection Set: 1.2ms
[0.976s][info][gc,phases      ] GC(94)   Post Evacuate Collection Set: 0.2ms
[0.976s][info][gc,phases      ] GC(94)   Other: 0.1ms
[0.976s][info][gc,heap        ] GC(94) Eden regions: 21->0(21)
[0.976s][info][gc,heap        ] GC(94) Survivor regions: 4->4(4)
[0.976s][info][gc,heap        ] GC(94) Old regions: 250->258
[0.976s][info][gc,heap        ] GC(94) Archive regions: 0->0
[0.976s][info][gc,heap        ] GC(94) Humongous regions: 192->179
[0.976s][info][gc,metaspace   ] GC(94) Metaspace: 9172K(9600K)->9172K(9600K) NonClass: 8367K(8704K)->8367K(8704K) Class: 804K(896K)->804K(896K)
[0.976s][info][gc             ] GC(94) Pause Young (Prepare Mixed) (G1 Evacuation Pause) 434M->408M(512M) 1.645ms
[0.976s][info][gc,cpu         ] GC(94) User=0.00s Sys=0.00s Real=0.00s
[0.979s][info][gc,start       ] GC(95) Pause Young (Mixed) (G1 Evacuation Pause)
[0.979s][info][gc,task        ] GC(95) Using 6 workers of 6 for evacuation
[0.984s][info][gc             ] GC(95) To-space exhausted
[0.984s][info][gc,phases      ] GC(95)   Pre Evacuate Collection Set: 0.0ms
[0.984s][info][gc,phases      ] GC(95)   Merge Heap Roots: 0.0ms
[0.984s][info][gc,phases      ] GC(95)   Evacuate Collection Set: 4.0ms
[0.984s][info][gc,phases      ] GC(95)   Post Evacuate Collection Set: 0.3ms
[0.984s][info][gc,phases      ] GC(95)   Other: 0.2ms
[0.984s][info][gc,heap        ] GC(95) Eden regions: 21->0(21)
[0.984s][info][gc,heap        ] GC(95) Survivor regions: 4->4(4)
[0.984s][info][gc,heap        ] GC(95) Old regions: 258->271
[0.984s][info][gc,heap        ] GC(95) Archive regions: 0->0
[0.984s][info][gc,heap        ] GC(95) Humongous regions: 188->181
[0.984s][info][gc,metaspace   ] GC(95) Metaspace: 9172K(9600K)->9172K(9600K) NonClass: 8367K(8704K)->8367K(8704K) Class: 804K(896K)->804K(896K)
[0.984s][info][gc             ] GC(95) Pause Young (Mixed) (G1 Evacuation Pause) 438M->433M(512M) 4.709ms
[0.984s][info][gc,cpu         ] GC(95) User=0.09s Sys=0.00s Real=0.01s
[0.984s][info][gc,start       ] GC(96) Pause Young (Concurrent Start) (G1 Humongous Allocation)
[0.984s][info][gc,task        ] GC(96) Using 6 workers of 6 for evacuation
[0.985s][info][gc,phases      ] GC(96)   Pre Evacuate Collection Set: 0.0ms
[0.985s][info][gc,phases      ] GC(96)   Merge Heap Roots: 0.0ms
[0.985s][info][gc,phases      ] GC(96)   Evacuate Collection Set: 0.4ms
[0.985s][info][gc,phases      ] GC(96)   Post Evacuate Collection Set: 0.1ms
[0.985s][info][gc,phases      ] GC(96)   Other: 0.1ms
[0.985s][info][gc,heap        ] GC(96) Eden regions: 1->0(24)
[0.985s][info][gc,heap        ] GC(96) Survivor regions: 4->1(4)
[0.985s][info][gc,heap        ] GC(96) Old regions: 271->275
[0.985s][info][gc,heap        ] GC(96) Archive regions: 0->0
[0.985s][info][gc,heap        ] GC(96) Humongous regions: 181->180
[0.985s][info][gc,metaspace   ] GC(96) Metaspace: 9172K(9600K)->9172K(9600K) NonClass: 8367K(8704K)->8367K(8704K) Class: 804K(896K)->804K(896K)
[0.985s][info][gc             ] GC(96) Pause Young (Concurrent Start) (G1 Humongous Allocation) 434M->432M(512M) 0.834ms
[0.985s][info][gc,cpu         ] GC(96) User=0.00s Sys=0.00s Real=0.00s
[0.985s][info][gc             ] GC(97) Concurrent Cycle
[0.985s][info][gc,marking     ] GC(97) Concurrent Clear Claimed Marks
[0.985s][info][gc,marking     ] GC(97) Concurrent Clear Claimed Marks 0.010ms
[0.985s][info][gc,marking     ] GC(97) Concurrent Scan Root Regions
[0.985s][info][gc,marking     ] GC(97) Concurrent Scan Root Regions 0.032ms
[0.985s][info][gc,marking     ] GC(97) Concurrent Mark (0.985s)
[0.985s][info][gc,marking     ] GC(97) Concurrent Mark From Roots
[0.985s][info][gc,task        ] GC(97) Using 2 workers of 2 for marking
[0.986s][info][gc,marking     ] GC(97) Concurrent Mark From Roots 1.372ms
[0.986s][info][gc,marking     ] GC(97) Concurrent Preclean
[0.987s][info][gc,marking     ] GC(97) Concurrent Preclean 0.045ms
[0.987s][info][gc,marking     ] GC(97) Concurrent Mark (0.985s, 0.987s) 1.461ms
[0.987s][info][gc,start       ] GC(97) Pause Remark
[0.987s][info][gc             ] GC(97) Pause Remark 446M->446M(512M) 0.284ms
[0.987s][info][gc,cpu         ] GC(97) User=0.00s Sys=0.00s Real=0.00s
[0.987s][info][gc,marking     ] GC(97) Concurrent Rebuild Remembered Sets
[0.988s][info][gc,marking     ] GC(97) Concurrent Rebuild Remembered Sets 1.148ms
[0.988s][info][gc,start       ] GC(97) Pause Cleanup
[0.988s][info][gc             ] GC(97) Pause Cleanup 457M->457M(512M) 0.109ms
[0.988s][info][gc,cpu         ] GC(97) User=0.00s Sys=0.00s Real=0.00s
[0.988s][info][gc,marking     ] GC(97) Concurrent Cleanup for Next Mark
[0.989s][info][gc,marking     ] GC(97) Concurrent Cleanup for Next Mark 0.584ms
[0.989s][info][gc             ] GC(97) Concurrent Cycle 3.916ms
[0.990s][info][gc,start       ] GC(98) Pause Young (Prepare Mixed) (G1 Evacuation Pause)
[0.990s][info][gc,task        ] GC(98) Using 6 workers of 6 for evacuation
[0.992s][info][gc,phases      ] GC(98)   Pre Evacuate Collection Set: 0.0ms
[0.992s][info][gc,phases      ] GC(98)   Merge Heap Roots: 0.1ms
[0.992s][info][gc,phases      ] GC(98)   Evacuate Collection Set: 1.0ms
[0.992s][info][gc,phases      ] GC(98)   Post Evacuate Collection Set: 0.2ms
[0.992s][info][gc,phases      ] GC(98)   Other: 0.1ms
[0.992s][info][gc,heap        ] GC(98) Eden regions: 24->0(21)
[0.992s][info][gc,heap        ] GC(98) Survivor regions: 1->4(4)
[0.992s][info][gc,heap        ] GC(98) Old regions: 275->282
[0.992s][info][gc,heap        ] GC(98) Archive regions: 0->0
[0.992s][info][gc,heap        ] GC(98) Humongous regions: 197->177
[0.992s][info][gc,metaspace   ] GC(98) Metaspace: 9172K(9600K)->9172K(9600K) NonClass: 8367K(8704K)->8367K(8704K) Class: 804K(896K)->804K(896K)
[0.992s][info][gc             ] GC(98) Pause Young (Prepare Mixed) (G1 Evacuation Pause) 473M->439M(512M) 1.538ms
[0.992s][info][gc,cpu         ] GC(98) User=0.00s Sys=0.00s Real=0.00s
[0.996s][info][gc,start       ] GC(99) Pause Young (Mixed) (G1 Evacuation Pause)
[0.996s][info][gc,task        ] GC(99) Using 6 workers of 6 for evacuation
[1.002s][info][gc             ] GC(99) To-space exhausted
[1.002s][info][gc,phases      ] GC(99)   Pre Evacuate Collection Set: 1.3ms
[1.002s][info][gc,phases      ] GC(99)   Merge Heap Roots: 0.6ms
[1.002s][info][gc,phases      ] GC(99)   Evacuate Collection Set: 3.7ms
[1.002s][info][gc,phases      ] GC(99)   Post Evacuate Collection Set: 0.4ms
[1.002s][info][gc,phases      ] GC(99)   Other: 0.2ms
[1.002s][info][gc,heap        ] GC(99) Eden regions: 21->0(21)
[1.002s][info][gc,heap        ] GC(99) Survivor regions: 4->4(4)
[1.002s][info][gc,heap        ] GC(99) Old regions: 282->309
[1.002s][info][gc,heap        ] GC(99) Archive regions: 0->0
[1.002s][info][gc,heap        ] GC(99) Humongous regions: 191->179
[1.002s][info][gc,metaspace   ] GC(99) Metaspace: 9172K(9600K)->9172K(9600K) NonClass: 8367K(8704K)->8367K(8704K) Class: 804K(896K)->804K(896K)
[1.002s][info][gc             ] GC(99) Pause Young (Mixed) (G1 Evacuation Pause) 474M->469M(512M) 6.397ms
[1.002s][info][gc,cpu         ] GC(99) User=0.00s Sys=0.00s Real=0.01s
[1.003s][info][gc,start       ] GC(100) Pause Young (Concurrent Start) (G1 Humongous Allocation)
[1.003s][info][gc,task        ] GC(100) Using 6 workers of 6 for evacuation
[1.004s][info][gc,phases      ] GC(100)   Pre Evacuate Collection Set: 0.1ms
[1.004s][info][gc,phases      ] GC(100)   Merge Heap Roots: 0.0ms
[1.004s][info][gc,phases      ] GC(100)   Evacuate Collection Set: 0.6ms
[1.004s][info][gc,phases      ] GC(100)   Post Evacuate Collection Set: 0.2ms
[1.004s][info][gc,phases      ] GC(100)   Other: 0.1ms
[1.004s][info][gc,heap        ] GC(100) Eden regions: 5->0(23)
[1.004s][info][gc,heap        ] GC(100) Survivor regions: 4->2(4)
[1.004s][info][gc,heap        ] GC(100) Old regions: 309->313
[1.004s][info][gc,heap        ] GC(100) Archive regions: 0->0
[1.004s][info][gc,heap        ] GC(100) Humongous regions: 179->178
[1.004s][info][gc,metaspace   ] GC(100) Metaspace: 9172K(9600K)->9172K(9600K) NonClass: 8367K(8704K)->8367K(8704K) Class: 804K(896K)->804K(896K)
[1.004s][info][gc             ] GC(100) Pause Young (Concurrent Start) (G1 Humongous Allocation) 474M->469M(512M) 1.063ms
[1.004s][info][gc,cpu         ] GC(100) User=0.00s Sys=0.00s Real=0.00s
[1.004s][info][gc             ] GC(101) Concurrent Cycle
[1.004s][info][gc,marking     ] GC(101) Concurrent Clear Claimed Marks
[1.004s][info][gc,marking     ] GC(101) Concurrent Clear Claimed Marks 0.010ms
[1.004s][info][gc,marking     ] GC(101) Concurrent Scan Root Regions
[1.004s][info][gc,marking     ] GC(101) Concurrent Scan Root Regions 0.030ms
[1.004s][info][gc,marking     ] GC(101) Concurrent Mark (1.004s)
[1.004s][info][gc,marking     ] GC(101) Concurrent Mark From Roots
[1.004s][info][gc,task        ] GC(101) Using 2 workers of 2 for marking
[1.006s][info][gc,marking     ] GC(101) Concurrent Mark From Roots 1.722ms
[1.006s][info][gc,marking     ] GC(101) Concurrent Preclean
[1.006s][info][gc,marking     ] GC(101) Concurrent Preclean 0.043ms
[1.006s][info][gc,marking     ] GC(101) Concurrent Mark (1.004s, 1.006s) 1.855ms
[1.006s][info][gc,start       ] GC(101) Pause Remark
[1.007s][info][gc             ] GC(101) Pause Remark 486M->486M(512M) 0.461ms
[1.007s][info][gc,cpu         ] GC(101) User=0.00s Sys=0.00s Real=0.00s
[1.007s][info][gc,marking     ] GC(101) Concurrent Rebuild Remembered Sets
[1.007s][info][gc,start       ] GC(102) Pause Young (Normal) (G1 Humongous Allocation)
[1.007s][info][gc,task        ] GC(102) Using 6 workers of 6 for evacuation
[1.008s][info][gc             ] GC(102) To-space exhausted
[1.008s][info][gc,phases      ] GC(102)   Pre Evacuate Collection Set: 0.1ms
[1.008s][info][gc,phases      ] GC(102)   Merge Heap Roots: 0.1ms
[1.008s][info][gc,phases      ] GC(102)   Evacuate Collection Set: 0.1ms
[1.008s][info][gc,phases      ] GC(102)   Post Evacuate Collection Set: 0.2ms
[1.008s][info][gc,phases      ] GC(102)   Other: 0.1ms
[1.008s][info][gc,heap        ] GC(102) Eden regions: 10->0(25)
[1.008s][info][gc,heap        ] GC(102) Survivor regions: 2->0(0)
[1.008s][info][gc,heap        ] GC(102) Old regions: 313->325
[1.008s][info][gc,heap        ] GC(102) Archive regions: 0->0
[1.008s][info][gc,heap        ] GC(102) Humongous regions: 187->181
[1.008s][info][gc,metaspace   ] GC(102) Metaspace: 9172K(9600K)->9172K(9600K) NonClass: 8367K(8704K)->8367K(8704K) Class: 804K(896K)->804K(896K)
[1.008s][info][gc             ] GC(102) Pause Young (Normal) (G1 Humongous Allocation) 487M->482M(512M) 0.630ms
[1.008s][info][gc,cpu         ] GC(102) User=0.00s Sys=0.00s Real=0.00s
[1.009s][info][gc,start       ] GC(103) Pause Young (Normal) (G1 Evacuation Pause)
[1.009s][info][gc,task        ] GC(103) Using 6 workers of 6 for evacuation
[1.009s][info][gc             ] GC(103) To-space exhausted
[1.009s][info][gc,phases      ] GC(103)   Pre Evacuate Collection Set: 0.1ms
[1.009s][info][gc,phases      ] GC(103)   Merge Heap Roots: 0.0ms
[1.009s][info][gc,phases      ] GC(103)   Evacuate Collection Set: 0.1ms
[1.009s][info][gc,phases      ] GC(103)   Post Evacuate Collection Set: 0.2ms
[1.009s][info][gc,phases      ] GC(103)   Other: 0.1ms
[1.009s][info][gc,heap        ] GC(103) Eden regions: 3->0(25)
[1.009s][info][gc,heap        ] GC(103) Survivor regions: 0->0(0)
[1.009s][info][gc,heap        ] GC(103) Old regions: 325->328
[1.009s][info][gc,heap        ] GC(103) Archive regions: 0->0
[1.009s][info][gc,heap        ] GC(103) Humongous regions: 184->183
[1.009s][info][gc,metaspace   ] GC(103) Metaspace: 9172K(9600K)->9172K(9600K) NonClass: 8367K(8704K)->8367K(8704K) Class: 804K(896K)->804K(896K)
[1.009s][info][gc             ] GC(103) Pause Young (Normal) (G1 Evacuation Pause) 487M->486M(512M) 0.523ms
[1.009s][info][gc,cpu         ] GC(103) User=0.00s Sys=0.00s Real=0.00s
[1.009s][info][gc,start       ] GC(104) Pause Young (Normal) (G1 Evacuation Pause)
[1.009s][info][gc,task        ] GC(104) Using 6 workers of 6 for evacuation
[1.010s][info][gc             ] GC(104) To-space exhausted
[1.010s][info][gc,phases      ] GC(104)   Pre Evacuate Collection Set: 0.1ms
[1.010s][info][gc,phases      ] GC(104)   Merge Heap Roots: 0.0ms
[1.010s][info][gc,phases      ] GC(104)   Evacuate Collection Set: 0.1ms
[1.010s][info][gc,phases      ] GC(104)   Post Evacuate Collection Set: 0.1ms
[1.010s][info][gc,phases      ] GC(104)   Other: 0.1ms
[1.010s][info][gc,heap        ] GC(104) Eden regions: 1->0(25)
[1.010s][info][gc,heap        ] GC(104) Survivor regions: 0->0(0)
[1.010s][info][gc,heap        ] GC(104) Old regions: 328->329
[1.010s][info][gc,heap        ] GC(104) Archive regions: 0->0
[1.010s][info][gc,heap        ] GC(104) Humongous regions: 183->183
[1.010s][info][gc,metaspace   ] GC(104) Metaspace: 9172K(9600K)->9172K(9600K) NonClass: 8367K(8704K)->8367K(8704K) Class: 804K(896K)->804K(896K)
[1.010s][info][gc             ] GC(104) Pause Young (Normal) (G1 Evacuation Pause) 487M->487M(512M) 0.418ms
[1.010s][info][gc,cpu         ] GC(104) User=0.00s Sys=0.00s Real=0.00s
[1.010s][info][gc,task        ] GC(105) Using 6 workers of 6 for full compaction
[1.010s][info][gc,start       ] GC(105) Pause Full (G1 Evacuation Pause)
[1.010s][info][gc,phases,start] GC(105) Phase 1: Mark live objects
[1.012s][info][gc,phases      ] GC(105) Phase 1: Mark live objects 1.209ms
[1.012s][info][gc,phases,start] GC(105) Phase 2: Prepare for compaction
[1.012s][info][gc,phases      ] GC(105) Phase 2: Prepare for compaction 0.444ms
[1.012s][info][gc,phases,start] GC(105) Phase 3: Adjust pointers
[1.012s][info][gc,phases      ] GC(105) Phase 3: Adjust pointers 0.361ms
[1.012s][info][gc,phases,start] GC(105) Phase 4: Compact heap
[1.033s][info][gc,phases      ] GC(105) Phase 4: Compact heap 20.745ms
[1.034s][info][gc,heap        ] GC(105) Eden regions: 0->0(25)
[1.034s][info][gc,heap        ] GC(105) Survivor regions: 0->0(0)
[1.034s][info][gc,heap        ] GC(105) Old regions: 329->250
[1.034s][info][gc,heap        ] GC(105) Archive regions: 0->0
[1.034s][info][gc,heap        ] GC(105) Humongous regions: 183->183
[1.034s][info][gc,metaspace   ] GC(105) Metaspace: 9172K(9600K)->9172K(9600K) NonClass: 8367K(8704K)->8367K(8704K) Class: 804K(896K)->804K(896K)
[1.034s][info][gc             ] GC(105) Pause Full (G1 Evacuation Pause) 487M->404M(512M) 23.758ms
[1.034s][info][gc,cpu         ] GC(105) User=0.09s Sys=0.00s Real=0.02s
[1.034s][info][gc,marking     ] GC(101) Concurrent Rebuild Remembered Sets 27.221ms
[1.034s][info][gc,marking     ] GC(101) Concurrent Mark Abort
[1.034s][info][gc             ] GC(101) Concurrent Cycle 29.887ms
[1.034s][info][gc,start       ] GC(106) Pause Young (Concurrent Start) (G1 Humongous Allocation)
[1.034s][info][gc,task        ] GC(106) Using 6 workers of 6 for evacuation
[1.035s][info][gc,phases      ] GC(106)   Pre Evacuate Collection Set: 0.1ms
[1.035s][info][gc,phases      ] GC(106)   Merge Heap Roots: 0.0ms
[1.035s][info][gc,phases      ] GC(106)   Evacuate Collection Set: 0.2ms
[1.035s][info][gc,phases      ] GC(106)   Post Evacuate Collection Set: 0.2ms
[1.035s][info][gc,phases      ] GC(106)   Other: 0.1ms
[1.035s][info][gc,heap        ] GC(106) Eden regions: 2->0(23)
[1.035s][info][gc,heap        ] GC(106) Survivor regions: 0->2(4)
[1.035s][info][gc,heap        ] GC(106) Old regions: 250->250
[1.035s][info][gc,heap        ] GC(106) Archive regions: 0->0
[1.035s][info][gc,heap        ] GC(106) Humongous regions: 183->183
[1.035s][info][gc,metaspace   ] GC(106) Metaspace: 9172K(9600K)->9172K(9600K) NonClass: 8367K(8704K)->8367K(8704K) Class: 804K(896K)->804K(896K)
[1.035s][info][gc             ] GC(106) Pause Young (Concurrent Start) (G1 Humongous Allocation) 405M->405M(512M) 0.628ms
[1.035s][info][gc,cpu         ] GC(106) User=0.00s Sys=0.00s Real=0.00s
[1.035s][info][gc             ] GC(107) Concurrent Cycle
[1.035s][info][gc,marking     ] GC(107) Concurrent Clear Claimed Marks
[1.035s][info][gc,marking     ] GC(107) Concurrent Clear Claimed Marks 0.011ms
[1.035s][info][gc,marking     ] GC(107) Concurrent Scan Root Regions
[1.035s][info][gc,marking     ] GC(107) Concurrent Scan Root Regions 0.046ms
[1.035s][info][gc,marking     ] GC(107) Concurrent Mark (1.035s)
[1.035s][info][gc,marking     ] GC(107) Concurrent Mark From Roots
[1.035s][info][gc,task        ] GC(107) Using 2 workers of 2 for marking
[1.037s][info][gc,marking     ] GC(107) Concurrent Mark From Roots 1.328ms
[1.037s][info][gc,marking     ] GC(107) Concurrent Preclean
[1.037s][info][gc,marking     ] GC(107) Concurrent Preclean 0.034ms
[1.037s][info][gc,marking     ] GC(107) Concurrent Mark (1.035s, 1.037s) 1.396ms
[1.037s][info][gc,start       ] GC(107) Pause Remark
[1.037s][info][gc             ] GC(107) Pause Remark 419M->419M(512M) 0.361ms
[1.037s][info][gc,cpu         ] GC(107) User=0.00s Sys=0.00s Real=0.00s
[1.037s][info][gc,marking     ] GC(107) Concurrent Rebuild Remembered Sets
[1.038s][info][gc,marking     ] GC(107) Concurrent Rebuild Remembered Sets 0.955ms
[1.038s][info][gc,start       ] GC(107) Pause Cleanup
[1.038s][info][gc             ] GC(107) Pause Cleanup 425M->425M(512M) 0.125ms
[1.038s][info][gc,cpu         ] GC(107) User=0.00s Sys=0.00s Real=0.00s
[1.038s][info][gc,marking     ] GC(107) Concurrent Cleanup for Next Mark
[1.039s][info][gc,marking     ] GC(107) Concurrent Cleanup for Next Mark 0.547ms
[1.039s][info][gc             ] GC(107) Concurrent Cycle 3.741ms
[1.039s][info][gc,start       ] GC(108) Pause Young (Concurrent Start) (G1 Humongous Allocation)
[1.039s][info][gc,task        ] GC(108) Using 6 workers of 6 for evacuation
[1.040s][info][gc,phases      ] GC(108)   Pre Evacuate Collection Set: 0.1ms
[1.040s][info][gc,phases      ] GC(108)   Merge Heap Roots: 0.1ms
[1.040s][info][gc,phases      ] GC(108)   Evacuate Collection Set: 0.9ms
[1.040s][info][gc,phases      ] GC(108)   Post Evacuate Collection Set: 0.2ms
[1.040s][info][gc,phases      ] GC(108)   Other: 0.1ms
[1.040s][info][gc,heap        ] GC(108) Eden regions: 16->0(21)
[1.040s][info][gc,heap        ] GC(108) Survivor regions: 2->4(4)
[1.040s][info][gc,heap        ] GC(108) Old regions: 250->254
[1.040s][info][gc,heap        ] GC(108) Archive regions: 0->0
[1.040s][info][gc,heap        ] GC(108) Humongous regions: 191->183
[1.040s][info][gc,metaspace   ] GC(108) Metaspace: 9172K(9600K)->9172K(9600K) NonClass: 8367K(8704K)->8367K(8704K) Class: 804K(896K)->804K(896K)
[1.040s][info][gc             ] GC(108) Pause Young (Concurrent Start) (G1 Humongous Allocation) 429M->412M(512M) 1.385ms
[1.040s][info][gc,cpu         ] GC(108) User=0.00s Sys=0.00s Real=0.00s
[1.040s][info][gc             ] GC(109) Concurrent Cycle
[1.040s][info][gc,marking     ] GC(109) Concurrent Clear Claimed Marks
[1.040s][info][gc,marking     ] GC(109) Concurrent Clear Claimed Marks 0.011ms
[1.040s][info][gc,marking     ] GC(109) Concurrent Scan Root Regions
[1.040s][info][gc,marking     ] GC(109) Concurrent Scan Root Regions 0.036ms
[1.040s][info][gc,marking     ] GC(109) Concurrent Mark (1.040s)
[1.040s][info][gc,marking     ] GC(109) Concurrent Mark From Roots
[1.040s][info][gc,task        ] GC(109) Using 2 workers of 2 for marking
[1.042s][info][gc,marking     ] GC(109) Concurrent Mark From Roots 1.784ms
[1.042s][info][gc,marking     ] GC(109) Concurrent Preclean
[1.042s][info][gc,marking     ] GC(109) Concurrent Preclean 0.043ms
[1.042s][info][gc,marking     ] GC(109) Concurrent Mark (1.040s, 1.042s) 1.893ms
[1.042s][info][gc,start       ] GC(109) Pause Remark
[1.043s][info][gc             ] GC(109) Pause Remark 426M->426M(512M) 0.485ms
[1.043s][info][gc,cpu         ] GC(109) User=0.05s Sys=0.00s Real=0.00s
[1.043s][info][gc,marking     ] GC(109) Concurrent Rebuild Remembered Sets
[1.044s][info][gc,marking     ] GC(109) Concurrent Rebuild Remembered Sets 1.036ms
[1.044s][info][gc,start       ] GC(109) Pause Cleanup
[1.044s][info][gc             ] GC(109) Pause Cleanup 435M->435M(512M) 0.127ms
[1.044s][info][gc,cpu         ] GC(109) User=0.00s Sys=0.00s Real=0.00s
[1.044s][info][gc,marking     ] GC(109) Concurrent Cleanup for Next Mark
[1.045s][info][gc,marking     ] GC(109) Concurrent Cleanup for Next Mark 0.684ms
[1.045s][info][gc             ] GC(109) Concurrent Cycle 4.728ms
[1.046s][info][gc,start       ] GC(110) Pause Young (Prepare Mixed) (G1 Evacuation Pause)
[1.046s][info][gc,task        ] GC(110) Using 6 workers of 6 for evacuation
[1.049s][info][gc,phases      ] GC(110)   Pre Evacuate Collection Set: 0.1ms
[1.049s][info][gc,phases      ] GC(110)   Merge Heap Roots: 0.1ms
[1.049s][info][gc,phases      ] GC(110)   Evacuate Collection Set: 1.7ms
[1.049s][info][gc,phases      ] GC(110)   Post Evacuate Collection Set: 0.4ms
[1.049s][info][gc,phases      ] GC(110)   Other: 0.1ms
[1.049s][info][gc,heap        ] GC(110) Eden regions: 21->0(21)
[1.049s][info][gc,heap        ] GC(110) Survivor regions: 4->4(4)
[1.049s][info][gc,heap        ] GC(110) Old regions: 254->264
[1.049s][info][gc,heap        ] GC(110) Archive regions: 0->0
[1.049s][info][gc,heap        ] GC(110) Humongous regions: 197->186
[1.049s][info][gc,metaspace   ] GC(110) Metaspace: 9172K(9600K)->9172K(9600K) NonClass: 8367K(8704K)->8367K(8704K) Class: 804K(896K)->804K(896K)
[1.049s][info][gc             ] GC(110) Pause Young (Prepare Mixed) (G1 Evacuation Pause) 447M->424M(512M) 2.521ms
[1.049s][info][gc,cpu         ] GC(110) User=0.00s Sys=0.00s Real=0.00s
[1.053s][info][gc,start       ] GC(111) Pause Young (Mixed) (G1 Evacuation Pause)
[1.053s][info][gc,task        ] GC(111) Using 6 workers of 6 for evacuation
[1.056s][info][gc             ] GC(111) To-space exhausted
[1.057s][info][gc,phases      ] GC(111)   Pre Evacuate Collection Set: 0.1ms
[1.057s][info][gc,phases      ] GC(111)   Merge Heap Roots: 0.1ms
[1.057s][info][gc,phases      ] GC(111)   Evacuate Collection Set: 2.4ms
[1.057s][info][gc,phases      ] GC(111)   Post Evacuate Collection Set: 0.4ms
[1.057s][info][gc,phases      ] GC(111)   Other: 0.2ms
[1.057s][info][gc,heap        ] GC(111) Eden regions: 21->0(21)
[1.057s][info][gc,heap        ] GC(111) Survivor regions: 4->4(4)
[1.057s][info][gc,heap        ] GC(111) Old regions: 264->294
[1.057s][info][gc,heap        ] GC(111) Archive regions: 0->0
[1.057s][info][gc,heap        ] GC(111) Humongous regions: 201->186
[1.057s][info][gc,metaspace   ] GC(111) Metaspace: 9172K(9600K)->9172K(9600K) NonClass: 8367K(8704K)->8367K(8704K) Class: 804K(896K)->804K(896K)
[1.057s][info][gc             ] GC(111) Pause Young (Mixed) (G1 Evacuation Pause) 460M->457M(512M) 3.507ms
[1.057s][info][gc,cpu         ] GC(111) User=0.00s Sys=0.00s Real=0.00s
[1.057s][info][gc,start       ] GC(112) Pause Young (Concurrent Start) (G1 Humongous Allocation)
[1.057s][info][gc,task        ] GC(112) Using 6 workers of 6 for evacuation
[1.058s][info][gc,phases      ] GC(112)   Pre Evacuate Collection Set: 0.1ms
[1.058s][info][gc,phases      ] GC(112)   Merge Heap Roots: 0.0ms
[1.058s][info][gc,phases      ] GC(112)   Evacuate Collection Set: 0.5ms
[1.058s][info][gc,phases      ] GC(112)   Post Evacuate Collection Set: 0.1ms
[1.058s][info][gc,phases      ] GC(112)   Other: 0.1ms
[1.058s][info][gc,heap        ] GC(112) Eden regions: 2->0(24)
[1.058s][info][gc,heap        ] GC(112) Survivor regions: 4->1(4)
[1.058s][info][gc,heap        ] GC(112) Old regions: 294->298
[1.058s][info][gc,heap        ] GC(112) Archive regions: 0->0
[1.058s][info][gc,heap        ] GC(112) Humongous regions: 186->186
[1.058s][info][gc,metaspace   ] GC(112) Metaspace: 9172K(9600K)->9172K(9600K) NonClass: 8367K(8704K)->8367K(8704K) Class: 804K(896K)->804K(896K)
[1.058s][info][gc             ] GC(112) Pause Young (Concurrent Start) (G1 Humongous Allocation) 458M->457M(512M) 0.995ms
[1.058s][info][gc,cpu         ] GC(112) User=0.00s Sys=0.00s Real=0.00s
[1.058s][info][gc             ] GC(113) Concurrent Cycle
[1.058s][info][gc,marking     ] GC(113) Concurrent Clear Claimed Marks
[1.058s][info][gc,marking     ] GC(113) Concurrent Clear Claimed Marks 0.018ms
[1.058s][info][gc,marking     ] GC(113) Concurrent Scan Root Regions
[1.058s][info][gc,marking     ] GC(113) Concurrent Scan Root Regions 0.049ms
[1.058s][info][gc,marking     ] GC(113) Concurrent Mark (1.058s)
[1.058s][info][gc,marking     ] GC(113) Concurrent Mark From Roots
[1.058s][info][gc,task        ] GC(113) Using 2 workers of 2 for marking
[1.060s][info][gc,marking     ] GC(113) Concurrent Mark From Roots 1.374ms
[1.060s][info][gc,marking     ] GC(113) Concurrent Preclean
[1.060s][info][gc,marking     ] GC(113) Concurrent Preclean 0.037ms
[1.060s][info][gc,marking     ] GC(113) Concurrent Mark (1.058s, 1.060s) 1.457ms
[1.060s][info][gc,start       ] GC(113) Pause Remark
[1.060s][info][gc             ] GC(113) Pause Remark 472M->471M(512M) 0.407ms
[1.060s][info][gc,cpu         ] GC(113) User=0.00s Sys=0.00s Real=0.00s
[1.060s][info][gc,marking     ] GC(113) Concurrent Rebuild Remembered Sets
[1.061s][info][gc,marking     ] GC(113) Concurrent Rebuild Remembered Sets 1.024ms
[1.062s][info][gc,start       ] GC(113) Pause Cleanup
[1.062s][info][gc             ] GC(113) Pause Cleanup 478M->478M(512M) 0.115ms
[1.062s][info][gc,cpu         ] GC(113) User=0.00s Sys=0.00s Real=0.00s
[1.062s][info][gc,marking     ] GC(113) Concurrent Cleanup for Next Mark
[1.062s][info][gc,marking     ] GC(113) Concurrent Cleanup for Next Mark 0.494ms
[1.062s][info][gc             ] GC(113) Concurrent Cycle 3.891ms
[1.063s][info][gc,start       ] GC(114) Pause Young (Prepare Mixed) (G1 Humongous Allocation)
[1.063s][info][gc,task        ] GC(114) Using 6 workers of 6 for evacuation
[1.063s][info][gc             ] GC(114) To-space exhausted
[1.063s][info][gc,phases      ] GC(114)   Pre Evacuate Collection Set: 0.1ms
[1.063s][info][gc,phases      ] GC(114)   Merge Heap Roots: 0.1ms
[1.063s][info][gc,phases      ] GC(114)   Evacuate Collection Set: 0.1ms
[1.063s][info][gc,phases      ] GC(114)   Post Evacuate Collection Set: 0.2ms
[1.063s][info][gc,phases      ] GC(114)   Other: 0.1ms
[1.063s][info][gc,heap        ] GC(114) Eden regions: 15->0(25)
[1.063s][info][gc,heap        ] GC(114) Survivor regions: 1->0(0)
[1.063s][info][gc,heap        ] GC(114) Old regions: 297->313
[1.063s][info][gc,heap        ] GC(114) Archive regions: 0->0
[1.063s][info][gc,heap        ] GC(114) Humongous regions: 199->191
[1.063s][info][gc,metaspace   ] GC(114) Metaspace: 9172K(9600K)->9172K(9600K) NonClass: 8367K(8704K)->8367K(8704K) Class: 804K(896K)->804K(896K)
[1.063s][info][gc             ] GC(114) Pause Young (Prepare Mixed) (G1 Humongous Allocation) 484M->477M(512M) 0.643ms
[1.063s][info][gc,cpu         ] GC(114) User=0.00s Sys=0.00s Real=0.00s
[1.064s][info][gc,start       ] GC(115) Pause Young (Mixed) (G1 Evacuation Pause)
[1.064s][info][gc,task        ] GC(115) Using 6 workers of 6 for evacuation
[1.065s][info][gc             ] GC(115) To-space exhausted
[1.065s][info][gc,phases      ] GC(115)   Pre Evacuate Collection Set: 0.0ms
[1.065s][info][gc,phases      ] GC(115)   Merge Heap Roots: 0.0ms
[1.065s][info][gc,phases      ] GC(115)   Evacuate Collection Set: 0.1ms
[1.065s][info][gc,phases      ] GC(115)   Post Evacuate Collection Set: 0.2ms
[1.065s][info][gc,phases      ] GC(115)   Other: 0.1ms
[1.065s][info][gc,heap        ] GC(115) Eden regions: 3->0(25)
[1.065s][info][gc,heap        ] GC(115) Survivor regions: 0->0(0)
[1.065s][info][gc,heap        ] GC(115) Old regions: 313->315
[1.065s][info][gc,heap        ] GC(115) Archive regions: 0->0
[1.065s][info][gc,heap        ] GC(115) Humongous regions: 196->193
[1.065s][info][gc,metaspace   ] GC(115) Metaspace: 9172K(9600K)->9172K(9600K) NonClass: 8367K(8704K)->8367K(8704K) Class: 804K(896K)->804K(896K)
[1.065s][info][gc             ] GC(115) Pause Young (Mixed) (G1 Evacuation Pause) 484M->480M(512M) 0.571ms
[1.065s][info][gc,cpu         ] GC(115) User=0.00s Sys=0.00s Real=0.00s
[1.065s][info][gc,start       ] GC(116) Pause Young (Mixed) (G1 Humongous Allocation)
[1.065s][info][gc,task        ] GC(116) Using 6 workers of 6 for evacuation
[1.066s][info][gc             ] GC(116) To-space exhausted
[1.066s][info][gc,phases      ] GC(116)   Pre Evacuate Collection Set: 0.1ms
[1.066s][info][gc,phases      ] GC(116)   Merge Heap Roots: 0.0ms
[1.066s][info][gc,phases      ] GC(116)   Evacuate Collection Set: 0.2ms
[1.066s][info][gc,phases      ] GC(116)   Post Evacuate Collection Set: 0.2ms
[1.066s][info][gc,phases      ] GC(116)   Other: 0.1ms
[1.066s][info][gc,heap        ] GC(116) Eden regions: 2->0(25)
[1.066s][info][gc,heap        ] GC(116) Survivor regions: 0->0(0)
[1.066s][info][gc,heap        ] GC(116) Old regions: 315->317
[1.066s][info][gc,heap        ] GC(116) Archive regions: 0->0
[1.066s][info][gc,heap        ] GC(116) Humongous regions: 195->193
[1.066s][info][gc,metaspace   ] GC(116) Metaspace: 9172K(9600K)->9172K(9600K) NonClass: 8367K(8704K)->8367K(8704K) Class: 804K(896K)->804K(896K)
[1.066s][info][gc             ] GC(116) Pause Young (Mixed) (G1 Humongous Allocation) 484M->482M(512M) 0.679ms
[1.066s][info][gc,cpu         ] GC(116) User=0.00s Sys=0.00s Real=0.00s
[1.066s][info][gc,start       ] GC(117) Pause Young (Concurrent Start) (G1 Evacuation Pause)
[1.066s][info][gc,task        ] GC(117) Using 6 workers of 6 for evacuation
[1.066s][info][gc             ] GC(117) To-space exhausted
[1.066s][info][gc,phases      ] GC(117)   Pre Evacuate Collection Set: 0.1ms
[1.067s][info][gc,phases      ] GC(117)   Merge Heap Roots: 0.0ms
[1.067s][info][gc,phases      ] GC(117)   Evacuate Collection Set: 0.1ms
[1.067s][info][gc,phases      ] GC(117)   Post Evacuate Collection Set: 0.1ms
[1.067s][info][gc,phases      ] GC(117)   Other: 0.1ms
[1.067s][info][gc,heap        ] GC(117) Eden regions: 1->0(25)
[1.067s][info][gc,heap        ] GC(117) Survivor regions: 0->0(0)
[1.067s][info][gc,heap        ] GC(117) Old regions: 317->318
[1.067s][info][gc,heap        ] GC(117) Archive regions: 0->0
[1.067s][info][gc,heap        ] GC(117) Humongous regions: 194->192
[1.067s][info][gc,metaspace   ] GC(117) Metaspace: 9172K(9600K)->9172K(9600K) NonClass: 8367K(8704K)->8367K(8704K) Class: 804K(896K)->804K(896K)
[1.067s][info][gc             ] GC(117) Pause Young (Concurrent Start) (G1 Evacuation Pause) 484M->482M(512M) 0.543ms
[1.067s][info][gc,cpu         ] GC(117) User=0.00s Sys=0.00s Real=0.00s
[1.067s][info][gc             ] GC(118) Concurrent Cycle
[1.067s][info][gc,marking     ] GC(118) Concurrent Clear Claimed Marks
[1.067s][info][gc,marking     ] GC(118) Concurrent Clear Claimed Marks 0.013ms
[1.067s][info][gc,marking     ] GC(118) Concurrent Scan Root Regions
[1.067s][info][gc,marking     ] GC(118) Concurrent Scan Root Regions 0.010ms
[1.067s][info][gc,marking     ] GC(118) Concurrent Mark (1.067s)
[1.067s][info][gc,marking     ] GC(118) Concurrent Mark From Roots
[1.067s][info][gc,task        ] GC(118) Using 2 workers of 2 for marking
[1.067s][info][gc,start       ] GC(119) Pause Young (Normal) (G1 Evacuation Pause)
[1.067s][info][gc,task        ] GC(119) Using 6 workers of 6 for evacuation
[1.067s][info][gc             ] GC(119) To-space exhausted
[1.067s][info][gc,phases      ] GC(119)   Pre Evacuate Collection Set: 0.0ms
[1.067s][info][gc,phases      ] GC(119)   Merge Heap Roots: 0.0ms
[1.068s][info][gc,phases      ] GC(119)   Evacuate Collection Set: 0.1ms
[1.068s][info][gc,phases      ] GC(119)   Post Evacuate Collection Set: 0.2ms
[1.068s][info][gc,phases      ] GC(119)   Other: 0.1ms
[1.068s][info][gc,heap        ] GC(119) Eden regions: 1->0(25)
[1.068s][info][gc,heap        ] GC(119) Survivor regions: 0->0(0)
[1.068s][info][gc,heap        ] GC(119) Old regions: 318->319
[1.068s][info][gc,heap        ] GC(119) Archive regions: 0->0
[1.068s][info][gc,heap        ] GC(119) Humongous regions: 193->192
[1.068s][info][gc,metaspace   ] GC(119) Metaspace: 9172K(9600K)->9172K(9600K) NonClass: 8367K(8704K)->8367K(8704K) Class: 804K(896K)->804K(896K)
[1.068s][info][gc             ] GC(119) Pause Young (Normal) (G1 Evacuation Pause) 484M->483M(512M) 0.506ms
[1.068s][info][gc,cpu         ] GC(119) User=0.00s Sys=0.00s Real=0.00s
[1.068s][info][gc,start       ] GC(120) Pause Young (Normal) (G1 Evacuation Pause)
[1.068s][info][gc,task        ] GC(120) Using 6 workers of 6 for evacuation
[1.068s][info][gc             ] GC(120) To-space exhausted
[1.068s][info][gc,phases      ] GC(120)   Pre Evacuate Collection Set: 0.0ms
[1.068s][info][gc,phases      ] GC(120)   Merge Heap Roots: 0.0ms
[1.068s][info][gc,phases      ] GC(120)   Evacuate Collection Set: 0.1ms
[1.068s][info][gc,phases      ] GC(120)   Post Evacuate Collection Set: 0.1ms
[1.068s][info][gc,phases      ] GC(120)   Other: 0.1ms
[1.068s][info][gc,heap        ] GC(120) Eden regions: 1->0(25)
[1.068s][info][gc,heap        ] GC(120) Survivor regions: 0->0(0)
[1.068s][info][gc,heap        ] GC(120) Old regions: 319->320
[1.068s][info][gc,heap        ] GC(120) Archive regions: 0->0
[1.068s][info][gc,heap        ] GC(120) Humongous regions: 192->192
[1.068s][info][gc,metaspace   ] GC(120) Metaspace: 9172K(9600K)->9172K(9600K) NonClass: 8367K(8704K)->8367K(8704K) Class: 804K(896K)->804K(896K)
[1.068s][info][gc             ] GC(120) Pause Young (Normal) (G1 Evacuation Pause) 484M->484M(512M) 0.443ms
[1.068s][info][gc,cpu         ] GC(120) User=0.00s Sys=0.00s Real=0.00s
[1.069s][info][gc,task        ] GC(121) Using 6 workers of 6 for full compaction
[1.069s][info][gc,start       ] GC(121) Pause Full (G1 Evacuation Pause)
[1.069s][info][gc,phases,start] GC(121) Phase 1: Mark live objects
[1.070s][info][gc,phases      ] GC(121) Phase 1: Mark live objects 0.998ms
[1.070s][info][gc,phases,start] GC(121) Phase 2: Prepare for compaction
[1.071s][info][gc,phases      ] GC(121) Phase 2: Prepare for compaction 0.557ms
[1.071s][info][gc,phases,start] GC(121) Phase 3: Adjust pointers
[1.071s][info][gc,phases      ] GC(121) Phase 3: Adjust pointers 0.571ms
[1.071s][info][gc,phases,start] GC(121) Phase 4: Compact heap
[1.094s][info][gc,phases      ] GC(121) Phase 4: Compact heap 22.398ms
[1.094s][info][gc,heap        ] GC(121) Eden regions: 0->0(25)
[1.094s][info][gc,heap        ] GC(121) Survivor regions: 0->0(0)
[1.094s][info][gc,heap        ] GC(121) Old regions: 320->252
[1.094s][info][gc,heap        ] GC(121) Archive regions: 0->0
[1.094s][info][gc,heap        ] GC(121) Humongous regions: 192->192
[1.094s][info][gc,metaspace   ] GC(121) Metaspace: 9172K(9600K)->9172K(9600K) NonClass: 8367K(8704K)->8367K(8704K) Class: 804K(896K)->804K(896K)
[1.094s][info][gc             ] GC(121) Pause Full (G1 Evacuation Pause) 484M->413M(512M) 25.474ms
[1.094s][info][gc,cpu         ] GC(121) User=0.08s Sys=0.00s Real=0.02s
[1.094s][info][gc,marking     ] GC(118) Concurrent Mark From Roots 27.603ms
[1.094s][info][gc,marking     ] GC(118) Concurrent Mark Abort
[1.094s][info][gc             ] GC(118) Concurrent Cycle 27.806ms
[1.095s][info][gc,start       ] GC(122) Pause Young (Concurrent Start) (G1 Humongous Allocation)
[1.095s][info][gc,task        ] GC(122) Using 6 workers of 6 for evacuation
[1.095s][info][gc,phases      ] GC(122)   Pre Evacuate Collection Set: 0.0ms
[1.095s][info][gc,phases      ] GC(122)   Merge Heap Roots: 0.0ms
[1.095s][info][gc,phases      ] GC(122)   Evacuate Collection Set: 0.1ms
[1.095s][info][gc,phases      ] GC(122)   Post Evacuate Collection Set: 0.1ms
[1.095s][info][gc,phases      ] GC(122)   Other: 0.1ms
[1.095s][info][gc,heap        ] GC(122) Eden regions: 1->0(25)
[1.095s][info][gc,heap        ] GC(122) Survivor regions: 0->0(4)
[1.095s][info][gc,heap        ] GC(122) Old regions: 252->252
[1.095s][info][gc,heap        ] GC(122) Archive regions: 0->0
[1.095s][info][gc,heap        ] GC(122) Humongous regions: 192->192
[1.095s][info][gc,metaspace   ] GC(122) Metaspace: 9172K(9600K)->9172K(9600K) NonClass: 8367K(8704K)->8367K(8704K) Class: 804K(896K)->804K(896K)
[1.095s][info][gc             ] GC(122) Pause Young (Concurrent Start) (G1 Humongous Allocation) 414M->413M(512M) 0.494ms
[1.095s][info][gc,cpu         ] GC(122) User=0.00s Sys=0.00s Real=0.00s
[1.095s][info][gc             ] GC(123) Concurrent Cycle
[1.095s][info][gc,marking     ] GC(123) Concurrent Clear Claimed Marks
[1.095s][info][gc,marking     ] GC(123) Concurrent Clear Claimed Marks 0.011ms
[1.095s][info][gc,marking     ] GC(123) Concurrent Scan Root Regions
[1.095s][info][gc,marking     ] GC(123) Concurrent Scan Root Regions 0.009ms
[1.095s][info][gc,marking     ] GC(123) Concurrent Mark (1.095s)
[1.095s][info][gc,marking     ] GC(123) Concurrent Mark From Roots
[1.095s][info][gc,task        ] GC(123) Using 2 workers of 2 for marking
[1.097s][info][gc,marking     ] GC(123) Concurrent Mark From Roots 1.611ms
[1.097s][info][gc,marking     ] GC(123) Concurrent Preclean
[1.097s][info][gc,marking     ] GC(123) Concurrent Preclean 0.041ms
[1.097s][info][gc,marking     ] GC(123) Concurrent Mark (1.095s, 1.097s) 1.686ms
[1.097s][info][gc,start       ] GC(123) Pause Remark
[1.097s][info][gc             ] GC(123) Pause Remark 428M->428M(512M) 0.351ms
[1.097s][info][gc,cpu         ] GC(123) User=0.00s Sys=0.00s Real=0.00s
[1.097s][info][gc,marking     ] GC(123) Concurrent Rebuild Remembered Sets
[1.098s][info][gc,marking     ] GC(123) Concurrent Rebuild Remembered Sets 1.031ms
[1.098s][info][gc,start       ] GC(123) Pause Cleanup
[1.098s][info][gc             ] GC(123) Pause Cleanup 439M->439M(512M) 0.110ms
[1.099s][info][gc,cpu         ] GC(123) User=0.00s Sys=0.00s Real=0.00s
[1.099s][info][gc,marking     ] GC(123) Concurrent Cleanup for Next Mark
[1.099s][info][gc,marking     ] GC(123) Concurrent Cleanup for Next Mark 0.711ms
[1.099s][info][gc             ] GC(123) Concurrent Cycle 4.188ms
[1.100s][info][gc,start       ] GC(124) Pause Young (Normal) (G1 Evacuation Pause)
[1.100s][info][gc,task        ] GC(124) Using 6 workers of 6 for evacuation
[1.101s][info][gc,phases      ] GC(124)   Pre Evacuate Collection Set: 0.0ms
[1.101s][info][gc,phases      ] GC(124)   Merge Heap Roots: 0.1ms
[1.101s][info][gc,phases      ] GC(124)   Evacuate Collection Set: 1.2ms
[1.101s][info][gc,phases      ] GC(124)   Post Evacuate Collection Set: 0.2ms
[1.101s][info][gc,phases      ] GC(124)   Other: 0.1ms
[1.101s][info][gc,heap        ] GC(124) Eden regions: 25->0(21)
[1.101s][info][gc,heap        ] GC(124) Survivor regions: 0->4(4)
[1.101s][info][gc,heap        ] GC(124) Old regions: 252->261
[1.101s][info][gc,heap        ] GC(124) Archive regions: 0->0
[1.101s][info][gc,heap        ] GC(124) Humongous regions: 198->196
[1.101s][info][gc,metaspace   ] GC(124) Metaspace: 9172K(9600K)->9172K(9600K) NonClass: 8367K(8704K)->8367K(8704K) Class: 804K(896K)->804K(896K)
[1.101s][info][gc             ] GC(124) Pause Young (Normal) (G1 Evacuation Pause) 444M->430M(512M) 1.731ms
[1.101s][info][gc,cpu         ] GC(124) User=0.00s Sys=0.00s Real=0.00s
[1.102s][info][gc,start       ] GC(125) Pause Young (Concurrent Start) (G1 Humongous Allocation)
[1.102s][info][gc,task        ] GC(125) Using 6 workers of 6 for evacuation
[1.103s][info][gc,phases      ] GC(125)   Pre Evacuate Collection Set: 0.1ms
[1.103s][info][gc,phases      ] GC(125)   Merge Heap Roots: 0.0ms
[1.103s][info][gc,phases      ] GC(125)   Evacuate Collection Set: 0.5ms
[1.103s][info][gc,phases      ] GC(125)   Post Evacuate Collection Set: 0.1ms
[1.103s][info][gc,phases      ] GC(125)   Other: 0.1ms
[1.103s][info][gc,heap        ] GC(125) Eden regions: 3->0(24)
[1.103s][info][gc,heap        ] GC(125) Survivor regions: 4->1(4)
[1.103s][info][gc,heap        ] GC(125) Old regions: 261->266
[1.103s][info][gc,heap        ] GC(125) Archive regions: 0->0
[1.103s][info][gc,heap        ] GC(125) Humongous regions: 196->196
[1.103s][info][gc,metaspace   ] GC(125) Metaspace: 9172K(9600K)->9172K(9600K) NonClass: 8367K(8704K)->8367K(8704K) Class: 804K(896K)->804K(896K)
[1.103s][info][gc             ] GC(125) Pause Young (Concurrent Start) (G1 Humongous Allocation) 432M->431M(512M) 0.893ms
[1.103s][info][gc,cpu         ] GC(125) User=0.00s Sys=0.00s Real=0.00s
[1.103s][info][gc             ] GC(126) Concurrent Cycle
[1.103s][info][gc,marking     ] GC(126) Concurrent Clear Claimed Marks
[1.103s][info][gc,marking     ] GC(126) Concurrent Clear Claimed Marks 0.010ms
[1.103s][info][gc,marking     ] GC(126) Concurrent Scan Root Regions
[1.103s][info][gc,marking     ] GC(126) Concurrent Scan Root Regions 0.031ms
[1.103s][info][gc,marking     ] GC(126) Concurrent Mark (1.103s)
[1.103s][info][gc,marking     ] GC(126) Concurrent Mark From Roots
[1.103s][info][gc,task        ] GC(126) Using 2 workers of 2 for marking
[1.104s][info][gc,marking     ] GC(126) Concurrent Mark From Roots 1.606ms
[1.104s][info][gc,marking     ] GC(126) Concurrent Preclean
[1.105s][info][gc,marking     ] GC(126) Concurrent Preclean 0.040ms
[1.105s][info][gc,marking     ] GC(126) Concurrent Mark (1.103s, 1.105s) 1.681ms
[1.105s][info][gc,start       ] GC(126) Pause Remark
[1.105s][info][gc             ] GC(126) Pause Remark 447M->447M(512M) 0.329ms
[1.105s][info][gc,cpu         ] GC(126) User=0.00s Sys=0.00s Real=0.00s
[1.105s][info][gc,marking     ] GC(126) Concurrent Rebuild Remembered Sets
[1.106s][info][gc,marking     ] GC(126) Concurrent Rebuild Remembered Sets 1.049ms
[1.106s][info][gc,start       ] GC(126) Pause Cleanup
[1.106s][info][gc             ] GC(126) Pause Cleanup 455M->455M(512M) 0.095ms
[1.106s][info][gc,cpu         ] GC(126) User=0.00s Sys=0.00s Real=0.00s
[1.106s][info][gc,marking     ] GC(126) Concurrent Cleanup for Next Mark
[1.107s][info][gc,marking     ] GC(126) Concurrent Cleanup for Next Mark 0.662ms
[1.107s][info][gc             ] GC(126) Concurrent Cycle 4.099ms
[1.108s][info][gc,start       ] GC(127) Pause Young (Prepare Mixed) (G1 Evacuation Pause)
[1.108s][info][gc,task        ] GC(127) Using 6 workers of 6 for evacuation
[1.110s][info][gc,phases      ] GC(127)   Pre Evacuate Collection Set: 0.1ms
[1.110s][info][gc,phases      ] GC(127)   Merge Heap Roots: 0.1ms
[1.110s][info][gc,phases      ] GC(127)   Evacuate Collection Set: 1.1ms
[1.110s][info][gc,phases      ] GC(127)   Post Evacuate Collection Set: 0.2ms
[1.110s][info][gc,phases      ] GC(127)   Other: 0.1ms
[1.110s][info][gc,heap        ] GC(127) Eden regions: 24->0(21)
[1.110s][info][gc,heap        ] GC(127) Survivor regions: 1->4(4)
[1.110s][info][gc,heap        ] GC(127) Old regions: 266->272
[1.110s][info][gc,heap        ] GC(127) Archive regions: 0->0
[1.110s][info][gc,heap        ] GC(127) Humongous regions: 210->194
[1.110s][info][gc,metaspace   ] GC(127) Metaspace: 9172K(9600K)->9172K(9600K) NonClass: 8367K(8704K)->8367K(8704K) Class: 804K(896K)->804K(896K)
[1.110s][info][gc             ] GC(127) Pause Young (Prepare Mixed) (G1 Evacuation Pause) 469M->439M(512M) 1.654ms
[1.110s][info][gc,cpu         ] GC(127) User=0.00s Sys=0.00s Real=0.00s
[1.114s][info][gc,start       ] GC(128) Pause Young (Mixed) (G1 Evacuation Pause)
[1.114s][info][gc,task        ] GC(128) Using 6 workers of 6 for evacuation
[1.115s][info][gc             ] GC(128) To-space exhausted
[1.115s][info][gc,phases      ] GC(128)   Pre Evacuate Collection Set: 0.1ms
[1.115s][info][gc,phases      ] GC(128)   Merge Heap Roots: 0.0ms
[1.115s][info][gc,phases      ] GC(128)   Evacuate Collection Set: 0.3ms
[1.115s][info][gc,phases      ] GC(128)   Post Evacuate Collection Set: 0.3ms
[1.115s][info][gc,phases      ] GC(128)   Other: 0.2ms
[1.115s][info][gc,heap        ] GC(128) Eden regions: 21->0(24)
[1.115s][info][gc,heap        ] GC(128) Survivor regions: 4->1(2)
[1.115s][info][gc,heap        ] GC(128) Old regions: 272->298
[1.115s][info][gc,heap        ] GC(128) Archive regions: 0->0
[1.115s][info][gc,heap        ] GC(128) Humongous regions: 213->197
[1.115s][info][gc,metaspace   ] GC(128) Metaspace: 9172K(9600K)->9172K(9600K) NonClass: 8367K(8704K)->8367K(8704K) Class: 804K(896K)->804K(896K)
[1.115s][info][gc             ] GC(128) Pause Young (Mixed) (G1 Evacuation Pause) 479M->465M(512M) 0.972ms
[1.115s][info][gc,cpu         ] GC(128) User=0.00s Sys=0.00s Real=0.00s
[1.115s][info][gc,start       ] GC(129) Pause Young (Concurrent Start) (G1 Humongous Allocation)
[1.115s][info][gc,task        ] GC(129) Using 6 workers of 6 for evacuation
[1.116s][info][gc,phases      ] GC(129)   Pre Evacuate Collection Set: 0.0ms
[1.116s][info][gc,phases      ] GC(129)   Merge Heap Roots: 0.0ms
[1.116s][info][gc,phases      ] GC(129)   Evacuate Collection Set: 0.1ms
[1.116s][info][gc,phases      ] GC(129)   Post Evacuate Collection Set: 0.1ms
[1.116s][info][gc,phases      ] GC(129)   Other: 0.1ms
[1.116s][info][gc,heap        ] GC(129) Eden regions: 1->0(23)
[1.116s][info][gc,heap        ] GC(129) Survivor regions: 1->2(4)
[1.116s][info][gc,heap        ] GC(129) Old regions: 298->298
[1.116s][info][gc,heap        ] GC(129) Archive regions: 0->0
[1.116s][info][gc,heap        ] GC(129) Humongous regions: 197->197
[1.116s][info][gc,metaspace   ] GC(129) Metaspace: 9172K(9600K)->9172K(9600K) NonClass: 8367K(8704K)->8367K(8704K) Class: 804K(896K)->804K(896K)
[1.116s][info][gc             ] GC(129) Pause Young (Concurrent Start) (G1 Humongous Allocation) 465M->465M(512M) 0.492ms
[1.116s][info][gc,cpu         ] GC(129) User=0.00s Sys=0.00s Real=0.00s
[1.116s][info][gc             ] GC(130) Concurrent Cycle
[1.116s][info][gc,marking     ] GC(130) Concurrent Clear Claimed Marks
[1.116s][info][gc,marking     ] GC(130) Concurrent Clear Claimed Marks 0.010ms
[1.116s][info][gc,marking     ] GC(130) Concurrent Scan Root Regions
[1.116s][info][gc,marking     ] GC(130) Concurrent Scan Root Regions 0.033ms
[1.116s][info][gc,marking     ] GC(130) Concurrent Mark (1.116s)
[1.116s][info][gc,marking     ] GC(130) Concurrent Mark From Roots
[1.116s][info][gc,task        ] GC(130) Using 2 workers of 2 for marking
[1.117s][info][gc,marking     ] GC(130) Concurrent Mark From Roots 1.666ms
[1.117s][info][gc,marking     ] GC(130) Concurrent Preclean
[1.117s][info][gc,marking     ] GC(130) Concurrent Preclean 0.041ms
[1.117s][info][gc,marking     ] GC(130) Concurrent Mark (1.116s, 1.117s) 1.755ms
[1.118s][info][gc,start       ] GC(130) Pause Remark
[1.118s][info][gc             ] GC(130) Pause Remark 480M->480M(512M) 0.366ms
[1.118s][info][gc,cpu         ] GC(130) User=0.00s Sys=0.00s Real=0.00s
[1.118s][info][gc,marking     ] GC(130) Concurrent Rebuild Remembered Sets
[1.118s][info][gc,start       ] GC(131) Pause Young (Normal) (G1 Evacuation Pause)
[1.118s][info][gc,task        ] GC(131) Using 6 workers of 6 for evacuation
[1.119s][info][gc             ] GC(131) To-space exhausted
[1.119s][info][gc,phases      ] GC(131)   Pre Evacuate Collection Set: 0.0ms
[1.119s][info][gc,phases      ] GC(131)   Merge Heap Roots: 0.1ms
[1.119s][info][gc,phases      ] GC(131)   Evacuate Collection Set: 0.1ms
[1.119s][info][gc,phases      ] GC(131)   Post Evacuate Collection Set: 0.2ms
[1.119s][info][gc,phases      ] GC(131)   Other: 0.1ms
[1.119s][info][gc,heap        ] GC(131) Eden regions: 10->0(25)
[1.119s][info][gc,heap        ] GC(131) Survivor regions: 2->0(0)
[1.119s][info][gc,heap        ] GC(131) Old regions: 298->309
[1.119s][info][gc,heap        ] GC(131) Archive regions: 0->0
[1.119s][info][gc,heap        ] GC(131) Humongous regions: 202->195
[1.119s][info][gc,metaspace   ] GC(131) Metaspace: 9172K(9600K)->9172K(9600K) NonClass: 8367K(8704K)->8367K(8704K) Class: 804K(896K)->804K(896K)
[1.119s][info][gc             ] GC(131) Pause Young (Normal) (G1 Evacuation Pause) 480M->472M(512M) 0.547ms
[1.119s][info][gc,cpu         ] GC(131) User=0.00s Sys=0.00s Real=0.00s
[1.120s][info][gc,marking     ] GC(130) Concurrent Rebuild Remembered Sets 1.963ms
[1.120s][info][gc,start       ] GC(130) Pause Cleanup
[1.120s][info][gc             ] GC(130) Pause Cleanup 480M->480M(512M) 0.104ms
[1.120s][info][gc,cpu         ] GC(130) User=0.00s Sys=0.00s Real=0.00s
[1.120s][info][gc,marking     ] GC(130) Concurrent Cleanup for Next Mark
[1.120s][info][gc,start       ] GC(132) Pause Young (Prepare Mixed) (G1 Evacuation Pause)
[1.120s][info][gc,task        ] GC(132) Using 6 workers of 6 for evacuation
[1.121s][info][gc             ] GC(132) To-space exhausted
[1.121s][info][gc,phases      ] GC(132)   Pre Evacuate Collection Set: 0.0ms
[1.121s][info][gc,phases      ] GC(132)   Merge Heap Roots: 0.0ms
[1.121s][info][gc,phases      ] GC(132)   Evacuate Collection Set: 0.1ms
[1.121s][info][gc,phases      ] GC(132)   Post Evacuate Collection Set: 0.1ms
[1.121s][info][gc,phases      ] GC(132)   Other: 0.1ms
[1.121s][info][gc,heap        ] GC(132) Eden regions: 6->0(25)
[1.121s][info][gc,heap        ] GC(132) Survivor regions: 0->0(0)
[1.121s][info][gc,heap        ] GC(132) Old regions: 309->315
[1.121s][info][gc,heap        ] GC(132) Archive regions: 0->0
[1.121s][info][gc,heap        ] GC(132) Humongous regions: 197->194
[1.121s][info][gc,metaspace   ] GC(132) Metaspace: 9172K(9600K)->9172K(9600K) NonClass: 8367K(8704K)->8367K(8704K) Class: 804K(896K)->804K(896K)
[1.121s][info][gc             ] GC(132) Pause Young (Prepare Mixed) (G1 Evacuation Pause) 480M->477M(512M) 0.463ms
[1.121s][info][gc,cpu         ] GC(132) User=0.00s Sys=0.00s Real=0.00s
[1.121s][info][gc,start       ] GC(133) Pause Young (Mixed) (G1 Humongous Allocation)
[1.121s][info][gc,task        ] GC(133) Using 6 workers of 6 for evacuation
[1.121s][info][gc             ] GC(133) To-space exhausted
[1.121s][info][gc,phases      ] GC(133)   Pre Evacuate Collection Set: 0.0ms
[1.122s][info][gc,phases      ] GC(133)   Merge Heap Roots: 0.0ms
[1.122s][info][gc,phases      ] GC(133)   Evacuate Collection Set: 0.1ms
[1.122s][info][gc,phases      ] GC(133)   Post Evacuate Collection Set: 0.2ms
[1.122s][info][gc,phases      ] GC(133)   Other: 0.1ms
[1.122s][info][gc,heap        ] GC(133) Eden regions: 2->0(25)
[1.122s][info][gc,heap        ] GC(133) Survivor regions: 0->0(0)
[1.122s][info][gc,heap        ] GC(133) Old regions: 315->317
[1.122s][info][gc,heap        ] GC(133) Archive regions: 0->0
[1.122s][info][gc,heap        ] GC(133) Humongous regions: 195->193
[1.122s][info][gc,metaspace   ] GC(133) Metaspace: 9172K(9600K)->9172K(9600K) NonClass: 8367K(8704K)->8367K(8704K) Class: 804K(896K)->804K(896K)
[1.122s][info][gc             ] GC(133) Pause Young (Mixed) (G1 Humongous Allocation) 479M->477M(512M) 0.513ms
[1.122s][info][gc,cpu         ] GC(133) User=0.00s Sys=0.00s Real=0.00s
[1.122s][info][gc,marking     ] GC(130) Concurrent Cleanup for Next Mark 1.587ms
[1.122s][info][gc,start       ] GC(134) Pause Young (Mixed) (G1 Humongous Allocation)
[1.122s][info][gc,task        ] GC(134) Using 6 workers of 6 for evacuation
[1.134s][info][gc             ] GC(134) To-space exhausted
[1.134s][info][gc,phases      ] GC(134)   Pre Evacuate Collection Set: 0.0ms
[1.134s][info][gc,phases      ] GC(134)   Merge Heap Roots: 0.0ms
[1.134s][info][gc,phases      ] GC(134)   Evacuate Collection Set: 0.2ms
[1.134s][info][gc,phases      ] GC(134)   Post Evacuate Collection Set: 11.4ms
[1.134s][info][gc,phases      ] GC(134)   Other: 0.2ms
[1.134s][info][gc,heap        ] GC(134) Eden regions: 1->0(25)
[1.134s][info][gc,heap        ] GC(134) Survivor regions: 0->0(0)
[1.134s][info][gc,heap        ] GC(134) Old regions: 317->318
[1.134s][info][gc,heap        ] GC(134) Archive regions: 0->0
[1.134s][info][gc,heap        ] GC(134) Humongous regions: 194->194
[1.134s][info][gc,metaspace   ] GC(134) Metaspace: 9172K(9600K)->9172K(9600K) NonClass: 8367K(8704K)->8367K(8704K) Class: 804K(896K)->804K(896K)
[1.134s][info][gc             ] GC(134) Pause Young (Mixed) (G1 Humongous Allocation) 479M->479M(512M) 12.060ms
[1.134s][info][gc,cpu         ] GC(134) User=0.00s Sys=0.00s Real=0.01s
[1.134s][info][gc,task        ] GC(135) Using 6 workers of 6 for full compaction
[1.134s][info][gc,start       ] GC(135) Pause Full (G1 Humongous Allocation)
[1.134s][info][gc,phases,start] GC(135) Phase 1: Mark live objects
[1.135s][info][gc,phases      ] GC(135) Phase 1: Mark live objects 0.915ms
[1.135s][info][gc,phases,start] GC(135) Phase 2: Prepare for compaction
[1.136s][info][gc,phases      ] GC(135) Phase 2: Prepare for compaction 0.378ms
[1.136s][info][gc,phases,start] GC(135) Phase 3: Adjust pointers
[1.136s][info][gc,phases      ] GC(135) Phase 3: Adjust pointers 0.381ms
[1.136s][info][gc,phases,start] GC(135) Phase 4: Compact heap
[1.157s][info][gc,phases      ] GC(135) Phase 4: Compact heap 21.385ms
[1.158s][info][gc,heap        ] GC(135) Eden regions: 0->0(25)
[1.158s][info][gc,heap        ] GC(135) Survivor regions: 0->0(0)
[1.158s][info][gc,heap        ] GC(135) Old regions: 318->257
[1.158s][info][gc,heap        ] GC(135) Archive regions: 0->0
[1.158s][info][gc,heap        ] GC(135) Humongous regions: 194->194
[1.158s][info][gc,metaspace   ] GC(135) Metaspace: 9172K(9600K)->9172K(9600K) NonClass: 8367K(8704K)->8367K(8704K) Class: 804K(896K)->804K(896K)
[1.158s][info][gc             ] GC(135) Pause Full (G1 Humongous Allocation) 479M->420M(512M) 23.896ms
[1.158s][info][gc,cpu         ] GC(135) User=0.11s Sys=0.00s Real=0.03s
[1.158s][info][gc,marking     ] GC(130) Concurrent Mark Abort
[1.158s][info][gc             ] GC(130) Concurrent Cycle 42.525ms
[1.159s][info][gc,start       ] GC(136) Pause Young (Concurrent Start) (G1 Humongous Allocation)
[1.159s][info][gc,task        ] GC(136) Using 6 workers of 6 for evacuation
[1.159s][info][gc,phases      ] GC(136)   Pre Evacuate Collection Set: 0.1ms
[1.159s][info][gc,phases      ] GC(136)   Merge Heap Roots: 0.0ms
[1.159s][info][gc,phases      ] GC(136)   Evacuate Collection Set: 0.1ms
[1.159s][info][gc,phases      ] GC(136)   Post Evacuate Collection Set: 0.2ms
[1.159s][info][gc,phases      ] GC(136)   Other: 0.1ms
[1.159s][info][gc,heap        ] GC(136) Eden regions: 3->0(24)
[1.159s][info][gc,heap        ] GC(136) Survivor regions: 0->1(4)
[1.159s][info][gc,heap        ] GC(136) Old regions: 257->257
[1.159s][info][gc,heap        ] GC(136) Archive regions: 0->0
[1.159s][info][gc,heap        ] GC(136) Humongous regions: 195->195
[1.159s][info][gc,metaspace   ] GC(136) Metaspace: 9172K(9600K)->9172K(9600K) NonClass: 8367K(8704K)->8367K(8704K) Class: 804K(896K)->804K(896K)
[1.159s][info][gc             ] GC(136) Pause Young (Concurrent Start) (G1 Humongous Allocation) 423M->422M(512M) 0.544ms
[1.159s][info][gc,cpu         ] GC(136) User=0.00s Sys=0.00s Real=0.00s
[1.159s][info][gc             ] GC(137) Concurrent Cycle
[1.159s][info][gc,marking     ] GC(137) Concurrent Clear Claimed Marks
[1.159s][info][gc,marking     ] GC(137) Concurrent Clear Claimed Marks 0.010ms
[1.159s][info][gc,marking     ] GC(137) Concurrent Scan Root Regions
[1.159s][info][gc,marking     ] GC(137) Concurrent Scan Root Regions 0.029ms
[1.159s][info][gc,marking     ] GC(137) Concurrent Mark (1.159s)
[1.159s][info][gc,marking     ] GC(137) Concurrent Mark From Roots
[1.159s][info][gc,task        ] GC(137) Using 2 workers of 2 for marking
[1.161s][info][gc,marking     ] GC(137) Concurrent Mark From Roots 1.631ms
[1.161s][info][gc,marking     ] GC(137) Concurrent Preclean
[1.161s][info][gc,marking     ] GC(137) Concurrent Preclean 0.038ms
[1.161s][info][gc,marking     ] GC(137) Concurrent Mark (1.159s, 1.161s) 1.708ms
[1.161s][info][gc,start       ] GC(137) Pause Remark
[1.162s][info][gc             ] GC(137) Pause Remark 442M->442M(512M) 0.374ms
[1.162s][info][gc,cpu         ] GC(137) User=0.00s Sys=0.00s Real=0.00s
[1.162s][info][gc,marking     ] GC(137) Concurrent Rebuild Remembered Sets
[1.163s][info][gc,marking     ] GC(137) Concurrent Rebuild Remembered Sets 1.042ms
[1.163s][info][gc,start       ] GC(137) Pause Cleanup
[1.163s][info][gc             ] GC(137) Pause Cleanup 451M->451M(512M) 0.228ms
[1.163s][info][gc,cpu         ] GC(137) User=0.00s Sys=0.00s Real=0.00s
[1.163s][info][gc,marking     ] GC(137) Concurrent Cleanup for Next Mark
[1.164s][info][gc,marking     ] GC(137) Concurrent Cleanup for Next Mark 0.681ms
[1.164s][info][gc             ] GC(137) Concurrent Cycle 4.330ms
[1.164s][info][gc,start       ] GC(138) Pause Young (Concurrent Start) (G1 Humongous Allocation)
[1.164s][info][gc,task        ] GC(138) Using 6 workers of 6 for evacuation
[1.165s][info][gc,phases      ] GC(138)   Pre Evacuate Collection Set: 0.0ms
[1.165s][info][gc,phases      ] GC(138)   Merge Heap Roots: 0.1ms
[1.165s][info][gc,phases      ] GC(138)   Evacuate Collection Set: 1.1ms
[1.165s][info][gc,phases      ] GC(138)   Post Evacuate Collection Set: 0.2ms
[1.165s][info][gc,phases      ] GC(138)   Other: 0.1ms
[1.165s][info][gc,heap        ] GC(138) Eden regions: 18->0(21)
[1.165s][info][gc,heap        ] GC(138) Survivor regions: 1->4(4)
[1.165s][info][gc,heap        ] GC(138) Old regions: 257->264
[1.165s][info][gc,heap        ] GC(138) Archive regions: 0->0
[1.165s][info][gc,heap        ] GC(138) Humongous regions: 211->197
[1.165s][info][gc,metaspace   ] GC(138) Metaspace: 9172K(9600K)->9172K(9600K) NonClass: 8367K(8704K)->8367K(8704K) Class: 804K(896K)->804K(896K)
[1.165s][info][gc             ] GC(138) Pause Young (Concurrent Start) (G1 Humongous Allocation) 455M->434M(512M) 1.607ms
[1.165s][info][gc,cpu         ] GC(138) User=0.00s Sys=0.00s Real=0.00s
[1.165s][info][gc             ] GC(139) Concurrent Cycle
[1.165s][info][gc,marking     ] GC(139) Concurrent Clear Claimed Marks
[1.165s][info][gc,marking     ] GC(139) Concurrent Clear Claimed Marks 0.010ms
[1.165s][info][gc,marking     ] GC(139) Concurrent Scan Root Regions
[1.165s][info][gc,marking     ] GC(139) Concurrent Scan Root Regions 0.032ms
[1.165s][info][gc,marking     ] GC(139) Concurrent Mark (1.165s)
[1.165s][info][gc,marking     ] GC(139) Concurrent Mark From Roots
[1.166s][info][gc,task        ] GC(139) Using 2 workers of 2 for marking
[1.167s][info][gc,marking     ] GC(139) Concurrent Mark From Roots 1.636ms
[1.167s][info][gc,marking     ] GC(139) Concurrent Preclean
[1.167s][info][gc,marking     ] GC(139) Concurrent Preclean 0.039ms
[1.167s][info][gc,marking     ] GC(139) Concurrent Mark (1.165s, 1.167s) 1.707ms
[1.167s][info][gc,start       ] GC(139) Pause Remark
[1.168s][info][gc             ] GC(139) Pause Remark 448M->448M(512M) 0.370ms
[1.168s][info][gc,cpu         ] GC(139) User=0.00s Sys=0.00s Real=0.00s
[1.168s][info][gc,marking     ] GC(139) Concurrent Rebuild Remembered Sets
[1.169s][info][gc,marking     ] GC(139) Concurrent Rebuild Remembered Sets 1.379ms
[1.169s][info][gc,start       ] GC(139) Pause Cleanup
[1.169s][info][gc             ] GC(139) Pause Cleanup 458M->458M(512M) 0.125ms
[1.169s][info][gc,cpu         ] GC(139) User=0.00s Sys=0.00s Real=0.00s
[1.169s][info][gc,marking     ] GC(139) Concurrent Cleanup for Next Mark
[1.170s][info][gc,marking     ] GC(139) Concurrent Cleanup for Next Mark 0.646ms
[1.170s][info][gc             ] GC(139) Concurrent Cycle 4.575ms
[1.170s][info][gc,start       ] GC(140) Pause Young (Prepare Mixed) (G1 Evacuation Pause)
[1.170s][info][gc,task        ] GC(140) Using 6 workers of 6 for evacuation
[1.172s][info][gc,phases      ] GC(140)   Pre Evacuate Collection Set: 0.0ms
[1.172s][info][gc,phases      ] GC(140)   Merge Heap Roots: 0.1ms
[1.172s][info][gc,phases      ] GC(140)   Evacuate Collection Set: 1.3ms
[1.172s][info][gc,phases      ] GC(140)   Post Evacuate Collection Set: 0.2ms
[1.172s][info][gc,phases      ] GC(140)   Other: 0.1ms
[1.172s][info][gc,heap        ] GC(140) Eden regions: 21->0(21)
[1.172s][info][gc,heap        ] GC(140) Survivor regions: 4->4(4)
[1.172s][info][gc,heap        ] GC(140) Old regions: 264->275
[1.172s][info][gc,heap        ] GC(140) Archive regions: 0->0
[1.172s][info][gc,heap        ] GC(140) Humongous regions: 205->196
[1.172s][info][gc,metaspace   ] GC(140) Metaspace: 9172K(9600K)->9172K(9600K) NonClass: 8367K(8704K)->8367K(8704K) Class: 804K(896K)->804K(896K)
[1.172s][info][gc             ] GC(140) Pause Young (Prepare Mixed) (G1 Evacuation Pause) 463M->443M(512M) 1.813ms
[1.172s][info][gc,cpu         ] GC(140) User=0.00s Sys=0.00s Real=0.00s
[1.176s][info][gc,start       ] GC(141) Pause Young (Mixed) (G1 Evacuation Pause)
[1.176s][info][gc,task        ] GC(141) Using 6 workers of 6 for evacuation
[1.177s][info][gc             ] GC(141) To-space exhausted
[1.177s][info][gc,phases      ] GC(141)   Pre Evacuate Collection Set: 0.1ms
[1.177s][info][gc,phases      ] GC(141)   Merge Heap Roots: 0.0ms
[1.177s][info][gc,phases      ] GC(141)   Evacuate Collection Set: 0.5ms
[1.177s][info][gc,phases      ] GC(141)   Post Evacuate Collection Set: 0.3ms
[1.177s][info][gc,phases      ] GC(141)   Other: 0.2ms
[1.177s][info][gc,heap        ] GC(141) Eden regions: 21->0(25)
[1.177s][info][gc,heap        ] GC(141) Survivor regions: 4->0(2)
[1.177s][info][gc,heap        ] GC(141) Old regions: 275->302
[1.177s][info][gc,heap        ] GC(141) Archive regions: 0->0
[1.177s][info][gc,heap        ] GC(141) Humongous regions: 210->194
[1.177s][info][gc,metaspace   ] GC(141) Metaspace: 9172K(9600K)->9172K(9600K) NonClass: 8367K(8704K)->8367K(8704K) Class: 804K(896K)->804K(896K)
[1.177s][info][gc             ] GC(141) Pause Young (Mixed) (G1 Evacuation Pause) 478M->465M(512M) 1.179ms
[1.177s][info][gc,cpu         ] GC(141) User=0.00s Sys=0.00s Real=0.00s
[1.178s][info][gc,start       ] GC(142) Pause Young (Concurrent Start) (G1 Humongous Allocation)
[1.178s][info][gc,task        ] GC(142) Using 6 workers of 6 for evacuation
[1.178s][info][gc,phases      ] GC(142)   Pre Evacuate Collection Set: 0.0ms
[1.178s][info][gc,phases      ] GC(142)   Merge Heap Roots: 0.0ms
[1.178s][info][gc,phases      ] GC(142)   Evacuate Collection Set: 0.2ms
[1.178s][info][gc,phases      ] GC(142)   Post Evacuate Collection Set: 0.1ms
[1.178s][info][gc,phases      ] GC(142)   Other: 0.1ms
[1.178s][info][gc,heap        ] GC(142) Eden regions: 2->0(24)
[1.178s][info][gc,heap        ] GC(142) Survivor regions: 0->1(4)
[1.178s][info][gc,heap        ] GC(142) Old regions: 302->302
[1.178s][info][gc,heap        ] GC(142) Archive regions: 0->0
[1.178s][info][gc,heap        ] GC(142) Humongous regions: 194->194
[1.178s][info][gc,metaspace   ] GC(142) Metaspace: 9172K(9600K)->9172K(9600K) NonClass: 8367K(8704K)->8367K(8704K) Class: 804K(896K)->804K(896K)
[1.178s][info][gc             ] GC(142) Pause Young (Concurrent Start) (G1 Humongous Allocation) 466M->466M(512M) 0.498ms
[1.178s][info][gc,cpu         ] GC(142) User=0.00s Sys=0.00s Real=0.00s
[1.178s][info][gc             ] GC(143) Concurrent Cycle
[1.178s][info][gc,marking     ] GC(143) Concurrent Clear Claimed Marks
[1.178s][info][gc,marking     ] GC(143) Concurrent Clear Claimed Marks 0.016ms
[1.178s][info][gc,marking     ] GC(143) Concurrent Scan Root Regions
[1.178s][info][gc,marking     ] GC(143) Concurrent Scan Root Regions 0.018ms
[1.178s][info][gc,marking     ] GC(143) Concurrent Mark (1.178s)
[1.178s][info][gc,marking     ] GC(143) Concurrent Mark From Roots
[1.178s][info][gc,task        ] GC(143) Using 2 workers of 2 for marking
[1.180s][info][gc,start       ] GC(144) Pause Young (Normal) (G1 Humongous Allocation)
[1.180s][info][gc,task        ] GC(144) Using 6 workers of 6 for evacuation
[1.180s][info][gc             ] GC(144) To-space exhausted
[1.180s][info][gc,phases      ] GC(144)   Pre Evacuate Collection Set: 0.0ms
[1.180s][info][gc,phases      ] GC(144)   Merge Heap Roots: 0.0ms
[1.180s][info][gc,phases      ] GC(144)   Evacuate Collection Set: 0.1ms
[1.180s][info][gc,phases      ] GC(144)   Post Evacuate Collection Set: 0.1ms
[1.180s][info][gc,phases      ] GC(144)   Other: 0.1ms
[1.180s][info][gc,heap        ] GC(144) Eden regions: 8->0(25)
[1.180s][info][gc,heap        ] GC(144) Survivor regions: 1->0(0)
[1.180s][info][gc,heap        ] GC(144) Old regions: 302->309
[1.180s][info][gc,heap        ] GC(144) Archive regions: 0->0
[1.180s][info][gc,heap        ] GC(144) Humongous regions: 201->194
[1.180s][info][gc,metaspace   ] GC(144) Metaspace: 9172K(9600K)->9172K(9600K) NonClass: 8367K(8704K)->8367K(8704K) Class: 804K(896K)->804K(896K)
[1.180s][info][gc             ] GC(144) Pause Young (Normal) (G1 Humongous Allocation) 481M->472M(512M) 0.475ms
[1.180s][info][gc,cpu         ] GC(144) User=0.00s Sys=0.00s Real=0.00s
[1.181s][info][gc,marking     ] GC(143) Concurrent Mark From Roots 2.233ms
[1.181s][info][gc,marking     ] GC(143) Concurrent Preclean
[1.181s][info][gc,marking     ] GC(143) Concurrent Preclean 0.036ms
[1.181s][info][gc,marking     ] GC(143) Concurrent Mark (1.178s, 1.181s) 2.301ms
[1.181s][info][gc,start       ] GC(143) Pause Remark
[1.181s][info][gc             ] GC(143) Pause Remark 475M->475M(512M) 0.302ms
[1.181s][info][gc,cpu         ] GC(143) User=0.00s Sys=0.00s Real=0.00s
[1.181s][info][gc,marking     ] GC(143) Concurrent Rebuild Remembered Sets
[1.182s][info][gc,start       ] GC(145) Pause Young (Normal) (G1 Evacuation Pause)
[1.182s][info][gc,task        ] GC(145) Using 6 workers of 6 for evacuation
[1.182s][info][gc             ] GC(145) To-space exhausted
[1.182s][info][gc,phases      ] GC(145)   Pre Evacuate Collection Set: 0.0ms
[1.182s][info][gc,phases      ] GC(145)   Merge Heap Roots: 0.1ms
[1.182s][info][gc,phases      ] GC(145)   Evacuate Collection Set: 0.0ms
[1.182s][info][gc,phases      ] GC(145)   Post Evacuate Collection Set: 0.1ms
[1.182s][info][gc,phases      ] GC(145)   Other: 0.1ms
[1.182s][info][gc,heap        ] GC(145) Eden regions: 5->0(25)
[1.182s][info][gc,heap        ] GC(145) Survivor regions: 0->0(0)
[1.182s][info][gc,heap        ] GC(145) Old regions: 309->314
[1.182s][info][gc,heap        ] GC(145) Archive regions: 0->0
[1.182s][info][gc,heap        ] GC(145) Humongous regions: 198->195
[1.182s][info][gc,metaspace   ] GC(145) Metaspace: 9172K(9600K)->9172K(9600K) NonClass: 8367K(8704K)->8367K(8704K) Class: 804K(896K)->804K(896K)
[1.182s][info][gc             ] GC(145) Pause Young (Normal) (G1 Evacuation Pause) 481M->478M(512M) 0.449ms
[1.182s][info][gc,cpu         ] GC(145) User=0.00s Sys=0.00s Real=0.00s
[1.183s][info][gc,start       ] GC(146) Pause Young (Normal) (G1 Evacuation Pause)
[1.183s][info][gc,task        ] GC(146) Using 6 workers of 6 for evacuation
[1.183s][info][gc             ] GC(146) To-space exhausted
[1.183s][info][gc,phases      ] GC(146)   Pre Evacuate Collection Set: 0.0ms
[1.183s][info][gc,phases      ] GC(146)   Merge Heap Roots: 0.0ms
[1.183s][info][gc,phases      ] GC(146)   Evacuate Collection Set: 0.0ms
[1.183s][info][gc,phases      ] GC(146)   Post Evacuate Collection Set: 0.1ms
[1.183s][info][gc,phases      ] GC(146)   Other: 0.1ms
[1.183s][info][gc,heap        ] GC(146) Eden regions: 3->0(25)
[1.183s][info][gc,heap        ] GC(146) Survivor regions: 0->0(0)
[1.183s][info][gc,heap        ] GC(146) Old regions: 314->317
[1.183s][info][gc,heap        ] GC(146) Archive regions: 0->0
[1.183s][info][gc,heap        ] GC(146) Humongous regions: 195->193
[1.183s][info][gc,metaspace   ] GC(146) Metaspace: 9172K(9600K)->9172K(9600K) NonClass: 8367K(8704K)->8367K(8704K) Class: 804K(896K)->804K(896K)
[1.183s][info][gc             ] GC(146) Pause Young (Normal) (G1 Evacuation Pause) 481M->479M(512M) 0.403ms
[1.183s][info][gc,cpu         ] GC(146) User=0.00s Sys=0.00s Real=0.00s
[1.183s][info][gc,start       ] GC(147) Pause Young (Normal) (G1 Evacuation Pause)
[1.183s][info][gc,task        ] GC(147) Using 6 workers of 6 for evacuation
[1.183s][info][gc             ] GC(147) To-space exhausted
[1.183s][info][gc,phases      ] GC(147)   Pre Evacuate Collection Set: 0.0ms
[1.183s][info][gc,phases      ] GC(147)   Merge Heap Roots: 0.0ms
[1.183s][info][gc,phases      ] GC(147)   Evacuate Collection Set: 0.0ms
[1.183s][info][gc,phases      ] GC(147)   Post Evacuate Collection Set: 0.1ms
[1.183s][info][gc,phases      ] GC(147)   Other: 0.1ms
[1.183s][info][gc,heap        ] GC(147) Eden regions: 1->0(25)
[1.184s][info][gc,heap        ] GC(147) Survivor regions: 0->0(0)
[1.184s][info][gc,heap        ] GC(147) Old regions: 317->318
[1.184s][info][gc,heap        ] GC(147) Archive regions: 0->0
[1.184s][info][gc,heap        ] GC(147) Humongous regions: 194->192
[1.184s][info][gc,metaspace   ] GC(147) Metaspace: 9172K(9600K)->9172K(9600K) NonClass: 8367K(8704K)->8367K(8704K) Class: 804K(896K)->804K(896K)
[1.184s][info][gc             ] GC(147) Pause Young (Normal) (G1 Evacuation Pause) 480M->478M(512M) 0.377ms
[1.184s][info][gc,cpu         ] GC(147) User=0.00s Sys=0.02s Real=0.00s
[1.184s][info][gc,marking     ] GC(143) Concurrent Rebuild Remembered Sets 2.673ms
[1.184s][info][gc,start       ] GC(143) Pause Cleanup
[1.184s][info][gc             ] GC(143) Pause Cleanup 480M->480M(512M) 0.107ms
[1.184s][info][gc,cpu         ] GC(143) User=0.00s Sys=0.00s Real=0.00s
[1.184s][info][gc,marking     ] GC(143) Concurrent Cleanup for Next Mark
[1.184s][info][gc,start       ] GC(148) Pause Young (Prepare Mixed) (G1 Evacuation Pause)
[1.184s][info][gc,task        ] GC(148) Using 6 workers of 6 for evacuation
[1.184s][info][gc             ] GC(148) To-space exhausted
[1.184s][info][gc,phases      ] GC(148)   Pre Evacuate Collection Set: 0.0ms
[1.184s][info][gc,phases      ] GC(148)   Merge Heap Roots: 0.0ms
[1.184s][info][gc,phases      ] GC(148)   Evacuate Collection Set: 0.1ms
[1.184s][info][gc,phases      ] GC(148)   Post Evacuate Collection Set: 0.1ms
[1.184s][info][gc,phases      ] GC(148)   Other: 0.1ms
[1.184s][info][gc,heap        ] GC(148) Eden regions: 1->0(25)
[1.184s][info][gc,heap        ] GC(148) Survivor regions: 0->0(0)
[1.184s][info][gc,heap        ] GC(148) Old regions: 318->319
[1.184s][info][gc,heap        ] GC(148) Archive regions: 0->0
[1.184s][info][gc,heap        ] GC(148) Humongous regions: 193->191
[1.184s][info][gc,metaspace   ] GC(148) Metaspace: 9172K(9600K)->9172K(9600K) NonClass: 8367K(8704K)->8367K(8704K) Class: 804K(896K)->804K(896K)
[1.184s][info][gc             ] GC(148) Pause Young (Prepare Mixed) (G1 Evacuation Pause) 480M->478M(512M) 0.399ms
[1.184s][info][gc,cpu         ] GC(148) User=0.00s Sys=0.00s Real=0.00s
[1.185s][info][gc,marking     ] GC(143) Concurrent Cleanup for Next Mark 1.115ms
[1.185s][info][gc             ] GC(143) Concurrent Cycle 6.782ms
[1.185s][info][gc,start       ] GC(149) Pause Young (Mixed) (G1 Evacuation Pause)
[1.185s][info][gc,task        ] GC(149) Using 6 workers of 6 for evacuation
[1.185s][info][gc             ] GC(149) To-space exhausted
[1.185s][info][gc,phases      ] GC(149)   Pre Evacuate Collection Set: 0.1ms
[1.185s][info][gc,phases      ] GC(149)   Merge Heap Roots: 0.0ms
[1.185s][info][gc,phases      ] GC(149)   Evacuate Collection Set: 0.1ms
[1.185s][info][gc,phases      ] GC(149)   Post Evacuate Collection Set: 0.2ms
[1.185s][info][gc,phases      ] GC(149)   Other: 0.1ms
[1.185s][info][gc,heap        ] GC(149) Eden regions: 1->0(25)
[1.185s][info][gc,heap        ] GC(149) Survivor regions: 0->0(0)
[1.185s][info][gc,heap        ] GC(149) Old regions: 319->320
[1.185s][info][gc,heap        ] GC(149) Archive regions: 0->0
[1.186s][info][gc,heap        ] GC(149) Humongous regions: 192->192
[1.186s][info][gc,metaspace   ] GC(149) Metaspace: 9172K(9600K)->9172K(9600K) NonClass: 8367K(8704K)->8367K(8704K) Class: 804K(896K)->804K(896K)
[1.186s][info][gc             ] GC(149) Pause Young (Mixed) (G1 Evacuation Pause) 480M->480M(512M) 0.538ms
[1.186s][info][gc,cpu         ] GC(149) User=0.00s Sys=0.00s Real=0.00s
[1.186s][info][gc,task        ] GC(150) Using 6 workers of 6 for full compaction
[1.186s][info][gc,start       ] GC(150) Pause Full (G1 Evacuation Pause)
[1.186s][info][gc,phases,start] GC(150) Phase 1: Mark live objects
[1.186s][info][gc,phases      ] GC(150) Phase 1: Mark live objects 0.791ms
[1.187s][info][gc,phases,start] GC(150) Phase 2: Prepare for compaction
[1.187s][info][gc,phases      ] GC(150) Phase 2: Prepare for compaction 0.366ms
[1.187s][info][gc,phases,start] GC(150) Phase 3: Adjust pointers
[1.187s][info][gc,phases      ] GC(150) Phase 3: Adjust pointers 0.410ms
[1.187s][info][gc,phases,start] GC(150) Phase 4: Compact heap
[1.210s][info][gc,phases      ] GC(150) Phase 4: Compact heap 22.363ms
[1.210s][info][gc,heap        ] GC(150) Eden regions: 0->0(25)
[1.210s][info][gc,heap        ] GC(150) Survivor regions: 0->0(0)
[1.210s][info][gc,heap        ] GC(150) Old regions: 320->262
[1.210s][info][gc,heap        ] GC(150) Archive regions: 0->0
[1.210s][info][gc,heap        ] GC(150) Humongous regions: 192->192
[1.210s][info][gc,metaspace   ] GC(150) Metaspace: 9172K(9600K)->9172K(9600K) NonClass: 8367K(8704K)->8367K(8704K) Class: 804K(896K)->804K(896K)
[1.210s][info][gc             ] GC(150) Pause Full (G1 Evacuation Pause) 480M->422M(512M) 24.440ms
[1.210s][info][gc,cpu         ] GC(150) User=0.05s Sys=0.00s Real=0.03s
[1.211s][info][gc,start       ] GC(151) Pause Young (Concurrent Start) (G1 Humongous Allocation)
[1.211s][info][gc,task        ] GC(151) Using 6 workers of 6 for evacuation
[1.211s][info][gc,phases      ] GC(151)   Pre Evacuate Collection Set: 0.0ms
[1.211s][info][gc,phases      ] GC(151)   Merge Heap Roots: 0.0ms
[1.211s][info][gc,phases      ] GC(151)   Evacuate Collection Set: 0.1ms
[1.211s][info][gc,phases      ] GC(151)   Post Evacuate Collection Set: 0.1ms
[1.211s][info][gc,phases      ] GC(151)   Other: 0.1ms
[1.211s][info][gc,heap        ] GC(151) Eden regions: 1->0(24)
[1.211s][info][gc,heap        ] GC(151) Survivor regions: 0->1(4)
[1.211s][info][gc,heap        ] GC(151) Old regions: 262->262
[1.211s][info][gc,heap        ] GC(151) Archive regions: 0->0
[1.211s][info][gc,heap        ] GC(151) Humongous regions: 192->192
[1.211s][info][gc,metaspace   ] GC(151) Metaspace: 9172K(9600K)->9172K(9600K) NonClass: 8367K(8704K)->8367K(8704K) Class: 804K(896K)->804K(896K)
[1.211s][info][gc             ] GC(151) Pause Young (Concurrent Start) (G1 Humongous Allocation) 423M->422M(512M) 0.519ms
[1.211s][info][gc,cpu         ] GC(151) User=0.00s Sys=0.00s Real=0.00s
[1.211s][info][gc             ] GC(152) Concurrent Cycle
[1.211s][info][gc,marking     ] GC(152) Concurrent Clear Claimed Marks
[1.211s][info][gc,marking     ] GC(152) Concurrent Clear Claimed Marks 0.012ms
[1.211s][info][gc,marking     ] GC(152) Concurrent Scan Root Regions
[1.211s][info][gc,marking     ] GC(152) Concurrent Scan Root Regions 0.018ms
[1.211s][info][gc,marking     ] GC(152) Concurrent Mark (1.211s)
[1.211s][info][gc,marking     ] GC(152) Concurrent Mark From Roots
[1.211s][info][gc,task        ] GC(152) Using 2 workers of 2 for marking
[1.213s][info][gc,marking     ] GC(152) Concurrent Mark From Roots 1.523ms
[1.213s][info][gc,marking     ] GC(152) Concurrent Preclean
[1.213s][info][gc,marking     ] GC(152) Concurrent Preclean 0.043ms
[1.213s][info][gc,marking     ] GC(152) Concurrent Mark (1.211s, 1.213s) 1.602ms
[1.213s][info][gc,start       ] GC(152) Pause Remark
[1.213s][info][gc             ] GC(152) Pause Remark 436M->436M(512M) 0.314ms
[1.213s][info][gc,cpu         ] GC(152) User=0.00s Sys=0.00s Real=0.00s
[1.213s][info][gc,marking     ] GC(152) Concurrent Rebuild Remembered Sets
[1.214s][info][gc,marking     ] GC(152) Concurrent Rebuild Remembered Sets 1.359ms
[1.215s][info][gc,start       ] GC(152) Pause Cleanup
[1.215s][info][gc             ] GC(152) Pause Cleanup 448M->448M(512M) 0.146ms
[1.215s][info][gc,cpu         ] GC(152) User=0.00s Sys=0.00s Real=0.00s
[1.215s][info][gc,marking     ] GC(152) Concurrent Cleanup for Next Mark
[1.215s][info][gc,marking     ] GC(152) Concurrent Cleanup for Next Mark 0.578ms
[1.215s][info][gc             ] GC(152) Concurrent Cycle 4.288ms
[1.215s][info][gc,start       ] GC(153) Pause Young (Concurrent Start) (G1 Humongous Allocation)
[1.215s][info][gc,task        ] GC(153) Using 6 workers of 6 for evacuation
[1.216s][info][gc,phases      ] GC(153)   Pre Evacuate Collection Set: 0.0ms
[1.216s][info][gc,phases      ] GC(153)   Merge Heap Roots: 0.1ms
[1.217s][info][gc,phases      ] GC(153)   Evacuate Collection Set: 0.8ms
[1.217s][info][gc,phases      ] GC(153)   Post Evacuate Collection Set: 0.1ms
[1.217s][info][gc,phases      ] GC(153)   Other: 0.1ms
[1.217s][info][gc,heap        ] GC(153) Eden regions: 19->0(21)
[1.217s][info][gc,heap        ] GC(153) Survivor regions: 1->4(4)
[1.217s][info][gc,heap        ] GC(153) Old regions: 262->267
[1.217s][info][gc,heap        ] GC(153) Archive regions: 0->0
[1.217s][info][gc,heap        ] GC(153) Humongous regions: 201->191
[1.217s][info][gc,metaspace   ] GC(153) Metaspace: 9172K(9600K)->9172K(9600K) NonClass: 8367K(8704K)->8367K(8704K) Class: 804K(896K)->804K(896K)
[1.217s][info][gc             ] GC(153) Pause Young (Concurrent Start) (G1 Humongous Allocation) 450M->429M(512M) 1.207ms
[1.217s][info][gc,cpu         ] GC(153) User=0.00s Sys=0.00s Real=0.00s
[1.217s][info][gc             ] GC(154) Concurrent Cycle
[1.217s][info][gc,marking     ] GC(154) Concurrent Clear Claimed Marks
[1.217s][info][gc,marking     ] GC(154) Concurrent Clear Claimed Marks 0.009ms
[1.217s][info][gc,marking     ] GC(154) Concurrent Scan Root Regions
[1.217s][info][gc,marking     ] GC(154) Concurrent Scan Root Regions 0.048ms
[1.217s][info][gc,marking     ] GC(154) Concurrent Mark (1.217s)
[1.217s][info][gc,marking     ] GC(154) Concurrent Mark From Roots
[1.217s][info][gc,task        ] GC(154) Using 2 workers of 2 for marking
[1.218s][info][gc,marking     ] GC(154) Concurrent Mark From Roots 1.533ms
[1.218s][info][gc,marking     ] GC(154) Concurrent Preclean
[1.218s][info][gc,marking     ] GC(154) Concurrent Preclean 0.041ms
[1.218s][info][gc,marking     ] GC(154) Concurrent Mark (1.217s, 1.218s) 1.616ms
[1.218s][info][gc,start       ] GC(154) Pause Remark
[1.219s][info][gc             ] GC(154) Pause Remark 445M->445M(512M) 0.271ms
[1.219s][info][gc,cpu         ] GC(154) User=0.00s Sys=0.00s Real=0.00s
[1.219s][info][gc,marking     ] GC(154) Concurrent Rebuild Remembered Sets
[1.220s][info][gc,marking     ] GC(154) Concurrent Rebuild Remembered Sets 1.013ms
[1.220s][info][gc,start       ] GC(154) Pause Cleanup
[1.220s][info][gc             ] GC(154) Pause Cleanup 455M->455M(512M) 0.127ms
[1.220s][info][gc,cpu         ] GC(154) User=0.00s Sys=0.00s Real=0.00s
[1.220s][info][gc,marking     ] GC(154) Concurrent Cleanup for Next Mark
[1.221s][info][gc,start       ] GC(155) Pause Young (Prepare Mixed) (G1 Evacuation Pause)
[1.221s][info][gc,task        ] GC(155) Using 6 workers of 6 for evacuation
[1.222s][info][gc,phases      ] GC(155)   Pre Evacuate Collection Set: 0.0ms
[1.222s][info][gc,phases      ] GC(155)   Merge Heap Roots: 0.1ms
[1.222s][info][gc,phases      ] GC(155)   Evacuate Collection Set: 1.3ms
[1.222s][info][gc,phases      ] GC(155)   Post Evacuate Collection Set: 0.2ms
[1.222s][info][gc,phases      ] GC(155)   Other: 0.1ms
[1.222s][info][gc,heap        ] GC(155) Eden regions: 21->0(21)
[1.222s][info][gc,heap        ] GC(155) Survivor regions: 4->4(4)
[1.222s][info][gc,heap        ] GC(155) Old regions: 267->276
[1.223s][info][gc,heap        ] GC(155) Archive regions: 0->0
[1.223s][info][gc,heap        ] GC(155) Humongous regions: 199->192
[1.223s][info][gc,metaspace   ] GC(155) Metaspace: 9172K(9600K)->9172K(9600K) NonClass: 8367K(8704K)->8367K(8704K) Class: 804K(896K)->804K(896K)
[1.223s][info][gc             ] GC(155) Pause Young (Prepare Mixed) (G1 Evacuation Pause) 458M->439M(512M) 1.912ms
[1.223s][info][gc,cpu         ] GC(155) User=0.00s Sys=0.00s Real=0.00s
[1.223s][info][gc,marking     ] GC(154) Concurrent Cleanup for Next Mark 2.611ms
[1.223s][info][gc             ] GC(154) Concurrent Cycle 6.062ms
[1.227s][info][gc,start       ] GC(156) Pause Young (Mixed) (G1 Humongous Allocation)
[1.227s][info][gc,task        ] GC(156) Using 6 workers of 6 for evacuation
[1.228s][info][gc             ] GC(156) To-space exhausted
[1.228s][info][gc,phases      ] GC(156)   Pre Evacuate Collection Set: 0.0ms
[1.228s][info][gc,phases      ] GC(156)   Merge Heap Roots: 0.0ms
[1.228s][info][gc,phases      ] GC(156)   Evacuate Collection Set: 0.2ms
[1.228s][info][gc,phases      ] GC(156)   Post Evacuate Collection Set: 0.3ms
[1.228s][info][gc,phases      ] GC(156)   Other: 0.1ms
[1.228s][info][gc,heap        ] GC(156) Eden regions: 21->0(25)
[1.228s][info][gc,heap        ] GC(156) Survivor regions: 4->0(0)
[1.228s][info][gc,heap        ] GC(156) Old regions: 276->300
[1.228s][info][gc,heap        ] GC(156) Archive regions: 0->0
[1.228s][info][gc,heap        ] GC(156) Humongous regions: 211->193
[1.228s][info][gc,metaspace   ] GC(156) Metaspace: 9172K(9600K)->9172K(9600K) NonClass: 8367K(8704K)->8367K(8704K) Class: 804K(896K)->804K(896K)
[1.228s][info][gc             ] GC(156) Pause Young (Mixed) (G1 Humongous Allocation) 479M->460M(512M) 0.785ms
[1.228s][info][gc,cpu         ] GC(156) User=0.00s Sys=0.00s Real=0.00s
[1.228s][info][gc,start       ] GC(157) Pause Young (Concurrent Start) (G1 Humongous Allocation)
[1.228s][info][gc,task        ] GC(157) Using 6 workers of 6 for evacuation
[1.228s][info][gc,phases      ] GC(157)   Pre Evacuate Collection Set: 0.0ms
[1.228s][info][gc,phases      ] GC(157)   Merge Heap Roots: 0.0ms
[1.228s][info][gc,phases      ] GC(157)   Evacuate Collection Set: 0.1ms
[1.228s][info][gc,phases      ] GC(157)   Post Evacuate Collection Set: 0.1ms
[1.228s][info][gc,phases      ] GC(157)   Other: 0.1ms
[1.228s][info][gc,heap        ] GC(157) Eden regions: 2->0(24)
[1.228s][info][gc,heap        ] GC(157) Survivor regions: 0->1(4)
[1.228s][info][gc,heap        ] GC(157) Old regions: 300->300
[1.228s][info][gc,heap        ] GC(157) Archive regions: 0->0
[1.228s][info][gc,heap        ] GC(157) Humongous regions: 194->192
[1.228s][info][gc,metaspace   ] GC(157) Metaspace: 9172K(9600K)->9172K(9600K) NonClass: 8367K(8704K)->8367K(8704K) Class: 804K(896K)->804K(896K)
[1.228s][info][gc             ] GC(157) Pause Young (Concurrent Start) (G1 Humongous Allocation) 463M->460M(512M) 0.481ms
[1.228s][info][gc,cpu         ] GC(157) User=0.00s Sys=0.00s Real=0.00s
[1.228s][info][gc             ] GC(158) Concurrent Cycle
[1.228s][info][gc,marking     ] GC(158) Concurrent Clear Claimed Marks
[1.228s][info][gc,marking     ] GC(158) Concurrent Clear Claimed Marks 0.010ms
[1.228s][info][gc,marking     ] GC(158) Concurrent Scan Root Regions
[1.229s][info][gc,marking     ] GC(158) Concurrent Scan Root Regions 0.028ms
[1.229s][info][gc,marking     ] GC(158) Concurrent Mark (1.229s)
[1.229s][info][gc,marking     ] GC(158) Concurrent Mark From Roots
[1.229s][info][gc,task        ] GC(158) Using 2 workers of 2 for marking
[1.230s][info][gc,marking     ] GC(158) Concurrent Mark From Roots 1.576ms
[1.230s][info][gc,marking     ] GC(158) Concurrent Preclean
[1.230s][info][gc,marking     ] GC(158) Concurrent Preclean 0.038ms
[1.230s][info][gc,marking     ] GC(158) Concurrent Mark (1.229s, 1.230s) 1.650ms
[1.230s][info][gc,start       ] GC(158) Pause Remark
[1.231s][info][gc             ] GC(158) Pause Remark 471M->471M(512M) 0.295ms
[1.231s][info][gc,cpu         ] GC(158) User=0.02s Sys=0.00s Real=0.00s
[1.231s][info][gc,marking     ] GC(158) Concurrent Rebuild Remembered Sets
[1.232s][info][gc,start       ] GC(159) Pause Young (Normal) (G1 Evacuation Pause)
[1.232s][info][gc,task        ] GC(159) Using 6 workers of 6 for evacuation
[1.232s][info][gc             ] GC(159) To-space exhausted
[1.232s][info][gc,phases      ] GC(159)   Pre Evacuate Collection Set: 0.0ms
[1.232s][info][gc,phases      ] GC(159)   Merge Heap Roots: 0.1ms
[1.232s][info][gc,phases      ] GC(159)   Evacuate Collection Set: 0.1ms
[1.232s][info][gc,phases      ] GC(159)   Post Evacuate Collection Set: 0.2ms
[1.232s][info][gc,phases      ] GC(159)   Other: 0.1ms
[1.232s][info][gc,heap        ] GC(159) Eden regions: 15->0(25)
[1.232s][info][gc,heap        ] GC(159) Survivor regions: 1->0(0)
[1.232s][info][gc,heap        ] GC(159) Old regions: 300->315
[1.232s][info][gc,heap        ] GC(159) Archive regions: 0->0
[1.232s][info][gc,heap        ] GC(159) Humongous regions: 196->188
[1.232s][info][gc,metaspace   ] GC(159) Metaspace: 9172K(9600K)->9172K(9600K) NonClass: 8367K(8704K)->8367K(8704K) Class: 804K(896K)->804K(896K)
[1.232s][info][gc             ] GC(159) Pause Young (Normal) (G1 Evacuation Pause) 479M->470M(512M) 0.542ms
[1.232s][info][gc,cpu         ] GC(159) User=0.00s Sys=0.00s Real=0.00s
[1.233s][info][gc,marking     ] GC(158) Concurrent Rebuild Remembered Sets 2.050ms
[1.233s][info][gc,start       ] GC(158) Pause Cleanup
[1.233s][info][gc             ] GC(158) Pause Cleanup 475M->475M(512M) 0.110ms
[1.233s][info][gc,cpu         ] GC(158) User=0.00s Sys=0.00s Real=0.00s
[1.233s][info][gc,marking     ] GC(158) Concurrent Cleanup for Next Mark
[1.233s][info][gc,marking     ] GC(158) Concurrent Cleanup for Next Mark 0.601ms
[1.233s][info][gc             ] GC(158) Concurrent Cycle 5.016ms
[1.234s][info][gc,start       ] GC(160) Pause Young (Prepare Mixed) (G1 Evacuation Pause)
[1.234s][info][gc,task        ] GC(160) Using 6 workers of 6 for evacuation
[1.234s][info][gc             ] GC(160) To-space exhausted
[1.234s][info][gc,phases      ] GC(160)   Pre Evacuate Collection Set: 0.0ms
[1.234s][info][gc,phases      ] GC(160)   Merge Heap Roots: 0.0ms
[1.234s][info][gc,phases      ] GC(160)   Evacuate Collection Set: 0.1ms
[1.234s][info][gc,phases      ] GC(160)   Post Evacuate Collection Set: 0.1ms
[1.234s][info][gc,phases      ] GC(160)   Other: 0.1ms
[1.234s][info][gc,heap        ] GC(160) Eden regions: 5->0(25)
[1.234s][info][gc,heap        ] GC(160) Survivor regions: 0->0(0)
[1.234s][info][gc,heap        ] GC(160) Old regions: 315->320
[1.234s][info][gc,heap        ] GC(160) Archive regions: 0->0
[1.234s][info][gc,heap        ] GC(160) Humongous regions: 192->188
[1.234s][info][gc,metaspace   ] GC(160) Metaspace: 9172K(9600K)->9172K(9600K) NonClass: 8367K(8704K)->8367K(8704K) Class: 804K(896K)->804K(896K)
[1.234s][info][gc             ] GC(160) Pause Young (Prepare Mixed) (G1 Evacuation Pause) 479M->475M(512M) 0.412ms
[1.234s][info][gc,cpu         ] GC(160) User=0.00s Sys=0.00s Real=0.00s
[1.234s][info][gc,start       ] GC(161) Pause Young (Mixed) (G1 Evacuation Pause)
[1.234s][info][gc,task        ] GC(161) Using 6 workers of 6 for evacuation
[1.235s][info][gc             ] GC(161) To-space exhausted
[1.235s][info][gc,phases      ] GC(161)   Pre Evacuate Collection Set: 0.1ms
[1.235s][info][gc,phases      ] GC(161)   Merge Heap Roots: 0.0ms
[1.235s][info][gc,phases      ] GC(161)   Evacuate Collection Set: 0.1ms
[1.235s][info][gc,phases      ] GC(161)   Post Evacuate Collection Set: 0.2ms
[1.235s][info][gc,phases      ] GC(161)   Other: 0.1ms
[1.235s][info][gc,heap        ] GC(161) Eden regions: 3->0(25)
[1.235s][info][gc,heap        ] GC(161) Survivor regions: 0->0(0)
[1.235s][info][gc,heap        ] GC(161) Old regions: 320->323
[1.235s][info][gc,heap        ] GC(161) Archive regions: 0->0
[1.235s][info][gc,heap        ] GC(161) Humongous regions: 189->187
[1.235s][info][gc,metaspace   ] GC(161) Metaspace: 9172K(9600K)->9172K(9600K) NonClass: 8367K(8704K)->8367K(8704K) Class: 804K(896K)->804K(896K)
[1.235s][info][gc             ] GC(161) Pause Young (Mixed) (G1 Evacuation Pause) 479M->477M(512M) 0.596ms
[1.235s][info][gc,cpu         ] GC(161) User=0.00s Sys=0.00s Real=0.00s
[1.235s][info][gc,start       ] GC(162) Pause Young (Mixed) (G1 Evacuation Pause)
[1.235s][info][gc,task        ] GC(162) Using 6 workers of 6 for evacuation
[1.236s][info][gc             ] GC(162) To-space exhausted
[1.236s][info][gc,phases      ] GC(162)   Pre Evacuate Collection Set: 0.0ms
[1.236s][info][gc,phases      ] GC(162)   Merge Heap Roots: 0.0ms
[1.236s][info][gc,phases      ] GC(162)   Evacuate Collection Set: 0.2ms
[1.236s][info][gc,phases      ] GC(162)   Post Evacuate Collection Set: 0.3ms
[1.236s][info][gc,phases      ] GC(162)   Other: 0.1ms
[1.236s][info][gc,heap        ] GC(162) Eden regions: 2->0(25)
[1.236s][info][gc,heap        ] GC(162) Survivor regions: 0->0(0)
[1.236s][info][gc,heap        ] GC(162) Old regions: 323->325
[1.236s][info][gc,heap        ] GC(162) Archive regions: 0->0
[1.236s][info][gc,heap        ] GC(162) Humongous regions: 187->187
[1.236s][info][gc,metaspace   ] GC(162) Metaspace: 9172K(9600K)->9172K(9600K) NonClass: 8367K(8704K)->8367K(8704K) Class: 804K(896K)->804K(896K)
[1.236s][info][gc             ] GC(162) Pause Young (Mixed) (G1 Evacuation Pause) 479M->479M(512M) 0.771ms
[1.236s][info][gc,cpu         ] GC(162) User=0.00s Sys=0.00s Real=0.00s
[1.236s][info][gc,task        ] GC(163) Using 6 workers of 6 for full compaction
[1.236s][info][gc,start       ] GC(163) Pause Full (G1 Evacuation Pause)
[1.236s][info][gc,phases,start] GC(163) Phase 1: Mark live objects
[1.237s][info][gc,phases      ] GC(163) Phase 1: Mark live objects 0.687ms
[1.237s][info][gc,phases,start] GC(163) Phase 2: Prepare for compaction
[1.237s][info][gc,phases      ] GC(163) Phase 2: Prepare for compaction 0.326ms
[1.237s][info][gc,phases,start] GC(163) Phase 3: Adjust pointers
[1.238s][info][gc,phases      ] GC(163) Phase 3: Adjust pointers 0.312ms
[1.238s][info][gc,phases,start] GC(163) Phase 4: Compact heap
[1.258s][info][gc,phases      ] GC(163) Phase 4: Compact heap 20.313ms
[1.258s][info][gc,heap        ] GC(163) Eden regions: 0->0(25)
[1.258s][info][gc,heap        ] GC(163) Survivor regions: 0->0(0)
[1.258s][info][gc,heap        ] GC(163) Old regions: 325->264
[1.258s][info][gc,heap        ] GC(163) Archive regions: 0->0
[1.258s][info][gc,heap        ] GC(163) Humongous regions: 187->187
[1.258s][info][gc,metaspace   ] GC(163) Metaspace: 9172K(9600K)->9172K(9600K) NonClass: 8367K(8704K)->8367K(8704K) Class: 804K(896K)->804K(896K)
[1.258s][info][gc             ] GC(163) Pause Full (G1 Evacuation Pause) 479M->419M(512M) 22.141ms
[1.259s][info][gc,cpu         ] GC(163) User=0.08s Sys=0.00s Real=0.02s
[1.259s][info][gc,start       ] GC(164) Pause Young (Concurrent Start) (G1 Humongous Allocation)
[1.259s][info][gc,task        ] GC(164) Using 6 workers of 6 for evacuation
[1.259s][info][gc,phases      ] GC(164)   Pre Evacuate Collection Set: 0.0ms
[1.259s][info][gc,phases      ] GC(164)   Merge Heap Roots: 0.0ms
[1.259s][info][gc,phases      ] GC(164)   Evacuate Collection Set: 0.1ms
[1.259s][info][gc,phases      ] GC(164)   Post Evacuate Collection Set: 0.1ms
[1.259s][info][gc,phases      ] GC(164)   Other: 0.1ms
[1.259s][info][gc,heap        ] GC(164) Eden regions: 3->0(24)
[1.259s][info][gc,heap        ] GC(164) Survivor regions: 0->1(4)
[1.259s][info][gc,heap        ] GC(164) Old regions: 264->264
[1.260s][info][gc,heap        ] GC(164) Archive regions: 0->0
[1.260s][info][gc,heap        ] GC(164) Humongous regions: 187->187
[1.260s][info][gc,metaspace   ] GC(164) Metaspace: 9172K(9600K)->9172K(9600K) NonClass: 8367K(8704K)->8367K(8704K) Class: 804K(896K)->804K(896K)
[1.260s][info][gc             ] GC(164) Pause Young (Concurrent Start) (G1 Humongous Allocation) 421M->420M(512M) 0.552ms
[1.260s][info][gc,cpu         ] GC(164) User=0.00s Sys=0.00s Real=0.00s
[1.260s][info][gc             ] GC(165) Concurrent Cycle
[1.260s][info][gc,marking     ] GC(165) Concurrent Clear Claimed Marks
[1.260s][info][gc,marking     ] GC(165) Concurrent Clear Claimed Marks 0.011ms
[1.260s][info][gc,marking     ] GC(165) Concurrent Scan Root Regions
[1.260s][info][gc,marking     ] GC(165) Concurrent Scan Root Regions 0.042ms
[1.260s][info][gc,marking     ] GC(165) Concurrent Mark (1.260s)
[1.260s][info][gc,marking     ] GC(165) Concurrent Mark From Roots
[1.260s][info][gc,task        ] GC(165) Using 2 workers of 2 for marking
[1.261s][info][gc,marking     ] GC(165) Concurrent Mark From Roots 1.361ms
[1.261s][info][gc,marking     ] GC(165) Concurrent Preclean
[1.261s][info][gc,marking     ] GC(165) Concurrent Preclean 0.045ms
[1.261s][info][gc,marking     ] GC(165) Concurrent Mark (1.260s, 1.261s) 1.448ms
[1.261s][info][gc,start       ] GC(165) Pause Remark
[1.261s][info][gc             ] GC(165) Pause Remark 437M->437M(512M) 0.284ms
[1.261s][info][gc,cpu         ] GC(165) User=0.00s Sys=0.00s Real=0.00s
[1.262s][info][gc,marking     ] GC(165) Concurrent Rebuild Remembered Sets
[1.263s][info][gc,marking     ] GC(165) Concurrent Rebuild Remembered Sets 1.513ms
[1.263s][info][gc,start       ] GC(165) Pause Cleanup
[1.263s][info][gc             ] GC(165) Pause Cleanup 451M->451M(512M) 0.174ms
[1.263s][info][gc,cpu         ] GC(165) User=0.00s Sys=0.00s Real=0.00s
[1.263s][info][gc,marking     ] GC(165) Concurrent Cleanup for Next Mark
[1.264s][info][gc,marking     ] GC(165) Concurrent Cleanup for Next Mark 0.569ms
[1.264s][info][gc             ] GC(165) Concurrent Cycle 4.376ms
[1.264s][info][gc,start       ] GC(166) Pause Young (Concurrent Start) (G1 Humongous Allocation)
[1.264s][info][gc,task        ] GC(166) Using 6 workers of 6 for evacuation
[1.265s][info][gc,phases      ] GC(166)   Pre Evacuate Collection Set: 0.0ms
[1.265s][info][gc,phases      ] GC(166)   Merge Heap Roots: 0.1ms
[1.265s][info][gc,phases      ] GC(166)   Evacuate Collection Set: 0.9ms
[1.265s][info][gc,phases      ] GC(166)   Post Evacuate Collection Set: 0.2ms
[1.265s][info][gc,phases      ] GC(166)   Other: 0.1ms
[1.265s][info][gc,heap        ] GC(166) Eden regions: 22->0(21)
[1.265s][info][gc,heap        ] GC(166) Survivor regions: 1->4(4)
[1.265s][info][gc,heap        ] GC(166) Old regions: 264->270
[1.265s][info][gc,heap        ] GC(166) Archive regions: 0->0
[1.265s][info][gc,heap        ] GC(166) Humongous regions: 199->187
[1.265s][info][gc,metaspace   ] GC(166) Metaspace: 9172K(9600K)->9172K(9600K) NonClass: 8367K(8704K)->8367K(8704K) Class: 804K(896K)->804K(896K)
[1.265s][info][gc             ] GC(166) Pause Young (Concurrent Start) (G1 Humongous Allocation) 454M->429M(512M) 1.365ms
[1.265s][info][gc,cpu         ] GC(166) User=0.00s Sys=0.00s Real=0.00s
[1.265s][info][gc             ] GC(167) Concurrent Cycle
[1.265s][info][gc,marking     ] GC(167) Concurrent Clear Claimed Marks
[1.265s][info][gc,marking     ] GC(167) Concurrent Clear Claimed Marks 0.010ms
[1.265s][info][gc,marking     ] GC(167) Concurrent Scan Root Regions
[1.265s][info][gc,marking     ] GC(167) Concurrent Scan Root Regions 0.029ms
[1.265s][info][gc,marking     ] GC(167) Concurrent Mark (1.265s)
[1.265s][info][gc,marking     ] GC(167) Concurrent Mark From Roots
[1.265s][info][gc,task        ] GC(167) Using 2 workers of 2 for marking
[1.267s][info][gc,marking     ] GC(167) Concurrent Mark From Roots 1.559ms
[1.267s][info][gc,marking     ] GC(167) Concurrent Preclean
[1.267s][info][gc,marking     ] GC(167) Concurrent Preclean 0.039ms
[1.267s][info][gc,marking     ] GC(167) Concurrent Mark (1.265s, 1.267s) 1.633ms
[1.267s][info][gc,start       ] GC(167) Pause Remark
[1.268s][info][gc             ] GC(167) Pause Remark 445M->445M(512M) 0.341ms
[1.268s][info][gc,cpu         ] GC(167) User=0.00s Sys=0.00s Real=0.00s
[1.268s][info][gc,marking     ] GC(167) Concurrent Rebuild Remembered Sets
[1.269s][info][gc,marking     ] GC(167) Concurrent Rebuild Remembered Sets 1.016ms
[1.269s][info][gc,start       ] GC(167) Pause Cleanup
[1.269s][info][gc             ] GC(167) Pause Cleanup 453M->453M(512M) 0.187ms
[1.269s][info][gc,cpu         ] GC(167) User=0.00s Sys=0.00s Real=0.00s
[1.269s][info][gc,marking     ] GC(167) Concurrent Cleanup for Next Mark
[1.269s][info][gc,marking     ] GC(167) Concurrent Cleanup for Next Mark 0.577ms
[1.269s][info][gc             ] GC(167) Concurrent Cycle 4.090ms
[1.271s][info][gc,start       ] GC(168) Pause Young (Prepare Mixed) (G1 Evacuation Pause)
[1.271s][info][gc,task        ] GC(168) Using 6 workers of 6 for evacuation
[1.272s][info][gc,phases      ] GC(168)   Pre Evacuate Collection Set: 0.0ms
[1.272s][info][gc,phases      ] GC(168)   Merge Heap Roots: 0.1ms
[1.272s][info][gc,phases      ] GC(168)   Evacuate Collection Set: 1.1ms
[1.272s][info][gc,phases      ] GC(168)   Post Evacuate Collection Set: 0.2ms
[1.272s][info][gc,phases      ] GC(168)   Other: 0.1ms
[1.272s][info][gc,heap        ] GC(168) Eden regions: 21->0(21)
[1.272s][info][gc,heap        ] GC(168) Survivor regions: 4->4(4)
[1.272s][info][gc,heap        ] GC(168) Old regions: 270->276
[1.272s][info][gc,heap        ] GC(168) Archive regions: 0->0
[1.272s][info][gc,heap        ] GC(168) Humongous regions: 203->179
[1.272s][info][gc,metaspace   ] GC(168) Metaspace: 9172K(9600K)->9172K(9600K) NonClass: 8367K(8704K)->8367K(8704K) Class: 804K(896K)->804K(896K)
[1.272s][info][gc             ] GC(168) Pause Young (Prepare Mixed) (G1 Evacuation Pause) 466M->427M(512M) 1.508ms
[1.272s][info][gc,cpu         ] GC(168) User=0.00s Sys=0.00s Real=0.00s
[1.276s][info][gc,start       ] GC(169) Pause Young (Mixed) (G1 Evacuation Pause)
[1.276s][info][gc,task        ] GC(169) Using 6 workers of 6 for evacuation
[1.279s][info][gc             ] GC(169) To-space exhausted
[1.279s][info][gc,phases      ] GC(169)   Pre Evacuate Collection Set: 0.0ms
[1.279s][info][gc,phases      ] GC(169)   Merge Heap Roots: 0.0ms
[1.279s][info][gc,phases      ] GC(169)   Evacuate Collection Set: 2.2ms
[1.279s][info][gc,phases      ] GC(169)   Post Evacuate Collection Set: 0.3ms
[1.279s][info][gc,phases      ] GC(169)   Other: 0.2ms
[1.279s][info][gc,heap        ] GC(169) Eden regions: 21->0(21)
[1.279s][info][gc,heap        ] GC(169) Survivor regions: 4->4(4)
[1.279s][info][gc,heap        ] GC(169) Old regions: 276->305
[1.279s][info][gc,heap        ] GC(169) Archive regions: 0->0
[1.279s][info][gc,heap        ] GC(169) Humongous regions: 189->182
[1.279s][info][gc,metaspace   ] GC(169) Metaspace: 9172K(9600K)->9172K(9600K) NonClass: 8367K(8704K)->8367K(8704K) Class: 804K(896K)->804K(896K)
[1.279s][info][gc             ] GC(169) Pause Young (Mixed) (G1 Evacuation Pause) 458M->462M(512M) 2.950ms
[1.279s][info][gc,cpu         ] GC(169) User=0.09s Sys=0.00s Real=0.00s
[1.280s][info][gc,start       ] GC(170) Pause Young (Concurrent Start) (G1 Humongous Allocation)
[1.280s][info][gc,task        ] GC(170) Using 6 workers of 6 for evacuation
[1.280s][info][gc,phases      ] GC(170)   Pre Evacuate Collection Set: 0.0ms
[1.280s][info][gc,phases      ] GC(170)   Merge Heap Roots: 0.0ms
[1.280s][info][gc,phases      ] GC(170)   Evacuate Collection Set: 0.3ms
[1.280s][info][gc,phases      ] GC(170)   Post Evacuate Collection Set: 0.1ms
[1.280s][info][gc,phases      ] GC(170)   Other: 0.1ms
[1.280s][info][gc,heap        ] GC(170) Eden regions: 1->0(24)
[1.280s][info][gc,heap        ] GC(170) Survivor regions: 4->1(4)
[1.280s][info][gc,heap        ] GC(170) Old regions: 305->309
[1.280s][info][gc,heap        ] GC(170) Archive regions: 0->0
[1.280s][info][gc,heap        ] GC(170) Humongous regions: 182->182
[1.280s][info][gc,metaspace   ] GC(170) Metaspace: 9172K(9600K)->9172K(9600K) NonClass: 8367K(8704K)->8367K(8704K) Class: 804K(896K)->804K(896K)
[1.280s][info][gc             ] GC(170) Pause Young (Concurrent Start) (G1 Humongous Allocation) 463M->462M(512M) 0.703ms
[1.280s][info][gc,cpu         ] GC(170) User=0.00s Sys=0.00s Real=0.00s
[1.280s][info][gc             ] GC(171) Concurrent Cycle
[1.280s][info][gc,marking     ] GC(171) Concurrent Clear Claimed Marks
[1.280s][info][gc,marking     ] GC(171) Concurrent Clear Claimed Marks 0.013ms
[1.280s][info][gc,marking     ] GC(171) Concurrent Scan Root Regions
[1.280s][info][gc,marking     ] GC(171) Concurrent Scan Root Regions 0.034ms
[1.280s][info][gc,marking     ] GC(171) Concurrent Mark (1.280s)
[1.280s][info][gc,marking     ] GC(171) Concurrent Mark From Roots
[1.280s][info][gc,task        ] GC(171) Using 2 workers of 2 for marking
[1.282s][info][gc,marking     ] GC(171) Concurrent Mark From Roots 1.444ms
[1.282s][info][gc,marking     ] GC(171) Concurrent Preclean
[1.282s][info][gc,marking     ] GC(171) Concurrent Preclean 0.034ms
[1.282s][info][gc,marking     ] GC(171) Concurrent Mark (1.280s, 1.282s) 1.517ms
[1.282s][info][gc,start       ] GC(171) Pause Remark
[1.282s][info][gc             ] GC(171) Pause Remark 479M->479M(512M) 0.340ms
[1.282s][info][gc,cpu         ] GC(171) User=0.00s Sys=0.00s Real=0.00s
[1.282s][info][gc,marking     ] GC(171) Concurrent Rebuild Remembered Sets
[1.283s][info][gc,start       ] GC(172) Pause Young (Normal) (G1 Humongous Allocation)
[1.283s][info][gc,task        ] GC(172) Using 6 workers of 6 for evacuation
[1.283s][info][gc             ] GC(172) To-space exhausted
[1.283s][info][gc,phases      ] GC(172)   Pre Evacuate Collection Set: 0.0ms
[1.283s][info][gc,phases      ] GC(172)   Merge Heap Roots: 0.1ms
[1.283s][info][gc,phases      ] GC(172)   Evacuate Collection Set: 0.1ms
[1.283s][info][gc,phases      ] GC(172)   Post Evacuate Collection Set: 0.2ms
[1.283s][info][gc,phases      ] GC(172)   Other: 0.1ms
[1.284s][info][gc,heap        ] GC(172) Eden regions: 11->0(25)
[1.284s][info][gc,heap        ] GC(172) Survivor regions: 1->0(0)
[1.284s][info][gc,heap        ] GC(172) Old regions: 309->319
[1.284s][info][gc,heap        ] GC(172) Archive regions: 0->0
[1.284s][info][gc,heap        ] GC(172) Humongous regions: 191->180
[1.284s][info][gc,metaspace   ] GC(172) Metaspace: 9172K(9600K)->9172K(9600K) NonClass: 8367K(8704K)->8367K(8704K) Class: 804K(896K)->804K(896K)
[1.284s][info][gc             ] GC(172) Pause Young (Normal) (G1 Humongous Allocation) 482M->469M(512M) 0.548ms
[1.284s][info][gc,cpu         ] GC(172) User=0.00s Sys=0.00s Real=0.00s
[1.284s][info][gc,marking     ] GC(171) Concurrent Rebuild Remembered Sets 2.071ms
[1.284s][info][gc,start       ] GC(171) Pause Cleanup
[1.285s][info][gc             ] GC(171) Pause Cleanup 476M->476M(512M) 0.120ms
[1.285s][info][gc,cpu         ] GC(171) User=0.00s Sys=0.00s Real=0.00s
[1.285s][info][gc,marking     ] GC(171) Concurrent Cleanup for Next Mark
[1.285s][info][gc,marking     ] GC(171) Concurrent Cleanup for Next Mark 0.576ms
[1.285s][info][gc             ] GC(171) Concurrent Cycle 4.987ms
[1.285s][info][gc,start       ] GC(173) Pause Young (Prepare Mixed) (G1 Evacuation Pause)
[1.285s][info][gc,task        ] GC(173) Using 6 workers of 6 for evacuation
[1.286s][info][gc             ] GC(173) To-space exhausted
[1.286s][info][gc,phases      ] GC(173)   Pre Evacuate Collection Set: 0.0ms
[1.286s][info][gc,phases      ] GC(173)   Merge Heap Roots: 0.0ms
[1.286s][info][gc,phases      ] GC(173)   Evacuate Collection Set: 0.1ms
[1.286s][info][gc,phases      ] GC(173)   Post Evacuate Collection Set: 0.2ms
[1.286s][info][gc,phases      ] GC(173)   Other: 0.1ms
[1.286s][info][gc,heap        ] GC(173) Eden regions: 7->0(25)
[1.286s][info][gc,heap        ] GC(173) Survivor regions: 0->0(0)
[1.286s][info][gc,heap        ] GC(173) Old regions: 319->326
[1.286s][info][gc,heap        ] GC(173) Archive regions: 0->0
[1.286s][info][gc,heap        ] GC(173) Humongous regions: 186->183
[1.286s][info][gc,metaspace   ] GC(173) Metaspace: 9172K(9600K)->9172K(9600K) NonClass: 8367K(8704K)->8367K(8704K) Class: 804K(896K)->804K(896K)
[1.286s][info][gc             ] GC(173) Pause Young (Prepare Mixed) (G1 Evacuation Pause) 482M->479M(512M) 0.504ms
[1.286s][info][gc,cpu         ] GC(173) User=0.00s Sys=0.00s Real=0.00s
[1.286s][info][gc,start       ] GC(174) Pause Young (Mixed) (G1 Evacuation Pause)
[1.286s][info][gc,task        ] GC(174) Using 6 workers of 6 for evacuation
[1.287s][info][gc             ] GC(174) To-space exhausted
[1.287s][info][gc,phases      ] GC(174)   Pre Evacuate Collection Set: 0.0ms
[1.287s][info][gc,phases      ] GC(174)   Merge Heap Roots: 0.0ms
[1.287s][info][gc,phases      ] GC(174)   Evacuate Collection Set: 0.1ms
[1.287s][info][gc,phases      ] GC(174)   Post Evacuate Collection Set: 0.2ms
[1.287s][info][gc,phases      ] GC(174)   Other: 0.1ms
[1.287s][info][gc,heap        ] GC(174) Eden regions: 1->0(25)
[1.287s][info][gc,heap        ] GC(174) Survivor regions: 0->0(0)
[1.287s][info][gc,heap        ] GC(174) Old regions: 326->327
[1.287s][info][gc,heap        ] GC(174) Archive regions: 0->0
[1.287s][info][gc,heap        ] GC(174) Humongous regions: 185->183
[1.287s][info][gc,metaspace   ] GC(174) Metaspace: 9172K(9600K)->9172K(9600K) NonClass: 8367K(8704K)->8367K(8704K) Class: 804K(896K)->804K(896K)
[1.287s][info][gc             ] GC(174) Pause Young (Mixed) (G1 Evacuation Pause) 482M->480M(512M) 0.513ms
[1.287s][info][gc,cpu         ] GC(174) User=0.00s Sys=0.00s Real=0.00s
[1.287s][info][gc,start       ] GC(175) Pause Young (Mixed) (G1 Humongous Allocation)
[1.287s][info][gc,task        ] GC(175) Using 6 workers of 6 for evacuation
[1.288s][info][gc             ] GC(175) To-space exhausted
[1.288s][info][gc,phases      ] GC(175)   Pre Evacuate Collection Set: 0.0ms
[1.288s][info][gc,phases      ] GC(175)   Merge Heap Roots: 0.0ms
[1.288s][info][gc,phases      ] GC(175)   Evacuate Collection Set: 0.2ms
[1.288s][info][gc,phases      ] GC(175)   Post Evacuate Collection Set: 0.2ms
[1.288s][info][gc,phases      ] GC(175)   Other: 0.1ms
[1.288s][info][gc,heap        ] GC(175) Eden regions: 2->0(25)
[1.288s][info][gc,heap        ] GC(175) Survivor regions: 0->0(0)
[1.288s][info][gc,heap        ] GC(175) Old regions: 327->329
[1.288s][info][gc,heap        ] GC(175) Archive regions: 0->0
[1.288s][info][gc,heap        ] GC(175) Humongous regions: 183->183
[1.288s][info][gc,metaspace   ] GC(175) Metaspace: 9172K(9600K)->9172K(9600K) NonClass: 8367K(8704K)->8367K(8704K) Class: 804K(896K)->804K(896K)
[1.288s][info][gc             ] GC(175) Pause Young (Mixed) (G1 Humongous Allocation) 481M->481M(512M) 0.631ms
[1.288s][info][gc,cpu         ] GC(175) User=0.00s Sys=0.00s Real=0.00s
[1.288s][info][gc,task        ] GC(176) Using 6 workers of 6 for full compaction
[1.288s][info][gc,start       ] GC(176) Pause Full (G1 Humongous Allocation)
[1.288s][info][gc,phases,start] GC(176) Phase 1: Mark live objects
[1.289s][info][gc,phases      ] GC(176) Phase 1: Mark live objects 0.692ms
[1.289s][info][gc,phases,start] GC(176) Phase 2: Prepare for compaction
[1.289s][info][gc,phases      ] GC(176) Phase 2: Prepare for compaction 0.382ms
[1.289s][info][gc,phases,start] GC(176) Phase 3: Adjust pointers
[1.289s][info][gc,phases      ] GC(176) Phase 3: Adjust pointers 0.284ms
[1.289s][info][gc,phases,start] GC(176) Phase 4: Compact heap
[1.309s][info][gc,phases      ] GC(176) Phase 4: Compact heap 20.098ms
[1.310s][info][gc,heap        ] GC(176) Eden regions: 0->0(25)
[1.310s][info][gc,heap        ] GC(176) Survivor regions: 0->0(0)
[1.310s][info][gc,heap        ] GC(176) Old regions: 329->263
[1.310s][info][gc,heap        ] GC(176) Archive regions: 0->0
[1.310s][info][gc,heap        ] GC(176) Humongous regions: 183->183
[1.310s][info][gc,metaspace   ] GC(176) Metaspace: 9172K(9600K)->9172K(9600K) NonClass: 8367K(8704K)->8367K(8704K) Class: 804K(896K)->804K(896K)
[1.310s][info][gc             ] GC(176) Pause Full (G1 Humongous Allocation) 481M->415M(512M) 21.984ms
[1.310s][info][gc,cpu         ] GC(176) User=0.13s Sys=0.00s Real=0.02s
[1.311s][info][gc,start       ] GC(177) Pause Young (Concurrent Start) (G1 Humongous Allocation)
[1.311s][info][gc,task        ] GC(177) Using 6 workers of 6 for evacuation
[1.311s][info][gc,phases      ] GC(177)   Pre Evacuate Collection Set: 0.0ms
[1.311s][info][gc,phases      ] GC(177)   Merge Heap Roots: 0.0ms
[1.311s][info][gc,phases      ] GC(177)   Evacuate Collection Set: 0.2ms
[1.311s][info][gc,phases      ] GC(177)   Post Evacuate Collection Set: 0.1ms
[1.311s][info][gc,phases      ] GC(177)   Other: 0.1ms
[1.311s][info][gc,heap        ] GC(177) Eden regions: 5->0(23)
[1.311s][info][gc,heap        ] GC(177) Survivor regions: 0->2(4)
[1.311s][info][gc,heap        ] GC(177) Old regions: 263->263
[1.311s][info][gc,heap        ] GC(177) Archive regions: 0->0
[1.311s][info][gc,heap        ] GC(177) Humongous regions: 184->183
[1.312s][info][gc,metaspace   ] GC(177) Metaspace: 9172K(9600K)->9172K(9600K) NonClass: 8367K(8704K)->8367K(8704K) Class: 804K(896K)->804K(896K)
[1.312s][info][gc             ] GC(177) Pause Young (Concurrent Start) (G1 Humongous Allocation) 421M->416M(512M) 0.567ms
[1.312s][info][gc,cpu         ] GC(177) User=0.00s Sys=0.00s Real=0.00s
[1.312s][info][gc             ] GC(178) Concurrent Cycle
[1.312s][info][gc,marking     ] GC(178) Concurrent Clear Claimed Marks
[1.312s][info][gc,marking     ] GC(178) Concurrent Clear Claimed Marks 0.011ms
[1.312s][info][gc,marking     ] GC(178) Concurrent Scan Root Regions
[1.312s][info][gc,marking     ] GC(178) Concurrent Scan Root Regions 0.043ms
[1.312s][info][gc,marking     ] GC(178) Concurrent Mark (1.312s)
[1.312s][info][gc,marking     ] GC(178) Concurrent Mark From Roots
[1.312s][info][gc,task        ] GC(178) Using 2 workers of 2 for marking
[1.313s][info][gc,marking     ] GC(178) Concurrent Mark From Roots 1.331ms
[1.313s][info][gc,marking     ] GC(178) Concurrent Preclean
[1.313s][info][gc,marking     ] GC(178) Concurrent Preclean 0.035ms
[1.313s][info][gc,marking     ] GC(178) Concurrent Mark (1.312s, 1.313s) 1.399ms
[1.313s][info][gc,start       ] GC(178) Pause Remark
[1.313s][info][gc             ] GC(178) Pause Remark 431M->431M(512M) 0.315ms
[1.313s][info][gc,cpu         ] GC(178) User=0.00s Sys=0.00s Real=0.00s
[1.313s][info][gc,marking     ] GC(178) Concurrent Rebuild Remembered Sets
[1.315s][info][gc,marking     ] GC(178) Concurrent Rebuild Remembered Sets 1.440ms
[1.315s][info][gc,start       ] GC(178) Pause Cleanup
[1.315s][info][gc             ] GC(178) Pause Cleanup 444M->444M(512M) 0.193ms
[1.315s][info][gc,cpu         ] GC(178) User=0.00s Sys=0.00s Real=0.00s
[1.315s][info][gc,marking     ] GC(178) Concurrent Cleanup for Next Mark
[1.316s][info][gc,marking     ] GC(178) Concurrent Cleanup for Next Mark 0.624ms
[1.316s][info][gc             ] GC(178) Concurrent Cycle 4.314ms
[1.316s][info][gc,start       ] GC(179) Pause Young (Concurrent Start) (G1 Humongous Allocation)
[1.316s][info][gc,task        ] GC(179) Using 6 workers of 6 for evacuation
[1.318s][info][gc,phases      ] GC(179)   Pre Evacuate Collection Set: 0.0ms
[1.318s][info][gc,phases      ] GC(179)   Merge Heap Roots: 0.1ms
[1.318s][info][gc,phases      ] GC(179)   Evacuate Collection Set: 1.0ms
[1.318s][info][gc,phases      ] GC(179)   Post Evacuate Collection Set: 0.2ms
[1.318s][info][gc,phases      ] GC(179)   Other: 0.1ms
[1.318s][info][gc,heap        ] GC(179) Eden regions: 23->0(21)
[1.318s][info][gc,heap        ] GC(179) Survivor regions: 2->4(4)
[1.318s][info][gc,heap        ] GC(179) Old regions: 263->270
[1.318s][info][gc,heap        ] GC(179) Archive regions: 0->0
[1.318s][info][gc,heap        ] GC(179) Humongous regions: 193->179
[1.318s][info][gc,metaspace   ] GC(179) Metaspace: 9172K(9600K)->9172K(9600K) NonClass: 8367K(8704K)->8367K(8704K) Class: 804K(896K)->804K(896K)
[1.318s][info][gc             ] GC(179) Pause Young (Concurrent Start) (G1 Humongous Allocation) 449M->421M(512M) 1.481ms
[1.318s][info][gc,cpu         ] GC(179) User=0.00s Sys=0.00s Real=0.00s
[1.318s][info][gc             ] GC(180) Concurrent Cycle
[1.318s][info][gc,marking     ] GC(180) Concurrent Clear Claimed Marks
[1.318s][info][gc,marking     ] GC(180) Concurrent Clear Claimed Marks 0.010ms
[1.318s][info][gc,marking     ] GC(180) Concurrent Scan Root Regions
[1.318s][info][gc,marking     ] GC(180) Concurrent Scan Root Regions 0.042ms
[1.318s][info][gc,marking     ] GC(180) Concurrent Mark (1.318s)
[1.318s][info][gc,marking     ] GC(180) Concurrent Mark From Roots
[1.318s][info][gc,task        ] GC(180) Using 2 workers of 2 for marking
[1.319s][info][gc,marking     ] GC(180) Concurrent Mark From Roots 1.500ms
[1.319s][info][gc,marking     ] GC(180) Concurrent Preclean
[1.319s][info][gc,marking     ] GC(180) Concurrent Preclean 0.042ms
[1.319s][info][gc,marking     ] GC(180) Concurrent Mark (1.318s, 1.319s) 1.578ms
[1.320s][info][gc,start       ] GC(180) Pause Remark
[1.320s][info][gc             ] GC(180) Pause Remark 434M->434M(512M) 0.256ms
[1.320s][info][gc,cpu         ] GC(180) User=0.00s Sys=0.00s Real=0.00s
[1.320s][info][gc,marking     ] GC(180) Concurrent Rebuild Remembered Sets
[1.321s][info][gc,marking     ] GC(180) Concurrent Rebuild Remembered Sets 1.117ms
[1.321s][info][gc,start       ] GC(180) Pause Cleanup
[1.321s][info][gc             ] GC(180) Pause Cleanup 444M->444M(512M) 0.132ms
[1.321s][info][gc,cpu         ] GC(180) User=0.00s Sys=0.00s Real=0.00s
[1.321s][info][gc,marking     ] GC(180) Concurrent Cleanup for Next Mark
[1.322s][info][gc,marking     ] GC(180) Concurrent Cleanup for Next Mark 0.574ms
[1.322s][info][gc             ] GC(180) Concurrent Cycle 4.027ms
[1.322s][info][gc,start       ] GC(181) Pause Young (Prepare Mixed) (G1 Evacuation Pause)
[1.322s][info][gc,task        ] GC(181) Using 6 workers of 6 for evacuation
[1.324s][info][gc,phases      ] GC(181)   Pre Evacuate Collection Set: 0.0ms
[1.324s][info][gc,phases      ] GC(181)   Merge Heap Roots: 0.1ms
[1.324s][info][gc,phases      ] GC(181)   Evacuate Collection Set: 1.2ms
[1.324s][info][gc,phases      ] GC(181)   Post Evacuate Collection Set: 0.2ms
[1.324s][info][gc,phases      ] GC(181)   Other: 0.1ms
[1.324s][info][gc,heap        ] GC(181) Eden regions: 21->0(21)
[1.324s][info][gc,heap        ] GC(181) Survivor regions: 4->4(4)
[1.324s][info][gc,heap        ] GC(181) Old regions: 270->277
[1.324s][info][gc,heap        ] GC(181) Archive regions: 0->0
[1.324s][info][gc,heap        ] GC(181) Humongous regions: 185->180
[1.324s][info][gc,metaspace   ] GC(181) Metaspace: 9172K(9600K)->9172K(9600K) NonClass: 8367K(8704K)->8367K(8704K) Class: 804K(896K)->804K(896K)
[1.324s][info][gc             ] GC(181) Pause Young (Prepare Mixed) (G1 Evacuation Pause) 448M->429M(512M) 1.724ms
[1.324s][info][gc,cpu         ] GC(181) User=0.08s Sys=0.00s Real=0.00s
[1.328s][info][gc,heap,exit   ] Heap
[1.328s][info][gc,heap,exit   ]  garbage-first heap   total 524288K, used 462729K [0x00000000e0000000, 0x0000000100000000)
[1.328s][info][gc,heap,exit   ]   region size 1024K, 21 young (21504K), 4 survivors (4096K)
[1.328s][info][gc,heap,exit   ]  Metaspace       used 9176K, capacity 9314K, committed 9600K, reserved 1058816K
[1.328s][info][gc,heap,exit   ]   class space    used 807K, capacity 867K, committed 896K, reserved 1048576K
