[0.009s][info][gc,heap] Heap region size: 1M
[0.009s][info][gc,heap,coops] Heap address: 0x00000000e0000000, size: 512 MB, Compressed Oops mode: 32-bit
[0.014s][info][gc           ] Using G1
[0.047s][info][gc           ] Periodic GC disabled
[0.344s][info][gc,start     ] GC(0) Pause Young (Normal) (G1 Evacuation Pause)
[0.344s][info][gc,task      ] GC(0) Using 6 workers of 6 for evacuation
[0.347s][info][gc,phases    ] GC(0)   Pre Evacuate Collection Set: 0.0ms
[0.347s][info][gc,phases    ] GC(0)   Merge Heap Roots: 0.0ms
[0.347s][info][gc,phases    ] GC(0)   Evacuate Collection Set: 2.5ms
[0.347s][info][gc,phases    ] GC(0)   Post Evacuate Collection Set: 0.3ms
[0.347s][info][gc,phases    ] GC(0)   Other: 0.5ms
[0.349s][info][gc,heap      ] GC(0) Eden regions: 25->0(21)
[0.349s][info][gc,heap      ] GC(0) Survivor regions: 0->4(4)
[0.349s][info][gc,heap      ] GC(0) Old regions: 0->7
[0.349s][info][gc,heap      ] GC(0) Archive regions: 0->0
[0.349s][info][gc,heap      ] GC(0) Humongous regions: 12->9
[0.349s][info][gc,metaspace ] GC(0) Metaspace: 9162K(9600K)->9162K(9600K) NonClass: 8356K(8704K)->8356K(8704K) Class: 805K(896K)->805K(896K)
[0.349s][info][gc           ] GC(0) Pause Young (Normal) (G1 Evacuation Pause) 36M->19M(512M) 5.084ms
[0.349s][info][gc,cpu       ] GC(0) User=0.00s Sys=0.00s Real=0.01s
[0.356s][info][gc,start     ] GC(1) Pause Young (Normal) (G1 Evacuation Pause)
[0.356s][info][gc,task      ] GC(1) Using 6 workers of 6 for evacuation
[0.359s][info][gc,phases    ] GC(1)   Pre Evacuate Collection Set: 0.0ms
[0.359s][info][gc,phases    ] GC(1)   Merge Heap Roots: 0.0ms
[0.359s][info][gc,phases    ] GC(1)   Evacuate Collection Set: 2.4ms
[0.359s][info][gc,phases    ] GC(1)   Post Evacuate Collection Set: 0.2ms
[0.359s][info][gc,phases    ] GC(1)   Other: 0.1ms
[0.359s][info][gc,heap      ] GC(1) Eden regions: 21->0(27)
[0.359s][info][gc,heap      ] GC(1) Survivor regions: 4->4(4)
[0.359s][info][gc,heap      ] GC(1) Old regions: 7->17
[0.359s][info][gc,heap      ] GC(1) Archive regions: 0->0
[0.359s][info][gc,heap      ] GC(1) Humongous regions: 20->16
[0.359s][info][gc,metaspace ] GC(1) Metaspace: 9165K(9600K)->9165K(9600K) NonClass: 8359K(8704K)->8359K(8704K) Class: 805K(896K)->805K(896K)
[0.359s][info][gc           ] GC(1) Pause Young (Normal) (G1 Evacuation Pause) 51M->36M(512M) 2.996ms
[0.359s][info][gc,cpu       ] GC(1) User=0.03s Sys=0.06s Real=0.00s
[0.369s][info][gc,start     ] GC(2) Pause Young (Normal) (G1 Evacuation Pause)
[0.369s][info][gc,task      ] GC(2) Using 6 workers of 6 for evacuation
[0.372s][info][gc,phases    ] GC(2)   Pre Evacuate Collection Set: 0.0ms
[0.372s][info][gc,phases    ] GC(2)   Merge Heap Roots: 0.0ms
[0.372s][info][gc,phases    ] GC(2)   Evacuate Collection Set: 2.7ms
[0.372s][info][gc,phases    ] GC(2)   Post Evacuate Collection Set: 0.2ms
[0.372s][info][gc,phases    ] GC(2)   Other: 0.1ms
[0.372s][info][gc,heap      ] GC(2) Eden regions: 27->0(40)
[0.372s][info][gc,heap      ] GC(2) Survivor regions: 4->4(4)
[0.372s][info][gc,heap      ] GC(2) Old regions: 17->28
[0.372s][info][gc,heap      ] GC(2) Archive regions: 0->0
[0.372s][info][gc,heap      ] GC(2) Humongous regions: 43->29
[0.372s][info][gc,metaspace ] GC(2) Metaspace: 9171K(9600K)->9171K(9600K) NonClass: 8366K(8704K)->8366K(8704K) Class: 805K(896K)->805K(896K)
[0.372s][info][gc           ] GC(2) Pause Young (Normal) (G1 Evacuation Pause) 90M->60M(512M) 3.201ms
[0.372s][info][gc,cpu       ] GC(2) User=0.00s Sys=0.00s Real=0.00s
[0.381s][info][gc,start     ] GC(3) Pause Young (Normal) (G1 Evacuation Pause)
[0.381s][info][gc,task      ] GC(3) Using 6 workers of 6 for evacuation
[0.384s][info][gc,phases    ] GC(3)   Pre Evacuate Collection Set: 0.0ms
[0.384s][info][gc,phases    ] GC(3)   Merge Heap Roots: 0.0ms
[0.384s][info][gc,phases    ] GC(3)   Evacuate Collection Set: 2.8ms
[0.384s][info][gc,phases    ] GC(3)   Post Evacuate Collection Set: 0.2ms
[0.384s][info][gc,phases    ] GC(3)   Other: 0.1ms
[0.384s][info][gc,heap      ] GC(3) Eden regions: 40->0(127)
[0.384s][info][gc,heap      ] GC(3) Survivor regions: 4->6(6)
[0.384s][info][gc,heap      ] GC(3) Old regions: 28->40
[0.384s][info][gc,heap      ] GC(3) Archive regions: 0->0
[0.384s][info][gc,heap      ] GC(3) Humongous regions: 39->28
[0.384s][info][gc,metaspace ] GC(3) Metaspace: 9171K(9600K)->9171K(9600K) NonClass: 8366K(8704K)->8366K(8704K) Class: 805K(896K)->805K(896K)
[0.384s][info][gc           ] GC(3) Pause Young (Normal) (G1 Evacuation Pause) 110M->73M(512M) 3.363ms
[0.384s][info][gc,cpu       ] GC(3) User=0.00s Sys=0.00s Real=0.00s
[0.430s][info][gc,start     ] GC(4) Pause Young (Normal) (G1 Evacuation Pause)
[0.430s][info][gc,task      ] GC(4) Using 6 workers of 6 for evacuation
[0.440s][info][gc,phases    ] GC(4)   Pre Evacuate Collection Set: 0.0ms
[0.440s][info][gc,phases    ] GC(4)   Merge Heap Roots: 0.0ms
[0.440s][info][gc,phases    ] GC(4)   Evacuate Collection Set: 9.3ms
[0.440s][info][gc,phases    ] GC(4)   Post Evacuate Collection Set: 0.3ms
[0.440s][info][gc,phases    ] GC(4)   Other: 0.2ms
[0.440s][info][gc,heap      ] GC(4) Eden regions: 127->0(95)
[0.440s][info][gc,heap      ] GC(4) Survivor regions: 6->17(17)
[0.440s][info][gc,heap      ] GC(4) Old regions: 40->73
[0.440s][info][gc,heap      ] GC(4) Archive regions: 0->0
[0.440s][info][gc,heap      ] GC(4) Humongous regions: 92->51
[0.440s][info][gc,metaspace ] GC(4) Metaspace: 9171K(9600K)->9171K(9600K) NonClass: 8366K(8704K)->8366K(8704K) Class: 805K(896K)->805K(896K)
[0.440s][info][gc           ] GC(4) Pause Young (Normal) (G1 Evacuation Pause) 264M->140M(512M) 10.038ms
[0.440s][info][gc,cpu       ] GC(4) User=0.02s Sys=0.08s Real=0.01s
[0.462s][info][gc,start     ] GC(5) Pause Young (Normal) (G1 Evacuation Pause)
[0.462s][info][gc,task      ] GC(5) Using 6 workers of 6 for evacuation
[0.470s][info][gc,phases    ] GC(5)   Pre Evacuate Collection Set: 0.0ms
[0.470s][info][gc,phases    ] GC(5)   Merge Heap Roots: 0.0ms
[0.470s][info][gc,phases    ] GC(5)   Evacuate Collection Set: 7.5ms
[0.470s][info][gc,phases    ] GC(5)   Post Evacuate Collection Set: 0.3ms
[0.470s][info][gc,phases    ] GC(5)   Other: 0.1ms
[0.470s][info][gc,heap      ] GC(5) Eden regions: 95->0(109)
[0.470s][info][gc,heap      ] GC(5) Survivor regions: 17->14(14)
[0.470s][info][gc,heap      ] GC(5) Old regions: 73->110
[0.470s][info][gc,heap      ] GC(5) Archive regions: 0->0
[0.470s][info][gc,heap      ] GC(5) Humongous regions: 117->71
[0.470s][info][gc,metaspace ] GC(5) Metaspace: 9171K(9600K)->9171K(9600K) NonClass: 8366K(8704K)->8366K(8704K) Class: 805K(896K)->805K(896K)
[0.470s][info][gc           ] GC(5) Pause Young (Normal) (G1 Evacuation Pause) 301M->194M(512M) 8.182ms
[0.470s][info][gc,cpu       ] GC(5) User=0.02s Sys=0.08s Real=0.01s
[0.488s][info][gc,start     ] GC(6) Pause Young (Concurrent Start) (G1 Humongous Allocation)
[0.488s][info][gc,task      ] GC(6) Using 6 workers of 6 for evacuation
[0.495s][info][gc,phases    ] GC(6)   Pre Evacuate Collection Set: 0.0ms
[0.495s][info][gc,phases    ] GC(6)   Merge Heap Roots: 0.0ms
[0.495s][info][gc,phases    ] GC(6)   Evacuate Collection Set: 6.6ms
[0.495s][info][gc,phases    ] GC(6)   Post Evacuate Collection Set: 0.3ms
[0.495s][info][gc,phases    ] GC(6)   Other: 0.2ms
[0.495s][info][gc,heap      ] GC(6) Eden regions: 95->0(108)
[0.495s][info][gc,heap      ] GC(6) Survivor regions: 14->16(16)
[0.495s][info][gc,heap      ] GC(6) Old regions: 110->142
[0.495s][info][gc,heap      ] GC(6) Archive regions: 0->0
[0.495s][info][gc,heap      ] GC(6) Humongous regions: 120->77
[0.495s][info][gc,metaspace ] GC(6) Metaspace: 9171K(9600K)->9171K(9600K) NonClass: 8366K(8704K)->8366K(8704K) Class: 805K(896K)->805K(896K)
[0.495s][info][gc           ] GC(6) Pause Young (Concurrent Start) (G1 Humongous Allocation) 337M->234M(512M) 7.296ms
[0.495s][info][gc,cpu       ] GC(6) User=0.00s Sys=0.00s Real=0.01s
[0.495s][info][gc           ] GC(7) Concurrent Cycle
[0.495s][info][gc,marking   ] GC(7) Concurrent Clear Claimed Marks
[0.495s][info][gc,marking   ] GC(7) Concurrent Clear Claimed Marks 0.015ms
[0.495s][info][gc,marking   ] GC(7) Concurrent Scan Root Regions
[0.496s][info][gc,marking   ] GC(7) Concurrent Scan Root Regions 0.238ms
[0.496s][info][gc,marking   ] GC(7) Concurrent Mark (0.496s)
[0.496s][info][gc,marking   ] GC(7) Concurrent Mark From Roots
[0.496s][info][gc,task      ] GC(7) Using 2 workers of 2 for marking
[0.497s][info][gc,marking   ] GC(7) Concurrent Mark From Roots 1.669ms
[0.497s][info][gc,marking   ] GC(7) Concurrent Preclean
[0.497s][info][gc,marking   ] GC(7) Concurrent Preclean 0.041ms
[0.497s][info][gc,marking   ] GC(7) Concurrent Mark (0.496s, 0.497s) 1.754ms
[0.498s][info][gc,start     ] GC(7) Pause Remark
[0.498s][info][gc           ] GC(7) Pause Remark 256M->256M(512M) 0.347ms
[0.498s][info][gc,cpu       ] GC(7) User=0.00s Sys=0.00s Real=0.00s
[0.498s][info][gc,marking   ] GC(7) Concurrent Rebuild Remembered Sets
[0.499s][info][gc,marking   ] GC(7) Concurrent Rebuild Remembered Sets 0.913ms
[0.499s][info][gc,start     ] GC(7) Pause Cleanup
[0.499s][info][gc           ] GC(7) Pause Cleanup 263M->263M(512M) 0.081ms
[0.499s][info][gc,cpu       ] GC(7) User=0.00s Sys=0.00s Real=0.00s
[0.499s][info][gc,marking   ] GC(7) Concurrent Cleanup for Next Mark
[0.501s][info][gc,marking   ] GC(7) Concurrent Cleanup for Next Mark 2.236ms
[0.501s][info][gc           ] GC(7) Concurrent Cycle 6.056ms
[0.520s][info][gc,start     ] GC(8) Pause Young (Prepare Mixed) (G1 Evacuation Pause)
[0.520s][info][gc,task      ] GC(8) Using 6 workers of 6 for evacuation
[0.530s][info][gc,phases    ] GC(8)   Pre Evacuate Collection Set: 0.0ms
[0.530s][info][gc,phases    ] GC(8)   Merge Heap Roots: 0.1ms
[0.530s][info][gc,phases    ] GC(8)   Evacuate Collection Set: 8.9ms
[0.530s][info][gc,phases    ] GC(8)   Post Evacuate Collection Set: 0.3ms
[0.530s][info][gc,phases    ] GC(8)   Other: 0.1ms
[0.530s][info][gc,heap      ] GC(8) Eden regions: 108->0(9)
[0.530s][info][gc,heap      ] GC(8) Survivor regions: 16->16(16)
[0.530s][info][gc,heap      ] GC(8) Old regions: 142->185
[0.530s][info][gc,heap      ] GC(8) Archive regions: 0->0
[0.530s][info][gc,heap      ] GC(8) Humongous regions: 147->84
[0.530s][info][gc,metaspace ] GC(8) Metaspace: 9171K(9600K)->9171K(9600K) NonClass: 8366K(8704K)->8366K(8704K) Class: 805K(896K)->805K(896K)
[0.530s][info][gc           ] GC(8) Pause Young (Prepare Mixed) (G1 Evacuation Pause) 412M->284M(512M) 9.559ms
[0.530s][info][gc,cpu       ] GC(8) User=0.00s Sys=0.05s Real=0.01s
[0.531s][info][gc,start     ] GC(9) Pause Young (Mixed) (G1 Evacuation Pause)
[0.531s][info][gc,task      ] GC(9) Using 6 workers of 6 for evacuation
[0.536s][info][gc,phases    ] GC(9)   Pre Evacuate Collection Set: 0.0ms
[0.536s][info][gc,phases    ] GC(9)   Merge Heap Roots: 0.0ms
[0.536s][info][gc,phases    ] GC(9)   Evacuate Collection Set: 4.5ms
[0.536s][info][gc,phases    ] GC(9)   Post Evacuate Collection Set: 0.3ms
[0.536s][info][gc,phases    ] GC(9)   Other: 0.1ms
[0.536s][info][gc,heap      ] GC(9) Eden regions: 9->0(102)
[0.536s][info][gc,heap      ] GC(9) Survivor regions: 16->4(4)
[0.537s][info][gc,heap      ] GC(9) Old regions: 185->169
[0.537s][info][gc,heap      ] GC(9) Archive regions: 0->0
[0.537s][info][gc,heap      ] GC(9) Humongous regions: 93->87
[0.537s][info][gc,metaspace ] GC(9) Metaspace: 9171K(9600K)->9171K(9600K) NonClass: 8366K(8704K)->8366K(8704K) Class: 805K(896K)->805K(896K)
[0.537s][info][gc           ] GC(9) Pause Young (Mixed) (G1 Evacuation Pause) 302M->259M(512M) 5.080ms
[0.537s][info][gc,cpu       ] GC(9) User=0.00s Sys=0.00s Real=0.01s
[0.538s][info][gc,start     ] GC(10) Pause Young (Concurrent Start) (G1 Humongous Allocation)
[0.538s][info][gc,task      ] GC(10) Using 6 workers of 6 for evacuation
[0.539s][info][gc,phases    ] GC(10)   Pre Evacuate Collection Set: 0.0ms
[0.539s][info][gc,phases    ] GC(10)   Merge Heap Roots: 0.0ms
[0.539s][info][gc,phases    ] GC(10)   Evacuate Collection Set: 0.8ms
[0.539s][info][gc,phases    ] GC(10)   Post Evacuate Collection Set: 0.2ms
[0.539s][info][gc,phases    ] GC(10)   Other: 0.1ms
[0.540s][info][gc,heap      ] GC(10) Eden regions: 13->0(97)
[0.540s][info][gc,heap      ] GC(10) Survivor regions: 4->10(14)
[0.540s][info][gc,heap      ] GC(10) Old regions: 169->169
[0.540s][info][gc,heap      ] GC(10) Archive regions: 0->0
[0.540s][info][gc,heap      ] GC(10) Humongous regions: 87->86
[0.540s][info][gc,metaspace ] GC(10) Metaspace: 9171K(9600K)->9171K(9600K) NonClass: 8366K(8704K)->8366K(8704K) Class: 805K(896K)->805K(896K)
[0.540s][info][gc           ] GC(10) Pause Young (Concurrent Start) (G1 Humongous Allocation) 272M->264M(512M) 1.342ms
[0.540s][info][gc,cpu       ] GC(10) User=0.00s Sys=0.00s Real=0.00s
[0.540s][info][gc           ] GC(11) Concurrent Cycle
[0.540s][info][gc,marking   ] GC(11) Concurrent Clear Claimed Marks
[0.540s][info][gc,marking   ] GC(11) Concurrent Clear Claimed Marks 0.012ms
[0.540s][info][gc,marking   ] GC(11) Concurrent Scan Root Regions
[0.540s][info][gc,marking   ] GC(11) Concurrent Scan Root Regions 0.052ms
[0.540s][info][gc,marking   ] GC(11) Concurrent Mark (0.540s)
[0.540s][info][gc,marking   ] GC(11) Concurrent Mark From Roots
[0.540s][info][gc,task      ] GC(11) Using 2 workers of 2 for marking
[0.542s][info][gc,marking   ] GC(11) Concurrent Mark From Roots 1.782ms
[0.542s][info][gc,marking   ] GC(11) Concurrent Preclean
[0.542s][info][gc,marking   ] GC(11) Concurrent Preclean 0.036ms
[0.542s][info][gc,marking   ] GC(11) Concurrent Mark (0.540s, 0.542s) 1.851ms
[0.542s][info][gc,start     ] GC(11) Pause Remark
[0.542s][info][gc           ] GC(11) Pause Remark 284M->284M(512M) 0.348ms
[0.542s][info][gc,cpu       ] GC(11) User=0.00s Sys=0.00s Real=0.00s
[0.542s][info][gc,marking   ] GC(11) Concurrent Rebuild Remembered Sets
[0.543s][info][gc,marking   ] GC(11) Concurrent Rebuild Remembered Sets 0.767ms
[0.543s][info][gc,start     ] GC(11) Pause Cleanup
[0.543s][info][gc           ] GC(11) Pause Cleanup 292M->292M(512M) 0.083ms
[0.543s][info][gc,cpu       ] GC(11) User=0.00s Sys=0.00s Real=0.00s
[0.543s][info][gc,marking   ] GC(11) Concurrent Cleanup for Next Mark
[0.545s][info][gc,marking   ] GC(11) Concurrent Cleanup for Next Mark 1.942ms
[0.545s][info][gc           ] GC(11) Concurrent Cycle 5.321ms
[0.557s][info][gc,start     ] GC(12) Pause Young (Prepare Mixed) (G1 Evacuation Pause)
[0.557s][info][gc,task      ] GC(12) Using 6 workers of 6 for evacuation
[0.564s][info][gc,phases    ] GC(12)   Pre Evacuate Collection Set: 0.0ms
[0.564s][info][gc,phases    ] GC(12)   Merge Heap Roots: 0.1ms
[0.564s][info][gc,phases    ] GC(12)   Evacuate Collection Set: 6.0ms
[0.564s][info][gc,phases    ] GC(12)   Post Evacuate Collection Set: 0.3ms
[0.564s][info][gc,phases    ] GC(12)   Other: 0.1ms
[0.564s][info][gc,heap      ] GC(12) Eden regions: 97->0(11)
[0.564s][info][gc,heap      ] GC(12) Survivor regions: 10->14(14)
[0.564s][info][gc,heap      ] GC(12) Old regions: 169->202
[0.564s][info][gc,heap      ] GC(12) Archive regions: 0->0
[0.564s][info][gc,heap      ] GC(12) Humongous regions: 144->109
[0.564s][info][gc,metaspace ] GC(12) Metaspace: 9171K(9600K)->9171K(9600K) NonClass: 8366K(8704K)->8366K(8704K) Class: 805K(896K)->805K(896K)
[0.564s][info][gc           ] GC(12) Pause Young (Prepare Mixed) (G1 Evacuation Pause) 419M->324M(512M) 6.707ms
[0.564s][info][gc,cpu       ] GC(12) User=0.05s Sys=0.05s Real=0.01s
[0.566s][info][gc,start     ] GC(13) Pause Young (Mixed) (G1 Evacuation Pause)
[0.566s][info][gc,task      ] GC(13) Using 6 workers of 6 for evacuation
[0.572s][info][gc,phases    ] GC(13)   Pre Evacuate Collection Set: 0.0ms
[0.572s][info][gc,phases    ] GC(13)   Merge Heap Roots: 0.0ms
[0.572s][info][gc,phases    ] GC(13)   Evacuate Collection Set: 5.8ms
[0.572s][info][gc,phases    ] GC(13)   Post Evacuate Collection Set: 0.2ms
[0.572s][info][gc,phases    ] GC(13)   Other: 0.1ms
[0.572s][info][gc,heap      ] GC(13) Eden regions: 11->0(75)
[0.572s][info][gc,heap      ] GC(13) Survivor regions: 14->4(4)
[0.572s][info][gc,heap      ] GC(13) Old regions: 202->196
[0.572s][info][gc,heap      ] GC(13) Archive regions: 0->0
[0.572s][info][gc,heap      ] GC(13) Humongous regions: 115->109
[0.572s][info][gc,metaspace ] GC(13) Metaspace: 9171K(9600K)->9171K(9600K) NonClass: 8366K(8704K)->8366K(8704K) Class: 805K(896K)->805K(896K)
[0.573s][info][gc           ] GC(13) Pause Young (Mixed) (G1 Evacuation Pause) 341M->308M(512M) 6.523ms
[0.573s][info][gc,cpu       ] GC(13) User=0.00s Sys=0.00s Real=0.01s
[0.573s][info][gc,start     ] GC(14) Pause Young (Concurrent Start) (G1 Humongous Allocation)
[0.573s][info][gc,task      ] GC(14) Using 6 workers of 6 for evacuation
[0.574s][info][gc,phases    ] GC(14)   Pre Evacuate Collection Set: 0.0ms
[0.574s][info][gc,phases    ] GC(14)   Merge Heap Roots: 0.0ms
[0.574s][info][gc,phases    ] GC(14)   Evacuate Collection Set: 0.4ms
[0.574s][info][gc,phases    ] GC(14)   Post Evacuate Collection Set: 0.1ms
[0.574s][info][gc,phases    ] GC(14)   Other: 0.1ms
[0.574s][info][gc,heap      ] GC(14) Eden regions: 6->0(82)
[0.574s][info][gc,heap      ] GC(14) Survivor regions: 4->5(10)
[0.574s][info][gc,heap      ] GC(14) Old regions: 196->196
[0.574s][info][gc,heap      ] GC(14) Archive regions: 0->0
[0.574s][info][gc,heap      ] GC(14) Humongous regions: 109->108
[0.574s][info][gc,metaspace ] GC(14) Metaspace: 9171K(9600K)->9171K(9600K) NonClass: 8366K(8704K)->8366K(8704K) Class: 805K(896K)->805K(896K)
[0.574s][info][gc           ] GC(14) Pause Young (Concurrent Start) (G1 Humongous Allocation) 314M->307M(512M) 0.786ms
[0.574s][info][gc,cpu       ] GC(14) User=0.00s Sys=0.00s Real=0.00s
[0.574s][info][gc           ] GC(15) Concurrent Cycle
[0.574s][info][gc,marking   ] GC(15) Concurrent Clear Claimed Marks
[0.574s][info][gc,marking   ] GC(15) Concurrent Clear Claimed Marks 0.013ms
[0.574s][info][gc,marking   ] GC(15) Concurrent Scan Root Regions
[0.574s][info][gc,marking   ] GC(15) Concurrent Scan Root Regions 0.051ms
[0.574s][info][gc,marking   ] GC(15) Concurrent Mark (0.574s)
[0.574s][info][gc,marking   ] GC(15) Concurrent Mark From Roots
[0.574s][info][gc,task      ] GC(15) Using 2 workers of 2 for marking
[0.576s][info][gc,marking   ] GC(15) Concurrent Mark From Roots 1.556ms
[0.576s][info][gc,marking   ] GC(15) Concurrent Preclean
[0.576s][info][gc,marking   ] GC(15) Concurrent Preclean 0.042ms
[0.576s][info][gc,marking   ] GC(15) Concurrent Mark (0.574s, 0.576s) 1.657ms
[0.576s][info][gc,start     ] GC(15) Pause Remark
[0.576s][info][gc           ] GC(15) Pause Remark 330M->330M(512M) 0.348ms
[0.576s][info][gc,cpu       ] GC(15) User=0.03s Sys=0.00s Real=0.00s
[0.576s][info][gc,marking   ] GC(15) Concurrent Rebuild Remembered Sets
[0.577s][info][gc,marking   ] GC(15) Concurrent Rebuild Remembered Sets 0.972ms
[0.578s][info][gc,start     ] GC(15) Pause Cleanup
[0.578s][info][gc           ] GC(15) Pause Cleanup 339M->339M(512M) 0.097ms
[0.578s][info][gc,cpu       ] GC(15) User=0.00s Sys=0.00s Real=0.00s
[0.578s][info][gc,marking   ] GC(15) Concurrent Cleanup for Next Mark
[0.578s][info][gc,marking   ] GC(15) Concurrent Cleanup for Next Mark 0.628ms
[0.578s][info][gc           ] GC(15) Concurrent Cycle 4.105ms
[0.589s][info][gc,start     ] GC(16) Pause Young (Prepare Mixed) (G1 Evacuation Pause)
[0.589s][info][gc,task      ] GC(16) Using 6 workers of 6 for evacuation
[0.593s][info][gc,phases    ] GC(16)   Pre Evacuate Collection Set: 0.0ms
[0.593s][info][gc,phases    ] GC(16)   Merge Heap Roots: 0.1ms
[0.593s][info][gc,phases    ] GC(16)   Evacuate Collection Set: 3.6ms
[0.593s][info][gc,phases    ] GC(16)   Post Evacuate Collection Set: 0.3ms
[0.594s][info][gc,phases    ] GC(16)   Other: 0.1ms
[0.594s][info][gc,heap      ] GC(16) Eden regions: 82->0(14)
[0.594s][info][gc,heap      ] GC(16) Survivor regions: 5->11(11)
[0.594s][info][gc,heap      ] GC(16) Old regions: 196->220
[0.594s][info][gc,heap      ] GC(16) Archive regions: 0->0
[0.594s][info][gc,heap      ] GC(16) Humongous regions: 160->113
[0.594s][info][gc,metaspace ] GC(16) Metaspace: 9171K(9600K)->9171K(9600K) NonClass: 8366K(8704K)->8366K(8704K) Class: 805K(896K)->805K(896K)
[0.594s][info][gc           ] GC(16) Pause Young (Prepare Mixed) (G1 Evacuation Pause) 441M->343M(512M) 4.256ms
[0.594s][info][gc,cpu       ] GC(16) User=0.06s Sys=0.03s Real=0.00s
[0.596s][info][gc,start     ] GC(17) Pause Young (Mixed) (G1 Evacuation Pause)
[0.597s][info][gc,task      ] GC(17) Using 6 workers of 6 for evacuation
[0.601s][info][gc,phases    ] GC(17)   Pre Evacuate Collection Set: 0.0ms
[0.601s][info][gc,phases    ] GC(17)   Merge Heap Roots: 0.0ms
[0.601s][info][gc,phases    ] GC(17)   Evacuate Collection Set: 4.1ms
[0.601s][info][gc,phases    ] GC(17)   Post Evacuate Collection Set: 0.3ms
[0.601s][info][gc,phases    ] GC(17)   Other: 0.2ms
[0.601s][info][gc,heap      ] GC(17) Eden regions: 14->0(72)
[0.601s][info][gc,heap      ] GC(17) Survivor regions: 11->4(4)
[0.601s][info][gc,heap      ] GC(17) Old regions: 220->206
[0.601s][info][gc,heap      ] GC(17) Archive regions: 0->0
[0.601s][info][gc,heap      ] GC(17) Humongous regions: 122->114
[0.601s][info][gc,metaspace ] GC(17) Metaspace: 9171K(9600K)->9171K(9600K) NonClass: 8366K(8704K)->8366K(8704K) Class: 805K(896K)->805K(896K)
[0.601s][info][gc           ] GC(17) Pause Young (Mixed) (G1 Evacuation Pause) 365M->323M(512M) 4.719ms
[0.601s][info][gc,cpu       ] GC(17) User=0.00s Sys=0.00s Real=0.01s
[0.614s][info][gc,start     ] GC(18) Pause Young (Concurrent Start) (G1 Evacuation Pause)
[0.614s][info][gc,task      ] GC(18) Using 6 workers of 6 for evacuation
[0.618s][info][gc,phases    ] GC(18)   Pre Evacuate Collection Set: 0.0ms
[0.618s][info][gc,phases    ] GC(18)   Merge Heap Roots: 0.0ms
[0.618s][info][gc,phases    ] GC(18)   Evacuate Collection Set: 3.8ms
[0.618s][info][gc,phases    ] GC(18)   Post Evacuate Collection Set: 0.3ms
[0.618s][info][gc,phases    ] GC(18)   Other: 0.1ms
[0.618s][info][gc,heap      ] GC(18) Eden regions: 72->0(48)
[0.618s][info][gc,heap      ] GC(18) Survivor regions: 4->10(10)
[0.618s][info][gc,heap      ] GC(18) Old regions: 206->232
[0.618s][info][gc,heap      ] GC(18) Archive regions: 0->0
[0.618s][info][gc,heap      ] GC(18) Humongous regions: 155->123
[0.618s][info][gc,metaspace ] GC(18) Metaspace: 9171K(9600K)->9171K(9600K) NonClass: 8366K(8704K)->8366K(8704K) Class: 805K(896K)->805K(896K)
[0.619s][info][gc           ] GC(18) Pause Young (Concurrent Start) (G1 Evacuation Pause) 435M->364M(512M) 4.403ms
[0.619s][info][gc,cpu       ] GC(18) User=0.00s Sys=0.00s Real=0.01s
[0.619s][info][gc           ] GC(19) Concurrent Cycle
[0.619s][info][gc,marking   ] GC(19) Concurrent Clear Claimed Marks
[0.619s][info][gc,marking   ] GC(19) Concurrent Clear Claimed Marks 0.015ms
[0.619s][info][gc,marking   ] GC(19) Concurrent Scan Root Regions
[0.619s][info][gc,marking   ] GC(19) Concurrent Scan Root Regions 0.056ms
[0.619s][info][gc,marking   ] GC(19) Concurrent Mark (0.619s)
[0.619s][info][gc,marking   ] GC(19) Concurrent Mark From Roots
[0.619s][info][gc,task      ] GC(19) Using 2 workers of 2 for marking
[0.620s][info][gc,marking   ] GC(19) Concurrent Mark From Roots 1.547ms
[0.620s][info][gc,marking   ] GC(19) Concurrent Preclean
[0.620s][info][gc,marking   ] GC(19) Concurrent Preclean 0.041ms
[0.620s][info][gc,marking   ] GC(19) Concurrent Mark (0.619s, 0.620s) 1.628ms
[0.620s][info][gc,start     ] GC(19) Pause Remark
[0.621s][info][gc           ] GC(19) Pause Remark 382M->381M(512M) 0.337ms
[0.621s][info][gc,cpu       ] GC(19) User=0.00s Sys=0.00s Real=0.00s
[0.621s][info][gc,marking   ] GC(19) Concurrent Rebuild Remembered Sets
[0.622s][info][gc,marking   ] GC(19) Concurrent Rebuild Remembered Sets 1.153ms
[0.622s][info][gc,start     ] GC(19) Pause Cleanup
[0.622s][info][gc           ] GC(19) Pause Cleanup 393M->393M(512M) 0.101ms
[0.622s][info][gc,cpu       ] GC(19) User=0.00s Sys=0.00s Real=0.00s
[0.622s][info][gc,marking   ] GC(19) Concurrent Cleanup for Next Mark
[0.623s][info][gc,marking   ] GC(19) Concurrent Cleanup for Next Mark 0.593ms
[0.623s][info][gc           ] GC(19) Concurrent Cycle 4.202ms
[0.628s][info][gc,start     ] GC(20) Pause Young (Prepare Mixed) (G1 Evacuation Pause)
[0.628s][info][gc,task      ] GC(20) Using 6 workers of 6 for evacuation
[0.631s][info][gc,phases    ] GC(20)   Pre Evacuate Collection Set: 0.0ms
[0.631s][info][gc,phases    ] GC(20)   Merge Heap Roots: 0.1ms
[0.631s][info][gc,phases    ] GC(20)   Evacuate Collection Set: 3.1ms
[0.632s][info][gc,phases    ] GC(20)   Post Evacuate Collection Set: 0.2ms
[0.632s][info][gc,phases    ] GC(20)   Other: 0.1ms
[0.632s][info][gc,heap      ] GC(20) Eden regions: 48->0(17)
[0.632s][info][gc,heap      ] GC(20) Survivor regions: 10->8(8)
[0.632s][info][gc,heap      ] GC(20) Old regions: 231->253
[0.632s][info][gc,heap      ] GC(20) Archive regions: 0->0
[0.632s][info][gc,heap      ] GC(20) Humongous regions: 148->128
[0.632s][info][gc,metaspace ] GC(20) Metaspace: 9171K(9600K)->9171K(9600K) NonClass: 8366K(8704K)->8366K(8704K) Class: 805K(896K)->805K(896K)
[0.632s][info][gc           ] GC(20) Pause Young (Prepare Mixed) (G1 Evacuation Pause) 436M->388M(512M) 3.694ms
[0.632s][info][gc,cpu       ] GC(20) User=0.00s Sys=0.00s Real=0.00s
[0.634s][info][gc,start     ] GC(21) Pause Young (Mixed) (G1 Evacuation Pause)
[0.634s][info][gc,task      ] GC(21) Using 6 workers of 6 for evacuation
[0.639s][info][gc,phases    ] GC(21)   Pre Evacuate Collection Set: 0.1ms
[0.639s][info][gc,phases    ] GC(21)   Merge Heap Roots: 0.0ms
[0.639s][info][gc,phases    ] GC(21)   Evacuate Collection Set: 3.8ms
[0.639s][info][gc,phases    ] GC(21)   Post Evacuate Collection Set: 0.3ms
[0.639s][info][gc,phases    ] GC(21)   Other: 0.1ms
[0.639s][info][gc,heap      ] GC(21) Eden regions: 17->0(21)
[0.639s][info][gc,heap      ] GC(21) Survivor regions: 8->4(4)
[0.639s][info][gc,heap      ] GC(21) Old regions: 253->234
[0.639s][info][gc,heap      ] GC(21) Archive regions: 0->0
[0.639s][info][gc,heap      ] GC(21) Humongous regions: 138->125
[0.639s][info][gc,metaspace ] GC(21) Metaspace: 9171K(9600K)->9171K(9600K) NonClass: 8366K(8704K)->8366K(8704K) Class: 805K(896K)->805K(896K)
[0.639s][info][gc           ] GC(21) Pause Young (Mixed) (G1 Evacuation Pause) 415M->362M(512M) 4.461ms
[0.639s][info][gc,cpu       ] GC(21) User=0.08s Sys=0.00s Real=0.00s
[0.643s][info][gc,start     ] GC(22) Pause Young (Mixed) (G1 Evacuation Pause)
[0.643s][info][gc,task      ] GC(22) Using 6 workers of 6 for evacuation
[0.648s][info][gc,phases    ] GC(22)   Pre Evacuate Collection Set: 0.1ms
[0.648s][info][gc,phases    ] GC(22)   Merge Heap Roots: 0.0ms
[0.648s][info][gc,phases    ] GC(22)   Evacuate Collection Set: 4.5ms
[0.648s][info][gc,phases    ] GC(22)   Post Evacuate Collection Set: 0.3ms
[0.648s][info][gc,phases    ] GC(22)   Other: 0.2ms
[0.648s][info][gc,heap      ] GC(22) Eden regions: 21->0(54)
[0.648s][info][gc,heap      ] GC(22) Survivor regions: 4->4(4)
[0.648s][info][gc,heap      ] GC(22) Old regions: 234->223
[0.648s][info][gc,heap      ] GC(22) Archive regions: 0->0
[0.648s][info][gc,heap      ] GC(22) Humongous regions: 141->126
[0.648s][info][gc,metaspace ] GC(22) Metaspace: 9171K(9600K)->9171K(9600K) NonClass: 8366K(8704K)->8366K(8704K) Class: 805K(896K)->805K(896K)
[0.648s][info][gc           ] GC(22) Pause Young (Mixed) (G1 Evacuation Pause) 399M->352M(512M) 5.170ms
[0.648s][info][gc,cpu       ] GC(22) User=0.00s Sys=0.00s Real=0.01s
[0.658s][info][gc,start     ] GC(23) Pause Young (Concurrent Start) (G1 Humongous Allocation)
[0.658s][info][gc,task      ] GC(23) Using 6 workers of 6 for evacuation
[0.661s][info][gc,phases    ] GC(23)   Pre Evacuate Collection Set: 0.0ms
[0.661s][info][gc,phases    ] GC(23)   Merge Heap Roots: 0.0ms
[0.661s][info][gc,phases    ] GC(23)   Evacuate Collection Set: 2.7ms
[0.661s][info][gc,phases    ] GC(23)   Post Evacuate Collection Set: 0.2ms
[0.661s][info][gc,phases    ] GC(23)   Other: 0.1ms
[0.661s][info][gc,heap      ] GC(23) Eden regions: 54->0(42)
[0.661s][info][gc,heap      ] GC(23) Survivor regions: 4->8(8)
[0.661s][info][gc,heap      ] GC(23) Old regions: 223->239
[0.661s][info][gc,heap      ] GC(23) Archive regions: 0->0
[0.661s][info][gc,heap      ] GC(23) Humongous regions: 157->128
[0.661s][info][gc,metaspace ] GC(23) Metaspace: 9171K(9600K)->9171K(9600K) NonClass: 8366K(8704K)->8366K(8704K) Class: 805K(896K)->805K(896K)
[0.661s][info][gc           ] GC(23) Pause Young (Concurrent Start) (G1 Humongous Allocation) 437M->374M(512M) 3.341ms
[0.661s][info][gc,cpu       ] GC(23) User=0.00s Sys=0.00s Real=0.00s
[0.661s][info][gc           ] GC(24) Concurrent Cycle
[0.662s][info][gc,marking   ] GC(24) Concurrent Clear Claimed Marks
[0.662s][info][gc,marking   ] GC(24) Concurrent Clear Claimed Marks 0.016ms
[0.662s][info][gc,marking   ] GC(24) Concurrent Scan Root Regions
[0.662s][info][gc,marking   ] GC(24) Concurrent Scan Root Regions 0.065ms
[0.662s][info][gc,marking   ] GC(24) Concurrent Mark (0.662s)
[0.662s][info][gc,marking   ] GC(24) Concurrent Mark From Roots
[0.662s][info][gc,task      ] GC(24) Using 2 workers of 2 for marking
[0.663s][info][gc,marking   ] GC(24) Concurrent Mark From Roots 1.520ms
[0.663s][info][gc,marking   ] GC(24) Concurrent Preclean
[0.663s][info][gc,marking   ] GC(24) Concurrent Preclean 0.041ms
[0.663s][info][gc,marking   ] GC(24) Concurrent Mark (0.662s, 0.663s) 1.600ms
[0.663s][info][gc,start     ] GC(24) Pause Remark
[0.664s][info][gc           ] GC(24) Pause Remark 390M->390M(512M) 0.381ms
[0.664s][info][gc,cpu       ] GC(24) User=0.00s Sys=0.00s Real=0.00s
[0.664s][info][gc,marking   ] GC(24) Concurrent Rebuild Remembered Sets
[0.665s][info][gc,marking   ] GC(24) Concurrent Rebuild Remembered Sets 1.051ms
[0.665s][info][gc,start     ] GC(24) Pause Cleanup
[0.665s][info][gc           ] GC(24) Pause Cleanup 397M->397M(512M) 0.104ms
[0.665s][info][gc,cpu       ] GC(24) User=0.00s Sys=0.00s Real=0.00s
[0.665s][info][gc,marking   ] GC(24) Concurrent Cleanup for Next Mark
[0.666s][info][gc,marking   ] GC(24) Concurrent Cleanup for Next Mark 0.674ms
[0.666s][info][gc           ] GC(24) Concurrent Cycle 4.242ms
[0.671s][info][gc,start     ] GC(25) Pause Young (Prepare Mixed) (G1 Evacuation Pause)
[0.672s][info][gc,task      ] GC(25) Using 6 workers of 6 for evacuation
[0.674s][info][gc,phases    ] GC(25)   Pre Evacuate Collection Set: 0.1ms
[0.674s][info][gc,phases    ] GC(25)   Merge Heap Roots: 0.1ms
[0.674s][info][gc,phases    ] GC(25)   Evacuate Collection Set: 2.5ms
[0.675s][info][gc,phases    ] GC(25)   Post Evacuate Collection Set: 0.2ms
[0.675s][info][gc,phases    ] GC(25)   Other: 0.1ms
[0.675s][info][gc,heap      ] GC(25) Eden regions: 42->0(18)
[0.675s][info][gc,heap      ] GC(25) Survivor regions: 8->7(7)
[0.675s][info][gc,heap      ] GC(25) Old regions: 239->259
[0.675s][info][gc,heap      ] GC(25) Archive regions: 0->0
[0.675s][info][gc,heap      ] GC(25) Humongous regions: 164->140
[0.675s][info][gc,metaspace ] GC(25) Metaspace: 9171K(9600K)->9171K(9600K) NonClass: 8366K(8704K)->8366K(8704K) Class: 805K(896K)->805K(896K)
[0.675s][info][gc           ] GC(25) Pause Young (Prepare Mixed) (G1 Evacuation Pause) 452M->405M(512M) 3.130ms
[0.675s][info][gc,cpu       ] GC(25) User=0.00s Sys=0.00s Real=0.00s
[0.678s][info][gc,start     ] GC(26) Pause Young (Mixed) (G1 Evacuation Pause)
[0.678s][info][gc,task      ] GC(26) Using 6 workers of 6 for evacuation
[0.683s][info][gc,phases    ] GC(26)   Pre Evacuate Collection Set: 0.1ms
[0.683s][info][gc,phases    ] GC(26)   Merge Heap Roots: 0.0ms
[0.683s][info][gc,phases    ] GC(26)   Evacuate Collection Set: 4.0ms
[0.683s][info][gc,phases    ] GC(26)   Post Evacuate Collection Set: 0.3ms
[0.683s][info][gc,phases    ] GC(26)   Other: 0.2ms
[0.683s][info][gc,heap      ] GC(26) Eden regions: 18->0(38)
[0.683s][info][gc,heap      ] GC(26) Survivor regions: 7->4(4)
[0.683s][info][gc,heap      ] GC(26) Old regions: 259->242
[0.683s][info][gc,heap      ] GC(26) Archive regions: 0->0
[0.683s][info][gc,heap      ] GC(26) Humongous regions: 153->135
[0.683s][info][gc,metaspace ] GC(26) Metaspace: 9171K(9600K)->9171K(9600K) NonClass: 8366K(8704K)->8366K(8704K) Class: 805K(896K)->805K(896K)
[0.683s][info][gc           ] GC(26) Pause Young (Mixed) (G1 Evacuation Pause) 436M->380M(512M) 4.657ms
[0.683s][info][gc,cpu       ] GC(26) User=0.00s Sys=0.00s Real=0.00s
[0.683s][info][gc,start     ] GC(27) Pause Young (Concurrent Start) (G1 Humongous Allocation)
[0.683s][info][gc,task      ] GC(27) Using 6 workers of 6 for evacuation
[0.684s][info][gc,phases    ] GC(27)   Pre Evacuate Collection Set: 0.0ms
[0.684s][info][gc,phases    ] GC(27)   Merge Heap Roots: 0.0ms
[0.684s][info][gc,phases    ] GC(27)   Evacuate Collection Set: 0.5ms
[0.684s][info][gc,phases    ] GC(27)   Post Evacuate Collection Set: 0.1ms
[0.684s][info][gc,phases    ] GC(27)   Other: 0.1ms
[0.684s][info][gc,heap      ] GC(27) Eden regions: 2->0(41)
[0.684s][info][gc,heap      ] GC(27) Survivor regions: 4->1(6)
[0.684s][info][gc,heap      ] GC(27) Old regions: 242->246
[0.684s][info][gc,heap      ] GC(27) Archive regions: 0->0
[0.684s][info][gc,heap      ] GC(27) Humongous regions: 139->137
[0.684s][info][gc,metaspace ] GC(27) Metaspace: 9171K(9600K)->9171K(9600K) NonClass: 8366K(8704K)->8366K(8704K) Class: 805K(896K)->805K(896K)
[0.684s][info][gc           ] GC(27) Pause Young (Concurrent Start) (G1 Humongous Allocation) 386M->383M(512M) 0.934ms
[0.684s][info][gc,cpu       ] GC(27) User=0.00s Sys=0.00s Real=0.00s
[0.684s][info][gc           ] GC(28) Concurrent Cycle
[0.684s][info][gc,marking   ] GC(28) Concurrent Clear Claimed Marks
[0.684s][info][gc,marking   ] GC(28) Concurrent Clear Claimed Marks 0.012ms
[0.684s][info][gc,marking   ] GC(28) Concurrent Scan Root Regions
[0.684s][info][gc,marking   ] GC(28) Concurrent Scan Root Regions 0.033ms
[0.684s][info][gc,marking   ] GC(28) Concurrent Mark (0.684s)
[0.684s][info][gc,marking   ] GC(28) Concurrent Mark From Roots
[0.684s][info][gc,task      ] GC(28) Using 2 workers of 2 for marking
[0.686s][info][gc,marking   ] GC(28) Concurrent Mark From Roots 1.545ms
[0.686s][info][gc,marking   ] GC(28) Concurrent Preclean
[0.686s][info][gc,marking   ] GC(28) Concurrent Preclean 0.040ms
[0.686s][info][gc,marking   ] GC(28) Concurrent Mark (0.684s, 0.686s) 1.632ms
[0.686s][info][gc,start     ] GC(28) Pause Remark
[0.686s][info][gc           ] GC(28) Pause Remark 399M->399M(512M) 0.349ms
[0.687s][info][gc,cpu       ] GC(28) User=0.00s Sys=0.00s Real=0.00s
[0.687s][info][gc,marking   ] GC(28) Concurrent Rebuild Remembered Sets
[0.688s][info][gc,marking   ] GC(28) Concurrent Rebuild Remembered Sets 1.061ms
[0.688s][info][gc,start     ] GC(28) Pause Cleanup
[0.688s][info][gc           ] GC(28) Pause Cleanup 409M->409M(512M) 0.113ms
[0.688s][info][gc,cpu       ] GC(28) User=0.00s Sys=0.00s Real=0.00s
[0.688s][info][gc,marking   ] GC(28) Concurrent Cleanup for Next Mark
[0.688s][info][gc,marking   ] GC(28) Concurrent Cleanup for Next Mark 0.611ms
[0.688s][info][gc           ] GC(28) Concurrent Cycle 4.171ms
[0.692s][info][gc,start     ] GC(29) Pause Young (Prepare Mixed) (G1 Evacuation Pause)
[0.692s][info][gc,task      ] GC(29) Using 6 workers of 6 for evacuation
[0.694s][info][gc,phases    ] GC(29)   Pre Evacuate Collection Set: 0.0ms
[0.694s][info][gc,phases    ] GC(29)   Merge Heap Roots: 0.1ms
[0.694s][info][gc,phases    ] GC(29)   Evacuate Collection Set: 2.1ms
[0.694s][info][gc,phases    ] GC(29)   Post Evacuate Collection Set: 0.2ms
[0.694s][info][gc,phases    ] GC(29)   Other: 0.1ms
[0.694s][info][gc,heap      ] GC(29) Eden regions: 41->0(19)
[0.694s][info][gc,heap      ] GC(29) Survivor regions: 1->6(6)
[0.694s][info][gc,heap      ] GC(29) Old regions: 246->262
[0.694s][info][gc,heap      ] GC(29) Archive regions: 0->0
[0.694s][info][gc,heap      ] GC(29) Humongous regions: 154->134
[0.694s][info][gc,metaspace ] GC(29) Metaspace: 9171K(9600K)->9171K(9600K) NonClass: 8366K(8704K)->8366K(8704K) Class: 805K(896K)->805K(896K)
[0.694s][info][gc           ] GC(29) Pause Young (Prepare Mixed) (G1 Evacuation Pause) 441M->401M(512M) 2.661ms
[0.695s][info][gc,cpu       ] GC(29) User=0.00s Sys=0.00s Real=0.00s
[0.698s][info][gc,start     ] GC(30) Pause Young (Mixed) (G1 Evacuation Pause)
[0.698s][info][gc,task      ] GC(30) Using 6 workers of 6 for evacuation
[0.703s][info][gc,phases    ] GC(30)   Pre Evacuate Collection Set: 0.1ms
[0.703s][info][gc,phases    ] GC(30)   Merge Heap Roots: 0.0ms
[0.703s][info][gc,phases    ] GC(30)   Evacuate Collection Set: 4.0ms
[0.703s][info][gc,phases    ] GC(30)   Post Evacuate Collection Set: 0.3ms
[0.703s][info][gc,phases    ] GC(30)   Other: 0.2ms
[0.703s][info][gc,heap      ] GC(30) Eden regions: 19->0(37)
[0.703s][info][gc,heap      ] GC(30) Survivor regions: 6->4(4)
[0.703s][info][gc,heap      ] GC(30) Old regions: 262->246
[0.703s][info][gc,heap      ] GC(30) Archive regions: 0->0
[0.703s][info][gc,heap      ] GC(30) Humongous regions: 147->137
[0.703s][info][gc,metaspace ] GC(30) Metaspace: 9171K(9600K)->9171K(9600K) NonClass: 8366K(8704K)->8366K(8704K) Class: 805K(896K)->805K(896K)
[0.703s][info][gc           ] GC(30) Pause Young (Mixed) (G1 Evacuation Pause) 433M->386M(512M) 4.711ms
[0.703s][info][gc,cpu       ] GC(30) User=0.06s Sys=0.02s Real=0.00s
[0.703s][info][gc,start     ] GC(31) Pause Young (Concurrent Start) (G1 Humongous Allocation)
[0.703s][info][gc,task      ] GC(31) Using 6 workers of 6 for evacuation
[0.704s][info][gc,phases    ] GC(31)   Pre Evacuate Collection Set: 0.0ms
[0.704s][info][gc,phases    ] GC(31)   Merge Heap Roots: 0.0ms
[0.704s][info][gc,phases    ] GC(31)   Evacuate Collection Set: 0.5ms
[0.704s][info][gc,phases    ] GC(31)   Post Evacuate Collection Set: 0.1ms
[0.704s][info][gc,phases    ] GC(31)   Other: 0.1ms
[0.704s][info][gc,heap      ] GC(31) Eden regions: 1->0(36)
[0.704s][info][gc,heap      ] GC(31) Survivor regions: 4->1(6)
[0.704s][info][gc,heap      ] GC(31) Old regions: 246->250
[0.704s][info][gc,heap      ] GC(31) Archive regions: 0->0
[0.704s][info][gc,heap      ] GC(31) Humongous regions: 137->137
[0.704s][info][gc,metaspace ] GC(31) Metaspace: 9171K(9600K)->9171K(9600K) NonClass: 8366K(8704K)->8366K(8704K) Class: 805K(896K)->805K(896K)
[0.704s][info][gc           ] GC(31) Pause Young (Concurrent Start) (G1 Humongous Allocation) 387M->386M(512M) 0.944ms
[0.704s][info][gc,cpu       ] GC(31) User=0.00s Sys=0.00s Real=0.00s
[0.704s][info][gc           ] GC(32) Concurrent Cycle
[0.704s][info][gc,marking   ] GC(32) Concurrent Clear Claimed Marks
[0.704s][info][gc,marking   ] GC(32) Concurrent Clear Claimed Marks 0.010ms
[0.704s][info][gc,marking   ] GC(32) Concurrent Scan Root Regions
[0.704s][info][gc,marking   ] GC(32) Concurrent Scan Root Regions 0.052ms
[0.704s][info][gc,marking   ] GC(32) Concurrent Mark (0.704s)
[0.704s][info][gc,marking   ] GC(32) Concurrent Mark From Roots
[0.704s][info][gc,task      ] GC(32) Using 2 workers of 2 for marking
[0.706s][info][gc,marking   ] GC(32) Concurrent Mark From Roots 1.676ms
[0.706s][info][gc,marking   ] GC(32) Concurrent Preclean
[0.706s][info][gc,marking   ] GC(32) Concurrent Preclean 0.037ms
[0.706s][info][gc,marking   ] GC(32) Concurrent Mark (0.704s, 0.706s) 1.755ms
[0.706s][info][gc,start     ] GC(32) Pause Remark
[0.706s][info][gc           ] GC(32) Pause Remark 405M->405M(512M) 0.317ms
[0.706s][info][gc,cpu       ] GC(32) User=0.00s Sys=0.00s Real=0.00s
[0.706s][info][gc,marking   ] GC(32) Concurrent Rebuild Remembered Sets
[0.707s][info][gc,marking   ] GC(32) Concurrent Rebuild Remembered Sets 1.039ms
[0.708s][info][gc,start     ] GC(32) Pause Cleanup
[0.708s][info][gc           ] GC(32) Pause Cleanup 413M->413M(512M) 0.127ms
[0.708s][info][gc,cpu       ] GC(32) User=0.00s Sys=0.00s Real=0.00s
[0.708s][info][gc,marking   ] GC(32) Concurrent Cleanup for Next Mark
[0.708s][info][gc,marking   ] GC(32) Concurrent Cleanup for Next Mark 0.588ms
[0.708s][info][gc           ] GC(32) Concurrent Cycle 4.131ms
[0.712s][info][gc,start     ] GC(33) Pause Young (Prepare Mixed) (G1 Evacuation Pause)
[0.712s][info][gc,task      ] GC(33) Using 6 workers of 6 for evacuation
[0.714s][info][gc,phases    ] GC(33)   Pre Evacuate Collection Set: 0.0ms
[0.714s][info][gc,phases    ] GC(33)   Merge Heap Roots: 0.1ms
[0.714s][info][gc,phases    ] GC(33)   Evacuate Collection Set: 1.6ms
[0.714s][info][gc,phases    ] GC(33)   Post Evacuate Collection Set: 0.2ms
[0.714s][info][gc,phases    ] GC(33)   Other: 0.1ms
[0.714s][info][gc,heap      ] GC(33) Eden regions: 36->0(20)
[0.714s][info][gc,heap      ] GC(33) Survivor regions: 1->5(5)
[0.714s][info][gc,heap      ] GC(33) Old regions: 250->259
[0.714s][info][gc,heap      ] GC(33) Archive regions: 0->0
[0.714s][info][gc,heap      ] GC(33) Humongous regions: 158->136
[0.714s][info][gc,metaspace ] GC(33) Metaspace: 9171K(9600K)->9171K(9600K) NonClass: 8366K(8704K)->8366K(8704K) Class: 805K(896K)->805K(896K)
[0.714s][info][gc           ] GC(33) Pause Young (Prepare Mixed) (G1 Evacuation Pause) 443M->399M(512M) 2.192ms
[0.714s][info][gc,cpu       ] GC(33) User=0.00s Sys=0.00s Real=0.00s
[0.718s][info][gc,start     ] GC(34) Pause Young (Mixed) (G1 Evacuation Pause)
[0.718s][info][gc,task      ] GC(34) Using 6 workers of 6 for evacuation
[0.722s][info][gc,phases    ] GC(34)   Pre Evacuate Collection Set: 0.1ms
[0.722s][info][gc,phases    ] GC(34)   Merge Heap Roots: 0.0ms
[0.722s][info][gc,phases    ] GC(34)   Evacuate Collection Set: 4.2ms
[0.722s][info][gc,phases    ] GC(34)   Post Evacuate Collection Set: 0.3ms
[0.722s][info][gc,phases    ] GC(34)   Other: 0.2ms
[0.722s][info][gc,heap      ] GC(34) Eden regions: 20->0(38)
[0.722s][info][gc,heap      ] GC(34) Survivor regions: 5->4(4)
[0.722s][info][gc,heap      ] GC(34) Old regions: 259->244
[0.722s][info][gc,heap      ] GC(34) Archive regions: 0->0
[0.722s][info][gc,heap      ] GC(34) Humongous regions: 149->136
[0.722s][info][gc,metaspace ] GC(34) Metaspace: 9171K(9600K)->9171K(9600K) NonClass: 8366K(8704K)->8366K(8704K) Class: 805K(896K)->805K(896K)
[0.722s][info][gc           ] GC(34) Pause Young (Mixed) (G1 Evacuation Pause) 432M->383M(512M) 4.910ms
[0.722s][info][gc,cpu       ] GC(34) User=0.00s Sys=0.00s Real=0.00s
[0.723s][info][gc,start     ] GC(35) Pause Young (Concurrent Start) (G1 Humongous Allocation)
[0.723s][info][gc,task      ] GC(35) Using 6 workers of 6 for evacuation
[0.723s][info][gc,phases    ] GC(35)   Pre Evacuate Collection Set: 0.0ms
[0.723s][info][gc,phases    ] GC(35)   Merge Heap Roots: 0.0ms
[0.723s][info][gc,phases    ] GC(35)   Evacuate Collection Set: 0.5ms
[0.723s][info][gc,phases    ] GC(35)   Post Evacuate Collection Set: 0.2ms
[0.723s][info][gc,phases    ] GC(35)   Other: 0.1ms
[0.723s][info][gc,heap      ] GC(35) Eden regions: 1->0(36)
[0.723s][info][gc,heap      ] GC(35) Survivor regions: 4->1(6)
[0.723s][info][gc,heap      ] GC(35) Old regions: 244->249
[0.723s][info][gc,heap      ] GC(35) Archive regions: 0->0
[0.724s][info][gc,heap      ] GC(35) Humongous regions: 136->136
[0.724s][info][gc,metaspace ] GC(35) Metaspace: 9171K(9600K)->9171K(9600K) NonClass: 8366K(8704K)->8366K(8704K) Class: 805K(896K)->805K(896K)
[0.724s][info][gc           ] GC(35) Pause Young (Concurrent Start) (G1 Humongous Allocation) 384M->384M(512M) 0.950ms
[0.724s][info][gc,cpu       ] GC(35) User=0.00s Sys=0.00s Real=0.00s
[0.724s][info][gc           ] GC(36) Concurrent Cycle
[0.724s][info][gc,marking   ] GC(36) Concurrent Clear Claimed Marks
[0.724s][info][gc,marking   ] GC(36) Concurrent Clear Claimed Marks 0.016ms
[0.724s][info][gc,marking   ] GC(36) Concurrent Scan Root Regions
[0.724s][info][gc,marking   ] GC(36) Concurrent Scan Root Regions 0.050ms
[0.724s][info][gc,marking   ] GC(36) Concurrent Mark (0.724s)
[0.724s][info][gc,marking   ] GC(36) Concurrent Mark From Roots
[0.724s][info][gc,task      ] GC(36) Using 2 workers of 2 for marking
[0.725s][info][gc,marking   ] GC(36) Concurrent Mark From Roots 1.625ms
[0.725s][info][gc,marking   ] GC(36) Concurrent Preclean
[0.725s][info][gc,marking   ] GC(36) Concurrent Preclean 0.036ms
[0.725s][info][gc,marking   ] GC(36) Concurrent Mark (0.724s, 0.725s) 1.706ms
[0.726s][info][gc,start     ] GC(36) Pause Remark
[0.726s][info][gc           ] GC(36) Pause Remark 403M->403M(512M) 0.365ms
[0.726s][info][gc,cpu       ] GC(36) User=0.00s Sys=0.00s Real=0.00s
[0.726s][info][gc,marking   ] GC(36) Concurrent Rebuild Remembered Sets
[0.727s][info][gc,marking   ] GC(36) Concurrent Rebuild Remembered Sets 1.005ms
[0.727s][info][gc,start     ] GC(36) Pause Cleanup
[0.727s][info][gc           ] GC(36) Pause Cleanup 411M->411M(512M) 0.155ms
[0.727s][info][gc,cpu       ] GC(36) User=0.00s Sys=0.00s Real=0.00s
[0.727s][info][gc,marking   ] GC(36) Concurrent Cleanup for Next Mark
[0.728s][info][gc,marking   ] GC(36) Concurrent Cleanup for Next Mark 0.553ms
[0.728s][info][gc           ] GC(36) Concurrent Cycle 4.189ms
[0.731s][info][gc,start     ] GC(37) Pause Young (Prepare Mixed) (G1 Evacuation Pause)
[0.731s][info][gc,task      ] GC(37) Using 6 workers of 6 for evacuation
[0.734s][info][gc,phases    ] GC(37)   Pre Evacuate Collection Set: 0.0ms
[0.734s][info][gc,phases    ] GC(37)   Merge Heap Roots: 0.1ms
[0.734s][info][gc,phases    ] GC(37)   Evacuate Collection Set: 1.8ms
[0.734s][info][gc,phases    ] GC(37)   Post Evacuate Collection Set: 0.3ms
[0.734s][info][gc,phases    ] GC(37)   Other: 0.1ms
[0.734s][info][gc,heap      ] GC(37) Eden regions: 36->0(20)
[0.734s][info][gc,heap      ] GC(37) Survivor regions: 1->5(5)
[0.734s][info][gc,heap      ] GC(37) Old regions: 249->260
[0.734s][info][gc,heap      ] GC(37) Archive regions: 0->0
[0.734s][info][gc,heap      ] GC(37) Humongous regions: 159->136
[0.734s][info][gc,metaspace ] GC(37) Metaspace: 9171K(9600K)->9171K(9600K) NonClass: 8366K(8704K)->8366K(8704K) Class: 805K(896K)->805K(896K)
[0.734s][info][gc           ] GC(37) Pause Young (Prepare Mixed) (G1 Evacuation Pause) 443M->400M(512M) 2.470ms
[0.734s][info][gc,cpu       ] GC(37) User=0.08s Sys=0.00s Real=0.00s
[0.738s][info][gc,start     ] GC(38) Pause Young (Mixed) (G1 Evacuation Pause)
[0.738s][info][gc,task      ] GC(38) Using 6 workers of 6 for evacuation
[0.743s][info][gc,phases    ] GC(38)   Pre Evacuate Collection Set: 0.0ms
[0.743s][info][gc,phases    ] GC(38)   Merge Heap Roots: 0.0ms
[0.743s][info][gc,phases    ] GC(38)   Evacuate Collection Set: 4.2ms
[0.743s][info][gc,phases    ] GC(38)   Post Evacuate Collection Set: 0.3ms
[0.743s][info][gc,phases    ] GC(38)   Other: 0.1ms
[0.743s][info][gc,heap      ] GC(38) Eden regions: 20->0(34)
[0.743s][info][gc,heap      ] GC(38) Survivor regions: 5->4(4)
[0.743s][info][gc,heap      ] GC(38) Old regions: 260->245
[0.743s][info][gc,heap      ] GC(38) Archive regions: 0->0
[0.743s][info][gc,heap      ] GC(38) Humongous regions: 157->143
[0.743s][info][gc,metaspace ] GC(38) Metaspace: 9171K(9600K)->9171K(9600K) NonClass: 8366K(8704K)->8366K(8704K) Class: 805K(896K)->805K(896K)
[0.743s][info][gc           ] GC(38) Pause Young (Mixed) (G1 Evacuation Pause) 441M->391M(512M) 4.891ms
[0.743s][info][gc,cpu       ] GC(38) User=0.00s Sys=0.00s Real=0.00s
[0.743s][info][gc,start     ] GC(39) Pause Young (Concurrent Start) (G1 Humongous Allocation)
[0.743s][info][gc,task      ] GC(39) Using 6 workers of 6 for evacuation
[0.744s][info][gc,phases    ] GC(39)   Pre Evacuate Collection Set: 0.0ms
[0.744s][info][gc,phases    ] GC(39)   Merge Heap Roots: 0.0ms
[0.744s][info][gc,phases    ] GC(39)   Evacuate Collection Set: 0.4ms
[0.744s][info][gc,phases    ] GC(39)   Post Evacuate Collection Set: 0.1ms
[0.744s][info][gc,phases    ] GC(39)   Other: 0.1ms
[0.744s][info][gc,heap      ] GC(39) Eden regions: 1->0(34)
[0.744s][info][gc,heap      ] GC(39) Survivor regions: 4->1(5)
[0.744s][info][gc,heap      ] GC(39) Old regions: 245->249
[0.744s][info][gc,heap      ] GC(39) Archive regions: 0->0
[0.744s][info][gc,heap      ] GC(39) Humongous regions: 143->143
[0.744s][info][gc,metaspace ] GC(39) Metaspace: 9171K(9600K)->9171K(9600K) NonClass: 8366K(8704K)->8366K(8704K) Class: 805K(896K)->805K(896K)
[0.744s][info][gc           ] GC(39) Pause Young (Concurrent Start) (G1 Humongous Allocation) 392M->391M(512M) 0.846ms
[0.744s][info][gc,cpu       ] GC(39) User=0.00s Sys=0.00s Real=0.00s
[0.744s][info][gc           ] GC(40) Concurrent Cycle
[0.744s][info][gc,marking   ] GC(40) Concurrent Clear Claimed Marks
[0.744s][info][gc,marking   ] GC(40) Concurrent Clear Claimed Marks 0.015ms
[0.744s][info][gc,marking   ] GC(40) Concurrent Scan Root Regions
[0.744s][info][gc,marking   ] GC(40) Concurrent Scan Root Regions 0.055ms
[0.744s][info][gc,marking   ] GC(40) Concurrent Mark (0.744s)
[0.744s][info][gc,marking   ] GC(40) Concurrent Mark From Roots
[0.744s][info][gc,task      ] GC(40) Using 2 workers of 2 for marking
[0.746s][info][gc,marking   ] GC(40) Concurrent Mark From Roots 1.627ms
[0.746s][info][gc,marking   ] GC(40) Concurrent Preclean
[0.746s][info][gc,marking   ] GC(40) Concurrent Preclean 0.037ms
[0.746s][info][gc,marking   ] GC(40) Concurrent Mark (0.744s, 0.746s) 1.708ms
[0.746s][info][gc,start     ] GC(40) Pause Remark
[0.746s][info][gc           ] GC(40) Pause Remark 405M->405M(512M) 0.306ms
[0.746s][info][gc,cpu       ] GC(40) User=0.00s Sys=0.00s Real=0.00s
[0.746s][info][gc,marking   ] GC(40) Concurrent Rebuild Remembered Sets
[0.747s][info][gc,marking   ] GC(40) Concurrent Rebuild Remembered Sets 1.105ms
[0.747s][info][gc,start     ] GC(40) Pause Cleanup
[0.748s][info][gc           ] GC(40) Pause Cleanup 414M->414M(512M) 0.112ms
[0.748s][info][gc,cpu       ] GC(40) User=0.00s Sys=0.00s Real=0.00s
[0.748s][info][gc,marking   ] GC(40) Concurrent Cleanup for Next Mark
[0.748s][info][gc,marking   ] GC(40) Concurrent Cleanup for Next Mark 0.693ms
[0.748s][info][gc           ] GC(40) Concurrent Cycle 4.286ms
[0.751s][info][gc,start     ] GC(41) Pause Young (Prepare Mixed) (G1 Evacuation Pause)
[0.751s][info][gc,task      ] GC(41) Using 6 workers of 6 for evacuation
[0.753s][info][gc,phases    ] GC(41)   Pre Evacuate Collection Set: 0.0ms
[0.753s][info][gc,phases    ] GC(41)   Merge Heap Roots: 0.1ms
[0.753s][info][gc,phases    ] GC(41)   Evacuate Collection Set: 1.3ms
[0.753s][info][gc,phases    ] GC(41)   Post Evacuate Collection Set: 0.2ms
[0.753s][info][gc,phases    ] GC(41)   Other: 0.1ms
[0.753s][info][gc,heap      ] GC(41) Eden regions: 34->0(20)
[0.753s][info][gc,heap      ] GC(41) Survivor regions: 1->5(5)
[0.753s][info][gc,heap      ] GC(41) Old regions: 249->258
[0.753s][info][gc,heap      ] GC(41) Archive regions: 0->0
[0.753s][info][gc,heap      ] GC(41) Humongous regions: 159->147
[0.753s][info][gc,metaspace ] GC(41) Metaspace: 9171K(9600K)->9171K(9600K) NonClass: 8366K(8704K)->8366K(8704K) Class: 805K(896K)->805K(896K)
[0.753s][info][gc           ] GC(41) Pause Young (Prepare Mixed) (G1 Evacuation Pause) 441M->409M(512M) 1.848ms
[0.753s][info][gc,cpu       ] GC(41) User=0.00s Sys=0.00s Real=0.00s
[0.757s][info][gc,start     ] GC(42) Pause Young (Mixed) (G1 Evacuation Pause)
[0.757s][info][gc,task      ] GC(42) Using 6 workers of 6 for evacuation
[0.761s][info][gc,phases    ] GC(42)   Pre Evacuate Collection Set: 0.0ms
[0.761s][info][gc,phases    ] GC(42)   Merge Heap Roots: 0.0ms
[0.761s][info][gc,phases    ] GC(42)   Evacuate Collection Set: 4.3ms
[0.762s][info][gc,phases    ] GC(42)   Post Evacuate Collection Set: 0.3ms
[0.762s][info][gc,phases    ] GC(42)   Other: 0.2ms
[0.762s][info][gc,heap      ] GC(42) Eden regions: 20->0(33)
[0.762s][info][gc,heap      ] GC(42) Survivor regions: 5->4(4)
[0.762s][info][gc,heap      ] GC(42) Old regions: 258->244
[0.762s][info][gc,heap      ] GC(42) Archive regions: 0->0
[0.762s][info][gc,heap      ] GC(42) Humongous regions: 155->146
[0.762s][info][gc,metaspace ] GC(42) Metaspace: 9171K(9600K)->9171K(9600K) NonClass: 8366K(8704K)->8366K(8704K) Class: 805K(896K)->805K(896K)
[0.762s][info][gc           ] GC(42) Pause Young (Mixed) (G1 Evacuation Pause) 437M->393M(512M) 4.912ms
[0.762s][info][gc,cpu       ] GC(42) User=0.00s Sys=0.00s Real=0.00s
[0.763s][info][gc,start     ] GC(43) Pause Young (Concurrent Start) (G1 Humongous Allocation)
[0.763s][info][gc,task      ] GC(43) Using 6 workers of 6 for evacuation
[0.764s][info][gc,phases    ] GC(43)   Pre Evacuate Collection Set: 0.0ms
[0.764s][info][gc,phases    ] GC(43)   Merge Heap Roots: 0.0ms
[0.764s][info][gc,phases    ] GC(43)   Evacuate Collection Set: 0.7ms
[0.764s][info][gc,phases    ] GC(43)   Post Evacuate Collection Set: 0.2ms
[0.764s][info][gc,phases    ] GC(43)   Other: 0.1ms
[0.764s][info][gc,heap      ] GC(43) Eden regions: 7->0(30)
[0.764s][info][gc,heap      ] GC(43) Survivor regions: 4->3(5)
[0.764s][info][gc,heap      ] GC(43) Old regions: 244->249
[0.764s][info][gc,heap      ] GC(43) Archive regions: 0->0
[0.764s][info][gc,heap      ] GC(43) Humongous regions: 146->146
[0.764s][info][gc,metaspace ] GC(43) Metaspace: 9171K(9600K)->9171K(9600K) NonClass: 8366K(8704K)->8366K(8704K) Class: 805K(896K)->805K(896K)
[0.764s][info][gc           ] GC(43) Pause Young (Concurrent Start) (G1 Humongous Allocation) 400M->396M(512M) 1.209ms
[0.764s][info][gc,cpu       ] GC(43) User=0.08s Sys=0.00s Real=0.00s
[0.764s][info][gc           ] GC(44) Concurrent Cycle
[0.764s][info][gc,marking   ] GC(44) Concurrent Clear Claimed Marks
[0.764s][info][gc,marking   ] GC(44) Concurrent Clear Claimed Marks 0.013ms
[0.764s][info][gc,marking   ] GC(44) Concurrent Scan Root Regions
[0.764s][info][gc,marking   ] GC(44) Concurrent Scan Root Regions 0.057ms
[0.764s][info][gc,marking   ] GC(44) Concurrent Mark (0.764s)
[0.764s][info][gc,marking   ] GC(44) Concurrent Mark From Roots
[0.764s][info][gc,task      ] GC(44) Using 2 workers of 2 for marking
[0.766s][info][gc,marking   ] GC(44) Concurrent Mark From Roots 1.704ms
[0.766s][info][gc,marking   ] GC(44) Concurrent Preclean
[0.766s][info][gc,marking   ] GC(44) Concurrent Preclean 0.036ms
[0.766s][info][gc,marking   ] GC(44) Concurrent Mark (0.764s, 0.766s) 1.781ms
[0.766s][info][gc,start     ] GC(44) Pause Remark
[0.766s][info][gc           ] GC(44) Pause Remark 415M->415M(512M) 0.359ms
[0.766s][info][gc,cpu       ] GC(44) User=0.00s Sys=0.00s Real=0.00s
[0.766s][info][gc,marking   ] GC(44) Concurrent Rebuild Remembered Sets
[0.767s][info][gc,marking   ] GC(44) Concurrent Rebuild Remembered Sets 1.090ms
[0.767s][info][gc,start     ] GC(44) Pause Cleanup
[0.768s][info][gc           ] GC(44) Pause Cleanup 424M->424M(512M) 0.094ms
[0.768s][info][gc,cpu       ] GC(44) User=0.00s Sys=0.00s Real=0.00s
[0.768s][info][gc,marking   ] GC(44) Concurrent Cleanup for Next Mark
[0.768s][info][gc,marking   ] GC(44) Concurrent Cleanup for Next Mark 0.557ms
[0.768s][info][gc           ] GC(44) Concurrent Cycle 4.236ms
[0.771s][info][gc,start     ] GC(45) Pause Young (Prepare Mixed) (G1 Evacuation Pause)
[0.771s][info][gc,task      ] GC(45) Using 6 workers of 6 for evacuation
[0.772s][info][gc,phases    ] GC(45)   Pre Evacuate Collection Set: 0.0ms
[0.772s][info][gc,phases    ] GC(45)   Merge Heap Roots: 0.1ms
[0.772s][info][gc,phases    ] GC(45)   Evacuate Collection Set: 1.4ms
[0.772s][info][gc,phases    ] GC(45)   Post Evacuate Collection Set: 0.2ms
[0.772s][info][gc,phases    ] GC(45)   Other: 0.1ms
[0.772s][info][gc,heap      ] GC(45) Eden regions: 30->0(20)
[0.772s][info][gc,heap      ] GC(45) Survivor regions: 3->5(5)
[0.772s][info][gc,heap      ] GC(45) Old regions: 249->258
[0.772s][info][gc,heap      ] GC(45) Archive regions: 0->0
[0.772s][info][gc,heap      ] GC(45) Humongous regions: 162->145
[0.773s][info][gc,metaspace ] GC(45) Metaspace: 9171K(9600K)->9171K(9600K) NonClass: 8366K(8704K)->8366K(8704K) Class: 805K(896K)->805K(896K)
[0.773s][info][gc           ] GC(45) Pause Young (Prepare Mixed) (G1 Evacuation Pause) 442M->407M(512M) 1.933ms
[0.773s][info][gc,cpu       ] GC(45) User=0.00s Sys=0.00s Real=0.00s
[0.776s][info][gc,start     ] GC(46) Pause Young (Mixed) (G1 Evacuation Pause)
[0.776s][info][gc,task      ] GC(46) Using 6 workers of 6 for evacuation
[0.781s][info][gc,phases    ] GC(46)   Pre Evacuate Collection Set: 0.0ms
[0.781s][info][gc,phases    ] GC(46)   Merge Heap Roots: 0.0ms
[0.781s][info][gc,phases    ] GC(46)   Evacuate Collection Set: 4.5ms
[0.781s][info][gc,phases    ] GC(46)   Post Evacuate Collection Set: 0.3ms
[0.781s][info][gc,phases    ] GC(46)   Other: 0.2ms
[0.781s][info][gc,heap      ] GC(46) Eden regions: 20->0(33)
[0.781s][info][gc,heap      ] GC(46) Survivor regions: 5->4(4)
[0.781s][info][gc,heap      ] GC(46) Old regions: 258->245
[0.781s][info][gc,heap      ] GC(46) Archive regions: 0->0
[0.781s][info][gc,heap      ] GC(46) Humongous regions: 159->143
[0.781s][info][gc,metaspace ] GC(46) Metaspace: 9171K(9600K)->9171K(9600K) NonClass: 8366K(8704K)->8366K(8704K) Class: 805K(896K)->805K(896K)
[0.781s][info][gc           ] GC(46) Pause Young (Mixed) (G1 Evacuation Pause) 441M->391M(512M) 5.210ms
[0.781s][info][gc,cpu       ] GC(46) User=0.08s Sys=0.00s Real=0.00s
[0.782s][info][gc,start     ] GC(47) Pause Young (Concurrent Start) (G1 Humongous Allocation)
[0.782s][info][gc,task      ] GC(47) Using 6 workers of 6 for evacuation
[0.783s][info][gc,phases    ] GC(47)   Pre Evacuate Collection Set: 0.0ms
[0.783s][info][gc,phases    ] GC(47)   Merge Heap Roots: 0.0ms
[0.783s][info][gc,phases    ] GC(47)   Evacuate Collection Set: 0.5ms
[0.783s][info][gc,phases    ] GC(47)   Post Evacuate Collection Set: 0.2ms
[0.783s][info][gc,phases    ] GC(47)   Other: 0.1ms
[0.783s][info][gc,heap      ] GC(47) Eden regions: 3->0(35)
[0.783s][info][gc,heap      ] GC(47) Survivor regions: 4->1(5)
[0.783s][info][gc,heap      ] GC(47) Old regions: 245->249
[0.783s][info][gc,heap      ] GC(47) Archive regions: 0->0
[0.783s][info][gc,heap      ] GC(47) Humongous regions: 143->143
[0.783s][info][gc,metaspace ] GC(47) Metaspace: 9171K(9600K)->9171K(9600K) NonClass: 8366K(8704K)->8366K(8704K) Class: 805K(896K)->805K(896K)
[0.783s][info][gc           ] GC(47) Pause Young (Concurrent Start) (G1 Humongous Allocation) 393M->391M(512M) 1.005ms
[0.783s][info][gc,cpu       ] GC(47) User=0.00s Sys=0.00s Real=0.00s
[0.783s][info][gc           ] GC(48) Concurrent Cycle
[0.783s][info][gc,marking   ] GC(48) Concurrent Clear Claimed Marks
[0.783s][info][gc,marking   ] GC(48) Concurrent Clear Claimed Marks 0.011ms
[0.783s][info][gc,marking   ] GC(48) Concurrent Scan Root Regions
[0.783s][info][gc,marking   ] GC(48) Concurrent Scan Root Regions 0.047ms
[0.783s][info][gc,marking   ] GC(48) Concurrent Mark (0.783s)
[0.783s][info][gc,marking   ] GC(48) Concurrent Mark From Roots
[0.783s][info][gc,task      ] GC(48) Using 2 workers of 2 for marking
[0.784s][info][gc,marking   ] GC(48) Concurrent Mark From Roots 1.604ms
[0.784s][info][gc,marking   ] GC(48) Concurrent Preclean
[0.784s][info][gc,marking   ] GC(48) Concurrent Preclean 0.037ms
[0.784s][info][gc,marking   ] GC(48) Concurrent Mark (0.783s, 0.784s) 1.687ms
[0.785s][info][gc,start     ] GC(48) Pause Remark
[0.785s][info][gc           ] GC(48) Pause Remark 406M->406M(512M) 0.344ms
[0.785s][info][gc,cpu       ] GC(48) User=0.00s Sys=0.00s Real=0.00s
[0.785s][info][gc,marking   ] GC(48) Concurrent Rebuild Remembered Sets
[0.786s][info][gc,marking   ] GC(48) Concurrent Rebuild Remembered Sets 0.968ms
[0.786s][info][gc,start     ] GC(48) Pause Cleanup
[0.786s][info][gc           ] GC(48) Pause Cleanup 414M->414M(512M) 0.094ms
[0.786s][info][gc,cpu       ] GC(48) User=0.00s Sys=0.00s Real=0.00s
[0.786s][info][gc,marking   ] GC(48) Concurrent Cleanup for Next Mark
[0.787s][info][gc,marking   ] GC(48) Concurrent Cleanup for Next Mark 0.550ms
[0.787s][info][gc           ] GC(48) Concurrent Cycle 3.973ms
[0.790s][info][gc,start     ] GC(49) Pause Young (Prepare Mixed) (G1 Evacuation Pause)
[0.790s][info][gc,task      ] GC(49) Using 6 workers of 6 for evacuation
[0.792s][info][gc,phases    ] GC(49)   Pre Evacuate Collection Set: 0.0ms
[0.792s][info][gc,phases    ] GC(49)   Merge Heap Roots: 0.1ms
[0.792s][info][gc,phases    ] GC(49)   Evacuate Collection Set: 1.4ms
[0.792s][info][gc,phases    ] GC(49)   Post Evacuate Collection Set: 0.2ms
[0.792s][info][gc,phases    ] GC(49)   Other: 0.1ms
[0.792s][info][gc,heap      ] GC(49) Eden regions: 35->0(20)
[0.792s][info][gc,heap      ] GC(49) Survivor regions: 1->5(5)
[0.792s][info][gc,heap      ] GC(49) Old regions: 249->257
[0.792s][info][gc,heap      ] GC(49) Archive regions: 0->0
[0.792s][info][gc,heap      ] GC(49) Humongous regions: 158->140
[0.792s][info][gc,metaspace ] GC(49) Metaspace: 9171K(9600K)->9171K(9600K) NonClass: 8366K(8704K)->8366K(8704K) Class: 805K(896K)->805K(896K)
[0.792s][info][gc           ] GC(49) Pause Young (Prepare Mixed) (G1 Evacuation Pause) 441M->401M(512M) 2.010ms
[0.792s][info][gc,cpu       ] GC(49) User=0.00s Sys=0.00s Real=0.00s
[0.796s][info][gc,start     ] GC(50) Pause Young (Mixed) (G1 Evacuation Pause)
[0.796s][info][gc,task      ] GC(50) Using 6 workers of 6 for evacuation
[0.801s][info][gc,phases    ] GC(50)   Pre Evacuate Collection Set: 0.1ms
[0.801s][info][gc,phases    ] GC(50)   Merge Heap Roots: 0.0ms
[0.801s][info][gc,phases    ] GC(50)   Evacuate Collection Set: 4.5ms
[0.801s][info][gc,phases    ] GC(50)   Post Evacuate Collection Set: 0.3ms
[0.801s][info][gc,phases    ] GC(50)   Other: 0.2ms
[0.801s][info][gc,heap      ] GC(50) Eden regions: 20->0(34)
[0.801s][info][gc,heap      ] GC(50) Survivor regions: 5->4(4)
[0.801s][info][gc,heap      ] GC(50) Old regions: 257->245
[0.801s][info][gc,heap      ] GC(50) Archive regions: 0->0
[0.801s][info][gc,heap      ] GC(50) Humongous regions: 157->145
[0.801s][info][gc,metaspace ] GC(50) Metaspace: 9171K(9600K)->9171K(9600K) NonClass: 8366K(8704K)->8366K(8704K) Class: 805K(896K)->805K(896K)
[0.801s][info][gc           ] GC(50) Pause Young (Mixed) (G1 Evacuation Pause) 438M->393M(512M) 5.305ms
[0.801s][info][gc,cpu       ] GC(50) User=0.00s Sys=0.00s Real=0.01s
[0.801s][info][gc,start     ] GC(51) Pause Young (Concurrent Start) (G1 Humongous Allocation)
[0.801s][info][gc,task      ] GC(51) Using 6 workers of 6 for evacuation
[0.802s][info][gc,phases    ] GC(51)   Pre Evacuate Collection Set: 0.0ms
[0.802s][info][gc,phases    ] GC(51)   Merge Heap Roots: 0.0ms
[0.802s][info][gc,phases    ] GC(51)   Evacuate Collection Set: 0.4ms
[0.802s][info][gc,phases    ] GC(51)   Post Evacuate Collection Set: 0.1ms
[0.802s][info][gc,phases    ] GC(51)   Other: 0.1ms
[0.802s][info][gc,heap      ] GC(51) Eden regions: 1->0(38)
[0.802s][info][gc,heap      ] GC(51) Survivor regions: 4->0(5)
[0.802s][info][gc,heap      ] GC(51) Old regions: 245->248
[0.802s][info][gc,heap      ] GC(51) Archive regions: 0->0
[0.802s][info][gc,heap      ] GC(51) Humongous regions: 145->145
[0.802s][info][gc,metaspace ] GC(51) Metaspace: 9171K(9600K)->9171K(9600K) NonClass: 8366K(8704K)->8366K(8704K) Class: 805K(896K)->805K(896K)
[0.802s][info][gc           ] GC(51) Pause Young (Concurrent Start) (G1 Humongous Allocation) 394M->392M(512M) 0.870ms
[0.802s][info][gc,cpu       ] GC(51) User=0.00s Sys=0.00s Real=0.00s
[0.802s][info][gc           ] GC(52) Concurrent Cycle
[0.802s][info][gc,marking   ] GC(52) Concurrent Clear Claimed Marks
[0.802s][info][gc,marking   ] GC(52) Concurrent Clear Claimed Marks 0.013ms
[0.802s][info][gc,marking   ] GC(52) Concurrent Scan Root Regions
[0.802s][info][gc,marking   ] GC(52) Concurrent Scan Root Regions 0.049ms
[0.802s][info][gc,marking   ] GC(52) Concurrent Mark (0.802s)
[0.802s][info][gc,marking   ] GC(52) Concurrent Mark From Roots
[0.802s][info][gc,task      ] GC(52) Using 2 workers of 2 for marking
[0.804s][info][gc,marking   ] GC(52) Concurrent Mark From Roots 1.699ms
[0.804s][info][gc,marking   ] GC(52) Concurrent Preclean
[0.804s][info][gc,marking   ] GC(52) Concurrent Preclean 0.037ms
[0.804s][info][gc,marking   ] GC(52) Concurrent Mark (0.802s, 0.804s) 1.777ms
[0.804s][info][gc,start     ] GC(52) Pause Remark
[0.804s][info][gc           ] GC(52) Pause Remark 410M->410M(512M) 0.357ms
[0.804s][info][gc,cpu       ] GC(52) User=0.00s Sys=0.00s Real=0.00s
[0.804s][info][gc,marking   ] GC(52) Concurrent Rebuild Remembered Sets
[0.806s][info][gc,marking   ] GC(52) Concurrent Rebuild Remembered Sets 1.132ms
[0.806s][info][gc,start     ] GC(52) Pause Cleanup
[0.806s][info][gc           ] GC(52) Pause Cleanup 419M->419M(512M) 0.123ms
[0.806s][info][gc,cpu       ] GC(52) User=0.00s Sys=0.00s Real=0.00s
[0.806s][info][gc,marking   ] GC(52) Concurrent Cleanup for Next Mark
[0.806s][info][gc,marking   ] GC(52) Concurrent Cleanup for Next Mark 0.611ms
[0.807s][info][gc           ] GC(52) Concurrent Cycle 4.397ms
[0.809s][info][gc,start     ] GC(53) Pause Young (Prepare Mixed) (G1 Evacuation Pause)
[0.809s][info][gc,task      ] GC(53) Using 6 workers of 6 for evacuation
[0.811s][info][gc,phases    ] GC(53)   Pre Evacuate Collection Set: 0.0ms
[0.812s][info][gc,phases    ] GC(53)   Merge Heap Roots: 0.1ms
[0.812s][info][gc,phases    ] GC(53)   Evacuate Collection Set: 1.7ms
[0.812s][info][gc,phases    ] GC(53)   Post Evacuate Collection Set: 0.2ms
[0.812s][info][gc,phases    ] GC(53)   Other: 0.1ms
[0.812s][info][gc,heap      ] GC(53) Eden regions: 38->0(20)
[0.812s][info][gc,heap      ] GC(53) Survivor regions: 0->5(5)
[0.812s][info][gc,heap      ] GC(53) Old regions: 248->258
[0.812s][info][gc,heap      ] GC(53) Archive regions: 0->0
[0.812s][info][gc,heap      ] GC(53) Humongous regions: 161->147
[0.812s][info][gc,metaspace ] GC(53) Metaspace: 9171K(9600K)->9171K(9600K) NonClass: 8366K(8704K)->8366K(8704K) Class: 805K(896K)->805K(896K)
[0.812s][info][gc           ] GC(53) Pause Young (Prepare Mixed) (G1 Evacuation Pause) 446M->409M(512M) 2.296ms
[0.812s][info][gc,cpu       ] GC(53) User=0.08s Sys=0.00s Real=0.00s
[0.815s][info][gc,start     ] GC(54) Pause Young (Mixed) (G1 Evacuation Pause)
[0.815s][info][gc,task      ] GC(54) Using 6 workers of 6 for evacuation
[0.820s][info][gc,phases    ] GC(54)   Pre Evacuate Collection Set: 0.1ms
[0.820s][info][gc,phases    ] GC(54)   Merge Heap Roots: 0.0ms
[0.821s][info][gc,phases    ] GC(54)   Evacuate Collection Set: 4.9ms
[0.821s][info][gc,phases    ] GC(54)   Post Evacuate Collection Set: 0.3ms
[0.821s][info][gc,phases    ] GC(54)   Other: 0.1ms
[0.821s][info][gc,heap      ] GC(54) Eden regions: 20->0(31)
[0.821s][info][gc,heap      ] GC(54) Survivor regions: 5->4(4)
[0.821s][info][gc,heap      ] GC(54) Old regions: 258->251
[0.821s][info][gc,heap      ] GC(54) Archive regions: 0->0
[0.821s][info][gc,heap      ] GC(54) Humongous regions: 160->146
[0.821s][info][gc,metaspace ] GC(54) Metaspace: 9171K(9600K)->9171K(9600K) NonClass: 8366K(8704K)->8366K(8704K) Class: 805K(896K)->805K(896K)
[0.821s][info][gc           ] GC(54) Pause Young (Mixed) (G1 Evacuation Pause) 442M->400M(512M) 5.555ms
[0.821s][info][gc,cpu       ] GC(54) User=0.00s Sys=0.00s Real=0.00s
[0.821s][info][gc,start     ] GC(55) Pause Young (Concurrent Start) (G1 Humongous Allocation)
[0.821s][info][gc,task      ] GC(55) Using 6 workers of 6 for evacuation
[0.822s][info][gc,phases    ] GC(55)   Pre Evacuate Collection Set: 0.0ms
[0.822s][info][gc,phases    ] GC(55)   Merge Heap Roots: 0.0ms
[0.822s][info][gc,phases    ] GC(55)   Evacuate Collection Set: 0.6ms
[0.822s][info][gc,phases    ] GC(55)   Post Evacuate Collection Set: 0.1ms
[0.822s][info][gc,phases    ] GC(55)   Other: 0.1ms
[0.822s][info][gc,heap      ] GC(55) Eden regions: 4->0(25)
[0.822s][info][gc,heap      ] GC(55) Survivor regions: 4->3(5)
[0.822s][info][gc,heap      ] GC(55) Old regions: 251->255
[0.822s][info][gc,heap      ] GC(55) Archive regions: 0->0
[0.822s][info][gc,heap      ] GC(55) Humongous regions: 146->145
[0.822s][info][gc,metaspace ] GC(55) Metaspace: 9171K(9600K)->9171K(9600K) NonClass: 8366K(8704K)->8366K(8704K) Class: 805K(896K)->805K(896K)
[0.822s][info][gc           ] GC(55) Pause Young (Concurrent Start) (G1 Humongous Allocation) 403M->401M(512M) 1.000ms
[0.822s][info][gc,cpu       ] GC(55) User=0.00s Sys=0.00s Real=0.00s
[0.822s][info][gc           ] GC(56) Concurrent Cycle
[0.822s][info][gc,marking   ] GC(56) Concurrent Clear Claimed Marks
[0.822s][info][gc,marking   ] GC(56) Concurrent Clear Claimed Marks 0.014ms
[0.822s][info][gc,marking   ] GC(56) Concurrent Scan Root Regions
[0.822s][info][gc,marking   ] GC(56) Concurrent Scan Root Regions 0.051ms
[0.822s][info][gc,marking   ] GC(56) Concurrent Mark (0.822s)
[0.822s][info][gc,marking   ] GC(56) Concurrent Mark From Roots
[0.822s][info][gc,task      ] GC(56) Using 2 workers of 2 for marking
[0.824s][info][gc,marking   ] GC(56) Concurrent Mark From Roots 1.700ms
[0.824s][info][gc,marking   ] GC(56) Concurrent Preclean
[0.824s][info][gc,marking   ] GC(56) Concurrent Preclean 0.040ms
[0.824s][info][gc,marking   ] GC(56) Concurrent Mark (0.822s, 0.824s) 1.834ms
[0.824s][info][gc,start     ] GC(56) Pause Remark
[0.824s][info][gc           ] GC(56) Pause Remark 418M->418M(512M) 0.295ms
[0.824s][info][gc,cpu       ] GC(56) User=0.00s Sys=0.00s Real=0.00s
[0.824s][info][gc,marking   ] GC(56) Concurrent Rebuild Remembered Sets
[0.826s][info][gc,marking   ] GC(56) Concurrent Rebuild Remembered Sets 1.193ms
[0.826s][info][gc,start     ] GC(56) Pause Cleanup
[0.826s][info][gc           ] GC(56) Pause Cleanup 427M->427M(512M) 0.109ms
[0.826s][info][gc,cpu       ] GC(56) User=0.00s Sys=0.00s Real=0.00s
[0.826s][info][gc,marking   ] GC(56) Concurrent Cleanup for Next Mark
[0.826s][info][gc,marking   ] GC(56) Concurrent Cleanup for Next Mark 0.574ms
[0.826s][info][gc           ] GC(56) Concurrent Cycle 4.438ms
[0.827s][info][gc,start     ] GC(57) Pause Young (Prepare Mixed) (G1 Evacuation Pause)
[0.827s][info][gc,task      ] GC(57) Using 6 workers of 6 for evacuation
[0.829s][info][gc,phases    ] GC(57)   Pre Evacuate Collection Set: 0.0ms
[0.829s][info][gc,phases    ] GC(57)   Merge Heap Roots: 0.1ms
[0.829s][info][gc,phases    ] GC(57)   Evacuate Collection Set: 1.3ms
[0.829s][info][gc,phases    ] GC(57)   Post Evacuate Collection Set: 0.2ms
[0.829s][info][gc,phases    ] GC(57)   Other: 0.1ms
[0.829s][info][gc,heap      ] GC(57) Eden regions: 25->0(21)
[0.829s][info][gc,heap      ] GC(57) Survivor regions: 3->4(4)
[0.829s][info][gc,heap      ] GC(57) Old regions: 255->264
[0.829s][info][gc,heap      ] GC(57) Archive regions: 0->0
[0.829s][info][gc,heap      ] GC(57) Humongous regions: 155->146
[0.829s][info][gc,metaspace ] GC(57) Metaspace: 9171K(9600K)->9171K(9600K) NonClass: 8366K(8704K)->8366K(8704K) Class: 805K(896K)->805K(896K)
[0.829s][info][gc           ] GC(57) Pause Young (Prepare Mixed) (G1 Evacuation Pause) 436M->413M(512M) 1.788ms
[0.829s][info][gc,cpu       ] GC(57) User=0.00s Sys=0.00s Real=0.00s
[0.833s][info][gc,start     ] GC(58) Pause Young (Mixed) (G1 Evacuation Pause)
[0.833s][info][gc,task      ] GC(58) Using 6 workers of 6 for evacuation
[0.838s][info][gc,phases    ] GC(58)   Pre Evacuate Collection Set: 0.0ms
[0.838s][info][gc,phases    ] GC(58)   Merge Heap Roots: 0.0ms
[0.838s][info][gc,phases    ] GC(58)   Evacuate Collection Set: 4.6ms
[0.838s][info][gc,phases    ] GC(58)   Post Evacuate Collection Set: 0.3ms
[0.838s][info][gc,phases    ] GC(58)   Other: 0.2ms
[0.838s][info][gc,heap      ] GC(58) Eden regions: 21->0(26)
[0.838s][info][gc,heap      ] GC(58) Survivor regions: 4->4(4)
[0.838s][info][gc,heap      ] GC(58) Old regions: 264->255
[0.838s][info][gc,heap      ] GC(58) Archive regions: 0->0
[0.838s][info][gc,heap      ] GC(58) Humongous regions: 154->144
[0.838s][info][gc,metaspace ] GC(58) Metaspace: 9171K(9600K)->9171K(9600K) NonClass: 8366K(8704K)->8366K(8704K) Class: 805K(896K)->805K(896K)
[0.838s][info][gc           ] GC(58) Pause Young (Mixed) (G1 Evacuation Pause) 442M->402M(512M) 5.252ms
[0.838s][info][gc,cpu       ] GC(58) User=0.00s Sys=0.00s Real=0.01s
[0.839s][info][gc,start     ] GC(59) Pause Young (Concurrent Start) (G1 Humongous Allocation)
[0.840s][info][gc,task      ] GC(59) Using 6 workers of 6 for evacuation
[0.840s][info][gc,phases    ] GC(59)   Pre Evacuate Collection Set: 0.0ms
[0.840s][info][gc,phases    ] GC(59)   Merge Heap Roots: 0.0ms
[0.840s][info][gc,phases    ] GC(59)   Evacuate Collection Set: 0.6ms
[0.840s][info][gc,phases    ] GC(59)   Post Evacuate Collection Set: 0.1ms
[0.840s][info][gc,phases    ] GC(59)   Other: 0.1ms
[0.840s][info][gc,heap      ] GC(59) Eden regions: 8->0(26)
[0.840s][info][gc,heap      ] GC(59) Survivor regions: 4->3(4)
[0.840s][info][gc,heap      ] GC(59) Old regions: 255->259
[0.840s][info][gc,heap      ] GC(59) Archive regions: 0->0
[0.840s][info][gc,heap      ] GC(59) Humongous regions: 144->143
[0.841s][info][gc,metaspace ] GC(59) Metaspace: 9171K(9600K)->9171K(9600K) NonClass: 8366K(8704K)->8366K(8704K) Class: 805K(896K)->805K(896K)
[0.841s][info][gc           ] GC(59) Pause Young (Concurrent Start) (G1 Humongous Allocation) 409M->403M(512M) 1.106ms
[0.841s][info][gc,cpu       ] GC(59) User=0.00s Sys=0.00s Real=0.00s
[0.841s][info][gc           ] GC(60) Concurrent Cycle
[0.841s][info][gc,marking   ] GC(60) Concurrent Clear Claimed Marks
[0.841s][info][gc,marking   ] GC(60) Concurrent Clear Claimed Marks 0.011ms
[0.841s][info][gc,marking   ] GC(60) Concurrent Scan Root Regions
[0.841s][info][gc,marking   ] GC(60) Concurrent Scan Root Regions 0.032ms
[0.841s][info][gc,marking   ] GC(60) Concurrent Mark (0.841s)
[0.841s][info][gc,marking   ] GC(60) Concurrent Mark From Roots
[0.841s][info][gc,task      ] GC(60) Using 2 workers of 2 for marking
[0.842s][info][gc,marking   ] GC(60) Concurrent Mark From Roots 1.728ms
[0.842s][info][gc,marking   ] GC(60) Concurrent Preclean
[0.843s][info][gc,marking   ] GC(60) Concurrent Preclean 0.036ms
[0.843s][info][gc,marking   ] GC(60) Concurrent Mark (0.841s, 0.843s) 1.808ms
[0.843s][info][gc,start     ] GC(60) Pause Remark
[0.843s][info][gc           ] GC(60) Pause Remark 422M->422M(512M) 0.347ms
[0.843s][info][gc,cpu       ] GC(60) User=0.00s Sys=0.00s Real=0.00s
[0.843s][info][gc,marking   ] GC(60) Concurrent Rebuild Remembered Sets
[0.844s][info][gc,marking   ] GC(60) Concurrent Rebuild Remembered Sets 1.133ms
[0.844s][info][gc,start     ] GC(60) Pause Cleanup
[0.844s][info][gc           ] GC(60) Pause Cleanup 433M->433M(512M) 0.127ms
[0.844s][info][gc,cpu       ] GC(60) User=0.00s Sys=0.00s Real=0.00s
[0.844s][info][gc,marking   ] GC(60) Concurrent Cleanup for Next Mark
[0.845s][info][gc,marking   ] GC(60) Concurrent Cleanup for Next Mark 0.601ms
[0.845s][info][gc           ] GC(60) Concurrent Cycle 4.441ms
[0.846s][info][gc,start     ] GC(61) Pause Young (Prepare Mixed) (G1 Evacuation Pause)
[0.846s][info][gc,task      ] GC(61) Using 6 workers of 6 for evacuation
[0.848s][info][gc,phases    ] GC(61)   Pre Evacuate Collection Set: 0.0ms
[0.848s][info][gc,phases    ] GC(61)   Merge Heap Roots: 0.1ms
[0.848s][info][gc,phases    ] GC(61)   Evacuate Collection Set: 1.4ms
[0.848s][info][gc,phases    ] GC(61)   Post Evacuate Collection Set: 0.2ms
[0.848s][info][gc,phases    ] GC(61)   Other: 0.1ms
[0.848s][info][gc,heap      ] GC(61) Eden regions: 26->0(21)
[0.848s][info][gc,heap      ] GC(61) Survivor regions: 3->4(4)
[0.848s][info][gc,heap      ] GC(61) Old regions: 259->269
[0.848s][info][gc,heap      ] GC(61) Archive regions: 0->0
[0.848s][info][gc,heap      ] GC(61) Humongous regions: 162->145
[0.848s][info][gc,metaspace ] GC(61) Metaspace: 9171K(9600K)->9171K(9600K) NonClass: 8366K(8704K)->8366K(8704K) Class: 805K(896K)->805K(896K)
[0.848s][info][gc           ] GC(61) Pause Young (Prepare Mixed) (G1 Evacuation Pause) 448M->417M(512M) 1.954ms
[0.848s][info][gc,cpu       ] GC(61) User=0.00s Sys=0.00s Real=0.00s
[0.852s][info][gc,start     ] GC(62) Pause Young (Mixed) (G1 Evacuation Pause)
[0.852s][info][gc,task      ] GC(62) Using 6 workers of 6 for evacuation
[0.857s][info][gc,phases    ] GC(62)   Pre Evacuate Collection Set: 0.1ms
[0.857s][info][gc,phases    ] GC(62)   Merge Heap Roots: 0.0ms
[0.857s][info][gc,phases    ] GC(62)   Evacuate Collection Set: 4.2ms
[0.857s][info][gc,phases    ] GC(62)   Post Evacuate Collection Set: 0.3ms
[0.857s][info][gc,phases    ] GC(62)   Other: 0.2ms
[0.857s][info][gc,heap      ] GC(62) Eden regions: 21->0(28)
[0.857s][info][gc,heap      ] GC(62) Survivor regions: 4->4(4)
[0.857s][info][gc,heap      ] GC(62) Old regions: 269->254
[0.857s][info][gc,heap      ] GC(62) Archive regions: 0->0
[0.857s][info][gc,heap      ] GC(62) Humongous regions: 159->143
[0.857s][info][gc,metaspace ] GC(62) Metaspace: 9171K(9600K)->9171K(9600K) NonClass: 8366K(8704K)->8366K(8704K) Class: 805K(896K)->805K(896K)
[0.857s][info][gc           ] GC(62) Pause Young (Mixed) (G1 Evacuation Pause) 452M->400M(512M) 4.893ms
[0.857s][info][gc,cpu       ] GC(62) User=0.02s Sys=0.00s Real=0.00s
[0.858s][info][gc,start     ] GC(63) Pause Young (Concurrent Start) (G1 Humongous Allocation)
[0.858s][info][gc,task      ] GC(63) Using 6 workers of 6 for evacuation
[0.858s][info][gc,phases    ] GC(63)   Pre Evacuate Collection Set: 0.0ms
[0.858s][info][gc,phases    ] GC(63)   Merge Heap Roots: 0.0ms
[0.858s][info][gc,phases    ] GC(63)   Evacuate Collection Set: 0.6ms
[0.858s][info][gc,phases    ] GC(63)   Post Evacuate Collection Set: 0.1ms
[0.858s][info][gc,phases    ] GC(63)   Other: 0.1ms
[0.859s][info][gc,heap      ] GC(63) Eden regions: 2->0(25)
[0.859s][info][gc,heap      ] GC(63) Survivor regions: 4->2(4)
[0.859s][info][gc,heap      ] GC(63) Old regions: 254->258
[0.859s][info][gc,heap      ] GC(63) Archive regions: 0->0
[0.859s][info][gc,heap      ] GC(63) Humongous regions: 143->142
[0.859s][info][gc,metaspace ] GC(63) Metaspace: 9171K(9600K)->9171K(9600K) NonClass: 8366K(8704K)->8366K(8704K) Class: 805K(896K)->805K(896K)
[0.859s][info][gc           ] GC(63) Pause Young (Concurrent Start) (G1 Humongous Allocation) 402M->401M(512M) 1.022ms
[0.859s][info][gc,cpu       ] GC(63) User=0.00s Sys=0.00s Real=0.00s
[0.859s][info][gc           ] GC(64) Concurrent Cycle
[0.859s][info][gc,marking   ] GC(64) Concurrent Clear Claimed Marks
[0.859s][info][gc,marking   ] GC(64) Concurrent Clear Claimed Marks 0.013ms
[0.859s][info][gc,marking   ] GC(64) Concurrent Scan Root Regions
[0.859s][info][gc,marking   ] GC(64) Concurrent Scan Root Regions 0.035ms
[0.859s][info][gc,marking   ] GC(64) Concurrent Mark (0.859s)
[0.859s][info][gc,marking   ] GC(64) Concurrent Mark From Roots
[0.859s][info][gc,task      ] GC(64) Using 2 workers of 2 for marking
[0.860s][info][gc,marking   ] GC(64) Concurrent Mark From Roots 1.705ms
[0.860s][info][gc,marking   ] GC(64) Concurrent Preclean
[0.860s][info][gc,marking   ] GC(64) Concurrent Preclean 0.038ms
[0.860s][info][gc,marking   ] GC(64) Concurrent Mark (0.859s, 0.860s) 1.791ms
[0.861s][info][gc,start     ] GC(64) Pause Remark
[0.861s][info][gc           ] GC(64) Pause Remark 417M->417M(512M) 0.367ms
[0.861s][info][gc,cpu       ] GC(64) User=0.00s Sys=0.00s Real=0.00s
[0.861s][info][gc,marking   ] GC(64) Concurrent Rebuild Remembered Sets
[0.862s][info][gc,marking   ] GC(64) Concurrent Rebuild Remembered Sets 1.046ms
[0.862s][info][gc,start     ] GC(64) Pause Cleanup
[0.862s][info][gc           ] GC(64) Pause Cleanup 426M->426M(512M) 0.090ms
[0.862s][info][gc,cpu       ] GC(64) User=0.00s Sys=0.00s Real=0.00s
[0.862s][info][gc,marking   ] GC(64) Concurrent Cleanup for Next Mark
[0.863s][info][gc,marking   ] GC(64) Concurrent Cleanup for Next Mark 0.603ms
[0.863s][info][gc           ] GC(64) Concurrent Cycle 4.228ms
[0.864s][info][gc,start     ] GC(65) Pause Young (Prepare Mixed) (G1 Evacuation Pause)
[0.864s][info][gc,task      ] GC(65) Using 6 workers of 6 for evacuation
[0.866s][info][gc,phases    ] GC(65)   Pre Evacuate Collection Set: 0.0ms
[0.866s][info][gc,phases    ] GC(65)   Merge Heap Roots: 0.1ms
[0.866s][info][gc,phases    ] GC(65)   Evacuate Collection Set: 1.1ms
[0.866s][info][gc,phases    ] GC(65)   Post Evacuate Collection Set: 0.2ms
[0.866s][info][gc,phases    ] GC(65)   Other: 0.1ms
[0.866s][info][gc,heap      ] GC(65) Eden regions: 25->0(21)
[0.866s][info][gc,heap      ] GC(65) Survivor regions: 2->4(4)
[0.866s][info][gc,heap      ] GC(65) Old regions: 258->265
[0.866s][info][gc,heap      ] GC(65) Archive regions: 0->0
[0.866s][info][gc,heap      ] GC(65) Humongous regions: 158->145
[0.866s][info][gc,metaspace ] GC(65) Metaspace: 9171K(9600K)->9171K(9600K) NonClass: 8366K(8704K)->8366K(8704K) Class: 805K(896K)->805K(896K)
[0.866s][info][gc           ] GC(65) Pause Young (Prepare Mixed) (G1 Evacuation Pause) 442M->413M(512M) 1.671ms
[0.866s][info][gc,cpu       ] GC(65) User=0.00s Sys=0.00s Real=0.00s
[0.870s][info][gc,start     ] GC(66) Pause Young (Mixed) (G1 Evacuation Pause)
[0.870s][info][gc,task      ] GC(66) Using 6 workers of 6 for evacuation
[0.874s][info][gc,phases    ] GC(66)   Pre Evacuate Collection Set: 0.0ms
[0.874s][info][gc,phases    ] GC(66)   Merge Heap Roots: 0.0ms
[0.874s][info][gc,phases    ] GC(66)   Evacuate Collection Set: 4.2ms
[0.875s][info][gc,phases    ] GC(66)   Post Evacuate Collection Set: 0.3ms
[0.875s][info][gc,phases    ] GC(66)   Other: 0.2ms
[0.875s][info][gc,heap      ] GC(66) Eden regions: 21->0(25)
[0.875s][info][gc,heap      ] GC(66) Survivor regions: 4->4(4)
[0.875s][info][gc,heap      ] GC(66) Old regions: 265->251
[0.875s][info][gc,heap      ] GC(66) Archive regions: 0->0
[0.875s][info][gc,heap      ] GC(66) Humongous regions: 154->149
[0.875s][info][gc,metaspace ] GC(66) Metaspace: 9171K(9600K)->9171K(9600K) NonClass: 8366K(8704K)->8366K(8704K) Class: 805K(896K)->805K(896K)
[0.875s][info][gc           ] GC(66) Pause Young (Mixed) (G1 Evacuation Pause) 443M->403M(512M) 4.936ms
[0.875s][info][gc,cpu       ] GC(66) User=0.08s Sys=0.00s Real=0.00s
[0.875s][info][gc,start     ] GC(67) Pause Young (Concurrent Start) (G1 Humongous Allocation)
[0.875s][info][gc,task      ] GC(67) Using 6 workers of 6 for evacuation
[0.876s][info][gc,phases    ] GC(67)   Pre Evacuate Collection Set: 0.0ms
[0.876s][info][gc,phases    ] GC(67)   Merge Heap Roots: 0.0ms
[0.876s][info][gc,phases    ] GC(67)   Evacuate Collection Set: 0.5ms
[0.876s][info][gc,phases    ] GC(67)   Post Evacuate Collection Set: 0.2ms
[0.876s][info][gc,phases    ] GC(67)   Other: 0.1ms
[0.876s][info][gc,heap      ] GC(67) Eden regions: 4->0(26)
[0.876s][info][gc,heap      ] GC(67) Survivor regions: 4->1(4)
[0.876s][info][gc,heap      ] GC(67) Old regions: 251->254
[0.876s][info][gc,heap      ] GC(67) Archive regions: 0->0
[0.876s][info][gc,heap      ] GC(67) Humongous regions: 149->148
[0.876s][info][gc,metaspace ] GC(67) Metaspace: 9171K(9600K)->9171K(9600K) NonClass: 8366K(8704K)->8366K(8704K) Class: 805K(896K)->805K(896K)
[0.876s][info][gc           ] GC(67) Pause Young (Concurrent Start) (G1 Humongous Allocation) 406M->402M(512M) 1.012ms
[0.876s][info][gc,cpu       ] GC(67) User=0.00s Sys=0.00s Real=0.00s
[0.876s][info][gc           ] GC(68) Concurrent Cycle
[0.876s][info][gc,marking   ] GC(68) Concurrent Clear Claimed Marks
[0.876s][info][gc,marking   ] GC(68) Concurrent Clear Claimed Marks 0.010ms
[0.876s][info][gc,marking   ] GC(68) Concurrent Scan Root Regions
[0.876s][info][gc,marking   ] GC(68) Concurrent Scan Root Regions 0.030ms
[0.876s][info][gc,marking   ] GC(68) Concurrent Mark (0.876s)
[0.876s][info][gc,marking   ] GC(68) Concurrent Mark From Roots
[0.876s][info][gc,task      ] GC(68) Using 2 workers of 2 for marking
[0.878s][info][gc,marking   ] GC(68) Concurrent Mark From Roots 1.490ms
[0.878s][info][gc,marking   ] GC(68) Concurrent Preclean
[0.878s][info][gc,marking   ] GC(68) Concurrent Preclean 0.035ms
[0.878s][info][gc,marking   ] GC(68) Concurrent Mark (0.876s, 0.878s) 1.568ms
[0.878s][info][gc,start     ] GC(68) Pause Remark
[0.878s][info][gc           ] GC(68) Pause Remark 420M->420M(512M) 0.380ms
[0.878s][info][gc,cpu       ] GC(68) User=0.00s Sys=0.00s Real=0.00s
[0.878s][info][gc,marking   ] GC(68) Concurrent Rebuild Remembered Sets
[0.879s][info][gc,marking   ] GC(68) Concurrent Rebuild Remembered Sets 1.144ms
[0.879s][info][gc,start     ] GC(68) Pause Cleanup
[0.880s][info][gc           ] GC(68) Pause Cleanup 429M->429M(512M) 0.136ms
[0.880s][info][gc,cpu       ] GC(68) User=0.00s Sys=0.00s Real=0.00s
[0.880s][info][gc,marking   ] GC(68) Concurrent Cleanup for Next Mark
[0.880s][info][gc,marking   ] GC(68) Concurrent Cleanup for Next Mark 0.594ms
[0.880s][info][gc           ] GC(68) Concurrent Cycle 4.156ms
[0.882s][info][gc,start     ] GC(69) Pause Young (Prepare Mixed) (G1 Evacuation Pause)
[0.882s][info][gc,task      ] GC(69) Using 6 workers of 6 for evacuation
[0.884s][info][gc,phases    ] GC(69)   Pre Evacuate Collection Set: 0.0ms
[0.884s][info][gc,phases    ] GC(69)   Merge Heap Roots: 0.1ms
[0.884s][info][gc,phases    ] GC(69)   Evacuate Collection Set: 1.2ms
[0.884s][info][gc,phases    ] GC(69)   Post Evacuate Collection Set: 0.2ms
[0.884s][info][gc,phases    ] GC(69)   Other: 0.1ms
[0.884s][info][gc,heap      ] GC(69) Eden regions: 26->0(21)
[0.884s][info][gc,heap      ] GC(69) Survivor regions: 1->4(4)
[0.884s][info][gc,heap      ] GC(69) Old regions: 254->261
[0.884s][info][gc,heap      ] GC(69) Archive regions: 0->0
[0.884s][info][gc,heap      ] GC(69) Humongous regions: 170->152
[0.884s][info][gc,metaspace ] GC(69) Metaspace: 9171K(9600K)->9171K(9600K) NonClass: 8366K(8704K)->8366K(8704K) Class: 805K(896K)->805K(896K)
[0.884s][info][gc           ] GC(69) Pause Young (Prepare Mixed) (G1 Evacuation Pause) 450M->416M(512M) 1.748ms
[0.884s][info][gc,cpu       ] GC(69) User=0.00s Sys=0.00s Real=0.00s
[0.888s][info][gc,start     ] GC(70) Pause Young (Mixed) (G1 Evacuation Pause)
[0.888s][info][gc,task      ] GC(70) Using 6 workers of 6 for evacuation
[0.893s][info][gc,phases    ] GC(70)   Pre Evacuate Collection Set: 0.0ms
[0.893s][info][gc,phases    ] GC(70)   Merge Heap Roots: 0.0ms
[0.893s][info][gc,phases    ] GC(70)   Evacuate Collection Set: 4.7ms
[0.893s][info][gc,phases    ] GC(70)   Post Evacuate Collection Set: 0.3ms
[0.893s][info][gc,phases    ] GC(70)   Other: 0.1ms
[0.893s][info][gc,heap      ] GC(70) Eden regions: 21->0(25)
[0.893s][info][gc,heap      ] GC(70) Survivor regions: 4->4(4)
[0.893s][info][gc,heap      ] GC(70) Old regions: 261->253
[0.893s][info][gc,heap      ] GC(70) Archive regions: 0->0
[0.893s][info][gc,heap      ] GC(70) Humongous regions: 165->149
[0.893s][info][gc,metaspace ] GC(70) Metaspace: 9171K(9600K)->9171K(9600K) NonClass: 8366K(8704K)->8366K(8704K) Class: 805K(896K)->805K(896K)
[0.893s][info][gc           ] GC(70) Pause Young (Mixed) (G1 Evacuation Pause) 450M->405M(512M) 5.327ms
[0.893s][info][gc,cpu       ] GC(70) User=0.08s Sys=0.02s Real=0.01s
[0.893s][info][gc,start     ] GC(71) Pause Young (Concurrent Start) (G1 Humongous Allocation)
[0.893s][info][gc,task      ] GC(71) Using 6 workers of 6 for evacuation
[0.894s][info][gc,phases    ] GC(71)   Pre Evacuate Collection Set: 0.1ms
[0.894s][info][gc,phases    ] GC(71)   Merge Heap Roots: 0.0ms
[0.894s][info][gc,phases    ] GC(71)   Evacuate Collection Set: 0.5ms
[0.894s][info][gc,phases    ] GC(71)   Post Evacuate Collection Set: 0.2ms
[0.894s][info][gc,phases    ] GC(71)   Other: 0.1ms
[0.894s][info][gc,heap      ] GC(71) Eden regions: 1->0(26)
[0.894s][info][gc,heap      ] GC(71) Survivor regions: 4->1(4)
[0.894s][info][gc,heap      ] GC(71) Old regions: 253->258
[0.894s][info][gc,heap      ] GC(71) Archive regions: 0->0
[0.894s][info][gc,heap      ] GC(71) Humongous regions: 149->149
[0.894s][info][gc,metaspace ] GC(71) Metaspace: 9171K(9600K)->9171K(9600K) NonClass: 8366K(8704K)->8366K(8704K) Class: 805K(896K)->805K(896K)
[0.894s][info][gc           ] GC(71) Pause Young (Concurrent Start) (G1 Humongous Allocation) 406M->406M(512M) 0.976ms
[0.894s][info][gc,cpu       ] GC(71) User=0.00s Sys=0.00s Real=0.00s
[0.894s][info][gc           ] GC(72) Concurrent Cycle
[0.894s][info][gc,marking   ] GC(72) Concurrent Clear Claimed Marks
[0.894s][info][gc,marking   ] GC(72) Concurrent Clear Claimed Marks 0.010ms
[0.894s][info][gc,marking   ] GC(72) Concurrent Scan Root Regions
[0.894s][info][gc,marking   ] GC(72) Concurrent Scan Root Regions 0.034ms
[0.894s][info][gc,marking   ] GC(72) Concurrent Mark (0.894s)
[0.894s][info][gc,marking   ] GC(72) Concurrent Mark From Roots
[0.894s][info][gc,task      ] GC(72) Using 2 workers of 2 for marking
[0.896s][info][gc,marking   ] GC(72) Concurrent Mark From Roots 1.597ms
[0.896s][info][gc,marking   ] GC(72) Concurrent Preclean
[0.896s][info][gc,marking   ] GC(72) Concurrent Preclean 0.039ms
[0.896s][info][gc,marking   ] GC(72) Concurrent Mark (0.894s, 0.896s) 1.673ms
[0.896s][info][gc,start     ] GC(72) Pause Remark
[0.896s][info][gc           ] GC(72) Pause Remark 422M->422M(512M) 0.334ms
[0.896s][info][gc,cpu       ] GC(72) User=0.00s Sys=0.00s Real=0.00s
[0.896s][info][gc,marking   ] GC(72) Concurrent Rebuild Remembered Sets
[0.897s][info][gc,marking   ] GC(72) Concurrent Rebuild Remembered Sets 1.100ms
[0.898s][info][gc,start     ] GC(72) Pause Cleanup
[0.898s][info][gc           ] GC(72) Pause Cleanup 433M->433M(512M) 0.168ms
[0.898s][info][gc,cpu       ] GC(72) User=0.00s Sys=0.00s Real=0.00s
[0.898s][info][gc,marking   ] GC(72) Concurrent Cleanup for Next Mark
[0.898s][info][gc,marking   ] GC(72) Concurrent Cleanup for Next Mark 0.717ms
[0.899s][info][gc           ] GC(72) Concurrent Cycle 4.319ms
[0.899s][info][gc,start     ] GC(73) Pause Young (Prepare Mixed) (G1 Evacuation Pause)
[0.899s][info][gc,task      ] GC(73) Using 6 workers of 6 for evacuation
[0.900s][info][gc,phases    ] GC(73)   Pre Evacuate Collection Set: 0.0ms
[0.900s][info][gc,phases    ] GC(73)   Merge Heap Roots: 0.1ms
[0.900s][info][gc,phases    ] GC(73)   Evacuate Collection Set: 0.9ms
[0.900s][info][gc,phases    ] GC(73)   Post Evacuate Collection Set: 0.2ms
[0.900s][info][gc,phases    ] GC(73)   Other: 0.1ms
[0.900s][info][gc,heap      ] GC(73) Eden regions: 26->0(21)
[0.900s][info][gc,heap      ] GC(73) Survivor regions: 1->4(4)
[0.901s][info][gc,heap      ] GC(73) Old regions: 258->264
[0.901s][info][gc,heap      ] GC(73) Archive regions: 0->0
[0.901s][info][gc,heap      ] GC(73) Humongous regions: 157->150
[0.901s][info][gc,metaspace ] GC(73) Metaspace: 9171K(9600K)->9171K(9600K) NonClass: 8366K(8704K)->8366K(8704K) Class: 805K(896K)->805K(896K)
[0.901s][info][gc           ] GC(73) Pause Young (Prepare Mixed) (G1 Evacuation Pause) 440M->417M(512M) 1.410ms
[0.901s][info][gc,cpu       ] GC(73) User=0.00s Sys=0.00s Real=0.00s
[0.905s][info][gc,start     ] GC(74) Pause Young (Mixed) (G1 Evacuation Pause)
[0.905s][info][gc,task      ] GC(74) Using 6 workers of 6 for evacuation
[0.910s][info][gc,phases    ] GC(74)   Pre Evacuate Collection Set: 0.0ms
[0.910s][info][gc,phases    ] GC(74)   Merge Heap Roots: 0.0ms
[0.910s][info][gc,phases    ] GC(74)   Evacuate Collection Set: 4.8ms
[0.910s][info][gc,phases    ] GC(74)   Post Evacuate Collection Set: 0.3ms
[0.910s][info][gc,phases    ] GC(74)   Other: 0.2ms
[0.910s][info][gc,heap      ] GC(74) Eden regions: 21->0(24)
[0.910s][info][gc,heap      ] GC(74) Survivor regions: 4->4(4)
[0.910s][info][gc,heap      ] GC(74) Old regions: 264->255
[0.910s][info][gc,heap      ] GC(74) Archive regions: 0->0
[0.910s][info][gc,heap      ] GC(74) Humongous regions: 168->153
[0.910s][info][gc,metaspace ] GC(74) Metaspace: 9171K(9600K)->9171K(9600K) NonClass: 8366K(8704K)->8366K(8704K) Class: 805K(896K)->805K(896K)
[0.910s][info][gc           ] GC(74) Pause Young (Mixed) (G1 Evacuation Pause) 456M->411M(512M) 5.457ms
[0.910s][info][gc,cpu       ] GC(74) User=0.00s Sys=0.00s Real=0.00s
[0.910s][info][gc,start     ] GC(75) Pause Young (Concurrent Start) (G1 Humongous Allocation)
[0.910s][info][gc,task      ] GC(75) Using 6 workers of 6 for evacuation
[0.911s][info][gc,phases    ] GC(75)   Pre Evacuate Collection Set: 0.0ms
[0.911s][info][gc,phases    ] GC(75)   Merge Heap Roots: 0.0ms
[0.911s][info][gc,phases    ] GC(75)   Evacuate Collection Set: 0.5ms
[0.911s][info][gc,phases    ] GC(75)   Post Evacuate Collection Set: 0.1ms
[0.911s][info][gc,phases    ] GC(75)   Other: 0.1ms
[0.911s][info][gc,heap      ] GC(75) Eden regions: 1->0(25)
[0.911s][info][gc,heap      ] GC(75) Survivor regions: 4->1(4)
[0.911s][info][gc,heap      ] GC(75) Old regions: 255->259
[0.911s][info][gc,heap      ] GC(75) Archive regions: 0->0
[0.911s][info][gc,heap      ] GC(75) Humongous regions: 153->153
[0.911s][info][gc,metaspace ] GC(75) Metaspace: 9171K(9600K)->9171K(9600K) NonClass: 8366K(8704K)->8366K(8704K) Class: 805K(896K)->805K(896K)
[0.911s][info][gc           ] GC(75) Pause Young (Concurrent Start) (G1 Humongous Allocation) 412M->411M(512M) 0.830ms
[0.911s][info][gc,cpu       ] GC(75) User=0.00s Sys=0.00s Real=0.00s
[0.911s][info][gc           ] GC(76) Concurrent Cycle
[0.911s][info][gc,marking   ] GC(76) Concurrent Clear Claimed Marks
[0.911s][info][gc,marking   ] GC(76) Concurrent Clear Claimed Marks 0.011ms
[0.911s][info][gc,marking   ] GC(76) Concurrent Scan Root Regions
[0.911s][info][gc,marking   ] GC(76) Concurrent Scan Root Regions 0.035ms
[0.911s][info][gc,marking   ] GC(76) Concurrent Mark (0.911s)
[0.911s][info][gc,marking   ] GC(76) Concurrent Mark From Roots
[0.911s][info][gc,task      ] GC(76) Using 2 workers of 2 for marking
[0.913s][info][gc,marking   ] GC(76) Concurrent Mark From Roots 1.568ms
[0.913s][info][gc,marking   ] GC(76) Concurrent Preclean
[0.913s][info][gc,marking   ] GC(76) Concurrent Preclean 0.033ms
[0.913s][info][gc,marking   ] GC(76) Concurrent Mark (0.911s, 0.913s) 1.641ms
[0.913s][info][gc,start     ] GC(76) Pause Remark
[0.913s][info][gc           ] GC(76) Pause Remark 427M->427M(512M) 0.289ms
[0.913s][info][gc,cpu       ] GC(76) User=0.00s Sys=0.00s Real=0.00s
[0.913s][info][gc,marking   ] GC(76) Concurrent Rebuild Remembered Sets
[0.914s][info][gc,marking   ] GC(76) Concurrent Rebuild Remembered Sets 0.887ms
[0.914s][info][gc,start     ] GC(76) Pause Cleanup
[0.914s][info][gc           ] GC(76) Pause Cleanup 436M->436M(512M) 0.131ms
[0.914s][info][gc,cpu       ] GC(76) User=0.00s Sys=0.00s Real=0.00s
[0.914s][info][gc,marking   ] GC(76) Concurrent Cleanup for Next Mark
[0.915s][info][gc,marking   ] GC(76) Concurrent Cleanup for Next Mark 0.588ms
[0.915s][info][gc           ] GC(76) Concurrent Cycle 3.903ms
[0.916s][info][gc,start     ] GC(77) Pause Young (Prepare Mixed) (G1 Evacuation Pause)
[0.916s][info][gc,task      ] GC(77) Using 6 workers of 6 for evacuation
[0.918s][info][gc,phases    ] GC(77)   Pre Evacuate Collection Set: 0.0ms
[0.918s][info][gc,phases    ] GC(77)   Merge Heap Roots: 0.1ms
[0.918s][info][gc,phases    ] GC(77)   Evacuate Collection Set: 1.2ms
[0.918s][info][gc,phases    ] GC(77)   Post Evacuate Collection Set: 0.2ms
[0.918s][info][gc,phases    ] GC(77)   Other: 0.1ms
[0.918s][info][gc,heap      ] GC(77) Eden regions: 25->0(21)
[0.918s][info][gc,heap      ] GC(77) Survivor regions: 1->4(4)
[0.918s][info][gc,heap      ] GC(77) Old regions: 259->268
[0.918s][info][gc,heap      ] GC(77) Archive regions: 0->0
[0.918s][info][gc,heap      ] GC(77) Humongous regions: 167->154
[0.918s][info][gc,metaspace ] GC(77) Metaspace: 9171K(9600K)->9171K(9600K) NonClass: 8366K(8704K)->8366K(8704K) Class: 805K(896K)->805K(896K)
[0.918s][info][gc           ] GC(77) Pause Young (Prepare Mixed) (G1 Evacuation Pause) 450M->425M(512M) 1.685ms
[0.918s][info][gc,cpu       ] GC(77) User=0.00s Sys=0.00s Real=0.00s
[0.922s][info][gc,start     ] GC(78) Pause Young (Mixed) (G1 Evacuation Pause)
[0.922s][info][gc,task      ] GC(78) Using 6 workers of 6 for evacuation
[0.927s][info][gc,phases    ] GC(78)   Pre Evacuate Collection Set: 0.0ms
[0.927s][info][gc,phases    ] GC(78)   Merge Heap Roots: 0.0ms
[0.927s][info][gc,phases    ] GC(78)   Evacuate Collection Set: 4.7ms
[0.927s][info][gc,phases    ] GC(78)   Post Evacuate Collection Set: 0.3ms
[0.927s][info][gc,phases    ] GC(78)   Other: 0.2ms
[0.927s][info][gc,heap      ] GC(78) Eden regions: 21->0(21)
[0.927s][info][gc,heap      ] GC(78) Survivor regions: 4->4(4)
[0.927s][info][gc,heap      ] GC(78) Old regions: 268->260
[0.927s][info][gc,heap      ] GC(78) Archive regions: 0->0
[0.927s][info][gc,heap      ] GC(78) Humongous regions: 164->154
[0.927s][info][gc,metaspace ] GC(78) Metaspace: 9171K(9600K)->9171K(9600K) NonClass: 8366K(8704K)->8366K(8704K) Class: 805K(896K)->805K(896K)
[0.927s][info][gc           ] GC(78) Pause Young (Mixed) (G1 Evacuation Pause) 456M->417M(512M) 5.393ms
[0.927s][info][gc,cpu       ] GC(78) User=0.00s Sys=0.00s Real=0.01s
[0.928s][info][gc,start     ] GC(79) Pause Young (Concurrent Start) (G1 Humongous Allocation)
[0.928s][info][gc,task      ] GC(79) Using 6 workers of 6 for evacuation
[0.929s][info][gc,phases    ] GC(79)   Pre Evacuate Collection Set: 0.0ms
[0.929s][info][gc,phases    ] GC(79)   Merge Heap Roots: 0.0ms
[0.929s][info][gc,phases    ] GC(79)   Evacuate Collection Set: 0.6ms
[0.929s][info][gc,phases    ] GC(79)   Post Evacuate Collection Set: 0.1ms
[0.929s][info][gc,phases    ] GC(79)   Other: 0.1ms
[0.929s][info][gc,heap      ] GC(79) Eden regions: 4->0(23)
[0.929s][info][gc,heap      ] GC(79) Survivor regions: 4->2(4)
[0.929s][info][gc,heap      ] GC(79) Old regions: 260->264
[0.929s][info][gc,heap      ] GC(79) Archive regions: 0->0
[0.929s][info][gc,heap      ] GC(79) Humongous regions: 154->153
[0.929s][info][gc,metaspace ] GC(79) Metaspace: 9171K(9600K)->9171K(9600K) NonClass: 8366K(8704K)->8366K(8704K) Class: 805K(896K)->805K(896K)
[0.929s][info][gc           ] GC(79) Pause Young (Concurrent Start) (G1 Humongous Allocation) 421M->417M(512M) 1.075ms
[0.929s][info][gc,cpu       ] GC(79) User=0.00s Sys=0.00s Real=0.00s
[0.929s][info][gc           ] GC(80) Concurrent Cycle
[0.929s][info][gc,marking   ] GC(80) Concurrent Clear Claimed Marks
[0.929s][info][gc,marking   ] GC(80) Concurrent Clear Claimed Marks 0.011ms
[0.929s][info][gc,marking   ] GC(80) Concurrent Scan Root Regions
[0.929s][info][gc,marking   ] GC(80) Concurrent Scan Root Regions 0.031ms
[0.929s][info][gc,marking   ] GC(80) Concurrent Mark (0.929s)
[0.929s][info][gc,marking   ] GC(80) Concurrent Mark From Roots
[0.929s][info][gc,task      ] GC(80) Using 2 workers of 2 for marking
[0.931s][info][gc,marking   ] GC(80) Concurrent Mark From Roots 1.659ms
[0.931s][info][gc,marking   ] GC(80) Concurrent Preclean
[0.931s][info][gc,marking   ] GC(80) Concurrent Preclean 0.037ms
[0.931s][info][gc,marking   ] GC(80) Concurrent Mark (0.929s, 0.931s) 1.735ms
[0.931s][info][gc,start     ] GC(80) Pause Remark
[0.931s][info][gc           ] GC(80) Pause Remark 434M->434M(512M) 0.351ms
[0.931s][info][gc,cpu       ] GC(80) User=0.00s Sys=0.00s Real=0.00s
[0.931s][info][gc,marking   ] GC(80) Concurrent Rebuild Remembered Sets
[0.932s][info][gc,marking   ] GC(80) Concurrent Rebuild Remembered Sets 0.979ms
[0.932s][info][gc,start     ] GC(80) Pause Cleanup
[0.932s][info][gc           ] GC(80) Pause Cleanup 443M->443M(512M) 0.147ms
[0.932s][info][gc,cpu       ] GC(80) User=0.00s Sys=0.00s Real=0.00s
[0.932s][info][gc,marking   ] GC(80) Concurrent Cleanup for Next Mark
[0.933s][info][gc,marking   ] GC(80) Concurrent Cleanup for Next Mark 0.721ms
[0.933s][info][gc           ] GC(80) Concurrent Cycle 4.305ms
[0.934s][info][gc,start     ] GC(81) Pause Young (Prepare Mixed) (G1 Evacuation Pause)
[0.934s][info][gc,task      ] GC(81) Using 6 workers of 6 for evacuation
[0.936s][info][gc,phases    ] GC(81)   Pre Evacuate Collection Set: 0.0ms
[0.936s][info][gc,phases    ] GC(81)   Merge Heap Roots: 0.1ms
[0.936s][info][gc,phases    ] GC(81)   Evacuate Collection Set: 1.2ms
[0.936s][info][gc,phases    ] GC(81)   Post Evacuate Collection Set: 0.2ms
[0.936s][info][gc,phases    ] GC(81)   Other: 0.1ms
[0.936s][info][gc,heap      ] GC(81) Eden regions: 23->0(21)
[0.936s][info][gc,heap      ] GC(81) Survivor regions: 2->4(4)
[0.936s][info][gc,heap      ] GC(81) Old regions: 264->272
[0.936s][info][gc,heap      ] GC(81) Archive regions: 0->0
[0.936s][info][gc,heap      ] GC(81) Humongous regions: 167->151
[0.936s][info][gc,metaspace ] GC(81) Metaspace: 9171K(9600K)->9171K(9600K) NonClass: 8366K(8704K)->8366K(8704K) Class: 805K(896K)->805K(896K)
[0.936s][info][gc           ] GC(81) Pause Young (Prepare Mixed) (G1 Evacuation Pause) 454M->426M(512M) 1.643ms
[0.936s][info][gc,cpu       ] GC(81) User=0.08s Sys=0.00s Real=0.00s
[0.940s][info][gc,start     ] GC(82) Pause Young (Mixed) (G1 Evacuation Pause)
[0.940s][info][gc,task      ] GC(82) Using 6 workers of 6 for evacuation
[0.945s][info][gc,phases    ] GC(82)   Pre Evacuate Collection Set: 0.0ms
[0.945s][info][gc,phases    ] GC(82)   Merge Heap Roots: 0.0ms
[0.945s][info][gc,phases    ] GC(82)   Evacuate Collection Set: 4.8ms
[0.945s][info][gc,phases    ] GC(82)   Post Evacuate Collection Set: 0.3ms
[0.945s][info][gc,phases    ] GC(82)   Other: 0.2ms
[0.945s][info][gc,heap      ] GC(82) Eden regions: 21->0(21)
[0.945s][info][gc,heap      ] GC(82) Survivor regions: 4->4(4)
[0.945s][info][gc,heap      ] GC(82) Old regions: 272->264
[0.945s][info][gc,heap      ] GC(82) Archive regions: 0->0
[0.945s][info][gc,heap      ] GC(82) Humongous regions: 160->149
[0.945s][info][gc,metaspace ] GC(82) Metaspace: 9171K(9600K)->9171K(9600K) NonClass: 8366K(8704K)->8366K(8704K) Class: 805K(896K)->805K(896K)
[0.945s][info][gc           ] GC(82) Pause Young (Mixed) (G1 Evacuation Pause) 456M->416M(512M) 5.481ms
[0.945s][info][gc,cpu       ] GC(82) User=0.00s Sys=0.00s Real=0.01s
[0.945s][info][gc,start     ] GC(83) Pause Young (Concurrent Start) (G1 Humongous Allocation)
[0.945s][info][gc,task      ] GC(83) Using 6 workers of 6 for evacuation
[0.946s][info][gc,phases    ] GC(83)   Pre Evacuate Collection Set: 0.0ms
[0.946s][info][gc,phases    ] GC(83)   Merge Heap Roots: 0.0ms
[0.946s][info][gc,phases    ] GC(83)   Evacuate Collection Set: 0.4ms
[0.946s][info][gc,phases    ] GC(83)   Post Evacuate Collection Set: 0.2ms
[0.946s][info][gc,phases    ] GC(83)   Other: 0.1ms
[0.946s][info][gc,heap      ] GC(83) Eden regions: 2->0(25)
[0.946s][info][gc,heap      ] GC(83) Survivor regions: 4->0(4)
[0.946s][info][gc,heap      ] GC(83) Old regions: 264->268
[0.946s][info][gc,heap      ] GC(83) Archive regions: 0->0
[0.946s][info][gc,heap      ] GC(83) Humongous regions: 149->149
[0.946s][info][gc,metaspace ] GC(83) Metaspace: 9171K(9600K)->9171K(9600K) NonClass: 8366K(8704K)->8366K(8704K) Class: 805K(896K)->805K(896K)
[0.946s][info][gc           ] GC(83) Pause Young (Concurrent Start) (G1 Humongous Allocation) 417M->416M(512M) 0.864ms
[0.946s][info][gc,cpu       ] GC(83) User=0.00s Sys=0.00s Real=0.00s
[0.946s][info][gc           ] GC(84) Concurrent Cycle
[0.946s][info][gc,marking   ] GC(84) Concurrent Clear Claimed Marks
[0.946s][info][gc,marking   ] GC(84) Concurrent Clear Claimed Marks 0.011ms
[0.946s][info][gc,marking   ] GC(84) Concurrent Scan Root Regions
[0.946s][info][gc,marking   ] GC(84) Concurrent Scan Root Regions 0.035ms
[0.946s][info][gc,marking   ] GC(84) Concurrent Mark (0.946s)
[0.946s][info][gc,marking   ] GC(84) Concurrent Mark From Roots
[0.946s][info][gc,task      ] GC(84) Using 2 workers of 2 for marking
[0.948s][info][gc,marking   ] GC(84) Concurrent Mark From Roots 1.677ms
[0.948s][info][gc,marking   ] GC(84) Concurrent Preclean
[0.948s][info][gc,marking   ] GC(84) Concurrent Preclean 0.040ms
[0.948s][info][gc,marking   ] GC(84) Concurrent Mark (0.946s, 0.948s) 1.789ms
[0.948s][info][gc,start     ] GC(84) Pause Remark
[0.948s][info][gc           ] GC(84) Pause Remark 435M->435M(512M) 0.338ms
[0.948s][info][gc,cpu       ] GC(84) User=0.00s Sys=0.00s Real=0.00s
[0.948s][info][gc,marking   ] GC(84) Concurrent Rebuild Remembered Sets
[0.950s][info][gc,marking   ] GC(84) Concurrent Rebuild Remembered Sets 1.293ms
[0.950s][info][gc,start     ] GC(84) Pause Cleanup
[0.950s][info][gc           ] GC(84) Pause Cleanup 448M->448M(512M) 0.141ms
[0.950s][info][gc,cpu       ] GC(84) User=0.00s Sys=0.00s Real=0.00s
[0.950s][info][gc,marking   ] GC(84) Concurrent Cleanup for Next Mark
[0.951s][info][gc,marking   ] GC(84) Concurrent Cleanup for Next Mark 0.562ms
[0.951s][info][gc           ] GC(84) Concurrent Cycle 4.500ms
[0.952s][info][gc,start     ] GC(85) Pause Young (Prepare Mixed) (G1 Evacuation Pause)
[0.952s][info][gc,task      ] GC(85) Using 6 workers of 6 for evacuation
[0.953s][info][gc,phases    ] GC(85)   Pre Evacuate Collection Set: 0.1ms
[0.953s][info][gc,phases    ] GC(85)   Merge Heap Roots: 0.1ms
[0.953s][info][gc,phases    ] GC(85)   Evacuate Collection Set: 1.0ms
[0.953s][info][gc,phases    ] GC(85)   Post Evacuate Collection Set: 0.2ms
[0.953s][info][gc,phases    ] GC(85)   Other: 0.1ms
[0.953s][info][gc,heap      ] GC(85) Eden regions: 25->0(21)
[0.953s][info][gc,heap      ] GC(85) Survivor regions: 0->4(4)
[0.953s][info][gc,heap      ] GC(85) Old regions: 268->275
[0.953s][info][gc,heap      ] GC(85) Archive regions: 0->0
[0.953s][info][gc,heap      ] GC(85) Humongous regions: 168->153
[0.953s][info][gc,metaspace ] GC(85) Metaspace: 9171K(9600K)->9171K(9600K) NonClass: 8366K(8704K)->8366K(8704K) Class: 805K(896K)->805K(896K)
[0.953s][info][gc           ] GC(85) Pause Young (Prepare Mixed) (G1 Evacuation Pause) 460M->431M(512M) 1.530ms
[0.953s][info][gc,cpu       ] GC(85) User=0.00s Sys=0.00s Real=0.00s
[0.957s][info][gc,start     ] GC(86) Pause Young (Mixed) (G1 Evacuation Pause)
[0.957s][info][gc,task      ] GC(86) Using 6 workers of 6 for evacuation
[0.962s][info][gc           ] GC(86) To-space exhausted
[0.962s][info][gc,phases    ] GC(86)   Pre Evacuate Collection Set: 0.0ms
[0.962s][info][gc,phases    ] GC(86)   Merge Heap Roots: 0.0ms
[0.962s][info][gc,phases    ] GC(86)   Evacuate Collection Set: 4.3ms
[0.962s][info][gc,phases    ] GC(86)   Post Evacuate Collection Set: 0.3ms
[0.962s][info][gc,phases    ] GC(86)   Other: 0.2ms
[0.962s][info][gc,heap      ] GC(86) Eden regions: 21->0(21)
[0.962s][info][gc,heap      ] GC(86) Survivor regions: 4->4(4)
[0.962s][info][gc,heap      ] GC(86) Old regions: 275->269
[0.962s][info][gc,heap      ] GC(86) Archive regions: 0->0
[0.962s][info][gc,heap      ] GC(86) Humongous regions: 169->155
[0.962s][info][gc,metaspace ] GC(86) Metaspace: 9171K(9600K)->9171K(9600K) NonClass: 8366K(8704K)->8366K(8704K) Class: 805K(896K)->805K(896K)
[0.962s][info][gc           ] GC(86) Pause Young (Mixed) (G1 Evacuation Pause) 468M->428M(512M) 5.031ms
[0.963s][info][gc,cpu       ] GC(86) User=0.00s Sys=0.00s Real=0.00s
[0.963s][info][gc,start     ] GC(87) Pause Young (Concurrent Start) (G1 Humongous Allocation)
[0.963s][info][gc,task      ] GC(87) Using 6 workers of 6 for evacuation
[0.963s][info][gc,phases    ] GC(87)   Pre Evacuate Collection Set: 0.0ms
[0.963s][info][gc,phases    ] GC(87)   Merge Heap Roots: 0.0ms
[0.963s][info][gc,phases    ] GC(87)   Evacuate Collection Set: 0.5ms
[0.964s][info][gc,phases    ] GC(87)   Post Evacuate Collection Set: 0.1ms
[0.964s][info][gc,phases    ] GC(87)   Other: 0.1ms
[0.964s][info][gc,heap      ] GC(87) Eden regions: 1->0(24)
[0.964s][info][gc,heap      ] GC(87) Survivor regions: 4->1(4)
[0.964s][info][gc,heap      ] GC(87) Old regions: 269->274
[0.964s][info][gc,heap      ] GC(87) Archive regions: 0->0
[0.964s][info][gc,heap      ] GC(87) Humongous regions: 155->155
[0.964s][info][gc,metaspace ] GC(87) Metaspace: 9171K(9600K)->9171K(9600K) NonClass: 8366K(8704K)->8366K(8704K) Class: 805K(896K)->805K(896K)
[0.964s][info][gc           ] GC(87) Pause Young (Concurrent Start) (G1 Humongous Allocation) 428M->428M(512M) 0.938ms
[0.964s][info][gc,cpu       ] GC(87) User=0.00s Sys=0.00s Real=0.00s
[0.964s][info][gc           ] GC(88) Concurrent Cycle
[0.964s][info][gc,marking   ] GC(88) Concurrent Clear Claimed Marks
[0.964s][info][gc,marking   ] GC(88) Concurrent Clear Claimed Marks 0.011ms
[0.964s][info][gc,marking   ] GC(88) Concurrent Scan Root Regions
[0.964s][info][gc,marking   ] GC(88) Concurrent Scan Root Regions 0.045ms
[0.964s][info][gc,marking   ] GC(88) Concurrent Mark (0.964s)
[0.964s][info][gc,marking   ] GC(88) Concurrent Mark From Roots
[0.964s][info][gc,task      ] GC(88) Using 2 workers of 2 for marking
[0.966s][info][gc,marking   ] GC(88) Concurrent Mark From Roots 1.837ms
[0.966s][info][gc,marking   ] GC(88) Concurrent Preclean
[0.966s][info][gc,marking   ] GC(88) Concurrent Preclean 0.037ms
[0.966s][info][gc,marking   ] GC(88) Concurrent Mark (0.964s, 0.966s) 1.909ms
[0.966s][info][gc,start     ] GC(88) Pause Remark
[0.966s][info][gc           ] GC(88) Pause Remark 448M->448M(512M) 0.323ms
[0.966s][info][gc,cpu       ] GC(88) User=0.00s Sys=0.00s Real=0.00s
[0.966s][info][gc,marking   ] GC(88) Concurrent Rebuild Remembered Sets
[0.967s][info][gc,marking   ] GC(88) Concurrent Rebuild Remembered Sets 1.176ms
[0.967s][info][gc,start     ] GC(88) Pause Cleanup
[0.967s][info][gc           ] GC(88) Pause Cleanup 458M->458M(512M) 0.108ms
[0.968s][info][gc,cpu       ] GC(88) User=0.00s Sys=0.00s Real=0.00s
[0.968s][info][gc,marking   ] GC(88) Concurrent Cleanup for Next Mark
[0.968s][info][gc,marking   ] GC(88) Concurrent Cleanup for Next Mark 0.630ms
[0.968s][info][gc           ] GC(88) Concurrent Cycle 4.549ms
[0.969s][info][gc,start     ] GC(89) Pause Young (Prepare Mixed) (G1 Evacuation Pause)
[0.969s][info][gc,task      ] GC(89) Using 6 workers of 6 for evacuation
[0.970s][info][gc,phases    ] GC(89)   Pre Evacuate Collection Set: 0.0ms
[0.970s][info][gc,phases    ] GC(89)   Merge Heap Roots: 0.1ms
[0.970s][info][gc,phases    ] GC(89)   Evacuate Collection Set: 0.9ms
[0.970s][info][gc,phases    ] GC(89)   Post Evacuate Collection Set: 0.2ms
[0.970s][info][gc,phases    ] GC(89)   Other: 0.1ms
[0.970s][info][gc,heap      ] GC(89) Eden regions: 24->0(21)
[0.970s][info][gc,heap      ] GC(89) Survivor regions: 1->4(4)
[0.970s][info][gc,heap      ] GC(89) Old regions: 274->280
[0.970s][info][gc,heap      ] GC(89) Archive regions: 0->0
[0.970s][info][gc,heap      ] GC(89) Humongous regions: 168->156
[0.970s][info][gc,metaspace ] GC(89) Metaspace: 9171K(9600K)->9171K(9600K) NonClass: 8366K(8704K)->8366K(8704K) Class: 805K(896K)->805K(896K)
[0.970s][info][gc           ] GC(89) Pause Young (Prepare Mixed) (G1 Evacuation Pause) 465M->439M(512M) 1.405ms
[0.970s][info][gc,cpu       ] GC(89) User=0.00s Sys=0.00s Real=0.00s
[0.975s][info][gc,start     ] GC(90) Pause Young (Mixed) (G1 Evacuation Pause)
[0.975s][info][gc,task      ] GC(90) Using 6 workers of 6 for evacuation
[0.978s][info][gc           ] GC(90) To-space exhausted
[0.978s][info][gc,phases    ] GC(90)   Pre Evacuate Collection Set: 0.1ms
[0.978s][info][gc,phases    ] GC(90)   Merge Heap Roots: 0.0ms
[0.978s][info][gc,phases    ] GC(90)   Evacuate Collection Set: 3.1ms
[0.978s][info][gc,phases    ] GC(90)   Post Evacuate Collection Set: 0.4ms
[0.978s][info][gc,phases    ] GC(90)   Other: 0.2ms
[0.978s][info][gc,heap      ] GC(90) Eden regions: 21->0(21)
[0.978s][info][gc,heap      ] GC(90) Survivor regions: 4->4(4)
[0.978s][info][gc,heap      ] GC(90) Old regions: 280->284
[0.978s][info][gc,heap      ] GC(90) Archive regions: 0->0
[0.978s][info][gc,heap      ] GC(90) Humongous regions: 176->165
[0.978s][info][gc,metaspace ] GC(90) Metaspace: 9171K(9600K)->9171K(9600K) NonClass: 8366K(8704K)->8366K(8704K) Class: 805K(896K)->805K(896K)
[0.979s][info][gc           ] GC(90) Pause Young (Mixed) (G1 Evacuation Pause) 480M->453M(512M) 3.907ms
[0.979s][info][gc,cpu       ] GC(90) User=0.00s Sys=0.00s Real=0.00s
[0.979s][info][gc,start     ] GC(91) Pause Young (Concurrent Start) (G1 Humongous Allocation)
[0.979s][info][gc,task      ] GC(91) Using 6 workers of 6 for evacuation
[0.979s][info][gc,phases    ] GC(91)   Pre Evacuate Collection Set: 0.0ms
[0.979s][info][gc,phases    ] GC(91)   Merge Heap Roots: 0.0ms
[0.979s][info][gc,phases    ] GC(91)   Evacuate Collection Set: 0.5ms
[0.980s][info][gc,phases    ] GC(91)   Post Evacuate Collection Set: 0.1ms
[0.980s][info][gc,phases    ] GC(91)   Other: 0.1ms
[0.980s][info][gc,heap      ] GC(91) Eden regions: 2->0(24)
[0.980s][info][gc,heap      ] GC(91) Survivor regions: 4->1(4)
[0.980s][info][gc,heap      ] GC(91) Old regions: 284->288
[0.980s][info][gc,heap      ] GC(91) Archive regions: 0->0
[0.980s][info][gc,heap      ] GC(91) Humongous regions: 165->165
[0.980s][info][gc,metaspace ] GC(91) Metaspace: 9171K(9600K)->9171K(9600K) NonClass: 8366K(8704K)->8366K(8704K) Class: 805K(896K)->805K(896K)
[0.980s][info][gc           ] GC(91) Pause Young (Concurrent Start) (G1 Humongous Allocation) 454M->453M(512M) 0.883ms
[0.980s][info][gc,cpu       ] GC(91) User=0.00s Sys=0.00s Real=0.00s
[0.980s][info][gc           ] GC(92) Concurrent Cycle
[0.980s][info][gc,marking   ] GC(92) Concurrent Clear Claimed Marks
[0.980s][info][gc,marking   ] GC(92) Concurrent Clear Claimed Marks 0.011ms
[0.980s][info][gc,marking   ] GC(92) Concurrent Scan Root Regions
[0.980s][info][gc,marking   ] GC(92) Concurrent Scan Root Regions 0.053ms
[0.980s][info][gc,marking   ] GC(92) Concurrent Mark (0.980s)
[0.980s][info][gc,marking   ] GC(92) Concurrent Mark From Roots
[0.980s][info][gc,task      ] GC(92) Using 2 workers of 2 for marking
[0.982s][info][gc,marking   ] GC(92) Concurrent Mark From Roots 1.824ms
[0.982s][info][gc,marking   ] GC(92) Concurrent Preclean
[0.982s][info][gc,marking   ] GC(92) Concurrent Preclean 0.038ms
[0.982s][info][gc,marking   ] GC(92) Concurrent Mark (0.980s, 0.982s) 1.907ms
[0.982s][info][gc,start     ] GC(92) Pause Remark
[0.982s][info][gc           ] GC(92) Pause Remark 469M->469M(512M) 0.296ms
[0.982s][info][gc,cpu       ] GC(92) User=0.09s Sys=0.00s Real=0.00s
[0.982s][info][gc,marking   ] GC(92) Concurrent Rebuild Remembered Sets
[0.983s][info][gc,marking   ] GC(92) Concurrent Rebuild Remembered Sets 1.282ms
[0.983s][info][gc,start     ] GC(92) Pause Cleanup
[0.984s][info][gc           ] GC(92) Pause Cleanup 477M->477M(512M) 0.113ms
[0.984s][info][gc,cpu       ] GC(92) User=0.00s Sys=0.00s Real=0.00s
[0.984s][info][gc,marking   ] GC(92) Concurrent Cleanup for Next Mark
[0.984s][info][gc,marking   ] GC(92) Concurrent Cleanup for Next Mark 0.579ms
[0.984s][info][gc           ] GC(92) Concurrent Cycle 4.575ms
[0.985s][info][gc,start     ] GC(93) Pause Young (Prepare Mixed) (G1 Evacuation Pause)
[0.985s][info][gc,task      ] GC(93) Using 6 workers of 6 for evacuation
[0.986s][info][gc,phases    ] GC(93)   Pre Evacuate Collection Set: 0.0ms
[0.986s][info][gc,phases    ] GC(93)   Merge Heap Roots: 0.1ms
[0.986s][info][gc,phases    ] GC(93)   Evacuate Collection Set: 1.3ms
[0.986s][info][gc,phases    ] GC(93)   Post Evacuate Collection Set: 0.2ms
[0.986s][info][gc,phases    ] GC(93)   Other: 0.1ms
[0.986s][info][gc,heap      ] GC(93) Eden regions: 24->0(21)
[0.986s][info][gc,heap      ] GC(93) Survivor regions: 1->4(4)
[0.986s][info][gc,heap      ] GC(93) Old regions: 288->298
[0.986s][info][gc,heap      ] GC(93) Archive regions: 0->0
[0.986s][info][gc,heap      ] GC(93) Humongous regions: 173->164
[0.987s][info][gc,metaspace ] GC(93) Metaspace: 9171K(9600K)->9171K(9600K) NonClass: 8366K(8704K)->8366K(8704K) Class: 805K(896K)->805K(896K)
[0.987s][info][gc           ] GC(93) Pause Young (Prepare Mixed) (G1 Evacuation Pause) 485M->465M(512M) 1.854ms
[0.987s][info][gc,cpu       ] GC(93) User=0.00s Sys=0.00s Real=0.00s
[0.990s][info][gc,start     ] GC(94) Pause Young (Mixed) (G1 Evacuation Pause)
[0.990s][info][gc,task      ] GC(94) Using 6 workers of 6 for evacuation
[0.992s][info][gc           ] GC(94) To-space exhausted
[0.992s][info][gc,phases    ] GC(94)   Pre Evacuate Collection Set: 0.1ms
[0.992s][info][gc,phases    ] GC(94)   Merge Heap Roots: 0.0ms
[0.992s][info][gc,phases    ] GC(94)   Evacuate Collection Set: 0.9ms
[0.992s][info][gc,phases    ] GC(94)   Post Evacuate Collection Set: 0.4ms
[0.992s][info][gc,phases    ] GC(94)   Other: 0.2ms
[0.992s][info][gc,heap      ] GC(94) Eden regions: 21->0(23)
[0.992s][info][gc,heap      ] GC(94) Survivor regions: 4->2(4)
[0.992s][info][gc,heap      ] GC(94) Old regions: 298->320
[0.992s][info][gc,heap      ] GC(94) Archive regions: 0->0
[0.992s][info][gc,heap      ] GC(94) Humongous regions: 182->162
[0.992s][info][gc,metaspace ] GC(94) Metaspace: 9171K(9600K)->9171K(9600K) NonClass: 8366K(8704K)->8366K(8704K) Class: 805K(896K)->805K(896K)
[0.992s][info][gc           ] GC(94) Pause Young (Mixed) (G1 Evacuation Pause) 504M->483M(512M) 1.637ms
[0.992s][info][gc,cpu       ] GC(94) User=0.00s Sys=0.00s Real=0.00s
[0.992s][info][gc,start     ] GC(95) Pause Young (Concurrent Start) (G1 Humongous Allocation)
[0.992s][info][gc,task      ] GC(95) Using 6 workers of 6 for evacuation
[0.993s][info][gc,phases    ] GC(95)   Pre Evacuate Collection Set: 0.0ms
[0.993s][info][gc,phases    ] GC(95)   Merge Heap Roots: 0.0ms
[0.993s][info][gc,phases    ] GC(95)   Evacuate Collection Set: 0.2ms
[0.993s][info][gc,phases    ] GC(95)   Post Evacuate Collection Set: 0.1ms
[0.993s][info][gc,phases    ] GC(95)   Other: 0.1ms
[0.993s][info][gc,heap      ] GC(95) Eden regions: 1->0(22)
[0.993s][info][gc,heap      ] GC(95) Survivor regions: 2->3(4)
[0.993s][info][gc,heap      ] GC(95) Old regions: 320->320
[0.993s][info][gc,heap      ] GC(95) Archive regions: 0->0
[0.993s][info][gc,heap      ] GC(95) Humongous regions: 162->162
[0.993s][info][gc,metaspace ] GC(95) Metaspace: 9171K(9600K)->9171K(9600K) NonClass: 8366K(8704K)->8366K(8704K) Class: 805K(896K)->805K(896K)
[0.993s][info][gc           ] GC(95) Pause Young (Concurrent Start) (G1 Humongous Allocation) 484M->484M(512M) 0.585ms
[0.993s][info][gc,cpu       ] GC(95) User=0.00s Sys=0.00s Real=0.00s
[0.993s][info][gc           ] GC(96) Concurrent Cycle
[0.993s][info][gc,marking   ] GC(96) Concurrent Clear Claimed Marks
[0.993s][info][gc,marking   ] GC(96) Concurrent Clear Claimed Marks 0.015ms
[0.993s][info][gc,marking   ] GC(96) Concurrent Scan Root Regions
[0.993s][info][gc,marking   ] GC(96) Concurrent Scan Root Regions 0.034ms
[0.993s][info][gc,marking   ] GC(96) Concurrent Mark (0.993s)
[0.993s][info][gc,marking   ] GC(96) Concurrent Mark From Roots
[0.993s][info][gc,task      ] GC(96) Using 2 workers of 2 for marking
[0.995s][info][gc,marking   ] GC(96) Concurrent Mark From Roots 1.814ms
[0.995s][info][gc,marking   ] GC(96) Concurrent Preclean
[0.995s][info][gc,marking   ] GC(96) Concurrent Preclean 0.038ms
[0.995s][info][gc,marking   ] GC(96) Concurrent Mark (0.993s, 0.995s) 1.896ms
[0.995s][info][gc,start     ] GC(96) Pause Remark
[0.995s][info][gc           ] GC(96) Pause Remark 502M->502M(512M) 0.311ms
[0.995s][info][gc,cpu       ] GC(96) User=0.00s Sys=0.00s Real=0.00s
[0.995s][info][gc,marking   ] GC(96) Concurrent Rebuild Remembered Sets
[0.996s][info][gc,start     ] GC(97) Pause Young (Normal) (G1 Humongous Allocation)
[0.996s][info][gc,task      ] GC(97) Using 6 workers of 6 for evacuation
[0.996s][info][gc           ] GC(97) To-space exhausted
[0.996s][info][gc,phases    ] GC(97)   Pre Evacuate Collection Set: 0.0ms
[0.997s][info][gc,phases    ] GC(97)   Merge Heap Roots: 0.1ms
[0.997s][info][gc,phases    ] GC(97)   Evacuate Collection Set: 0.1ms
[0.997s][info][gc,phases    ] GC(97)   Post Evacuate Collection Set: 0.2ms
[0.997s][info][gc,phases    ] GC(97)   Other: 0.1ms
[0.997s][info][gc,heap      ] GC(97) Eden regions: 14->0(25)
[0.997s][info][gc,heap      ] GC(97) Survivor regions: 3->0(0)
[0.997s][info][gc,heap      ] GC(97) Old regions: 320->337
[0.997s][info][gc,heap      ] GC(97) Archive regions: 0->0
[0.997s][info][gc,heap      ] GC(97) Humongous regions: 175->160
[0.997s][info][gc,metaspace ] GC(97) Metaspace: 9171K(9600K)->9171K(9600K) NonClass: 8366K(8704K)->8366K(8704K) Class: 805K(896K)->805K(896K)
[0.997s][info][gc           ] GC(97) Pause Young (Normal) (G1 Humongous Allocation) 510M->495M(512M) 0.549ms
[0.997s][info][gc,cpu       ] GC(97) User=0.00s Sys=0.00s Real=0.00s
[0.997s][info][gc,marking   ] GC(96) Concurrent Rebuild Remembered Sets 1.714ms
[0.997s][info][gc,start     ] GC(96) Pause Cleanup
[0.997s][info][gc           ] GC(96) Pause Cleanup 499M->499M(512M) 0.126ms
[0.997s][info][gc,cpu       ] GC(96) User=0.00s Sys=0.00s Real=0.00s
[0.997s][info][gc,marking   ] GC(96) Concurrent Cleanup for Next Mark
[0.998s][info][gc,marking   ] GC(96) Concurrent Cleanup for Next Mark 0.580ms
[0.998s][info][gc           ] GC(96) Concurrent Cycle 5.040ms
[0.999s][info][gc,start     ] GC(98) Pause Young (Prepare Mixed) (G1 Evacuation Pause)
[0.999s][info][gc,task      ] GC(98) Using 6 workers of 6 for evacuation
[0.999s][info][gc           ] GC(98) To-space exhausted
[0.999s][info][gc,phases    ] GC(98)   Pre Evacuate Collection Set: 0.0ms
[0.999s][info][gc,phases    ] GC(98)   Merge Heap Roots: 0.0ms
[0.999s][info][gc,phases    ] GC(98)   Evacuate Collection Set: 0.1ms
[0.999s][info][gc,phases    ] GC(98)   Post Evacuate Collection Set: 0.2ms
[0.999s][info][gc,phases    ] GC(98)   Other: 0.1ms
[0.999s][info][gc,heap      ] GC(98) Eden regions: 11->0(25)
[0.999s][info][gc,heap      ] GC(98) Survivor regions: 0->0(0)
[0.999s][info][gc,heap      ] GC(98) Old regions: 337->347
[0.999s][info][gc,heap      ] GC(98) Archive regions: 0->0
[0.999s][info][gc,heap      ] GC(98) Humongous regions: 164->160
[0.999s][info][gc,metaspace ] GC(98) Metaspace: 9171K(9600K)->9171K(9600K) NonClass: 8366K(8704K)->8366K(8704K) Class: 805K(896K)->805K(896K)
[0.999s][info][gc           ] GC(98) Pause Young (Prepare Mixed) (G1 Evacuation Pause) 510M->505M(512M) 0.504ms
[0.999s][info][gc,cpu       ] GC(98) User=0.00s Sys=0.00s Real=0.00s
[1.000s][info][gc,start     ] GC(99) Pause Young (Mixed) (G1 Evacuation Pause)
[1.000s][info][gc,task      ] GC(99) Using 6 workers of 6 for evacuation
[1.000s][info][gc           ] GC(99) To-space exhausted
[1.000s][info][gc,phases    ] GC(99)   Pre Evacuate Collection Set: 0.0ms
[1.000s][info][gc,phases    ] GC(99)   Merge Heap Roots: 0.0ms
[1.000s][info][gc,phases    ] GC(99)   Evacuate Collection Set: 0.1ms
[1.000s][info][gc,phases    ] GC(99)   Post Evacuate Collection Set: 0.2ms
[1.000s][info][gc,phases    ] GC(99)   Other: 0.1ms
[1.000s][info][gc,heap      ] GC(99) Eden regions: 2->0(25)
[1.000s][info][gc,heap      ] GC(99) Survivor regions: 0->0(0)
[1.000s][info][gc,heap      ] GC(99) Old regions: 347->348
[1.000s][info][gc,heap      ] GC(99) Archive regions: 0->0
[1.000s][info][gc,heap      ] GC(99) Humongous regions: 163->161
[1.000s][info][gc,metaspace ] GC(99) Metaspace: 9171K(9600K)->9171K(9600K) NonClass: 8366K(8704K)->8366K(8704K) Class: 805K(896K)->805K(896K)
[1.000s][info][gc           ] GC(99) Pause Young (Mixed) (G1 Evacuation Pause) 510M->507M(512M) 0.562ms
[1.000s][info][gc,cpu       ] GC(99) User=0.00s Sys=0.00s Real=0.00s
[1.001s][info][gc,start     ] GC(100) Pause Young (Mixed) (G1 Evacuation Pause)
[1.001s][info][gc,task      ] GC(100) Using 6 workers of 6 for evacuation
[1.001s][info][gc           ] GC(100) To-space exhausted
[1.001s][info][gc,phases    ] GC(100)   Pre Evacuate Collection Set: 0.0ms
[1.001s][info][gc,phases    ] GC(100)   Merge Heap Roots: 0.0ms
[1.001s][info][gc,phases    ] GC(100)   Evacuate Collection Set: 0.1ms
[1.001s][info][gc,phases    ] GC(100)   Post Evacuate Collection Set: 0.2ms
[1.001s][info][gc,phases    ] GC(100)   Other: 0.1ms
[1.001s][info][gc,heap      ] GC(100) Eden regions: 1->0(25)
[1.001s][info][gc,heap      ] GC(100) Survivor regions: 0->0(0)
[1.001s][info][gc,heap      ] GC(100) Old regions: 348->348
[1.001s][info][gc,heap      ] GC(100) Archive regions: 0->0
[1.001s][info][gc,heap      ] GC(100) Humongous regions: 163->162
[1.001s][info][gc,metaspace ] GC(100) Metaspace: 9171K(9600K)->9171K(9600K) NonClass: 8366K(8704K)->8366K(8704K) Class: 805K(896K)->805K(896K)
[1.001s][info][gc           ] GC(100) Pause Young (Mixed) (G1 Evacuation Pause) 510M->508M(512M) 0.550ms
[1.001s][info][gc,cpu       ] GC(100) User=0.00s Sys=0.00s Real=0.00s
[1.002s][info][gc,start     ] GC(101) Pause Young (Mixed) (G1 Humongous Allocation)
[1.002s][info][gc,task      ] GC(101) Using 6 workers of 6 for evacuation
[1.002s][info][gc           ] GC(101) To-space exhausted
[1.002s][info][gc,phases    ] GC(101)   Pre Evacuate Collection Set: 0.0ms
[1.002s][info][gc,phases    ] GC(101)   Merge Heap Roots: 0.0ms
[1.002s][info][gc,phases    ] GC(101)   Evacuate Collection Set: 0.2ms
[1.002s][info][gc,phases    ] GC(101)   Post Evacuate Collection Set: 0.2ms
[1.002s][info][gc,phases    ] GC(101)   Other: 0.1ms
[1.002s][info][gc,heap      ] GC(101) Eden regions: 1->0(25)
[1.002s][info][gc,heap      ] GC(101) Survivor regions: 0->0(0)
[1.002s][info][gc,heap      ] GC(101) Old regions: 348->349
[1.002s][info][gc,heap      ] GC(101) Archive regions: 0->0
[1.002s][info][gc,heap      ] GC(101) Humongous regions: 163->163
[1.002s][info][gc,metaspace ] GC(101) Metaspace: 9171K(9600K)->9171K(9600K) NonClass: 8366K(8704K)->8366K(8704K) Class: 805K(896K)->805K(896K)
[1.002s][info][gc           ] GC(101) Pause Young (Mixed) (G1 Humongous Allocation) 510M->510M(512M) 0.645ms
[1.002s][info][gc,cpu       ] GC(101) User=0.00s Sys=0.00s Real=0.00s
[1.002s][info][gc,task      ] GC(102) Using 6 workers of 6 for full compaction
[1.002s][info][gc,start     ] GC(102) Pause Full (G1 Humongous Allocation)
[1.002s][info][gc,phases,start] GC(102) Phase 1: Mark live objects
[1.003s][info][gc,phases      ] GC(102) Phase 1: Mark live objects 0.795ms
[1.003s][info][gc,phases,start] GC(102) Phase 2: Prepare for compaction
[1.004s][info][gc,phases      ] GC(102) Phase 2: Prepare for compaction 0.430ms
[1.004s][info][gc,phases,start] GC(102) Phase 3: Adjust pointers
[1.004s][info][gc,phases      ] GC(102) Phase 3: Adjust pointers 0.554ms
[1.004s][info][gc,phases,start] GC(102) Phase 4: Compact heap
[1.026s][info][gc,phases      ] GC(102) Phase 4: Compact heap 22.037ms
[1.027s][info][gc,heap        ] GC(102) Eden regions: 0->0(26)
[1.027s][info][gc,heap        ] GC(102) Survivor regions: 0->0(0)
[1.027s][info][gc,heap        ] GC(102) Old regions: 349->256
[1.027s][info][gc,heap        ] GC(102) Archive regions: 0->0
[1.027s][info][gc,heap        ] GC(102) Humongous regions: 163->163
[1.027s][info][gc,metaspace   ] GC(102) Metaspace: 9171K(9600K)->9171K(9600K) NonClass: 8366K(8704K)->8366K(8704K) Class: 805K(896K)->805K(896K)
[1.027s][info][gc             ] GC(102) Pause Full (G1 Humongous Allocation) 510M->387M(512M) 24.360ms
[1.027s][info][gc,cpu         ] GC(102) User=0.06s Sys=0.00s Real=0.03s
[1.027s][info][gc,start       ] GC(103) Pause Young (Concurrent Start) (G1 Humongous Allocation)
[1.027s][info][gc,task        ] GC(103) Using 6 workers of 6 for evacuation
[1.028s][info][gc,phases      ] GC(103)   Pre Evacuate Collection Set: 0.0ms
[1.028s][info][gc,phases      ] GC(103)   Merge Heap Roots: 0.0ms
[1.028s][info][gc,phases      ] GC(103)   Evacuate Collection Set: 0.1ms
[1.028s][info][gc,phases      ] GC(103)   Post Evacuate Collection Set: 0.2ms
[1.028s][info][gc,phases      ] GC(103)   Other: 0.1ms
[1.028s][info][gc,heap        ] GC(103) Eden regions: 2->0(25)
[1.028s][info][gc,heap        ] GC(103) Survivor regions: 0->1(4)
[1.028s][info][gc,heap        ] GC(103) Old regions: 256->256
[1.028s][info][gc,heap        ] GC(103) Archive regions: 0->0
[1.028s][info][gc,heap        ] GC(103) Humongous regions: 164->164
[1.028s][info][gc,metaspace   ] GC(103) Metaspace: 9171K(9600K)->9171K(9600K) NonClass: 8366K(8704K)->8366K(8704K) Class: 805K(896K)->805K(896K)
[1.028s][info][gc             ] GC(103) Pause Young (Concurrent Start) (G1 Humongous Allocation) 389M->389M(512M) 0.535ms
[1.028s][info][gc,cpu         ] GC(103) User=0.00s Sys=0.00s Real=0.00s
[1.028s][info][gc             ] GC(104) Concurrent Cycle
[1.028s][info][gc,marking     ] GC(104) Concurrent Clear Claimed Marks
[1.028s][info][gc,marking     ] GC(104) Concurrent Clear Claimed Marks 0.013ms
[1.028s][info][gc,marking     ] GC(104) Concurrent Scan Root Regions
[1.028s][info][gc,marking     ] GC(104) Concurrent Scan Root Regions 0.042ms
[1.028s][info][gc,marking     ] GC(104) Concurrent Mark (1.028s)
[1.028s][info][gc,marking     ] GC(104) Concurrent Mark From Roots
[1.028s][info][gc,task        ] GC(104) Using 2 workers of 2 for marking
[1.030s][info][gc,marking     ] GC(104) Concurrent Mark From Roots 1.778ms
[1.030s][info][gc,marking     ] GC(104) Concurrent Preclean
[1.030s][info][gc,marking     ] GC(104) Concurrent Preclean 0.037ms
[1.030s][info][gc,marking     ] GC(104) Concurrent Mark (1.028s, 1.030s) 1.863ms
[1.030s][info][gc,start       ] GC(104) Pause Remark
[1.030s][info][gc             ] GC(104) Pause Remark 406M->405M(512M) 0.315ms
[1.030s][info][gc,cpu         ] GC(104) User=0.00s Sys=0.00s Real=0.00s
[1.030s][info][gc,marking     ] GC(104) Concurrent Rebuild Remembered Sets
[1.031s][info][gc,marking     ] GC(104) Concurrent Rebuild Remembered Sets 0.961ms
[1.031s][info][gc,start       ] GC(104) Pause Cleanup
[1.032s][info][gc             ] GC(104) Pause Cleanup 415M->415M(512M) 0.172ms
[1.032s][info][gc,cpu         ] GC(104) User=0.00s Sys=0.00s Real=0.00s
[1.032s][info][gc,marking     ] GC(104) Concurrent Cleanup for Next Mark
[1.032s][info][gc,marking     ] GC(104) Concurrent Cleanup for Next Mark 0.626ms
[1.032s][info][gc             ] GC(104) Concurrent Cycle 4.341ms
[1.033s][info][gc,start       ] GC(105) Pause Young (Concurrent Start) (G1 Humongous Allocation)
[1.033s][info][gc,task        ] GC(105) Using 6 workers of 6 for evacuation
[1.034s][info][gc,phases      ] GC(105)   Pre Evacuate Collection Set: 0.0ms
[1.034s][info][gc,phases      ] GC(105)   Merge Heap Roots: 0.1ms
[1.034s][info][gc,phases      ] GC(105)   Evacuate Collection Set: 1.0ms
[1.034s][info][gc,phases      ] GC(105)   Post Evacuate Collection Set: 0.2ms
[1.034s][info][gc,phases      ] GC(105)   Other: 0.1ms
[1.034s][info][gc,heap        ] GC(105) Eden regions: 23->0(21)
[1.034s][info][gc,heap        ] GC(105) Survivor regions: 1->4(4)
[1.034s][info][gc,heap        ] GC(105) Old regions: 256->263
[1.034s][info][gc,heap        ] GC(105) Archive regions: 0->0
[1.034s][info][gc,heap        ] GC(105) Humongous regions: 176->163
[1.034s][info][gc,metaspace   ] GC(105) Metaspace: 9171K(9600K)->9171K(9600K) NonClass: 8366K(8704K)->8366K(8704K) Class: 805K(896K)->805K(896K)
[1.034s][info][gc             ] GC(105) Pause Young (Concurrent Start) (G1 Humongous Allocation) 423M->398M(512M) 1.539ms
[1.034s][info][gc,cpu         ] GC(105) User=0.00s Sys=0.00s Real=0.00s
[1.034s][info][gc             ] GC(106) Concurrent Cycle
[1.034s][info][gc,marking     ] GC(106) Concurrent Clear Claimed Marks
[1.034s][info][gc,marking     ] GC(106) Concurrent Clear Claimed Marks 0.011ms
[1.034s][info][gc,marking     ] GC(106) Concurrent Scan Root Regions
[1.034s][info][gc,marking     ] GC(106) Concurrent Scan Root Regions 0.045ms
[1.034s][info][gc,marking     ] GC(106) Concurrent Mark (1.034s)
[1.034s][info][gc,marking     ] GC(106) Concurrent Mark From Roots
[1.034s][info][gc,task        ] GC(106) Using 2 workers of 2 for marking
[1.036s][info][gc,marking     ] GC(106) Concurrent Mark From Roots 1.728ms
[1.036s][info][gc,marking     ] GC(106) Concurrent Preclean
[1.036s][info][gc,marking     ] GC(106) Concurrent Preclean 0.035ms
[1.036s][info][gc,marking     ] GC(106) Concurrent Mark (1.034s, 1.036s) 1.805ms
[1.036s][info][gc,start       ] GC(106) Pause Remark
[1.037s][info][gc             ] GC(106) Pause Remark 413M->413M(512M) 0.349ms
[1.037s][info][gc,cpu         ] GC(106) User=0.00s Sys=0.00s Real=0.00s
[1.037s][info][gc,marking     ] GC(106) Concurrent Rebuild Remembered Sets
[1.038s][info][gc,marking     ] GC(106) Concurrent Rebuild Remembered Sets 0.996ms
[1.038s][info][gc,start       ] GC(106) Pause Cleanup
[1.038s][info][gc             ] GC(106) Pause Cleanup 422M->422M(512M) 0.108ms
[1.038s][info][gc,cpu         ] GC(106) User=0.00s Sys=0.00s Real=0.00s
[1.038s][info][gc,marking     ] GC(106) Concurrent Cleanup for Next Mark
[1.038s][info][gc,marking     ] GC(106) Concurrent Cleanup for Next Mark 0.630ms
[1.038s][info][gc             ] GC(106) Concurrent Cycle 4.213ms
[1.040s][info][gc,start       ] GC(107) Pause Young (Prepare Mixed) (G1 Evacuation Pause)
[1.040s][info][gc,task        ] GC(107) Using 6 workers of 6 for evacuation
[1.041s][info][gc,phases      ] GC(107)   Pre Evacuate Collection Set: 0.0ms
[1.041s][info][gc,phases      ] GC(107)   Merge Heap Roots: 0.1ms
[1.041s][info][gc,phases      ] GC(107)   Evacuate Collection Set: 1.2ms
[1.041s][info][gc,phases      ] GC(107)   Post Evacuate Collection Set: 0.2ms
[1.041s][info][gc,phases      ] GC(107)   Other: 0.1ms
[1.041s][info][gc,heap        ] GC(107) Eden regions: 21->0(21)
[1.041s][info][gc,heap        ] GC(107) Survivor regions: 4->4(4)
[1.041s][info][gc,heap        ] GC(107) Old regions: 263->270
[1.041s][info][gc,heap        ] GC(107) Archive regions: 0->0
[1.041s][info][gc,heap        ] GC(107) Humongous regions: 185->165
[1.041s][info][gc,metaspace   ] GC(107) Metaspace: 9171K(9600K)->9171K(9600K) NonClass: 8366K(8704K)->8366K(8704K) Class: 805K(896K)->805K(896K)
[1.041s][info][gc             ] GC(107) Pause Young (Prepare Mixed) (G1 Evacuation Pause) 441M->406M(512M) 1.686ms
[1.042s][info][gc,cpu         ] GC(107) User=0.00s Sys=0.00s Real=0.00s
[1.046s][info][gc,start       ] GC(108) Pause Young (Mixed) (G1 Evacuation Pause)
[1.046s][info][gc,task        ] GC(108) Using 6 workers of 6 for evacuation
[1.050s][info][gc             ] GC(108) To-space exhausted
[1.050s][info][gc,phases      ] GC(108)   Pre Evacuate Collection Set: 0.0ms
[1.050s][info][gc,phases      ] GC(108)   Merge Heap Roots: 0.0ms
[1.050s][info][gc,phases      ] GC(108)   Evacuate Collection Set: 3.6ms
[1.050s][info][gc,phases      ] GC(108)   Post Evacuate Collection Set: 0.4ms
[1.050s][info][gc,phases      ] GC(108)   Other: 0.2ms
[1.050s][info][gc,heap        ] GC(108) Eden regions: 21->0(21)
[1.050s][info][gc,heap        ] GC(108) Survivor regions: 4->4(4)
[1.050s][info][gc,heap        ] GC(108) Old regions: 270->297
[1.050s][info][gc,heap        ] GC(108) Archive regions: 0->0
[1.050s][info][gc,heap        ] GC(108) Humongous regions: 183->162
[1.050s][info][gc,metaspace   ] GC(108) Metaspace: 9171K(9600K)->9171K(9600K) NonClass: 8366K(8704K)->8366K(8704K) Class: 805K(896K)->805K(896K)
[1.050s][info][gc             ] GC(108) Pause Young (Mixed) (G1 Evacuation Pause) 445M->436M(512M) 4.330ms
[1.050s][info][gc,cpu         ] GC(108) User=0.00s Sys=0.00s Real=0.01s
[1.051s][info][gc,start       ] GC(109) Pause Young (Concurrent Start) (G1 Humongous Allocation)
[1.051s][info][gc,task        ] GC(109) Using 6 workers of 6 for evacuation
[1.051s][info][gc,phases      ] GC(109)   Pre Evacuate Collection Set: 0.0ms
[1.051s][info][gc,phases      ] GC(109)   Merge Heap Roots: 0.0ms
[1.051s][info][gc,phases      ] GC(109)   Evacuate Collection Set: 0.4ms
[1.051s][info][gc,phases      ] GC(109)   Post Evacuate Collection Set: 0.1ms
[1.051s][info][gc,phases      ] GC(109)   Other: 0.1ms
[1.051s][info][gc,heap        ] GC(109) Eden regions: 1->0(24)
[1.051s][info][gc,heap        ] GC(109) Survivor regions: 4->1(4)
[1.051s][info][gc,heap        ] GC(109) Old regions: 297->302
[1.051s][info][gc,heap        ] GC(109) Archive regions: 0->0
[1.051s][info][gc,heap        ] GC(109) Humongous regions: 162->162
[1.051s][info][gc,metaspace   ] GC(109) Metaspace: 9171K(9600K)->9171K(9600K) NonClass: 8366K(8704K)->8366K(8704K) Class: 805K(896K)->805K(896K)
[1.051s][info][gc             ] GC(109) Pause Young (Concurrent Start) (G1 Humongous Allocation) 437M->437M(512M) 0.764ms
[1.051s][info][gc,cpu         ] GC(109) User=0.00s Sys=0.00s Real=0.00s
[1.051s][info][gc             ] GC(110) Concurrent Cycle
[1.051s][info][gc,marking     ] GC(110) Concurrent Clear Claimed Marks
[1.051s][info][gc,marking     ] GC(110) Concurrent Clear Claimed Marks 0.013ms
[1.051s][info][gc,marking     ] GC(110) Concurrent Scan Root Regions
[1.051s][info][gc,marking     ] GC(110) Concurrent Scan Root Regions 0.043ms
[1.051s][info][gc,marking     ] GC(110) Concurrent Mark (1.051s)
[1.051s][info][gc,marking     ] GC(110) Concurrent Mark From Roots
[1.051s][info][gc,task        ] GC(110) Using 2 workers of 2 for marking
[1.053s][info][gc,marking     ] GC(110) Concurrent Mark From Roots 1.782ms
[1.053s][info][gc,marking     ] GC(110) Concurrent Preclean
[1.053s][info][gc,marking     ] GC(110) Concurrent Preclean 0.036ms
[1.053s][info][gc,marking     ] GC(110) Concurrent Mark (1.051s, 1.053s) 1.860ms
[1.053s][info][gc,start       ] GC(110) Pause Remark
[1.054s][info][gc             ] GC(110) Pause Remark 453M->453M(512M) 0.288ms
[1.054s][info][gc,cpu         ] GC(110) User=0.00s Sys=0.00s Real=0.00s
[1.054s][info][gc,marking     ] GC(110) Concurrent Rebuild Remembered Sets
[1.055s][info][gc,marking     ] GC(110) Concurrent Rebuild Remembered Sets 1.234ms
[1.055s][info][gc,start       ] GC(110) Pause Cleanup
[1.055s][info][gc             ] GC(110) Pause Cleanup 462M->462M(512M) 0.119ms
[1.055s][info][gc,cpu         ] GC(110) User=0.00s Sys=0.00s Real=0.00s
[1.055s][info][gc,marking     ] GC(110) Concurrent Cleanup for Next Mark
[1.056s][info][gc,marking     ] GC(110) Concurrent Cleanup for Next Mark 0.603ms
[1.056s][info][gc             ] GC(110) Concurrent Cycle 4.476ms
[1.056s][info][gc,start       ] GC(111) Pause Young (Prepare Mixed) (G1 Evacuation Pause)
[1.056s][info][gc,task        ] GC(111) Using 6 workers of 6 for evacuation
[1.058s][info][gc,phases      ] GC(111)   Pre Evacuate Collection Set: 0.0ms
[1.058s][info][gc,phases      ] GC(111)   Merge Heap Roots: 0.1ms
[1.058s][info][gc,phases      ] GC(111)   Evacuate Collection Set: 1.0ms
[1.058s][info][gc,phases      ] GC(111)   Post Evacuate Collection Set: 0.2ms
[1.058s][info][gc,phases      ] GC(111)   Other: 0.1ms
[1.058s][info][gc,heap        ] GC(111) Eden regions: 24->0(21)
[1.058s][info][gc,heap        ] GC(111) Survivor regions: 1->4(4)
[1.058s][info][gc,heap        ] GC(111) Old regions: 302->310
[1.058s][info][gc,heap        ] GC(111) Archive regions: 0->0
[1.058s][info][gc,heap        ] GC(111) Humongous regions: 171->157
[1.058s][info][gc,metaspace   ] GC(111) Metaspace: 9171K(9600K)->9171K(9600K) NonClass: 8366K(8704K)->8366K(8704K) Class: 805K(896K)->805K(896K)
[1.058s][info][gc             ] GC(111) Pause Young (Prepare Mixed) (G1 Evacuation Pause) 469M->443M(512M) 1.497ms
[1.058s][info][gc,cpu         ] GC(111) User=0.00s Sys=0.00s Real=0.00s
[1.061s][info][gc,start       ] GC(112) Pause Young (Mixed) (G1 Evacuation Pause)
[1.061s][info][gc,task        ] GC(112) Using 6 workers of 6 for evacuation
[1.064s][info][gc             ] GC(112) To-space exhausted
[1.064s][info][gc,phases      ] GC(112)   Pre Evacuate Collection Set: 0.0ms
[1.064s][info][gc,phases      ] GC(112)   Merge Heap Roots: 0.0ms
[1.064s][info][gc,phases      ] GC(112)   Evacuate Collection Set: 1.6ms
[1.064s][info][gc,phases      ] GC(112)   Post Evacuate Collection Set: 0.3ms
[1.064s][info][gc,phases      ] GC(112)   Other: 0.1ms
[1.064s][info][gc,heap        ] GC(112) Eden regions: 21->0(21)
[1.064s][info][gc,heap        ] GC(112) Survivor regions: 4->4(4)
[1.064s][info][gc,heap        ] GC(112) Old regions: 310->306
[1.064s][info][gc,heap        ] GC(112) Archive regions: 0->0
[1.064s][info][gc,heap        ] GC(112) Humongous regions: 162->156
[1.064s][info][gc,metaspace   ] GC(112) Metaspace: 9171K(9600K)->9171K(9600K) NonClass: 8366K(8704K)->8366K(8704K) Class: 805K(896K)->805K(896K)
[1.064s][info][gc             ] GC(112) Pause Young (Mixed) (G1 Evacuation Pause) 469M->443M(512M) 2.266ms
[1.064s][info][gc,cpu         ] GC(112) User=0.00s Sys=0.00s Real=0.00s
[1.068s][info][gc,start       ] GC(113) Pause Young (Mixed) (G1 Evacuation Pause)
[1.068s][info][gc,task        ] GC(113) Using 6 workers of 6 for evacuation
[1.069s][info][gc             ] GC(113) To-space exhausted
[1.069s][info][gc,phases      ] GC(113)   Pre Evacuate Collection Set: 0.1ms
[1.069s][info][gc,phases      ] GC(113)   Merge Heap Roots: 0.0ms
[1.069s][info][gc,phases      ] GC(113)   Evacuate Collection Set: 1.2ms
[1.069s][info][gc,phases      ] GC(113)   Post Evacuate Collection Set: 0.3ms
[1.069s][info][gc,phases      ] GC(113)   Other: 0.2ms
[1.069s][info][gc,heap        ] GC(113) Eden regions: 21->0(23)
[1.069s][info][gc,heap        ] GC(113) Survivor regions: 4->2(4)
[1.069s][info][gc,heap        ] GC(113) Old regions: 306->334
[1.069s][info][gc,heap        ] GC(113) Archive regions: 0->0
[1.069s][info][gc,heap        ] GC(113) Humongous regions: 170->164
[1.069s][info][gc,metaspace   ] GC(113) Metaspace: 9171K(9600K)->9171K(9600K) NonClass: 8366K(8704K)->8366K(8704K) Class: 805K(896K)->805K(896K)
[1.069s][info][gc             ] GC(113) Pause Young (Mixed) (G1 Evacuation Pause) 477M->477M(512M) 1.850ms
[1.069s][info][gc,cpu         ] GC(113) User=0.00s Sys=0.00s Real=0.00s
[1.070s][info][gc,start       ] GC(114) Pause Young (Concurrent Start) (G1 Humongous Allocation)
[1.070s][info][gc,task        ] GC(114) Using 6 workers of 6 for evacuation
[1.070s][info][gc,phases      ] GC(114)   Pre Evacuate Collection Set: 0.0ms
[1.070s][info][gc,phases      ] GC(114)   Merge Heap Roots: 0.0ms
[1.070s][info][gc,phases      ] GC(114)   Evacuate Collection Set: 0.3ms
[1.070s][info][gc,phases      ] GC(114)   Post Evacuate Collection Set: 0.1ms
[1.070s][info][gc,phases      ] GC(114)   Other: 0.1ms
[1.070s][info][gc,heap        ] GC(114) Eden regions: 2->0(22)
[1.070s][info][gc,heap        ] GC(114) Survivor regions: 2->3(4)
[1.070s][info][gc,heap        ] GC(114) Old regions: 334->334
[1.070s][info][gc,heap        ] GC(114) Archive regions: 0->0
[1.070s][info][gc,heap        ] GC(114) Humongous regions: 164->164
[1.071s][info][gc,metaspace   ] GC(114) Metaspace: 9171K(9600K)->9171K(9600K) NonClass: 8366K(8704K)->8366K(8704K) Class: 805K(896K)->805K(896K)
[1.071s][info][gc             ] GC(114) Pause Young (Concurrent Start) (G1 Humongous Allocation) 478M->477M(512M) 0.657ms
[1.071s][info][gc,cpu         ] GC(114) User=0.00s Sys=0.00s Real=0.00s
[1.071s][info][gc             ] GC(115) Concurrent Cycle
[1.071s][info][gc,marking     ] GC(115) Concurrent Clear Claimed Marks
[1.071s][info][gc,marking     ] GC(115) Concurrent Clear Claimed Marks 0.013ms
[1.071s][info][gc,marking     ] GC(115) Concurrent Scan Root Regions
[1.071s][info][gc,marking     ] GC(115) Concurrent Scan Root Regions 0.043ms
[1.071s][info][gc,marking     ] GC(115) Concurrent Mark (1.071s)
[1.071s][info][gc,marking     ] GC(115) Concurrent Mark From Roots
[1.071s][info][gc,task        ] GC(115) Using 2 workers of 2 for marking
[1.071s][info][gc,start       ] GC(116) Pause Young (Normal) (G1 Humongous Allocation)
[1.071s][info][gc,task        ] GC(116) Using 6 workers of 6 for evacuation
[1.072s][info][gc             ] GC(116) To-space exhausted
[1.072s][info][gc,phases      ] GC(116)   Pre Evacuate Collection Set: 0.0ms
[1.072s][info][gc,phases      ] GC(116)   Merge Heap Roots: 0.0ms
[1.072s][info][gc,phases      ] GC(116)   Evacuate Collection Set: 0.1ms
[1.072s][info][gc,phases      ] GC(116)   Post Evacuate Collection Set: 0.2ms
[1.072s][info][gc,phases      ] GC(116)   Other: 0.1ms
[1.072s][info][gc,heap        ] GC(116) Eden regions: 6->0(25)
[1.072s][info][gc,heap        ] GC(116) Survivor regions: 3->0(0)
[1.072s][info][gc,heap        ] GC(116) Old regions: 334->343
[1.072s][info][gc,heap        ] GC(116) Archive regions: 0->0
[1.072s][info][gc,heap        ] GC(116) Humongous regions: 169->167
[1.072s][info][gc,metaspace   ] GC(116) Metaspace: 9171K(9600K)->9171K(9600K) NonClass: 8366K(8704K)->8366K(8704K) Class: 805K(896K)->805K(896K)
[1.072s][info][gc             ] GC(116) Pause Young (Normal) (G1 Humongous Allocation) 488M->486M(512M) 0.497ms
[1.072s][info][gc,cpu         ] GC(116) User=0.00s Sys=0.00s Real=0.00s
[1.072s][info][gc,start       ] GC(117) Pause Young (Normal) (G1 Humongous Allocation)
[1.072s][info][gc,task        ] GC(117) Using 6 workers of 6 for evacuation
[1.072s][info][gc             ] GC(117) To-space exhausted
[1.072s][info][gc,phases      ] GC(117)   Pre Evacuate Collection Set: 0.0ms
[1.072s][info][gc,phases      ] GC(117)   Merge Heap Roots: 0.0ms
[1.072s][info][gc,phases      ] GC(117)   Evacuate Collection Set: 0.0ms
[1.072s][info][gc,phases      ] GC(117)   Post Evacuate Collection Set: 0.1ms
[1.072s][info][gc,phases      ] GC(117)   Other: 0.1ms
[1.072s][info][gc,heap        ] GC(117) Eden regions: 1->0(25)
[1.072s][info][gc,heap        ] GC(117) Survivor regions: 0->0(0)
[1.072s][info][gc,heap        ] GC(117) Old regions: 343->344
[1.072s][info][gc,heap        ] GC(117) Archive regions: 0->0
[1.072s][info][gc,heap        ] GC(117) Humongous regions: 168->167
[1.072s][info][gc,metaspace   ] GC(117) Metaspace: 9171K(9600K)->9171K(9600K) NonClass: 8366K(8704K)->8366K(8704K) Class: 805K(896K)->805K(896K)
[1.072s][info][gc             ] GC(117) Pause Young (Normal) (G1 Humongous Allocation) 487M->486M(512M) 0.399ms
[1.072s][info][gc,cpu         ] GC(117) User=0.00s Sys=0.00s Real=0.00s
[1.073s][info][gc,start       ] GC(118) Pause Young (Normal) (G1 Evacuation Pause)
[1.073s][info][gc,task        ] GC(118) Using 6 workers of 6 for evacuation
[1.073s][info][gc,phases      ] GC(118)   Pre Evacuate Collection Set: 0.0ms
[1.073s][info][gc,phases      ] GC(118)   Merge Heap Roots: 0.0ms
[1.073s][info][gc,phases      ] GC(118)   Evacuate Collection Set: 0.0ms
[1.073s][info][gc,phases      ] GC(118)   Post Evacuate Collection Set: 0.1ms
[1.073s][info][gc,phases      ] GC(118)   Other: 0.1ms
[1.073s][info][gc,heap        ] GC(118) Eden regions: 0->0(25)
[1.073s][info][gc,heap        ] GC(118) Survivor regions: 0->0(0)
[1.073s][info][gc,heap        ] GC(118) Old regions: 344->344
[1.073s][info][gc,heap        ] GC(118) Archive regions: 0->0
[1.073s][info][gc,heap        ] GC(118) Humongous regions: 168->168
[1.073s][info][gc,metaspace   ] GC(118) Metaspace: 9171K(9600K)->9171K(9600K) NonClass: 8366K(8704K)->8366K(8704K) Class: 805K(896K)->805K(896K)
[1.073s][info][gc             ] GC(118) Pause Young (Normal) (G1 Evacuation Pause) 487M->487M(512M) 0.340ms
[1.073s][info][gc,cpu         ] GC(118) User=0.00s Sys=0.00s Real=0.00s
[1.073s][info][gc,task        ] GC(119) Using 6 workers of 6 for full compaction
[1.073s][info][gc,start       ] GC(119) Pause Full (G1 Evacuation Pause)
[1.073s][info][gc,phases,start] GC(119) Phase 1: Mark live objects
[1.074s][info][gc,phases      ] GC(119) Phase 1: Mark live objects 1.015ms
[1.074s][info][gc,phases,start] GC(119) Phase 2: Prepare for compaction
[1.075s][info][gc,phases      ] GC(119) Phase 2: Prepare for compaction 0.386ms
[1.075s][info][gc,phases,start] GC(119) Phase 3: Adjust pointers
[1.075s][info][gc,phases      ] GC(119) Phase 3: Adjust pointers 0.440ms
[1.075s][info][gc,phases,start] GC(119) Phase 4: Compact heap
[1.097s][info][gc,phases      ] GC(119) Phase 4: Compact heap 21.887ms
[1.098s][info][gc,heap        ] GC(119) Eden regions: 0->0(25)
[1.098s][info][gc,heap        ] GC(119) Survivor regions: 0->0(0)
[1.098s][info][gc,heap        ] GC(119) Old regions: 344->252
[1.098s][info][gc,heap        ] GC(119) Archive regions: 0->0
[1.098s][info][gc,heap        ] GC(119) Humongous regions: 168->168
[1.098s][info][gc,metaspace   ] GC(119) Metaspace: 9171K(9600K)->9171K(9600K) NonClass: 8366K(8704K)->8366K(8704K) Class: 805K(896K)->805K(896K)
[1.098s][info][gc             ] GC(119) Pause Full (G1 Evacuation Pause) 487M->391M(512M) 24.564ms
[1.098s][info][gc,cpu         ] GC(119) User=0.13s Sys=0.00s Real=0.02s
[1.098s][info][gc,marking     ] GC(115) Concurrent Mark From Roots 27.198ms
[1.098s][info][gc,marking     ] GC(115) Concurrent Mark Abort
[1.098s][info][gc             ] GC(115) Concurrent Cycle 27.382ms
[1.098s][info][gc,start       ] GC(120) Pause Young (Concurrent Start) (G1 Humongous Allocation)
[1.098s][info][gc,task        ] GC(120) Using 6 workers of 6 for evacuation
[1.098s][info][gc,phases      ] GC(120)   Pre Evacuate Collection Set: 0.0ms
[1.098s][info][gc,phases      ] GC(120)   Merge Heap Roots: 0.0ms
[1.098s][info][gc,phases      ] GC(120)   Evacuate Collection Set: 0.1ms
[1.098s][info][gc,phases      ] GC(120)   Post Evacuate Collection Set: 0.2ms
[1.098s][info][gc,phases      ] GC(120)   Other: 0.1ms
[1.098s][info][gc,heap        ] GC(120) Eden regions: 2->0(25)
[1.098s][info][gc,heap        ] GC(120) Survivor regions: 0->1(4)
[1.099s][info][gc,heap        ] GC(120) Old regions: 252->252
[1.099s][info][gc,heap        ] GC(120) Archive regions: 0->0
[1.099s][info][gc,heap        ] GC(120) Humongous regions: 168->168
[1.099s][info][gc,metaspace   ] GC(120) Metaspace: 9171K(9600K)->9171K(9600K) NonClass: 8366K(8704K)->8366K(8704K) Class: 805K(896K)->805K(896K)
[1.099s][info][gc             ] GC(120) Pause Young (Concurrent Start) (G1 Humongous Allocation) 392M->391M(512M) 0.487ms
[1.099s][info][gc,cpu         ] GC(120) User=0.00s Sys=0.00s Real=0.00s
[1.099s][info][gc             ] GC(121) Concurrent Cycle
[1.099s][info][gc,marking     ] GC(121) Concurrent Clear Claimed Marks
[1.099s][info][gc,marking     ] GC(121) Concurrent Clear Claimed Marks 0.012ms
[1.099s][info][gc,marking     ] GC(121) Concurrent Scan Root Regions
[1.099s][info][gc,marking     ] GC(121) Concurrent Scan Root Regions 0.019ms
[1.099s][info][gc,marking     ] GC(121) Concurrent Mark (1.099s)
[1.099s][info][gc,marking     ] GC(121) Concurrent Mark From Roots
[1.099s][info][gc,task        ] GC(121) Using 2 workers of 2 for marking
[1.100s][info][gc,marking     ] GC(121) Concurrent Mark From Roots 1.712ms
[1.100s][info][gc,marking     ] GC(121) Concurrent Preclean
[1.100s][info][gc,marking     ] GC(121) Concurrent Preclean 0.040ms
[1.101s][info][gc,marking     ] GC(121) Concurrent Mark (1.099s, 1.101s) 1.812ms
[1.101s][info][gc,start       ] GC(121) Pause Remark
[1.101s][info][gc             ] GC(121) Pause Remark 407M->407M(512M) 0.325ms
[1.101s][info][gc,cpu         ] GC(121) User=0.00s Sys=0.00s Real=0.00s
[1.101s][info][gc,marking     ] GC(121) Concurrent Rebuild Remembered Sets
[1.102s][info][gc,marking     ] GC(121) Concurrent Rebuild Remembered Sets 1.059ms
[1.102s][info][gc,start       ] GC(121) Pause Cleanup
[1.102s][info][gc             ] GC(121) Pause Cleanup 417M->417M(512M) 0.181ms
[1.102s][info][gc,cpu         ] GC(121) User=0.00s Sys=0.00s Real=0.00s
[1.102s][info][gc,marking     ] GC(121) Concurrent Cleanup for Next Mark
[1.103s][info][gc,marking     ] GC(121) Concurrent Cleanup for Next Mark 0.580ms
[1.103s][info][gc             ] GC(121) Concurrent Cycle 4.333ms
[1.104s][info][gc,start       ] GC(122) Pause Young (Concurrent Start) (G1 Humongous Allocation)
[1.104s][info][gc,task        ] GC(122) Using 6 workers of 6 for evacuation
[1.105s][info][gc,phases      ] GC(122)   Pre Evacuate Collection Set: 0.0ms
[1.105s][info][gc,phases      ] GC(122)   Merge Heap Roots: 0.1ms
[1.105s][info][gc,phases      ] GC(122)   Evacuate Collection Set: 0.8ms
[1.105s][info][gc,phases      ] GC(122)   Post Evacuate Collection Set: 0.2ms
[1.105s][info][gc,phases      ] GC(122)   Other: 0.1ms
[1.105s][info][gc,heap        ] GC(122) Eden regions: 23->0(21)
[1.105s][info][gc,heap        ] GC(122) Survivor regions: 1->4(4)
[1.105s][info][gc,heap        ] GC(122) Old regions: 252->257
[1.105s][info][gc,heap        ] GC(122) Archive regions: 0->0
[1.105s][info][gc,heap        ] GC(122) Humongous regions: 179->169
[1.105s][info][gc,metaspace   ] GC(122) Metaspace: 9171K(9600K)->9171K(9600K) NonClass: 8366K(8704K)->8366K(8704K) Class: 805K(896K)->805K(896K)
[1.105s][info][gc             ] GC(122) Pause Young (Concurrent Start) (G1 Humongous Allocation) 425M->401M(512M) 1.345ms
[1.105s][info][gc,cpu         ] GC(122) User=0.00s Sys=0.00s Real=0.00s
[1.105s][info][gc             ] GC(123) Concurrent Cycle
[1.105s][info][gc,marking     ] GC(123) Concurrent Clear Claimed Marks
[1.105s][info][gc,marking     ] GC(123) Concurrent Clear Claimed Marks 0.011ms
[1.105s][info][gc,marking     ] GC(123) Concurrent Scan Root Regions
[1.105s][info][gc,marking     ] GC(123) Concurrent Scan Root Regions 0.033ms
[1.105s][info][gc,marking     ] GC(123) Concurrent Mark (1.105s)
[1.105s][info][gc,marking     ] GC(123) Concurrent Mark From Roots
[1.105s][info][gc,task        ] GC(123) Using 2 workers of 2 for marking
[1.107s][info][gc,marking     ] GC(123) Concurrent Mark From Roots 1.694ms
[1.107s][info][gc,marking     ] GC(123) Concurrent Preclean
[1.107s][info][gc,marking     ] GC(123) Concurrent Preclean 0.038ms
[1.107s][info][gc,marking     ] GC(123) Concurrent Mark (1.105s, 1.107s) 1.786ms
[1.107s][info][gc,start       ] GC(123) Pause Remark
[1.108s][info][gc             ] GC(123) Pause Remark 419M->419M(512M) 0.335ms
[1.108s][info][gc,cpu         ] GC(123) User=0.00s Sys=0.00s Real=0.00s
[1.108s][info][gc,marking     ] GC(123) Concurrent Rebuild Remembered Sets
[1.109s][info][gc,marking     ] GC(123) Concurrent Rebuild Remembered Sets 1.434ms
[1.109s][info][gc,start       ] GC(123) Pause Cleanup
[1.109s][info][gc             ] GC(123) Pause Cleanup 429M->429M(512M) 0.119ms
[1.109s][info][gc,cpu         ] GC(123) User=0.00s Sys=0.00s Real=0.00s
[1.109s][info][gc,marking     ] GC(123) Concurrent Cleanup for Next Mark
[1.110s][info][gc,marking     ] GC(123) Concurrent Cleanup for Next Mark 0.618ms
[1.110s][info][gc             ] GC(123) Concurrent Cycle 4.651ms
[1.111s][info][gc,start       ] GC(124) Pause Young (Prepare Mixed) (G1 Evacuation Pause)
[1.111s][info][gc,task        ] GC(124) Using 6 workers of 6 for evacuation
[1.112s][info][gc,phases      ] GC(124)   Pre Evacuate Collection Set: 0.0ms
[1.112s][info][gc,phases      ] GC(124)   Merge Heap Roots: 0.1ms
[1.112s][info][gc,phases      ] GC(124)   Evacuate Collection Set: 1.3ms
[1.112s][info][gc,phases      ] GC(124)   Post Evacuate Collection Set: 0.2ms
[1.112s][info][gc,phases      ] GC(124)   Other: 0.1ms
[1.112s][info][gc,heap        ] GC(124) Eden regions: 21->0(21)
[1.112s][info][gc,heap        ] GC(124) Survivor regions: 4->4(4)
[1.112s][info][gc,heap        ] GC(124) Old regions: 257->266
[1.112s][info][gc,heap        ] GC(124) Archive regions: 0->0
[1.112s][info][gc,heap        ] GC(124) Humongous regions: 184->172
[1.112s][info][gc,metaspace   ] GC(124) Metaspace: 9171K(9600K)->9171K(9600K) NonClass: 8366K(8704K)->8366K(8704K) Class: 805K(896K)->805K(896K)
[1.112s][info][gc             ] GC(124) Pause Young (Prepare Mixed) (G1 Evacuation Pause) 437M->412M(512M) 1.791ms
[1.112s][info][gc,cpu         ] GC(124) User=0.00s Sys=0.00s Real=0.00s
[1.116s][info][gc,start       ] GC(125) Pause Young (Mixed) (G1 Evacuation Pause)
[1.116s][info][gc,task        ] GC(125) Using 6 workers of 6 for evacuation
[1.120s][info][gc             ] GC(125) To-space exhausted
[1.120s][info][gc,phases      ] GC(125)   Pre Evacuate Collection Set: 0.1ms
[1.120s][info][gc,phases      ] GC(125)   Merge Heap Roots: 0.0ms
[1.121s][info][gc,phases      ] GC(125)   Evacuate Collection Set: 3.9ms
[1.121s][info][gc,phases      ] GC(125)   Post Evacuate Collection Set: 0.3ms
[1.121s][info][gc,phases      ] GC(125)   Other: 0.2ms
[1.121s][info][gc,heap        ] GC(125) Eden regions: 21->0(21)
[1.121s][info][gc,heap        ] GC(125) Survivor regions: 4->4(4)
[1.121s][info][gc,heap        ] GC(125) Old regions: 266->280
[1.121s][info][gc,heap        ] GC(125) Archive regions: 0->0
[1.121s][info][gc,heap        ] GC(125) Humongous regions: 185->170
[1.121s][info][gc,metaspace   ] GC(125) Metaspace: 9171K(9600K)->9171K(9600K) NonClass: 8366K(8704K)->8366K(8704K) Class: 805K(896K)->805K(896K)
[1.121s][info][gc             ] GC(125) Pause Young (Mixed) (G1 Evacuation Pause) 446M->431M(512M) 4.591ms
[1.121s][info][gc,cpu         ] GC(125) User=0.00s Sys=0.00s Real=0.00s
[1.121s][info][gc,start       ] GC(126) Pause Young (Concurrent Start) (G1 Humongous Allocation)
[1.121s][info][gc,task        ] GC(126) Using 6 workers of 6 for evacuation
[1.122s][info][gc,phases      ] GC(126)   Pre Evacuate Collection Set: 0.0ms
[1.122s][info][gc,phases      ] GC(126)   Merge Heap Roots: 0.0ms
[1.122s][info][gc,phases      ] GC(126)   Evacuate Collection Set: 0.5ms
[1.122s][info][gc,phases      ] GC(126)   Post Evacuate Collection Set: 0.1ms
[1.122s][info][gc,phases      ] GC(126)   Other: 0.1ms
[1.122s][info][gc,heap        ] GC(126) Eden regions: 5->0(23)
[1.122s][info][gc,heap        ] GC(126) Survivor regions: 4->2(4)
[1.122s][info][gc,heap        ] GC(126) Old regions: 280->284
[1.122s][info][gc,heap        ] GC(126) Archive regions: 0->0
[1.122s][info][gc,heap        ] GC(126) Humongous regions: 170->170
[1.122s][info][gc,metaspace   ] GC(126) Metaspace: 9171K(9600K)->9171K(9600K) NonClass: 8366K(8704K)->8366K(8704K) Class: 805K(896K)->805K(896K)
[1.122s][info][gc             ] GC(126) Pause Young (Concurrent Start) (G1 Humongous Allocation) 436M->433M(512M) 0.948ms
[1.122s][info][gc,cpu         ] GC(126) User=0.00s Sys=0.00s Real=0.00s
[1.122s][info][gc             ] GC(127) Concurrent Cycle
[1.122s][info][gc,marking     ] GC(127) Concurrent Clear Claimed Marks
[1.122s][info][gc,marking     ] GC(127) Concurrent Clear Claimed Marks 0.013ms
[1.122s][info][gc,marking     ] GC(127) Concurrent Scan Root Regions
[1.122s][info][gc,marking     ] GC(127) Concurrent Scan Root Regions 0.047ms
[1.122s][info][gc,marking     ] GC(127) Concurrent Mark (1.122s)
[1.123s][info][gc,marking     ] GC(127) Concurrent Mark From Roots
[1.123s][info][gc,task        ] GC(127) Using 2 workers of 2 for marking
[1.124s][info][gc,marking     ] GC(127) Concurrent Mark From Roots 1.666ms
[1.124s][info][gc,marking     ] GC(127) Concurrent Preclean
[1.124s][info][gc,marking     ] GC(127) Concurrent Preclean 0.035ms
[1.124s][info][gc,marking     ] GC(127) Concurrent Mark (1.122s, 1.124s) 1.739ms
[1.124s][info][gc,start       ] GC(127) Pause Remark
[1.125s][info][gc             ] GC(127) Pause Remark 449M->449M(512M) 0.328ms
[1.125s][info][gc,cpu         ] GC(127) User=0.00s Sys=0.00s Real=0.00s
[1.125s][info][gc,marking     ] GC(127) Concurrent Rebuild Remembered Sets
[1.126s][info][gc,marking     ] GC(127) Concurrent Rebuild Remembered Sets 1.386ms
[1.126s][info][gc,start       ] GC(127) Pause Cleanup
[1.126s][info][gc             ] GC(127) Pause Cleanup 463M->463M(512M) 0.108ms
[1.126s][info][gc,cpu         ] GC(127) User=0.00s Sys=0.00s Real=0.00s
[1.126s][info][gc,marking     ] GC(127) Concurrent Cleanup for Next Mark
[1.127s][info][gc,marking     ] GC(127) Concurrent Cleanup for Next Mark 0.568ms
[1.127s][info][gc             ] GC(127) Concurrent Cycle 4.504ms
[1.127s][info][gc,start       ] GC(128) Pause Young (Prepare Mixed) (G1 Evacuation Pause)
[1.127s][info][gc,task        ] GC(128) Using 6 workers of 6 for evacuation
[1.129s][info][gc,phases      ] GC(128)   Pre Evacuate Collection Set: 0.0ms
[1.129s][info][gc,phases      ] GC(128)   Merge Heap Roots: 0.1ms
[1.129s][info][gc,phases      ] GC(128)   Evacuate Collection Set: 1.0ms
[1.129s][info][gc,phases      ] GC(128)   Post Evacuate Collection Set: 0.2ms
[1.129s][info][gc,phases      ] GC(128)   Other: 0.1ms
[1.129s][info][gc,heap        ] GC(128) Eden regions: 23->0(21)
[1.129s][info][gc,heap        ] GC(128) Survivor regions: 2->4(4)
[1.129s][info][gc,heap        ] GC(128) Old regions: 284->291
[1.129s][info][gc,heap        ] GC(128) Archive regions: 0->0
[1.129s][info][gc,heap        ] GC(128) Humongous regions: 184->174
[1.129s][info][gc,metaspace   ] GC(128) Metaspace: 9171K(9600K)->9171K(9600K) NonClass: 8366K(8704K)->8366K(8704K) Class: 805K(896K)->805K(896K)
[1.129s][info][gc             ] GC(128) Pause Young (Prepare Mixed) (G1 Evacuation Pause) 470M->446M(512M) 1.526ms
[1.129s][info][gc,cpu         ] GC(128) User=0.00s Sys=0.00s Real=0.00s
[1.133s][info][gc,start       ] GC(129) Pause Young (Mixed) (G1 Evacuation Pause)
[1.133s][info][gc,task        ] GC(129) Using 6 workers of 6 for evacuation
[1.134s][info][gc             ] GC(129) To-space exhausted
[1.134s][info][gc,phases      ] GC(129)   Pre Evacuate Collection Set: 0.0ms
[1.134s][info][gc,phases      ] GC(129)   Merge Heap Roots: 0.0ms
[1.134s][info][gc,phases      ] GC(129)   Evacuate Collection Set: 0.5ms
[1.134s][info][gc,phases      ] GC(129)   Post Evacuate Collection Set: 0.3ms
[1.134s][info][gc,phases      ] GC(129)   Other: 0.2ms
[1.134s][info][gc,heap        ] GC(129) Eden regions: 21->0(24)
[1.134s][info][gc,heap        ] GC(129) Survivor regions: 4->1(4)
[1.134s][info][gc,heap        ] GC(129) Old regions: 291->310
[1.134s][info][gc,heap        ] GC(129) Archive regions: 0->0
[1.134s][info][gc,heap        ] GC(129) Humongous regions: 192->176
[1.134s][info][gc,metaspace   ] GC(129) Metaspace: 9171K(9600K)->9171K(9600K) NonClass: 8366K(8704K)->8366K(8704K) Class: 805K(896K)->805K(896K)
[1.134s][info][gc             ] GC(129) Pause Young (Mixed) (G1 Evacuation Pause) 485M->465M(512M) 1.120ms
[1.134s][info][gc,cpu         ] GC(129) User=0.00s Sys=0.00s Real=0.00s
[1.134s][info][gc,start       ] GC(130) Pause Young (Concurrent Start) (G1 Humongous Allocation)
[1.134s][info][gc,task        ] GC(130) Using 6 workers of 6 for evacuation
[1.135s][info][gc,phases      ] GC(130)   Pre Evacuate Collection Set: 0.0ms
[1.135s][info][gc,phases      ] GC(130)   Merge Heap Roots: 0.0ms
[1.135s][info][gc,phases      ] GC(130)   Evacuate Collection Set: 0.2ms
[1.135s][info][gc,phases      ] GC(130)   Post Evacuate Collection Set: 0.2ms
[1.135s][info][gc,phases      ] GC(130)   Other: 0.1ms
[1.135s][info][gc,heap        ] GC(130) Eden regions: 2->0(24)
[1.135s][info][gc,heap        ] GC(130) Survivor regions: 1->1(4)
[1.135s][info][gc,heap        ] GC(130) Old regions: 310->310
[1.135s][info][gc,heap        ] GC(130) Archive regions: 0->0
[1.135s][info][gc,heap        ] GC(130) Humongous regions: 176->176
[1.135s][info][gc,metaspace   ] GC(130) Metaspace: 9171K(9600K)->9171K(9600K) NonClass: 8366K(8704K)->8366K(8704K) Class: 805K(896K)->805K(896K)
[1.135s][info][gc             ] GC(130) Pause Young (Concurrent Start) (G1 Humongous Allocation) 466M->465M(512M) 0.588ms
[1.135s][info][gc,cpu         ] GC(130) User=0.00s Sys=0.00s Real=0.00s
[1.135s][info][gc             ] GC(131) Concurrent Cycle
[1.135s][info][gc,marking     ] GC(131) Concurrent Clear Claimed Marks
[1.135s][info][gc,marking     ] GC(131) Concurrent Clear Claimed Marks 0.011ms
[1.135s][info][gc,marking     ] GC(131) Concurrent Scan Root Regions
[1.135s][info][gc,marking     ] GC(131) Concurrent Scan Root Regions 0.039ms
[1.135s][info][gc,marking     ] GC(131) Concurrent Mark (1.135s)
[1.135s][info][gc,marking     ] GC(131) Concurrent Mark From Roots
[1.135s][info][gc,task        ] GC(131) Using 2 workers of 2 for marking
[1.137s][info][gc,marking     ] GC(131) Concurrent Mark From Roots 1.780ms
[1.137s][info][gc,marking     ] GC(131) Concurrent Preclean
[1.137s][info][gc,marking     ] GC(131) Concurrent Preclean 0.039ms
[1.137s][info][gc,marking     ] GC(131) Concurrent Mark (1.135s, 1.137s) 1.866ms
[1.137s][info][gc,start       ] GC(131) Pause Remark
[1.137s][info][gc             ] GC(131) Pause Remark 480M->480M(512M) 0.305ms
[1.137s][info][gc,cpu         ] GC(131) User=0.00s Sys=0.00s Real=0.00s
[1.137s][info][gc,marking     ] GC(131) Concurrent Rebuild Remembered Sets
[1.138s][info][gc,start       ] GC(132) Pause Young (Normal) (G1 Evacuation Pause)
[1.138s][info][gc,task        ] GC(132) Using 6 workers of 6 for evacuation
[1.139s][info][gc             ] GC(132) To-space exhausted
[1.139s][info][gc,phases      ] GC(132)   Pre Evacuate Collection Set: 0.0ms
[1.139s][info][gc,phases      ] GC(132)   Merge Heap Roots: 0.0ms
[1.139s][info][gc,phases      ] GC(132)   Evacuate Collection Set: 0.1ms
[1.139s][info][gc,phases      ] GC(132)   Post Evacuate Collection Set: 0.2ms
[1.139s][info][gc,phases      ] GC(132)   Other: 0.1ms
[1.139s][info][gc,heap        ] GC(132) Eden regions: 15->0(25)
[1.139s][info][gc,heap        ] GC(132) Survivor regions: 1->0(0)
[1.139s][info][gc,heap        ] GC(132) Old regions: 310->326
[1.139s][info][gc,heap        ] GC(132) Archive regions: 0->0
[1.139s][info][gc,heap        ] GC(132) Humongous regions: 186->178
[1.139s][info][gc,metaspace   ] GC(132) Metaspace: 9171K(9600K)->9171K(9600K) NonClass: 8366K(8704K)->8366K(8704K) Class: 805K(896K)->805K(896K)
[1.139s][info][gc             ] GC(132) Pause Young (Normal) (G1 Evacuation Pause) 490M->482M(512M) 0.437ms
[1.139s][info][gc,cpu         ] GC(132) User=0.00s Sys=0.00s Real=0.00s
[1.139s][info][gc,marking     ] GC(131) Concurrent Rebuild Remembered Sets 1.820ms
[1.139s][info][gc,start       ] GC(131) Pause Cleanup
[1.139s][info][gc             ] GC(131) Pause Cleanup 486M->486M(512M) 0.116ms
[1.139s][info][gc,cpu         ] GC(131) User=0.00s Sys=0.00s Real=0.00s
[1.139s][info][gc,marking     ] GC(131) Concurrent Cleanup for Next Mark
[1.140s][info][gc,marking     ] GC(131) Concurrent Cleanup for Next Mark 0.485ms
[1.140s][info][gc             ] GC(131) Concurrent Cycle 4.934ms
[1.140s][info][gc,start       ] GC(133) Pause Young (Prepare Mixed) (G1 Evacuation Pause)
[1.140s][info][gc,task        ] GC(133) Using 6 workers of 6 for evacuation
[1.140s][info][gc             ] GC(133) To-space exhausted
[1.140s][info][gc,phases      ] GC(133)   Pre Evacuate Collection Set: 0.0ms
[1.140s][info][gc,phases      ] GC(133)   Merge Heap Roots: 0.1ms
[1.140s][info][gc,phases      ] GC(133)   Evacuate Collection Set: 0.1ms
[1.141s][info][gc,phases      ] GC(133)   Post Evacuate Collection Set: 0.1ms
[1.141s][info][gc,phases      ] GC(133)   Other: 0.1ms
[1.141s][info][gc,heap        ] GC(133) Eden regions: 5->0(25)
[1.141s][info][gc,heap        ] GC(133) Survivor regions: 0->0(0)
[1.141s][info][gc,heap        ] GC(133) Old regions: 326->331
[1.141s][info][gc,heap        ] GC(133) Archive regions: 0->0
[1.141s][info][gc,heap        ] GC(133) Humongous regions: 181->179
[1.141s][info][gc,metaspace   ] GC(133) Metaspace: 9171K(9600K)->9171K(9600K) NonClass: 8366K(8704K)->8366K(8704K) Class: 805K(896K)->805K(896K)
[1.141s][info][gc             ] GC(133) Pause Young (Prepare Mixed) (G1 Evacuation Pause) 489M->487M(512M) 0.493ms
[1.141s][info][gc,cpu         ] GC(133) User=0.00s Sys=0.00s Real=0.00s
[1.141s][info][gc,start       ] GC(134) Pause Young (Mixed) (G1 Evacuation Pause)
[1.141s][info][gc,task        ] GC(134) Using 6 workers of 6 for evacuation
[1.141s][info][gc             ] GC(134) To-space exhausted
[1.141s][info][gc,phases      ] GC(134)   Pre Evacuate Collection Set: 0.0ms
[1.141s][info][gc,phases      ] GC(134)   Merge Heap Roots: 0.0ms
[1.141s][info][gc,phases      ] GC(134)   Evacuate Collection Set: 0.1ms
[1.141s][info][gc,phases      ] GC(134)   Post Evacuate Collection Set: 0.2ms
[1.141s][info][gc,phases      ] GC(134)   Other: 0.1ms
[1.141s][info][gc,heap        ] GC(134) Eden regions: 2->0(25)
[1.141s][info][gc,heap        ] GC(134) Survivor regions: 0->0(0)
[1.141s][info][gc,heap        ] GC(134) Old regions: 331->333
[1.141s][info][gc,heap        ] GC(134) Archive regions: 0->0
[1.141s][info][gc,heap        ] GC(134) Humongous regions: 179->179
[1.141s][info][gc,metaspace   ] GC(134) Metaspace: 9171K(9600K)->9171K(9600K) NonClass: 8366K(8704K)->8366K(8704K) Class: 805K(896K)->805K(896K)
[1.141s][info][gc             ] GC(134) Pause Young (Mixed) (G1 Evacuation Pause) 489M->489M(512M) 0.481ms
[1.141s][info][gc,cpu         ] GC(134) User=0.00s Sys=0.00s Real=0.00s
[1.141s][info][gc,task        ] GC(135) Using 6 workers of 6 for full compaction
[1.142s][info][gc,start       ] GC(135) Pause Full (G1 Evacuation Pause)
[1.142s][info][gc,phases,start] GC(135) Phase 1: Mark live objects
[1.142s][info][gc,phases      ] GC(135) Phase 1: Mark live objects 0.734ms
[1.142s][info][gc,phases,start] GC(135) Phase 2: Prepare for compaction
[1.143s][info][gc,phases      ] GC(135) Phase 2: Prepare for compaction 0.355ms
[1.143s][info][gc,phases,start] GC(135) Phase 3: Adjust pointers
[1.143s][info][gc,phases      ] GC(135) Phase 3: Adjust pointers 0.411ms
[1.143s][info][gc,phases,start] GC(135) Phase 4: Compact heap
[1.164s][info][gc,phases      ] GC(135) Phase 4: Compact heap 20.566ms
[1.164s][info][gc,heap        ] GC(135) Eden regions: 0->0(25)
[1.164s][info][gc,heap        ] GC(135) Survivor regions: 0->0(0)
[1.164s][info][gc,heap        ] GC(135) Old regions: 333->255
[1.164s][info][gc,heap        ] GC(135) Archive regions: 0->0
[1.164s][info][gc,heap        ] GC(135) Humongous regions: 179->179
[1.164s][info][gc,metaspace   ] GC(135) Metaspace: 9171K(9600K)->9171K(9600K) NonClass: 8366K(8704K)->8366K(8704K) Class: 805K(896K)->805K(896K)
[1.164s][info][gc             ] GC(135) Pause Full (G1 Evacuation Pause) 489M->401M(512M) 22.580ms
[1.164s][info][gc,cpu         ] GC(135) User=0.06s Sys=0.02s Real=0.02s
[1.165s][info][gc,start       ] GC(136) Pause Young (Concurrent Start) (G1 Humongous Allocation)
[1.165s][info][gc,task        ] GC(136) Using 6 workers of 6 for evacuation
[1.165s][info][gc,phases      ] GC(136)   Pre Evacuate Collection Set: 0.0ms
[1.165s][info][gc,phases      ] GC(136)   Merge Heap Roots: 0.0ms
[1.165s][info][gc,phases      ] GC(136)   Evacuate Collection Set: 0.1ms
[1.165s][info][gc,phases      ] GC(136)   Post Evacuate Collection Set: 0.2ms
[1.165s][info][gc,phases      ] GC(136)   Other: 0.1ms
[1.165s][info][gc,heap        ] GC(136) Eden regions: 1->0(24)
[1.165s][info][gc,heap        ] GC(136) Survivor regions: 0->1(4)
[1.165s][info][gc,heap        ] GC(136) Old regions: 255->255
[1.165s][info][gc,heap        ] GC(136) Archive regions: 0->0
[1.165s][info][gc,heap        ] GC(136) Humongous regions: 179->179
[1.165s][info][gc,metaspace   ] GC(136) Metaspace: 9171K(9600K)->9171K(9600K) NonClass: 8366K(8704K)->8366K(8704K) Class: 805K(896K)->805K(896K)
[1.165s][info][gc             ] GC(136) Pause Young (Concurrent Start) (G1 Humongous Allocation) 402M->401M(512M) 0.496ms
[1.165s][info][gc,cpu         ] GC(136) User=0.00s Sys=0.00s Real=0.00s
[1.165s][info][gc             ] GC(137) Concurrent Cycle
[1.165s][info][gc,marking     ] GC(137) Concurrent Clear Claimed Marks
[1.165s][info][gc,marking     ] GC(137) Concurrent Clear Claimed Marks 0.014ms
[1.165s][info][gc,marking     ] GC(137) Concurrent Scan Root Regions
[1.165s][info][gc,marking     ] GC(137) Concurrent Scan Root Regions 0.022ms
[1.165s][info][gc,marking     ] GC(137) Concurrent Mark (1.165s)
[1.165s][info][gc,marking     ] GC(137) Concurrent Mark From Roots
[1.165s][info][gc,task        ] GC(137) Using 2 workers of 2 for marking
[1.167s][info][gc,marking     ] GC(137) Concurrent Mark From Roots 1.715ms
[1.167s][info][gc,marking     ] GC(137) Concurrent Preclean
[1.167s][info][gc,marking     ] GC(137) Concurrent Preclean 0.034ms
[1.167s][info][gc,marking     ] GC(137) Concurrent Mark (1.165s, 1.167s) 1.789ms
[1.167s][info][gc,start       ] GC(137) Pause Remark
[1.167s][info][gc             ] GC(137) Pause Remark 419M->418M(512M) 0.318ms
[1.167s][info][gc,cpu         ] GC(137) User=0.00s Sys=0.00s Real=0.00s
[1.168s][info][gc,marking     ] GC(137) Concurrent Rebuild Remembered Sets
[1.169s][info][gc,marking     ] GC(137) Concurrent Rebuild Remembered Sets 1.113ms
[1.169s][info][gc,start       ] GC(137) Pause Cleanup
[1.169s][info][gc             ] GC(137) Pause Cleanup 430M->430M(512M) 0.132ms
[1.169s][info][gc,cpu         ] GC(137) User=0.00s Sys=0.00s Real=0.00s
[1.169s][info][gc,marking     ] GC(137) Concurrent Cleanup for Next Mark
[1.169s][info][gc,marking     ] GC(137) Concurrent Cleanup for Next Mark 0.589ms
[1.169s][info][gc             ] GC(137) Concurrent Cycle 4.335ms
[1.170s][info][gc,start       ] GC(138) Pause Young (Concurrent Start) (G1 Humongous Allocation)
[1.170s][info][gc,task        ] GC(138) Using 6 workers of 6 for evacuation
[1.171s][info][gc,phases      ] GC(138)   Pre Evacuate Collection Set: 0.0ms
[1.171s][info][gc,phases      ] GC(138)   Merge Heap Roots: 0.1ms
[1.171s][info][gc,phases      ] GC(138)   Evacuate Collection Set: 1.0ms
[1.171s][info][gc,phases      ] GC(138)   Post Evacuate Collection Set: 0.2ms
[1.171s][info][gc,phases      ] GC(138)   Other: 0.1ms
[1.171s][info][gc,heap        ] GC(138) Eden regions: 23->0(21)
[1.171s][info][gc,heap        ] GC(138) Survivor regions: 1->4(4)
[1.171s][info][gc,heap        ] GC(138) Old regions: 255->261
[1.171s][info][gc,heap        ] GC(138) Archive regions: 0->0
[1.171s][info][gc,heap        ] GC(138) Humongous regions: 191->182
[1.171s][info][gc,metaspace   ] GC(138) Metaspace: 9171K(9600K)->9171K(9600K) NonClass: 8366K(8704K)->8366K(8704K) Class: 805K(896K)->805K(896K)
[1.171s][info][gc             ] GC(138) Pause Young (Concurrent Start) (G1 Humongous Allocation) 435M->413M(512M) 1.491ms
[1.171s][info][gc,cpu         ] GC(138) User=0.00s Sys=0.00s Real=0.00s
[1.171s][info][gc             ] GC(139) Concurrent Cycle
[1.171s][info][gc,marking     ] GC(139) Concurrent Clear Claimed Marks
[1.172s][info][gc,marking     ] GC(139) Concurrent Clear Claimed Marks 0.010ms
[1.172s][info][gc,marking     ] GC(139) Concurrent Scan Root Regions
[1.172s][info][gc,marking     ] GC(139) Concurrent Scan Root Regions 0.034ms
[1.172s][info][gc,marking     ] GC(139) Concurrent Mark (1.172s)
[1.172s][info][gc,marking     ] GC(139) Concurrent Mark From Roots
[1.172s][info][gc,task        ] GC(139) Using 2 workers of 2 for marking
[1.173s][info][gc,marking     ] GC(139) Concurrent Mark From Roots 1.617ms
[1.173s][info][gc,marking     ] GC(139) Concurrent Preclean
[1.173s][info][gc,marking     ] GC(139) Concurrent Preclean 0.034ms
[1.173s][info][gc,marking     ] GC(139) Concurrent Mark (1.172s, 1.173s) 1.689ms
[1.173s][info][gc,start       ] GC(139) Pause Remark
[1.174s][info][gc             ] GC(139) Pause Remark 428M->428M(512M) 0.293ms
[1.174s][info][gc,cpu         ] GC(139) User=0.00s Sys=0.00s Real=0.00s
[1.174s][info][gc,marking     ] GC(139) Concurrent Rebuild Remembered Sets
[1.175s][info][gc,marking     ] GC(139) Concurrent Rebuild Remembered Sets 1.044ms
[1.175s][info][gc,start       ] GC(139) Pause Cleanup
[1.175s][info][gc             ] GC(139) Pause Cleanup 439M->439M(512M) 0.148ms
[1.175s][info][gc,cpu         ] GC(139) User=0.00s Sys=0.00s Real=0.00s
[1.175s][info][gc,marking     ] GC(139) Concurrent Cleanup for Next Mark
[1.176s][info][gc,marking     ] GC(139) Concurrent Cleanup for Next Mark 0.663ms
[1.176s][info][gc             ] GC(139) Concurrent Cycle 4.162ms
[1.177s][info][gc,start       ] GC(140) Pause Young (Prepare Mixed) (G1 Evacuation Pause)
[1.177s][info][gc,task        ] GC(140) Using 6 workers of 6 for evacuation
[1.178s][info][gc,phases      ] GC(140)   Pre Evacuate Collection Set: 0.0ms
[1.178s][info][gc,phases      ] GC(140)   Merge Heap Roots: 0.1ms
[1.178s][info][gc,phases      ] GC(140)   Evacuate Collection Set: 1.2ms
[1.178s][info][gc,phases      ] GC(140)   Post Evacuate Collection Set: 0.2ms
[1.178s][info][gc,phases      ] GC(140)   Other: 0.1ms
[1.178s][info][gc,heap        ] GC(140) Eden regions: 21->0(21)
[1.178s][info][gc,heap        ] GC(140) Survivor regions: 4->4(4)
[1.178s][info][gc,heap        ] GC(140) Old regions: 261->269
[1.178s][info][gc,heap        ] GC(140) Archive regions: 0->0
[1.178s][info][gc,heap        ] GC(140) Humongous regions: 198->180
[1.178s][info][gc,metaspace   ] GC(140) Metaspace: 9171K(9600K)->9171K(9600K) NonClass: 8366K(8704K)->8366K(8704K) Class: 805K(896K)->805K(896K)
[1.178s][info][gc             ] GC(140) Pause Young (Prepare Mixed) (G1 Evacuation Pause) 450M->420M(512M) 1.773ms
[1.178s][info][gc,cpu         ] GC(140) User=0.00s Sys=0.00s Real=0.00s
[1.182s][info][gc,start       ] GC(141) Pause Young (Mixed) (G1 Evacuation Pause)
[1.182s][info][gc,task        ] GC(141) Using 6 workers of 6 for evacuation
[1.186s][info][gc             ] GC(141) To-space exhausted
[1.186s][info][gc,phases      ] GC(141)   Pre Evacuate Collection Set: 0.1ms
[1.186s][info][gc,phases      ] GC(141)   Merge Heap Roots: 0.0ms
[1.186s][info][gc,phases      ] GC(141)   Evacuate Collection Set: 3.0ms
[1.186s][info][gc,phases      ] GC(141)   Post Evacuate Collection Set: 0.3ms
[1.186s][info][gc,phases      ] GC(141)   Other: 0.2ms
[1.186s][info][gc,heap        ] GC(141) Eden regions: 21->0(21)
[1.186s][info][gc,heap        ] GC(141) Survivor regions: 4->4(4)
[1.186s][info][gc,heap        ] GC(141) Old regions: 269->296
[1.186s][info][gc,heap        ] GC(141) Archive regions: 0->0
[1.186s][info][gc,heap        ] GC(141) Humongous regions: 188->181
[1.186s][info][gc,metaspace   ] GC(141) Metaspace: 9171K(9600K)->9171K(9600K) NonClass: 8366K(8704K)->8366K(8704K) Class: 805K(896K)->805K(896K)
[1.186s][info][gc             ] GC(141) Pause Young (Mixed) (G1 Evacuation Pause) 448M->452M(512M) 3.717ms
[1.186s][info][gc,cpu         ] GC(141) User=0.09s Sys=0.00s Real=0.00s
[1.187s][info][gc,start       ] GC(142) Pause Young (Concurrent Start) (G1 Humongous Allocation)
[1.187s][info][gc,task        ] GC(142) Using 6 workers of 6 for evacuation
[1.187s][info][gc,phases      ] GC(142)   Pre Evacuate Collection Set: 0.0ms
[1.187s][info][gc,phases      ] GC(142)   Merge Heap Roots: 0.0ms
[1.187s][info][gc,phases      ] GC(142)   Evacuate Collection Set: 0.5ms
[1.187s][info][gc,phases      ] GC(142)   Post Evacuate Collection Set: 0.2ms
[1.187s][info][gc,phases      ] GC(142)   Other: 0.1ms
[1.187s][info][gc,heap        ] GC(142) Eden regions: 5->0(23)
[1.187s][info][gc,heap        ] GC(142) Survivor regions: 4->2(4)
[1.187s][info][gc,heap        ] GC(142) Old regions: 296->300
[1.187s][info][gc,heap        ] GC(142) Archive regions: 0->0
[1.187s][info][gc,heap        ] GC(142) Humongous regions: 181->181
[1.187s][info][gc,metaspace   ] GC(142) Metaspace: 9171K(9600K)->9171K(9600K) NonClass: 8366K(8704K)->8366K(8704K) Class: 805K(896K)->805K(896K)
[1.187s][info][gc             ] GC(142) Pause Young (Concurrent Start) (G1 Humongous Allocation) 457M->454M(512M) 0.851ms
[1.187s][info][gc,cpu         ] GC(142) User=0.00s Sys=0.00s Real=0.00s
[1.187s][info][gc             ] GC(143) Concurrent Cycle
[1.188s][info][gc,marking     ] GC(143) Concurrent Clear Claimed Marks
[1.188s][info][gc,marking     ] GC(143) Concurrent Clear Claimed Marks 0.013ms
[1.188s][info][gc,marking     ] GC(143) Concurrent Scan Root Regions
[1.188s][info][gc,marking     ] GC(143) Concurrent Scan Root Regions 0.047ms
[1.188s][info][gc,marking     ] GC(143) Concurrent Mark (1.188s)
[1.188s][info][gc,marking     ] GC(143) Concurrent Mark From Roots
[1.188s][info][gc,task        ] GC(143) Using 2 workers of 2 for marking
[1.189s][info][gc,marking     ] GC(143) Concurrent Mark From Roots 1.707ms
[1.189s][info][gc,marking     ] GC(143) Concurrent Preclean
[1.189s][info][gc,marking     ] GC(143) Concurrent Preclean 0.037ms
[1.189s][info][gc,marking     ] GC(143) Concurrent Mark (1.188s, 1.189s) 1.811ms
[1.189s][info][gc,start       ] GC(143) Pause Remark
[1.190s][info][gc             ] GC(143) Pause Remark 473M->473M(512M) 0.329ms
[1.190s][info][gc,cpu         ] GC(143) User=0.00s Sys=0.00s Real=0.00s
[1.190s][info][gc,marking     ] GC(143) Concurrent Rebuild Remembered Sets
[1.191s][info][gc,start       ] GC(144) Pause Young (Normal) (G1 Evacuation Pause)
[1.191s][info][gc,task        ] GC(144) Using 6 workers of 6 for evacuation
[1.191s][info][gc             ] GC(144) To-space exhausted
[1.191s][info][gc,phases      ] GC(144)   Pre Evacuate Collection Set: 0.0ms
[1.191s][info][gc,phases      ] GC(144)   Merge Heap Roots: 0.0ms
[1.191s][info][gc,phases      ] GC(144)   Evacuate Collection Set: 0.1ms
[1.191s][info][gc,phases      ] GC(144)   Post Evacuate Collection Set: 0.2ms
[1.191s][info][gc,phases      ] GC(144)   Other: 0.1ms
[1.191s][info][gc,heap        ] GC(144) Eden regions: 13->0(25)
[1.191s][info][gc,heap        ] GC(144) Survivor regions: 2->0(0)
[1.191s][info][gc,heap        ] GC(144) Old regions: 300->315
[1.191s][info][gc,heap        ] GC(144) Archive regions: 0->0
[1.191s][info][gc,heap        ] GC(144) Humongous regions: 197->187
[1.191s][info][gc,metaspace   ] GC(144) Metaspace: 9171K(9600K)->9171K(9600K) NonClass: 8366K(8704K)->8366K(8704K) Class: 805K(896K)->805K(896K)
[1.191s][info][gc             ] GC(144) Pause Young (Normal) (G1 Evacuation Pause) 482M->473M(512M) 0.527ms
[1.191s][info][gc,cpu         ] GC(144) User=0.00s Sys=0.00s Real=0.00s
[1.192s][info][gc,marking     ] GC(143) Concurrent Rebuild Remembered Sets 1.975ms
[1.192s][info][gc,start       ] GC(143) Pause Cleanup
[1.192s][info][gc             ] GC(143) Pause Cleanup 481M->481M(512M) 0.100ms
[1.192s][info][gc,cpu         ] GC(143) User=0.00s Sys=0.00s Real=0.00s
[1.192s][info][gc,marking     ] GC(143) Concurrent Cleanup for Next Mark
[1.192s][info][gc,start       ] GC(145) Pause Young (Prepare Mixed) (G1 Humongous Allocation)
[1.192s][info][gc,task        ] GC(145) Using 6 workers of 6 for evacuation
[1.193s][info][gc             ] GC(145) To-space exhausted
[1.193s][info][gc,phases      ] GC(145)   Pre Evacuate Collection Set: 0.0ms
[1.193s][info][gc,phases      ] GC(145)   Merge Heap Roots: 0.1ms
[1.193s][info][gc,phases      ] GC(145)   Evacuate Collection Set: 0.0ms
[1.193s][info][gc,phases      ] GC(145)   Post Evacuate Collection Set: 0.1ms
[1.193s][info][gc,phases      ] GC(145)   Other: 0.1ms
[1.193s][info][gc,heap        ] GC(145) Eden regions: 5->0(25)
[1.193s][info][gc,heap        ] GC(145) Survivor regions: 0->0(0)
[1.193s][info][gc,heap        ] GC(145) Old regions: 315->320
[1.193s][info][gc,heap        ] GC(145) Archive regions: 0->0
[1.193s][info][gc,heap        ] GC(145) Humongous regions: 192->187
[1.193s][info][gc,metaspace   ] GC(145) Metaspace: 9171K(9600K)->9171K(9600K) NonClass: 8366K(8704K)->8366K(8704K) Class: 805K(896K)->805K(896K)
[1.193s][info][gc             ] GC(145) Pause Young (Prepare Mixed) (G1 Humongous Allocation) 483M->478M(512M) 0.496ms
[1.193s][info][gc,cpu         ] GC(145) User=0.00s Sys=0.00s Real=0.00s
[1.193s][info][gc,marking     ] GC(143) Concurrent Cleanup for Next Mark 1.136ms
[1.193s][info][gc             ] GC(143) Concurrent Cycle 5.715ms
[1.193s][info][gc,start       ] GC(146) Pause Young (Mixed) (G1 Humongous Allocation)
[1.193s][info][gc,task        ] GC(146) Using 6 workers of 6 for evacuation
[1.194s][info][gc             ] GC(146) To-space exhausted
[1.194s][info][gc,phases      ] GC(146)   Pre Evacuate Collection Set: 0.0ms
[1.194s][info][gc,phases      ] GC(146)   Merge Heap Roots: 0.0ms
[1.194s][info][gc,phases      ] GC(146)   Evacuate Collection Set: 0.1ms
[1.194s][info][gc,phases      ] GC(146)   Post Evacuate Collection Set: 0.2ms
[1.194s][info][gc,phases      ] GC(146)   Other: 0.1ms
[1.194s][info][gc,heap        ] GC(146) Eden regions: 2->0(25)
[1.194s][info][gc,heap        ] GC(146) Survivor regions: 0->0(0)
[1.194s][info][gc,heap        ] GC(146) Old regions: 320->321
[1.194s][info][gc,heap        ] GC(146) Archive regions: 0->0
[1.194s][info][gc,heap        ] GC(146) Humongous regions: 190->189
[1.194s][info][gc,metaspace   ] GC(146) Metaspace: 9171K(9600K)->9171K(9600K) NonClass: 8366K(8704K)->8366K(8704K) Class: 805K(896K)->805K(896K)
[1.194s][info][gc             ] GC(146) Pause Young (Mixed) (G1 Humongous Allocation) 482M->481M(512M) 0.507ms
[1.194s][info][gc,cpu         ] GC(146) User=0.00s Sys=0.00s Real=0.00s
[1.194s][info][gc,start       ] GC(147) Pause Young (Mixed) (G1 Evacuation Pause)
[1.194s][info][gc,task        ] GC(147) Using 6 workers of 6 for evacuation
[1.195s][info][gc             ] GC(147) To-space exhausted
[1.195s][info][gc,phases      ] GC(147)   Pre Evacuate Collection Set: 0.0ms
[1.195s][info][gc,phases      ] GC(147)   Merge Heap Roots: 0.0ms
[1.195s][info][gc,phases      ] GC(147)   Evacuate Collection Set: 0.2ms
[1.195s][info][gc,phases      ] GC(147)   Post Evacuate Collection Set: 0.3ms
[1.195s][info][gc,phases      ] GC(147)   Other: 0.1ms
[1.195s][info][gc,heap        ] GC(147) Eden regions: 1->0(25)
[1.195s][info][gc,heap        ] GC(147) Survivor regions: 0->0(0)
[1.195s][info][gc,heap        ] GC(147) Old regions: 321->322
[1.195s][info][gc,heap        ] GC(147) Archive regions: 0->0
[1.195s][info][gc,heap        ] GC(147) Humongous regions: 190->188
[1.195s][info][gc,metaspace   ] GC(147) Metaspace: 9171K(9600K)->9171K(9600K) NonClass: 8366K(8704K)->8366K(8704K) Class: 805K(896K)->805K(896K)
[1.195s][info][gc             ] GC(147) Pause Young (Mixed) (G1 Evacuation Pause) 483M->481M(512M) 0.731ms
[1.195s][info][gc,cpu         ] GC(147) User=0.00s Sys=0.00s Real=0.00s
[1.195s][info][gc,start       ] GC(148) Pause Young (Concurrent Start) (G1 Humongous Allocation)
[1.195s][info][gc,task        ] GC(148) Using 6 workers of 6 for evacuation
[1.196s][info][gc,phases      ] GC(148)   Pre Evacuate Collection Set: 0.0ms
[1.196s][info][gc,phases      ] GC(148)   Merge Heap Roots: 0.0ms
[1.196s][info][gc,phases      ] GC(148)   Evacuate Collection Set: 0.1ms
[1.196s][info][gc,phases      ] GC(148)   Post Evacuate Collection Set: 0.2ms
[1.196s][info][gc,phases      ] GC(148)   Other: 0.1ms
[1.196s][info][gc,heap        ] GC(148) Eden regions: 1->0(24)
[1.196s][info][gc,heap        ] GC(148) Survivor regions: 0->1(1)
[1.196s][info][gc,heap        ] GC(148) Old regions: 322->322
[1.196s][info][gc,heap        ] GC(148) Archive regions: 0->0
[1.196s][info][gc,heap        ] GC(148) Humongous regions: 188->188
[1.196s][info][gc,metaspace   ] GC(148) Metaspace: 9171K(9600K)->9171K(9600K) NonClass: 8366K(8704K)->8366K(8704K) Class: 805K(896K)->805K(896K)
[1.196s][info][gc             ] GC(148) Pause Young (Concurrent Start) (G1 Humongous Allocation) 482M->481M(512M) 0.543ms
[1.196s][info][gc,cpu         ] GC(148) User=0.00s Sys=0.00s Real=0.00s
[1.196s][info][gc             ] GC(149) Concurrent Cycle
[1.196s][info][gc,marking     ] GC(149) Concurrent Clear Claimed Marks
[1.196s][info][gc,marking     ] GC(149) Concurrent Clear Claimed Marks 0.010ms
[1.196s][info][gc,marking     ] GC(149) Concurrent Scan Root Regions
[1.196s][info][gc,marking     ] GC(149) Concurrent Scan Root Regions 0.035ms
[1.196s][info][gc,start       ] GC(150) Pause Young (Normal) (G1 Evacuation Pause)
[1.196s][info][gc,marking     ] GC(149) Concurrent Mark (1.196s)
[1.196s][info][gc,task        ] GC(150) Using 6 workers of 6 for evacuation
[1.196s][info][gc,marking     ] GC(149) Concurrent Mark From Roots
[1.196s][info][gc,task        ] GC(149) Using 2 workers of 2 for marking
[1.196s][info][gc             ] GC(150) To-space exhausted
[1.196s][info][gc,phases      ] GC(150)   Pre Evacuate Collection Set: 0.0ms
[1.196s][info][gc,phases      ] GC(150)   Merge Heap Roots: 0.0ms
[1.196s][info][gc,phases      ] GC(150)   Evacuate Collection Set: 0.0ms
[1.196s][info][gc,phases      ] GC(150)   Post Evacuate Collection Set: 0.1ms
[1.196s][info][gc,phases      ] GC(150)   Other: 0.1ms
[1.196s][info][gc,heap        ] GC(150) Eden regions: 0->0(25)
[1.196s][info][gc,heap        ] GC(150) Survivor regions: 1->0(0)
[1.196s][info][gc,heap        ] GC(150) Old regions: 322->323
[1.196s][info][gc,heap        ] GC(150) Archive regions: 0->0
[1.196s][info][gc,heap        ] GC(150) Humongous regions: 189->188
[1.196s][info][gc,metaspace   ] GC(150) Metaspace: 9171K(9600K)->9171K(9600K) NonClass: 8366K(8704K)->8366K(8704K) Class: 805K(896K)->805K(896K)
[1.196s][info][gc             ] GC(150) Pause Young (Normal) (G1 Evacuation Pause) 482M->481M(512M) 0.435ms
[1.196s][info][gc,cpu         ] GC(150) User=0.00s Sys=0.00s Real=0.00s
[1.196s][info][gc,start       ] GC(151) Pause Young (Normal) (G1 Evacuation Pause)
[1.196s][info][gc,task        ] GC(151) Using 6 workers of 6 for evacuation
[1.197s][info][gc             ] GC(151) To-space exhausted
[1.197s][info][gc,phases      ] GC(151)   Pre Evacuate Collection Set: 0.0ms
[1.197s][info][gc,phases      ] GC(151)   Merge Heap Roots: 0.0ms
[1.197s][info][gc,phases      ] GC(151)   Evacuate Collection Set: 0.1ms
[1.197s][info][gc,phases      ] GC(151)   Post Evacuate Collection Set: 0.1ms
[1.197s][info][gc,phases      ] GC(151)   Other: 0.1ms
[1.197s][info][gc,heap        ] GC(151) Eden regions: 1->0(25)
[1.197s][info][gc,heap        ] GC(151) Survivor regions: 0->0(0)
[1.197s][info][gc,heap        ] GC(151) Old regions: 323->324
[1.197s][info][gc,heap        ] GC(151) Archive regions: 0->0
[1.197s][info][gc,heap        ] GC(151) Humongous regions: 188->188
[1.197s][info][gc,metaspace   ] GC(151) Metaspace: 9171K(9600K)->9171K(9600K) NonClass: 8366K(8704K)->8366K(8704K) Class: 805K(896K)->805K(896K)
[1.197s][info][gc             ] GC(151) Pause Young (Normal) (G1 Evacuation Pause) 482M->482M(512M) 0.400ms
[1.197s][info][gc,cpu         ] GC(151) User=0.00s Sys=0.00s Real=0.00s
[1.197s][info][gc,task        ] GC(152) Using 6 workers of 6 for full compaction
[1.197s][info][gc,start       ] GC(152) Pause Full (G1 Evacuation Pause)
[1.197s][info][gc,phases,start] GC(152) Phase 1: Mark live objects
[1.198s][info][gc,phases      ] GC(152) Phase 1: Mark live objects 0.968ms
[1.198s][info][gc,phases,start] GC(152) Phase 2: Prepare for compaction
[1.199s][info][gc,phases      ] GC(152) Phase 2: Prepare for compaction 0.328ms
[1.199s][info][gc,phases,start] GC(152) Phase 3: Adjust pointers
[1.199s][info][gc,phases      ] GC(152) Phase 3: Adjust pointers 0.348ms
[1.199s][info][gc,phases,start] GC(152) Phase 4: Compact heap
[1.219s][info][gc,phases      ] GC(152) Phase 4: Compact heap 20.370ms
[1.220s][info][gc,heap        ] GC(152) Eden regions: 0->0(25)
[1.220s][info][gc,heap        ] GC(152) Survivor regions: 0->0(0)
[1.220s][info][gc,heap        ] GC(152) Old regions: 324->254
[1.220s][info][gc,heap        ] GC(152) Archive regions: 0->0
[1.220s][info][gc,heap        ] GC(152) Humongous regions: 188->188
[1.220s][info][gc,metaspace   ] GC(152) Metaspace: 9171K(9600K)->9171K(9600K) NonClass: 8366K(8704K)->8366K(8704K) Class: 805K(896K)->805K(896K)
[1.220s][info][gc             ] GC(152) Pause Full (G1 Evacuation Pause) 482M->409M(512M) 22.917ms
[1.220s][info][gc,cpu         ] GC(152) User=0.13s Sys=0.00s Real=0.02s
[1.220s][info][gc,marking     ] GC(149) Concurrent Mark From Roots 24.324ms
[1.220s][info][gc,marking     ] GC(149) Concurrent Mark Abort
[1.220s][info][gc             ] GC(149) Concurrent Cycle 24.504ms
[1.220s][info][gc,start       ] GC(153) Pause Young (Concurrent Start) (G1 Humongous Allocation)
[1.220s][info][gc,task        ] GC(153) Using 6 workers of 6 for evacuation
[1.221s][info][gc,phases      ] GC(153)   Pre Evacuate Collection Set: 0.0ms
[1.221s][info][gc,phases      ] GC(153)   Merge Heap Roots: 0.0ms
[1.221s][info][gc,phases      ] GC(153)   Evacuate Collection Set: 0.1ms
[1.221s][info][gc,phases      ] GC(153)   Post Evacuate Collection Set: 0.1ms
[1.221s][info][gc,phases      ] GC(153)   Other: 0.1ms
[1.221s][info][gc,heap        ] GC(153) Eden regions: 1->0(24)
[1.221s][info][gc,heap        ] GC(153) Survivor regions: 0->1(4)
[1.221s][info][gc,heap        ] GC(153) Old regions: 254->254
[1.221s][info][gc,heap        ] GC(153) Archive regions: 0->0
[1.221s][info][gc,heap        ] GC(153) Humongous regions: 188->188
[1.221s][info][gc,metaspace   ] GC(153) Metaspace: 9171K(9600K)->9171K(9600K) NonClass: 8366K(8704K)->8366K(8704K) Class: 805K(896K)->805K(896K)
[1.221s][info][gc             ] GC(153) Pause Young (Concurrent Start) (G1 Humongous Allocation) 410M->409M(512M) 0.517ms
[1.221s][info][gc,cpu         ] GC(153) User=0.00s Sys=0.00s Real=0.00s
[1.221s][info][gc             ] GC(154) Concurrent Cycle
[1.221s][info][gc,marking     ] GC(154) Concurrent Clear Claimed Marks
[1.221s][info][gc,marking     ] GC(154) Concurrent Clear Claimed Marks 0.015ms
[1.221s][info][gc,marking     ] GC(154) Concurrent Scan Root Regions
[1.221s][info][gc,marking     ] GC(154) Concurrent Scan Root Regions 0.019ms
[1.221s][info][gc,marking     ] GC(154) Concurrent Mark (1.221s)
[1.221s][info][gc,marking     ] GC(154) Concurrent Mark From Roots
[1.221s][info][gc,task        ] GC(154) Using 2 workers of 2 for marking
[1.223s][info][gc,marking     ] GC(154) Concurrent Mark From Roots 1.682ms
[1.223s][info][gc,marking     ] GC(154) Concurrent Preclean
[1.223s][info][gc,marking     ] GC(154) Concurrent Preclean 0.036ms
[1.223s][info][gc,marking     ] GC(154) Concurrent Mark (1.221s, 1.223s) 1.757ms
[1.223s][info][gc,start       ] GC(154) Pause Remark
[1.223s][info][gc             ] GC(154) Pause Remark 424M->423M(512M) 0.298ms
[1.223s][info][gc,cpu         ] GC(154) User=0.00s Sys=0.00s Real=0.00s
[1.223s][info][gc,marking     ] GC(154) Concurrent Rebuild Remembered Sets
[1.224s][info][gc,marking     ] GC(154) Concurrent Rebuild Remembered Sets 1.370ms
[1.225s][info][gc,start       ] GC(154) Pause Cleanup
[1.225s][info][gc             ] GC(154) Pause Cleanup 436M->436M(512M) 0.152ms
[1.225s][info][gc,cpu         ] GC(154) User=0.00s Sys=0.00s Real=0.00s
[1.225s][info][gc,marking     ] GC(154) Concurrent Cleanup for Next Mark
[1.225s][info][gc,marking     ] GC(154) Concurrent Cleanup for Next Mark 0.627ms
[1.225s][info][gc             ] GC(154) Concurrent Cycle 4.565ms
[1.226s][info][gc,start       ] GC(155) Pause Young (Normal) (G1 Evacuation Pause)
[1.226s][info][gc,task        ] GC(155) Using 6 workers of 6 for evacuation
[1.227s][info][gc,phases      ] GC(155)   Pre Evacuate Collection Set: 0.0ms
[1.227s][info][gc,phases      ] GC(155)   Merge Heap Roots: 0.1ms
[1.227s][info][gc,phases      ] GC(155)   Evacuate Collection Set: 0.8ms
[1.227s][info][gc,phases      ] GC(155)   Post Evacuate Collection Set: 0.2ms
[1.227s][info][gc,phases      ] GC(155)   Other: 0.1ms
[1.227s][info][gc,heap        ] GC(155) Eden regions: 24->0(21)
[1.227s][info][gc,heap        ] GC(155) Survivor regions: 1->4(4)
[1.227s][info][gc,heap        ] GC(155) Old regions: 254->260
[1.227s][info][gc,heap        ] GC(155) Archive regions: 0->0
[1.227s][info][gc,heap        ] GC(155) Humongous regions: 197->187
[1.227s][info][gc,metaspace   ] GC(155) Metaspace: 9171K(9600K)->9171K(9600K) NonClass: 8366K(8704K)->8366K(8704K) Class: 805K(896K)->805K(896K)
[1.227s][info][gc             ] GC(155) Pause Young (Normal) (G1 Evacuation Pause) 442M->418M(512M) 1.318ms
[1.227s][info][gc,cpu         ] GC(155) User=0.00s Sys=0.00s Real=0.00s
[1.228s][info][gc,start       ] GC(156) Pause Young (Concurrent Start) (G1 Humongous Allocation)
[1.228s][info][gc,task        ] GC(156) Using 6 workers of 6 for evacuation
[1.229s][info][gc,phases      ] GC(156)   Pre Evacuate Collection Set: 0.0ms
[1.229s][info][gc,phases      ] GC(156)   Merge Heap Roots: 0.0ms
[1.229s][info][gc,phases      ] GC(156)   Evacuate Collection Set: 0.5ms
[1.229s][info][gc,phases      ] GC(156)   Post Evacuate Collection Set: 0.1ms
[1.229s][info][gc,phases      ] GC(156)   Other: 0.1ms
[1.229s][info][gc,heap        ] GC(156) Eden regions: 5->0(23)
[1.229s][info][gc,heap        ] GC(156) Survivor regions: 4->2(4)
[1.229s][info][gc,heap        ] GC(156) Old regions: 260->264
[1.229s][info][gc,heap        ] GC(156) Archive regions: 0->0
[1.229s][info][gc,heap        ] GC(156) Humongous regions: 187->185
[1.229s][info][gc,metaspace   ] GC(156) Metaspace: 9171K(9600K)->9171K(9600K) NonClass: 8366K(8704K)->8366K(8704K) Class: 805K(896K)->805K(896K)
[1.229s][info][gc             ] GC(156) Pause Young (Concurrent Start) (G1 Humongous Allocation) 422M->417M(512M) 0.823ms
[1.229s][info][gc,cpu         ] GC(156) User=0.00s Sys=0.00s Real=0.00s
[1.229s][info][gc             ] GC(157) Concurrent Cycle
[1.229s][info][gc,marking     ] GC(157) Concurrent Clear Claimed Marks
[1.229s][info][gc,marking     ] GC(157) Concurrent Clear Claimed Marks 0.012ms
[1.229s][info][gc,marking     ] GC(157) Concurrent Scan Root Regions
[1.229s][info][gc,marking     ] GC(157) Concurrent Scan Root Regions 0.044ms
[1.229s][info][gc,marking     ] GC(157) Concurrent Mark (1.229s)
[1.229s][info][gc,marking     ] GC(157) Concurrent Mark From Roots
[1.229s][info][gc,task        ] GC(157) Using 2 workers of 2 for marking
[1.230s][info][gc,marking     ] GC(157) Concurrent Mark From Roots 1.522ms
[1.230s][info][gc,marking     ] GC(157) Concurrent Preclean
[1.231s][info][gc,marking     ] GC(157) Concurrent Preclean 0.043ms
[1.231s][info][gc,marking     ] GC(157) Concurrent Mark (1.229s, 1.231s) 1.609ms
[1.231s][info][gc,start       ] GC(157) Pause Remark
[1.231s][info][gc             ] GC(157) Pause Remark 436M->436M(512M) 0.318ms
[1.231s][info][gc,cpu         ] GC(157) User=0.00s Sys=0.00s Real=0.00s
[1.231s][info][gc,marking     ] GC(157) Concurrent Rebuild Remembered Sets
[1.232s][info][gc,marking     ] GC(157) Concurrent Rebuild Remembered Sets 1.266ms
[1.232s][info][gc,start       ] GC(157) Pause Cleanup
[1.232s][info][gc             ] GC(157) Pause Cleanup 446M->446M(512M) 0.132ms
[1.232s][info][gc,cpu         ] GC(157) User=0.00s Sys=0.00s Real=0.00s
[1.232s][info][gc,marking     ] GC(157) Concurrent Cleanup for Next Mark
[1.233s][info][gc,marking     ] GC(157) Concurrent Cleanup for Next Mark 0.670ms
[1.233s][info][gc             ] GC(157) Concurrent Cycle 4.341ms
[1.234s][info][gc,start       ] GC(158) Pause Young (Prepare Mixed) (G1 Evacuation Pause)
[1.234s][info][gc,task        ] GC(158) Using 6 workers of 6 for evacuation
[1.235s][info][gc,phases      ] GC(158)   Pre Evacuate Collection Set: 0.0ms
[1.235s][info][gc,phases      ] GC(158)   Merge Heap Roots: 0.1ms
[1.235s][info][gc,phases      ] GC(158)   Evacuate Collection Set: 1.1ms
[1.235s][info][gc,phases      ] GC(158)   Post Evacuate Collection Set: 0.2ms
[1.235s][info][gc,phases      ] GC(158)   Other: 0.1ms
[1.235s][info][gc,heap        ] GC(158) Eden regions: 23->0(21)
[1.235s][info][gc,heap        ] GC(158) Survivor regions: 2->4(4)
[1.235s][info][gc,heap        ] GC(158) Old regions: 264->272
[1.235s][info][gc,heap        ] GC(158) Archive regions: 0->0
[1.235s][info][gc,heap        ] GC(158) Humongous regions: 197->187
[1.235s][info][gc,metaspace   ] GC(158) Metaspace: 9171K(9600K)->9171K(9600K) NonClass: 8366K(8704K)->8366K(8704K) Class: 805K(896K)->805K(896K)
[1.235s][info][gc             ] GC(158) Pause Young (Prepare Mixed) (G1 Evacuation Pause) 452M->429M(512M) 1.588ms
[1.235s][info][gc,cpu         ] GC(158) User=0.00s Sys=0.00s Real=0.00s
[1.240s][info][gc,start       ] GC(159) Pause Young (Mixed) (G1 Evacuation Pause)
[1.240s][info][gc,task        ] GC(159) Using 6 workers of 6 for evacuation
[1.242s][info][gc             ] GC(159) To-space exhausted
[1.242s][info][gc,phases      ] GC(159)   Pre Evacuate Collection Set: 0.0ms
[1.242s][info][gc,phases      ] GC(159)   Merge Heap Roots: 0.0ms
[1.242s][info][gc,phases      ] GC(159)   Evacuate Collection Set: 1.4ms
[1.242s][info][gc,phases      ] GC(159)   Post Evacuate Collection Set: 0.3ms
[1.242s][info][gc,phases      ] GC(159)   Other: 0.1ms
[1.242s][info][gc,heap        ] GC(159) Eden regions: 21->0(23)
[1.242s][info][gc,heap        ] GC(159) Survivor regions: 4->2(4)
[1.242s][info][gc,heap        ] GC(159) Old regions: 272->301
[1.242s][info][gc,heap        ] GC(159) Archive regions: 0->0
[1.242s][info][gc,heap        ] GC(159) Humongous regions: 202->191
[1.242s][info][gc,metaspace   ] GC(159) Metaspace: 9171K(9600K)->9171K(9600K) NonClass: 8366K(8704K)->8366K(8704K) Class: 805K(896K)->805K(896K)
[1.242s][info][gc             ] GC(159) Pause Young (Mixed) (G1 Evacuation Pause) 465M->462M(512M) 2.141ms
[1.242s][info][gc,cpu         ] GC(159) User=0.00s Sys=0.00s Real=0.00s
[1.242s][info][gc,start       ] GC(160) Pause Young (Concurrent Start) (G1 Humongous Allocation)
[1.242s][info][gc,task        ] GC(160) Using 6 workers of 6 for evacuation
[1.243s][info][gc,phases      ] GC(160)   Pre Evacuate Collection Set: 0.0ms
[1.243s][info][gc,phases      ] GC(160)   Merge Heap Roots: 0.0ms
[1.243s][info][gc,phases      ] GC(160)   Evacuate Collection Set: 0.3ms
[1.243s][info][gc,phases      ] GC(160)   Post Evacuate Collection Set: 0.1ms
[1.243s][info][gc,phases      ] GC(160)   Other: 0.1ms
[1.243s][info][gc,heap        ] GC(160) Eden regions: 1->0(22)
[1.243s][info][gc,heap        ] GC(160) Survivor regions: 2->3(4)
[1.243s][info][gc,heap        ] GC(160) Old regions: 301->301
[1.243s][info][gc,heap        ] GC(160) Archive regions: 0->0
[1.243s][info][gc,heap        ] GC(160) Humongous regions: 191->191
[1.243s][info][gc,metaspace   ] GC(160) Metaspace: 9171K(9600K)->9171K(9600K) NonClass: 8366K(8704K)->8366K(8704K) Class: 805K(896K)->805K(896K)
[1.243s][info][gc             ] GC(160) Pause Young (Concurrent Start) (G1 Humongous Allocation) 463M->462M(512M) 0.625ms
[1.243s][info][gc,cpu         ] GC(160) User=0.00s Sys=0.00s Real=0.00s
[1.243s][info][gc             ] GC(161) Concurrent Cycle
[1.243s][info][gc,marking     ] GC(161) Concurrent Clear Claimed Marks
[1.243s][info][gc,marking     ] GC(161) Concurrent Clear Claimed Marks 0.010ms
[1.243s][info][gc,marking     ] GC(161) Concurrent Scan Root Regions
[1.243s][info][gc,marking     ] GC(161) Concurrent Scan Root Regions 0.055ms
[1.243s][info][gc,marking     ] GC(161) Concurrent Mark (1.243s)
[1.243s][info][gc,marking     ] GC(161) Concurrent Mark From Roots
[1.243s][info][gc,task        ] GC(161) Using 2 workers of 2 for marking
[1.244s][info][gc,marking     ] GC(161) Concurrent Mark From Roots 1.512ms
[1.244s][info][gc,marking     ] GC(161) Concurrent Preclean
[1.244s][info][gc,marking     ] GC(161) Concurrent Preclean 0.034ms
[1.244s][info][gc,marking     ] GC(161) Concurrent Mark (1.243s, 1.244s) 1.576ms
[1.244s][info][gc,start       ] GC(161) Pause Remark
[1.245s][info][gc             ] GC(161) Pause Remark 477M->477M(512M) 0.333ms
[1.245s][info][gc,cpu         ] GC(161) User=0.00s Sys=0.00s Real=0.00s
[1.245s][info][gc,marking     ] GC(161) Concurrent Rebuild Remembered Sets
[1.245s][info][gc,start       ] GC(162) Pause Young (Normal) (G1 Evacuation Pause)
[1.245s][info][gc,task        ] GC(162) Using 6 workers of 6 for evacuation
[1.246s][info][gc             ] GC(162) To-space exhausted
[1.246s][info][gc,phases      ] GC(162)   Pre Evacuate Collection Set: 0.0ms
[1.246s][info][gc,phases      ] GC(162)   Merge Heap Roots: 0.0ms
[1.246s][info][gc,phases      ] GC(162)   Evacuate Collection Set: 0.1ms
[1.246s][info][gc,phases      ] GC(162)   Post Evacuate Collection Set: 0.2ms
[1.246s][info][gc,phases      ] GC(162)   Other: 0.1ms
[1.246s][info][gc,heap        ] GC(162) Eden regions: 13->0(25)
[1.246s][info][gc,heap        ] GC(162) Survivor regions: 3->0(0)
[1.246s][info][gc,heap        ] GC(162) Old regions: 301->317
[1.246s][info][gc,heap        ] GC(162) Archive regions: 0->0
[1.246s][info][gc,heap        ] GC(162) Humongous regions: 195->193
[1.246s][info][gc,metaspace   ] GC(162) Metaspace: 9171K(9600K)->9171K(9600K) NonClass: 8366K(8704K)->8366K(8704K) Class: 805K(896K)->805K(896K)
[1.246s][info][gc             ] GC(162) Pause Young (Normal) (G1 Evacuation Pause) 479M->477M(512M) 0.445ms
[1.246s][info][gc,cpu         ] GC(162) User=0.00s Sys=0.00s Real=0.00s
[1.246s][info][gc,start       ] GC(163) Pause Young (Normal) (G1 Humongous Allocation)
[1.246s][info][gc,task        ] GC(163) Using 6 workers of 6 for evacuation
[1.246s][info][gc             ] GC(163) To-space exhausted
[1.246s][info][gc,phases      ] GC(163)   Pre Evacuate Collection Set: 0.0ms
[1.246s][info][gc,phases      ] GC(163)   Merge Heap Roots: 0.0ms
[1.246s][info][gc,phases      ] GC(163)   Evacuate Collection Set: 0.0ms
[1.246s][info][gc,phases      ] GC(163)   Post Evacuate Collection Set: 0.1ms
[1.246s][info][gc,phases      ] GC(163)   Other: 0.1ms
[1.246s][info][gc,heap        ] GC(163) Eden regions: 1->0(25)
[1.246s][info][gc,heap        ] GC(163) Survivor regions: 0->0(0)
[1.246s][info][gc,heap        ] GC(163) Old regions: 317->318
[1.246s][info][gc,heap        ] GC(163) Archive regions: 0->0
[1.246s][info][gc,heap        ] GC(163) Humongous regions: 194->194
[1.246s][info][gc,metaspace   ] GC(163) Metaspace: 9171K(9600K)->9171K(9600K) NonClass: 8366K(8704K)->8366K(8704K) Class: 805K(896K)->805K(896K)
[1.246s][info][gc             ] GC(163) Pause Young (Normal) (G1 Humongous Allocation) 479M->479M(512M) 0.392ms
[1.246s][info][gc,cpu         ] GC(163) User=0.00s Sys=0.00s Real=0.00s
[1.246s][info][gc,task        ] GC(164) Using 6 workers of 6 for full compaction
[1.246s][info][gc,start       ] GC(164) Pause Full (G1 Humongous Allocation)
[1.247s][info][gc,phases,start] GC(164) Phase 1: Mark live objects
[1.248s][info][gc,phases      ] GC(164) Phase 1: Mark live objects 0.743ms
[1.248s][info][gc,phases,start] GC(164) Phase 2: Prepare for compaction
[1.248s][info][gc,phases      ] GC(164) Phase 2: Prepare for compaction 0.323ms
[1.248s][info][gc,phases,start] GC(164) Phase 3: Adjust pointers
[1.248s][info][gc,phases      ] GC(164) Phase 3: Adjust pointers 0.317ms
[1.248s][info][gc,phases,start] GC(164) Phase 4: Compact heap
[1.268s][info][gc,phases      ] GC(164) Phase 4: Compact heap 19.516ms
[1.268s][info][gc,heap        ] GC(164) Eden regions: 0->0(25)
[1.268s][info][gc,heap        ] GC(164) Survivor regions: 0->0(0)
[1.268s][info][gc,heap        ] GC(164) Old regions: 318->253
[1.268s][info][gc,heap        ] GC(164) Archive regions: 0->0
[1.268s][info][gc,heap        ] GC(164) Humongous regions: 194->194
[1.268s][info][gc,metaspace   ] GC(164) Metaspace: 9171K(9600K)->9171K(9600K) NonClass: 8366K(8704K)->8366K(8704K) Class: 805K(896K)->805K(896K)
[1.268s][info][gc             ] GC(164) Pause Full (G1 Humongous Allocation) 479M->414M(512M) 21.790ms
[1.268s][info][gc,cpu         ] GC(164) User=0.08s Sys=0.02s Real=0.02s
[1.269s][info][gc,marking     ] GC(161) Concurrent Rebuild Remembered Sets 23.694ms
[1.269s][info][gc,marking     ] GC(161) Concurrent Mark Abort
[1.269s][info][gc             ] GC(161) Concurrent Cycle 25.876ms
[1.269s][info][gc,start       ] GC(165) Pause Young (Concurrent Start) (G1 Humongous Allocation)
[1.269s][info][gc,task        ] GC(165) Using 6 workers of 6 for evacuation
[1.269s][info][gc,phases      ] GC(165)   Pre Evacuate Collection Set: 0.0ms
[1.269s][info][gc,phases      ] GC(165)   Merge Heap Roots: 0.0ms
[1.269s][info][gc,phases      ] GC(165)   Evacuate Collection Set: 0.1ms
[1.269s][info][gc,phases      ] GC(165)   Post Evacuate Collection Set: 0.1ms
[1.269s][info][gc,phases      ] GC(165)   Other: 0.1ms
[1.269s][info][gc,heap        ] GC(165) Eden regions: 0->0(25)
[1.269s][info][gc,heap        ] GC(165) Survivor regions: 0->0(4)
[1.269s][info][gc,heap        ] GC(165) Old regions: 253->253
[1.269s][info][gc,heap        ] GC(165) Archive regions: 0->0
[1.269s][info][gc,heap        ] GC(165) Humongous regions: 195->194
[1.269s][info][gc,metaspace   ] GC(165) Metaspace: 9171K(9600K)->9171K(9600K) NonClass: 8366K(8704K)->8366K(8704K) Class: 805K(896K)->805K(896K)
[1.269s][info][gc             ] GC(165) Pause Young (Concurrent Start) (G1 Humongous Allocation) 415M->414M(512M) 0.481ms
[1.269s][info][gc,cpu         ] GC(165) User=0.00s Sys=0.00s Real=0.00s
[1.269s][info][gc             ] GC(166) Concurrent Cycle
[1.269s][info][gc,marking     ] GC(166) Concurrent Clear Claimed Marks
[1.269s][info][gc,marking     ] GC(166) Concurrent Clear Claimed Marks 0.012ms
[1.269s][info][gc,marking     ] GC(166) Concurrent Scan Root Regions
[1.269s][info][gc,marking     ] GC(166) Concurrent Scan Root Regions 0.010ms
[1.269s][info][gc,marking     ] GC(166) Concurrent Mark (1.269s)
[1.269s][info][gc,marking     ] GC(166) Concurrent Mark From Roots
[1.269s][info][gc,task        ] GC(166) Using 2 workers of 2 for marking
[1.271s][info][gc,marking     ] GC(166) Concurrent Mark From Roots 1.654ms
[1.271s][info][gc,marking     ] GC(166) Concurrent Preclean
[1.271s][info][gc,marking     ] GC(166) Concurrent Preclean 0.036ms
[1.271s][info][gc,marking     ] GC(166) Concurrent Mark (1.269s, 1.271s) 1.728ms
[1.271s][info][gc,start       ] GC(166) Pause Remark
[1.271s][info][gc             ] GC(166) Pause Remark 433M->433M(512M) 0.416ms
[1.272s][info][gc,cpu         ] GC(166) User=0.00s Sys=0.00s Real=0.00s
[1.272s][info][gc,marking     ] GC(166) Concurrent Rebuild Remembered Sets
[1.273s][info][gc,marking     ] GC(166) Concurrent Rebuild Remembered Sets 1.016ms
[1.273s][info][gc,start       ] GC(166) Pause Cleanup
[1.273s][info][gc             ] GC(166) Pause Cleanup 440M->440M(512M) 0.130ms
[1.273s][info][gc,cpu         ] GC(166) User=0.00s Sys=0.00s Real=0.00s
[1.273s][info][gc,marking     ] GC(166) Concurrent Cleanup for Next Mark
[1.273s][info][gc,marking     ] GC(166) Concurrent Cleanup for Next Mark 0.573ms
[1.273s][info][gc             ] GC(166) Concurrent Cycle 4.208ms
[1.274s][info][gc,start       ] GC(167) Pause Young (Concurrent Start) (G1 Humongous Allocation)
[1.274s][info][gc,task        ] GC(167) Using 6 workers of 6 for evacuation
[1.275s][info][gc,phases      ] GC(167)   Pre Evacuate Collection Set: 0.0ms
[1.275s][info][gc,phases      ] GC(167)   Merge Heap Roots: 0.1ms
[1.275s][info][gc,phases      ] GC(167)   Evacuate Collection Set: 0.6ms
[1.275s][info][gc,phases      ] GC(167)   Post Evacuate Collection Set: 0.2ms
[1.275s][info][gc,phases      ] GC(167)   Other: 0.1ms
[1.275s][info][gc,heap        ] GC(167) Eden regions: 17->0(21)
[1.275s][info][gc,heap        ] GC(167) Survivor regions: 0->4(4)
[1.275s][info][gc,heap        ] GC(167) Old regions: 253->256
[1.275s][info][gc,heap        ] GC(167) Archive regions: 0->0
[1.275s][info][gc,heap        ] GC(167) Humongous regions: 208->195
[1.275s][info][gc,metaspace   ] GC(167) Metaspace: 9171K(9600K)->9171K(9600K) NonClass: 8366K(8704K)->8366K(8704K) Class: 805K(896K)->805K(896K)
[1.275s][info][gc             ] GC(167) Pause Young (Concurrent Start) (G1 Humongous Allocation) 444M->421M(512M) 1.104ms
[1.275s][info][gc,cpu         ] GC(167) User=0.00s Sys=0.00s Real=0.00s
[1.275s][info][gc             ] GC(168) Concurrent Cycle
[1.275s][info][gc,marking     ] GC(168) Concurrent Clear Claimed Marks
[1.275s][info][gc,marking     ] GC(168) Concurrent Clear Claimed Marks 0.010ms
[1.275s][info][gc,marking     ] GC(168) Concurrent Scan Root Regions
[1.275s][info][gc,marking     ] GC(168) Concurrent Scan Root Regions 0.035ms
[1.275s][info][gc,marking     ] GC(168) Concurrent Mark (1.275s)
[1.275s][info][gc,marking     ] GC(168) Concurrent Mark From Roots
[1.275s][info][gc,task        ] GC(168) Using 2 workers of 2 for marking
[1.276s][info][gc,marking     ] GC(168) Concurrent Mark From Roots 1.323ms
[1.276s][info][gc,marking     ] GC(168) Concurrent Preclean
[1.276s][info][gc,marking     ] GC(168) Concurrent Preclean 0.044ms
[1.276s][info][gc,marking     ] GC(168) Concurrent Mark (1.275s, 1.276s) 1.409ms
[1.276s][info][gc,start       ] GC(168) Pause Remark
[1.277s][info][gc             ] GC(168) Pause Remark 437M->437M(512M) 0.326ms
[1.277s][info][gc,cpu         ] GC(168) User=0.00s Sys=0.00s Real=0.00s
[1.277s][info][gc,marking     ] GC(168) Concurrent Rebuild Remembered Sets
[1.278s][info][gc,marking     ] GC(168) Concurrent Rebuild Remembered Sets 1.160ms
[1.278s][info][gc,start       ] GC(168) Pause Cleanup
[1.278s][info][gc             ] GC(168) Pause Cleanup 448M->448M(512M) 0.136ms
[1.278s][info][gc,cpu         ] GC(168) User=0.00s Sys=0.00s Real=0.00s
[1.278s][info][gc,marking     ] GC(168) Concurrent Cleanup for Next Mark
[1.279s][info][gc,start       ] GC(169) Pause Young (Prepare Mixed) (G1 Evacuation Pause)
[1.279s][info][gc,task        ] GC(169) Using 6 workers of 6 for evacuation
[1.280s][info][gc,phases      ] GC(169)   Pre Evacuate Collection Set: 0.0ms
[1.280s][info][gc,phases      ] GC(169)   Merge Heap Roots: 0.1ms
[1.280s][info][gc,phases      ] GC(169)   Evacuate Collection Set: 1.3ms
[1.280s][info][gc,phases      ] GC(169)   Post Evacuate Collection Set: 0.2ms
[1.280s][info][gc,phases      ] GC(169)   Other: 0.1ms
[1.280s][info][gc,heap        ] GC(169) Eden regions: 21->0(21)
[1.280s][info][gc,heap        ] GC(169) Survivor regions: 4->4(4)
[1.280s][info][gc,heap        ] GC(169) Old regions: 256->265
[1.280s][info][gc,heap        ] GC(169) Archive regions: 0->0
[1.280s][info][gc,heap        ] GC(169) Humongous regions: 203->192
[1.280s][info][gc,metaspace   ] GC(169) Metaspace: 9171K(9600K)->9171K(9600K) NonClass: 8366K(8704K)->8366K(8704K) Class: 805K(896K)->805K(896K)
[1.280s][info][gc             ] GC(169) Pause Young (Prepare Mixed) (G1 Evacuation Pause) 450M->427M(512M) 1.740ms
[1.280s][info][gc,cpu         ] GC(169) User=0.09s Sys=0.00s Real=0.00s
[1.280s][info][gc,marking     ] GC(168) Concurrent Cleanup for Next Mark 2.441ms
[1.280s][info][gc             ] GC(168) Concurrent Cycle 5.805ms
[1.284s][info][gc,start       ] GC(170) Pause Young (Mixed) (G1 Evacuation Pause)
[1.284s][info][gc,task        ] GC(170) Using 6 workers of 6 for evacuation
[1.287s][info][gc             ] GC(170) To-space exhausted
[1.287s][info][gc,phases      ] GC(170)   Pre Evacuate Collection Set: 0.0ms
[1.287s][info][gc,phases      ] GC(170)   Merge Heap Roots: 0.0ms
[1.287s][info][gc,phases      ] GC(170)   Evacuate Collection Set: 2.3ms
[1.287s][info][gc,phases      ] GC(170)   Post Evacuate Collection Set: 0.3ms
[1.287s][info][gc,phases      ] GC(170)   Other: 0.1ms
[1.287s][info][gc,heap        ] GC(170) Eden regions: 21->0(23)
[1.287s][info][gc,heap        ] GC(170) Survivor regions: 4->2(4)
[1.287s][info][gc,heap        ] GC(170) Old regions: 265->294
[1.287s][info][gc,heap        ] GC(170) Archive regions: 0->0
[1.287s][info][gc,heap        ] GC(170) Humongous regions: 200->196
[1.287s][info][gc,metaspace   ] GC(170) Metaspace: 9171K(9600K)->9171K(9600K) NonClass: 8366K(8704K)->8366K(8704K) Class: 805K(896K)->805K(896K)
[1.287s][info][gc             ] GC(170) Pause Young (Mixed) (G1 Evacuation Pause) 456M->462M(512M) 2.988ms
[1.287s][info][gc,cpu         ] GC(170) User=0.00s Sys=0.00s Real=0.00s
[1.288s][info][gc,start       ] GC(171) Pause Young (Concurrent Start) (G1 Humongous Allocation)
[1.288s][info][gc,task        ] GC(171) Using 6 workers of 6 for evacuation
[1.289s][info][gc,phases      ] GC(171)   Pre Evacuate Collection Set: 0.0ms
[1.289s][info][gc,phases      ] GC(171)   Merge Heap Roots: 0.0ms
[1.289s][info][gc,phases      ] GC(171)   Evacuate Collection Set: 0.4ms
[1.289s][info][gc,phases      ] GC(171)   Post Evacuate Collection Set: 0.1ms
[1.289s][info][gc,phases      ] GC(171)   Other: 0.1ms
[1.289s][info][gc,heap        ] GC(171) Eden regions: 8->0(21)
[1.289s][info][gc,heap        ] GC(171) Survivor regions: 2->4(4)
[1.289s][info][gc,heap        ] GC(171) Old regions: 294->296
[1.289s][info][gc,heap        ] GC(171) Archive regions: 0->0
[1.289s][info][gc,heap        ] GC(171) Humongous regions: 196->196
[1.289s][info][gc,metaspace   ] GC(171) Metaspace: 9171K(9600K)->9171K(9600K) NonClass: 8366K(8704K)->8366K(8704K) Class: 805K(896K)->805K(896K)
[1.289s][info][gc             ] GC(171) Pause Young (Concurrent Start) (G1 Humongous Allocation) 470M->466M(512M) 0.782ms
[1.289s][info][gc,cpu         ] GC(171) User=0.00s Sys=0.00s Real=0.00s
[1.289s][info][gc             ] GC(172) Concurrent Cycle
[1.289s][info][gc,marking     ] GC(172) Concurrent Clear Claimed Marks
[1.289s][info][gc,marking     ] GC(172) Concurrent Clear Claimed Marks 0.013ms
[1.289s][info][gc,marking     ] GC(172) Concurrent Scan Root Regions
[1.289s][info][gc,marking     ] GC(172) Concurrent Scan Root Regions 0.048ms
[1.289s][info][gc,marking     ] GC(172) Concurrent Mark (1.289s)
[1.289s][info][gc,marking     ] GC(172) Concurrent Mark From Roots
[1.289s][info][gc,task        ] GC(172) Using 2 workers of 2 for marking
[1.290s][info][gc,start       ] GC(173) Pause Young (Normal) (G1 Evacuation Pause)
[1.290s][info][gc,task        ] GC(173) Using 6 workers of 6 for evacuation
[1.291s][info][gc             ] GC(173) To-space exhausted
[1.291s][info][gc,phases      ] GC(173)   Pre Evacuate Collection Set: 0.0ms
[1.291s][info][gc,phases      ] GC(173)   Merge Heap Roots: 0.0ms
[1.291s][info][gc,phases      ] GC(173)   Evacuate Collection Set: 0.1ms
[1.291s][info][gc,phases      ] GC(173)   Post Evacuate Collection Set: 0.2ms
[1.291s][info][gc,phases      ] GC(173)   Other: 0.1ms
[1.291s][info][gc,heap        ] GC(173) Eden regions: 8->0(25)
[1.291s][info][gc,heap        ] GC(173) Survivor regions: 4->0(0)
[1.291s][info][gc,heap        ] GC(173) Old regions: 296->308
[1.291s][info][gc,heap        ] GC(173) Archive regions: 0->0
[1.291s][info][gc,heap        ] GC(173) Humongous regions: 204->197
[1.291s][info][gc,metaspace   ] GC(173) Metaspace: 9171K(9600K)->9171K(9600K) NonClass: 8366K(8704K)->8366K(8704K) Class: 805K(896K)->805K(896K)
[1.291s][info][gc             ] GC(173) Pause Young (Normal) (G1 Evacuation Pause) 482M->475M(512M) 0.496ms
[1.291s][info][gc,cpu         ] GC(173) User=0.00s Sys=0.00s Real=0.00s
[1.291s][info][gc,marking     ] GC(172) Concurrent Mark From Roots 2.235ms
[1.291s][info][gc,marking     ] GC(172) Concurrent Preclean
[1.291s][info][gc,marking     ] GC(172) Concurrent Preclean 0.036ms
[1.291s][info][gc,marking     ] GC(172) Concurrent Mark (1.289s, 1.291s) 2.301ms
[1.291s][info][gc,start       ] GC(172) Pause Remark
[1.292s][info][gc             ] GC(172) Pause Remark 478M->478M(512M) 0.329ms
[1.292s][info][gc,cpu         ] GC(172) User=0.00s Sys=0.00s Real=0.00s
[1.292s][info][gc,marking     ] GC(172) Concurrent Rebuild Remembered Sets
[1.292s][info][gc,start       ] GC(174) Pause Young (Normal) (G1 Humongous Allocation)
[1.292s][info][gc,task        ] GC(174) Using 6 workers of 6 for evacuation
[1.293s][info][gc             ] GC(174) To-space exhausted
[1.293s][info][gc,phases      ] GC(174)   Pre Evacuate Collection Set: 0.0ms
[1.293s][info][gc,phases      ] GC(174)   Merge Heap Roots: 0.0ms
[1.293s][info][gc,phases      ] GC(174)   Evacuate Collection Set: 0.0ms
[1.293s][info][gc,phases      ] GC(174)   Post Evacuate Collection Set: 0.1ms
[1.293s][info][gc,phases      ] GC(174)   Other: 0.1ms
[1.293s][info][gc,heap        ] GC(174) Eden regions: 5->0(25)
[1.293s][info][gc,heap        ] GC(174) Survivor regions: 0->0(0)
[1.293s][info][gc,heap        ] GC(174) Old regions: 308->313
[1.293s][info][gc,heap        ] GC(174) Archive regions: 0->0
[1.293s][info][gc,heap        ] GC(174) Humongous regions: 199->195
[1.293s][info][gc,metaspace   ] GC(174) Metaspace: 9171K(9600K)->9171K(9600K) NonClass: 8366K(8704K)->8366K(8704K) Class: 805K(896K)->805K(896K)
[1.293s][info][gc             ] GC(174) Pause Young (Normal) (G1 Humongous Allocation) 482M->478M(512M) 0.418ms
[1.293s][info][gc,cpu         ] GC(174) User=0.00s Sys=0.00s Real=0.00s
[1.293s][info][gc,start       ] GC(175) Pause Young (Normal) (G1 Humongous Allocation)
[1.293s][info][gc,task        ] GC(175) Using 6 workers of 6 for evacuation
[1.294s][info][gc             ] GC(175) To-space exhausted
[1.294s][info][gc,phases      ] GC(175)   Pre Evacuate Collection Set: 0.0ms
[1.294s][info][gc,phases      ] GC(175)   Merge Heap Roots: 0.1ms
[1.294s][info][gc,phases      ] GC(175)   Evacuate Collection Set: 0.0ms
[1.294s][info][gc,phases      ] GC(175)   Post Evacuate Collection Set: 0.1ms
[1.294s][info][gc,phases      ] GC(175)   Other: 0.1ms
[1.294s][info][gc,heap        ] GC(175) Eden regions: 2->0(25)
[1.294s][info][gc,heap        ] GC(175) Survivor regions: 0->0(0)
[1.294s][info][gc,heap        ] GC(175) Old regions: 313->315
[1.294s][info][gc,heap        ] GC(175) Archive regions: 0->0
[1.294s][info][gc,heap        ] GC(175) Humongous regions: 197->195
[1.294s][info][gc,metaspace   ] GC(175) Metaspace: 9171K(9600K)->9171K(9600K) NonClass: 8366K(8704K)->8366K(8704K) Class: 805K(896K)->805K(896K)
[1.294s][info][gc             ] GC(175) Pause Young (Normal) (G1 Humongous Allocation) 481M->479M(512M) 0.478ms
[1.294s][info][gc,cpu         ] GC(175) User=0.00s Sys=0.00s Real=0.00s
[1.294s][info][gc,start       ] GC(176) Pause Young (Normal) (G1 Evacuation Pause)
[1.294s][info][gc,task        ] GC(176) Using 6 workers of 6 for evacuation
[1.294s][info][gc             ] GC(176) To-space exhausted
[1.294s][info][gc,phases      ] GC(176)   Pre Evacuate Collection Set: 0.0ms
[1.294s][info][gc,phases      ] GC(176)   Merge Heap Roots: 0.0ms
[1.294s][info][gc,phases      ] GC(176)   Evacuate Collection Set: 0.1ms
[1.294s][info][gc,phases      ] GC(176)   Post Evacuate Collection Set: 0.1ms
[1.294s][info][gc,phases      ] GC(176)   Other: 0.1ms
[1.294s][info][gc,heap        ] GC(176) Eden regions: 1->0(25)
[1.294s][info][gc,heap        ] GC(176) Survivor regions: 0->0(0)
[1.294s][info][gc,heap        ] GC(176) Old regions: 315->316
[1.294s][info][gc,heap        ] GC(176) Archive regions: 0->0
[1.294s][info][gc,heap        ] GC(176) Humongous regions: 196->193
[1.294s][info][gc,metaspace   ] GC(176) Metaspace: 9171K(9600K)->9171K(9600K) NonClass: 8366K(8704K)->8366K(8704K) Class: 805K(896K)->805K(896K)
[1.294s][info][gc             ] GC(176) Pause Young (Normal) (G1 Evacuation Pause) 481M->478M(512M) 0.408ms
[1.294s][info][gc,cpu         ] GC(176) User=0.00s Sys=0.00s Real=0.00s
[1.294s][info][gc,marking     ] GC(172) Concurrent Rebuild Remembered Sets 2.794ms
[1.294s][info][gc,start       ] GC(172) Pause Cleanup
[1.295s][info][gc             ] GC(172) Pause Cleanup 479M->479M(512M) 0.110ms
[1.295s][info][gc,cpu         ] GC(172) User=0.02s Sys=0.00s Real=0.00s
[1.295s][info][gc,marking     ] GC(172) Concurrent Cleanup for Next Mark
[1.295s][info][gc,marking     ] GC(172) Concurrent Cleanup for Next Mark 0.561ms
[1.295s][info][gc             ] GC(172) Concurrent Cycle 6.453ms
[1.295s][info][gc,start       ] GC(177) Pause Young (Prepare Mixed) (G1 Evacuation Pause)
[1.295s][info][gc,task        ] GC(177) Using 6 workers of 6 for evacuation
[1.295s][info][gc             ] GC(177) To-space exhausted
[1.296s][info][gc,phases      ] GC(177)   Pre Evacuate Collection Set: 0.0ms
[1.296s][info][gc,phases      ] GC(177)   Merge Heap Roots: 0.0ms
[1.296s][info][gc,phases      ] GC(177)   Evacuate Collection Set: 0.0ms
[1.296s][info][gc,phases      ] GC(177)   Post Evacuate Collection Set: 0.1ms
[1.296s][info][gc,phases      ] GC(177)   Other: 0.1ms
[1.296s][info][gc,heap        ] GC(177) Eden regions: 3->0(25)
[1.296s][info][gc,heap        ] GC(177) Survivor regions: 0->0(0)
[1.296s][info][gc,heap        ] GC(177) Old regions: 316->319
[1.296s][info][gc,heap        ] GC(177) Archive regions: 0->0
[1.296s][info][gc,heap        ] GC(177) Humongous regions: 193->192
[1.296s][info][gc,metaspace   ] GC(177) Metaspace: 9171K(9600K)->9171K(9600K) NonClass: 8366K(8704K)->8366K(8704K) Class: 805K(896K)->805K(896K)
[1.296s][info][gc             ] GC(177) Pause Young (Prepare Mixed) (G1 Evacuation Pause) 481M->480M(512M) 0.401ms
[1.296s][info][gc,cpu         ] GC(177) User=0.00s Sys=0.00s Real=0.00s
[1.296s][info][gc,start       ] GC(178) Pause Young (Mixed) (G1 Evacuation Pause)
[1.296s][info][gc,task        ] GC(178) Using 6 workers of 6 for evacuation
[1.296s][info][gc             ] GC(178) To-space exhausted
[1.296s][info][gc,phases      ] GC(178)   Pre Evacuate Collection Set: 0.0ms
[1.296s][info][gc,phases      ] GC(178)   Merge Heap Roots: 0.0ms
[1.296s][info][gc,phases      ] GC(178)   Evacuate Collection Set: 0.1ms
[1.296s][info][gc,phases      ] GC(178)   Post Evacuate Collection Set: 0.2ms
[1.296s][info][gc,phases      ] GC(178)   Other: 0.1ms
[1.296s][info][gc,heap        ] GC(178) Eden regions: 1->0(25)
[1.296s][info][gc,heap        ] GC(178) Survivor regions: 0->0(0)
[1.296s][info][gc,heap        ] GC(178) Old regions: 319->320
[1.296s][info][gc,heap        ] GC(178) Archive regions: 0->0
[1.296s][info][gc,heap        ] GC(178) Humongous regions: 192->192
[1.296s][info][gc,metaspace   ] GC(178) Metaspace: 9171K(9600K)->9171K(9600K) NonClass: 8366K(8704K)->8366K(8704K) Class: 805K(896K)->805K(896K)
[1.296s][info][gc             ] GC(178) Pause Young (Mixed) (G1 Evacuation Pause) 481M->481M(512M) 0.495ms
[1.296s][info][gc,cpu         ] GC(178) User=0.00s Sys=0.00s Real=0.00s
[1.296s][info][gc,task        ] GC(179) Using 6 workers of 6 for full compaction
[1.297s][info][gc,start       ] GC(179) Pause Full (G1 Evacuation Pause)
[1.297s][info][gc,phases,start] GC(179) Phase 1: Mark live objects
[1.297s][info][gc,phases      ] GC(179) Phase 1: Mark live objects 0.669ms
[1.297s][info][gc,phases,start] GC(179) Phase 2: Prepare for compaction
[1.298s][info][gc,phases      ] GC(179) Phase 2: Prepare for compaction 0.337ms
[1.298s][info][gc,phases,start] GC(179) Phase 3: Adjust pointers
[1.298s][info][gc,phases      ] GC(179) Phase 3: Adjust pointers 0.329ms
[1.298s][info][gc,phases,start] GC(179) Phase 4: Compact heap
[1.318s][info][gc,phases      ] GC(179) Phase 4: Compact heap 20.284ms
[1.319s][info][gc,heap        ] GC(179) Eden regions: 0->0(25)
[1.319s][info][gc,heap        ] GC(179) Survivor regions: 0->0(0)
[1.319s][info][gc,heap        ] GC(179) Old regions: 320->249
[1.319s][info][gc,heap        ] GC(179) Archive regions: 0->0
[1.319s][info][gc,heap        ] GC(179) Humongous regions: 192->192
[1.319s][info][gc,metaspace   ] GC(179) Metaspace: 9171K(9600K)->9171K(9600K) NonClass: 8366K(8704K)->8366K(8704K) Class: 805K(896K)->805K(896K)
[1.319s][info][gc             ] GC(179) Pause Full (G1 Evacuation Pause) 481M->411M(512M) 22.104ms
[1.319s][info][gc,cpu         ] GC(179) User=0.09s Sys=0.00s Real=0.02s
[1.319s][info][gc,start       ] GC(180) Pause Young (Concurrent Start) (G1 Humongous Allocation)
[1.319s][info][gc,task        ] GC(180) Using 6 workers of 6 for evacuation
[1.319s][info][gc,phases      ] GC(180)   Pre Evacuate Collection Set: 0.0ms
[1.319s][info][gc,phases      ] GC(180)   Merge Heap Roots: 0.0ms
[1.319s][info][gc,phases      ] GC(180)   Evacuate Collection Set: 0.1ms
[1.319s][info][gc,phases      ] GC(180)   Post Evacuate Collection Set: 0.1ms
[1.319s][info][gc,phases      ] GC(180)   Other: 0.1ms
[1.319s][info][gc,heap        ] GC(180) Eden regions: 1->0(25)
[1.319s][info][gc,heap        ] GC(180) Survivor regions: 0->0(4)
[1.319s][info][gc,heap        ] GC(180) Old regions: 249->249
[1.319s][info][gc,heap        ] GC(180) Archive regions: 0->0
[1.319s][info][gc,heap        ] GC(180) Humongous regions: 192->192
[1.319s][info][gc,metaspace   ] GC(180) Metaspace: 9171K(9600K)->9171K(9600K) NonClass: 8366K(8704K)->8366K(8704K) Class: 805K(896K)->805K(896K)
[1.319s][info][gc             ] GC(180) Pause Young (Concurrent Start) (G1 Humongous Allocation) 412M->411M(512M) 0.466ms
[1.319s][info][gc,cpu         ] GC(180) User=0.00s Sys=0.00s Real=0.00s
[1.320s][info][gc             ] GC(181) Concurrent Cycle
[1.320s][info][gc,marking     ] GC(181) Concurrent Clear Claimed Marks
[1.320s][info][gc,marking     ] GC(181) Concurrent Clear Claimed Marks 0.019ms
[1.320s][info][gc,marking     ] GC(181) Concurrent Scan Root Regions
[1.320s][info][gc,marking     ] GC(181) Concurrent Scan Root Regions 0.010ms
[1.320s][info][gc,marking     ] GC(181) Concurrent Mark (1.320s)
[1.320s][info][gc,marking     ] GC(181) Concurrent Mark From Roots
[1.320s][info][gc,task        ] GC(181) Using 2 workers of 2 for marking
[1.321s][info][gc,marking     ] GC(181) Concurrent Mark From Roots 1.661ms
[1.321s][info][gc,marking     ] GC(181) Concurrent Preclean
[1.321s][info][gc,marking     ] GC(181) Concurrent Preclean 0.038ms
[1.321s][info][gc,marking     ] GC(181) Concurrent Mark (1.320s, 1.321s) 1.737ms
[1.321s][info][gc,start       ] GC(181) Pause Remark
[1.322s][info][gc             ] GC(181) Pause Remark 428M->428M(512M) 0.316ms
[1.322s][info][gc,cpu         ] GC(181) User=0.00s Sys=0.00s Real=0.00s
[1.322s][info][gc,marking     ] GC(181) Concurrent Rebuild Remembered Sets
[1.323s][info][gc,marking     ] GC(181) Concurrent Rebuild Remembered Sets 1.011ms
[1.323s][info][gc,start       ] GC(181) Pause Cleanup
[1.323s][info][gc             ] GC(181) Pause Cleanup 439M->439M(512M) 0.142ms
[1.323s][info][gc,cpu         ] GC(181) User=0.00s Sys=0.00s Real=0.00s
[1.323s][info][gc,marking     ] GC(181) Concurrent Cleanup for Next Mark
[1.324s][info][gc,marking     ] GC(181) Concurrent Cleanup for Next Mark 0.603ms
[1.324s][info][gc             ] GC(181) Concurrent Cycle 4.143ms
[1.324s][info][gc,start       ] GC(182) Pause Young (Concurrent Start) (G1 Humongous Allocation)
[1.324s][info][gc,task        ] GC(182) Using 6 workers of 6 for evacuation
[1.325s][info][gc,phases      ] GC(182)   Pre Evacuate Collection Set: 0.0ms
[1.325s][info][gc,phases      ] GC(182)   Merge Heap Roots: 0.1ms
[1.325s][info][gc,phases      ] GC(182)   Evacuate Collection Set: 0.7ms
[1.325s][info][gc,phases      ] GC(182)   Post Evacuate Collection Set: 0.2ms
[1.325s][info][gc,phases      ] GC(182)   Other: 0.1ms
[1.325s][info][gc,heap        ] GC(182) Eden regions: 20->0(21)
[1.325s][info][gc,heap        ] GC(182) Survivor regions: 0->4(4)
[1.325s][info][gc,heap        ] GC(182) Old regions: 249->254
[1.325s][info][gc,heap        ] GC(182) Archive regions: 0->0
[1.325s][info][gc,heap        ] GC(182) Humongous regions: 203->188
[1.325s][info][gc,metaspace   ] GC(182) Metaspace: 9171K(9600K)->9171K(9600K) NonClass: 8366K(8704K)->8366K(8704K) Class: 805K(896K)->805K(896K)
[1.325s][info][gc             ] GC(182) Pause Young (Concurrent Start) (G1 Humongous Allocation) 441M->415M(512M) 1.179ms
[1.325s][info][gc,cpu         ] GC(182) User=0.00s Sys=0.00s Real=0.00s
[1.325s][info][gc             ] GC(183) Concurrent Cycle
[1.325s][info][gc,marking     ] GC(183) Concurrent Clear Claimed Marks
[1.325s][info][gc,marking     ] GC(183) Concurrent Clear Claimed Marks 0.012ms
[1.325s][info][gc,marking     ] GC(183) Concurrent Scan Root Regions
[1.325s][info][gc,marking     ] GC(183) Concurrent Scan Root Regions 0.032ms
[1.325s][info][gc,marking     ] GC(183) Concurrent Mark (1.325s)
[1.325s][info][gc,marking     ] GC(183) Concurrent Mark From Roots
[1.325s][info][gc,task        ] GC(183) Using 2 workers of 2 for marking
[1.327s][info][gc,marking     ] GC(183) Concurrent Mark From Roots 1.736ms
[1.327s][info][gc,marking     ] GC(183) Concurrent Preclean
[1.327s][info][gc,marking     ] GC(183) Concurrent Preclean 0.038ms
[1.327s][info][gc,marking     ] GC(183) Concurrent Mark (1.325s, 1.327s) 1.812ms
[1.327s][info][gc,start       ] GC(183) Pause Remark
[1.327s][info][gc             ] GC(183) Pause Remark 425M->425M(512M) 0.308ms
[1.327s][info][gc,cpu         ] GC(183) User=0.00s Sys=0.00s Real=0.00s
[1.327s][info][gc,marking     ] GC(183) Concurrent Rebuild Remembered Sets
[1.329s][info][gc,marking     ] GC(183) Concurrent Rebuild Remembered Sets 1.280ms
[1.329s][info][gc,start       ] GC(183) Pause Cleanup
[1.329s][info][gc             ] GC(183) Pause Cleanup 425M->425M(512M) 0.116ms
[1.329s][info][gc,cpu         ] GC(183) User=0.00s Sys=0.00s Real=0.00s
[1.329s][info][gc,marking     ] GC(183) Concurrent Cleanup for Next Mark
[1.329s][info][gc,marking     ] GC(183) Concurrent Cleanup for Next Mark 0.465ms
[1.329s][info][gc             ] GC(183) Concurrent Cycle 4.302ms
[1.329s][info][gc,heap,exit   ] Heap
[1.329s][info][gc,heap,exit   ]  garbage-first heap   total 524288K, used 433372K [0x00000000e0000000, 0x0000000100000000)
[1.329s][info][gc,heap,exit   ]   region size 1024K, 9 young (9216K), 4 survivors (4096K)
[1.329s][info][gc,heap,exit   ]  Metaspace       used 9176K, capacity 9320K, committed 9600K, reserved 1058816K
[1.329s][info][gc,heap,exit   ]   class space    used 808K, capacity 868K, committed 896K, reserved 1048576K
