[0.009s][info][gc,heap,coops] Heap address: 0x00000000e0000000, size: 512 MB, Compressed Oops mode: 32-bit
[0.010s][info][gc           ] Using Serial
[0.374s][info][gc,start     ] GC(0) Pause Young (Allocation Failure)
[0.391s][info][gc,heap      ] GC(0) DefNew: 139776K(157248K)->17471K(157248K) Eden: 139776K(139776K)->0K(139776K) From: 0K(17472K)->17471K(17472K)
[0.391s][info][gc,heap      ] GC(0) Tenured: 0K(349568K)->32597K(349568K)
[0.391s][info][gc,metaspace ] GC(0) Metaspace: 9173K(9600K)->9173K(9600K) NonClass: 8367K(8704K)->8367K(8704K) Class: 805K(896K)->805K(896K)
[0.391s][info][gc           ] GC(0) Pause Young (Allocation Failure) 136M->48M(494M) 17.066ms
[0.391s][info][gc,cpu       ] GC(0) User=0.02s Sys=0.00s Real=0.02s
[0.410s][info][gc,start     ] GC(1) Pause Young (Allocation Failure)
[0.432s][info][gc,heap      ] GC(1) DefNew: 156935K(157248K)->17471K(157248K) Eden: 139463K(139776K)->0K(139776K) From: 17471K(17472K)->17471K(17472K)
[0.432s][info][gc,heap      ] GC(1) Tenured: 32597K(349568K)->90464K(349568K)
[0.432s][info][gc,metaspace ] GC(1) Metaspace: 9173K(9600K)->9173K(9600K) NonClass: 8367K(8704K)->8367K(8704K) Class: 805K(896K)->805K(896K)
[0.433s][info][gc           ] GC(1) Pause Young (Allocation Failure) 185M->105M(494M) 22.945ms
[0.433s][info][gc,cpu       ] GC(1) User=0.02s Sys=0.02s Real=0.02s
[0.449s][info][gc,start     ] GC(2) Pause Young (Allocation Failure)
[0.466s][info][gc,heap      ] GC(2) DefNew: 157247K(157248K)->17471K(157248K) Eden: 139776K(139776K)->0K(139776K) From: 17471K(17472K)->17471K(17472K)
[0.466s][info][gc,heap      ] GC(2) Tenured: 90464K(349568K)->141334K(349568K)
[0.466s][info][gc,metaspace ] GC(2) Metaspace: 9173K(9600K)->9173K(9600K) NonClass: 8367K(8704K)->8367K(8704K) Class: 805K(896K)->805K(896K)
[0.466s][info][gc           ] GC(2) Pause Young (Allocation Failure) 241M->155M(494M) 16.852ms
[0.466s][info][gc,cpu       ] GC(2) User=0.02s Sys=0.00s Real=0.02s
[0.482s][info][gc,start     ] GC(3) Pause Young (Allocation Failure)
[0.501s][info][gc,heap      ] GC(3) DefNew: 157247K(157248K)->17471K(157248K) Eden: 139776K(139776K)->0K(139776K) From: 17471K(17472K)->17471K(17472K)
[0.501s][info][gc,heap      ] GC(3) Tenured: 141334K(349568K)->199501K(349568K)
[0.501s][info][gc,metaspace ] GC(3) Metaspace: 9173K(9600K)->9173K(9600K) NonClass: 8367K(8704K)->8367K(8704K) Class: 805K(896K)->805K(896K)
[0.501s][info][gc           ] GC(3) Pause Young (Allocation Failure) 291M->211M(494M) 19.055ms
[0.501s][info][gc,cpu       ] GC(3) User=0.00s Sys=0.02s Real=0.02s
[0.518s][info][gc,start     ] GC(4) Pause Young (Allocation Failure)
[0.535s][info][gc,heap      ] GC(4) DefNew: 157201K(157248K)->17471K(157248K) Eden: 139729K(139776K)->0K(139776K) From: 17471K(17472K)->17471K(17472K)
[0.535s][info][gc,heap      ] GC(4) Tenured: 199501K(349568K)->251360K(349568K)
[0.535s][info][gc,metaspace ] GC(4) Metaspace: 9173K(9600K)->9173K(9600K) NonClass: 8367K(8704K)->8367K(8704K) Class: 805K(896K)->805K(896K)
[0.535s][info][gc           ] GC(4) Pause Young (Allocation Failure) 348M->262M(494M) 17.148ms
[0.535s][info][gc,cpu       ] GC(4) User=0.02s Sys=0.00s Real=0.02s
[0.552s][info][gc,start     ] GC(5) Pause Young (Allocation Failure)
[0.567s][info][gc,heap      ] GC(5) DefNew: 157247K(157248K)->17471K(157248K) Eden: 139776K(139776K)->0K(139776K) From: 17471K(17472K)->17471K(17472K)
[0.567s][info][gc,heap      ] GC(5) Tenured: 251360K(349568K)->296714K(349568K)
[0.567s][info][gc,metaspace ] GC(5) Metaspace: 9173K(9600K)->9173K(9600K) NonClass: 8367K(8704K)->8367K(8704K) Class: 805K(896K)->805K(896K)
[0.567s][info][gc           ] GC(5) Pause Young (Allocation Failure) 399M->306M(494M) 14.996ms
[0.567s][info][gc,cpu       ] GC(5) User=0.02s Sys=0.00s Real=0.02s
[0.584s][info][gc,start     ] GC(6) Pause Young (Allocation Failure)
[0.584s][info][gc           ] GC(6) Pause Young (Allocation Failure) 443M->443M(494M) 0.082ms
[0.584s][info][gc,cpu       ] GC(6) User=0.00s Sys=0.00s Real=0.00s
[0.584s][info][gc,start     ] GC(7) Pause Full (Allocation Failure)
[0.584s][info][gc,phases,start] GC(7) Phase 1: Mark live objects
[0.586s][info][gc,phases      ] GC(7) Phase 1: Mark live objects 1.520ms
[0.586s][info][gc,phases,start] GC(7) Phase 2: Compute new object addresses
[0.586s][info][gc,phases      ] GC(7) Phase 2: Compute new object addresses 0.689ms
[0.586s][info][gc,phases,start] GC(7) Phase 3: Adjust pointers
[0.587s][info][gc,phases      ] GC(7) Phase 3: Adjust pointers 0.762ms
[0.587s][info][gc,phases,start] GC(7) Phase 4: Move objects
[0.613s][info][gc,phases      ] GC(7) Phase 4: Move objects 25.647ms
[0.613s][info][gc,heap        ] GC(7) DefNew: 157043K(157248K)->0K(157248K) Eden: 139571K(139776K)->0K(139776K) From: 17471K(17472K)->0K(17472K)
[0.613s][info][gc,heap        ] GC(7) Tenured: 296714K(349568K)->262941K(349568K)
[0.613s][info][gc,metaspace   ] GC(7) Metaspace: 9173K(9600K)->9173K(9600K) NonClass: 8367K(8704K)->8367K(8704K) Class: 805K(896K)->805K(896K)
[0.613s][info][gc             ] GC(7) Pause Full (Allocation Failure) 443M->256M(494M) 28.930ms
[0.613s][info][gc,cpu         ] GC(7) User=0.02s Sys=0.00s Real=0.03s
[0.630s][info][gc,start       ] GC(8) Pause Young (Allocation Failure)
[0.638s][info][gc,heap        ] GC(8) DefNew: 139776K(157248K)->17472K(157248K) Eden: 139776K(139776K)->0K(139776K) From: 0K(17472K)->17472K(17472K)
[0.638s][info][gc,heap        ] GC(8) Tenured: 262941K(349568K)->303591K(349568K)
[0.638s][info][gc,metaspace   ] GC(8) Metaspace: 9173K(9600K)->9173K(9600K) NonClass: 8367K(8704K)->8367K(8704K) Class: 805K(896K)->805K(896K)
[0.638s][info][gc             ] GC(8) Pause Young (Allocation Failure) 393M->313M(494M) 8.355ms
[0.638s][info][gc,cpu         ] GC(8) User=0.02s Sys=0.00s Real=0.01s
[0.655s][info][gc,start       ] GC(9) Pause Young (Allocation Failure)
[0.655s][info][gc             ] GC(9) Pause Young (Allocation Failure) 450M->450M(494M) 0.084ms
[0.655s][info][gc,cpu         ] GC(9) User=0.00s Sys=0.00s Real=0.00s
[0.655s][info][gc,start       ] GC(10) Pause Full (Allocation Failure)
[0.655s][info][gc,phases,start] GC(10) Phase 1: Mark live objects
[0.657s][info][gc,phases      ] GC(10) Phase 1: Mark live objects 1.530ms
[0.657s][info][gc,phases,start] GC(10) Phase 2: Compute new object addresses
[0.658s][info][gc,phases      ] GC(10) Phase 2: Compute new object addresses 0.662ms
[0.658s][info][gc,phases,start] GC(10) Phase 3: Adjust pointers
[0.658s][info][gc,phases      ] GC(10) Phase 3: Adjust pointers 0.763ms
[0.658s][info][gc,phases,start] GC(10) Phase 4: Move objects
[0.688s][info][gc,phases      ] GC(10) Phase 4: Move objects 29.073ms
[0.688s][info][gc,heap        ] GC(10) DefNew: 157248K(157248K)->0K(157248K) Eden: 139776K(139776K)->0K(139776K) From: 17472K(17472K)->0K(17472K)
[0.688s][info][gc,heap        ] GC(10) Tenured: 303591K(349568K)->289098K(349568K)
[0.688s][info][gc,metaspace   ] GC(10) Metaspace: 9173K(9600K)->9173K(9600K) NonClass: 8367K(8704K)->8367K(8704K) Class: 805K(896K)->805K(896K)
[0.688s][info][gc             ] GC(10) Pause Full (Allocation Failure) 450M->282M(494M) 32.284ms
[0.688s][info][gc,cpu         ] GC(10) User=0.03s Sys=0.00s Real=0.03s
[0.704s][info][gc,start       ] GC(11) Pause Young (Allocation Failure)
[0.713s][info][gc,heap        ] GC(11) DefNew: 139081K(157248K)->17471K(157248K) Eden: 139081K(139776K)->0K(139776K) From: 0K(17472K)->17471K(17472K)
[0.713s][info][gc,heap        ] GC(11) Tenured: 289098K(349568K)->320355K(349568K)
[0.713s][info][gc,metaspace   ] GC(11) Metaspace: 9173K(9600K)->9173K(9600K) NonClass: 8367K(8704K)->8367K(8704K) Class: 805K(896K)->805K(896K)
[0.713s][info][gc             ] GC(11) Pause Young (Allocation Failure) 418M->329M(494M) 8.973ms
[0.713s][info][gc,cpu         ] GC(11) User=0.02s Sys=0.00s Real=0.01s
[0.730s][info][gc,start       ] GC(12) Pause Young (Allocation Failure)
[0.730s][info][gc             ] GC(12) Pause Young (Allocation Failure) 466M->466M(494M) 0.089ms
[0.730s][info][gc,cpu         ] GC(12) User=0.00s Sys=0.00s Real=0.00s
[0.730s][info][gc,start       ] GC(13) Pause Full (Allocation Failure)
[0.730s][info][gc,phases,start] GC(13) Phase 1: Mark live objects
[0.731s][info][gc,phases      ] GC(13) Phase 1: Mark live objects 1.508ms
[0.731s][info][gc,phases,start] GC(13) Phase 2: Compute new object addresses
[0.732s][info][gc,phases      ] GC(13) Phase 2: Compute new object addresses 0.678ms
[0.732s][info][gc,phases,start] GC(13) Phase 3: Adjust pointers
[0.733s][info][gc,phases      ] GC(13) Phase 3: Adjust pointers 0.758ms
[0.733s][info][gc,phases,start] GC(13) Phase 4: Move objects
[0.764s][info][gc,phases      ] GC(13) Phase 4: Move objects 31.476ms
[0.765s][info][gc,heap        ] GC(13) DefNew: 157247K(157248K)->0K(157248K) Eden: 139776K(139776K)->0K(139776K) From: 17471K(17472K)->0K(17472K)
[0.765s][info][gc,heap        ] GC(13) Tenured: 320355K(349568K)->306821K(349568K)
[0.765s][info][gc,metaspace   ] GC(13) Metaspace: 9173K(9600K)->9173K(9600K) NonClass: 8367K(8704K)->8367K(8704K) Class: 805K(896K)->805K(896K)
[0.765s][info][gc             ] GC(13) Pause Full (Allocation Failure) 466M->299M(494M) 34.747ms
[0.765s][info][gc,cpu         ] GC(13) User=0.03s Sys=0.00s Real=0.03s
[0.782s][info][gc,start       ] GC(14) Pause Young (Allocation Failure)
[0.782s][info][gc             ] GC(14) Pause Young (Allocation Failure) 435M->435M(494M) 0.085ms
[0.782s][info][gc,cpu         ] GC(14) User=0.00s Sys=0.00s Real=0.00s
[0.782s][info][gc,start       ] GC(15) Pause Full (Allocation Failure)
[0.782s][info][gc,phases,start] GC(15) Phase 1: Mark live objects
[0.783s][info][gc,phases      ] GC(15) Phase 1: Mark live objects 1.527ms
[0.783s][info][gc,phases,start] GC(15) Phase 2: Compute new object addresses
[0.784s][info][gc,phases      ] GC(15) Phase 2: Compute new object addresses 0.638ms
[0.784s][info][gc,phases,start] GC(15) Phase 3: Adjust pointers
[0.785s][info][gc,phases      ] GC(15) Phase 3: Adjust pointers 0.758ms
[0.785s][info][gc,phases,start] GC(15) Phase 4: Move objects
[0.818s][info][gc,phases      ] GC(15) Phase 4: Move objects 33.396ms
[0.818s][info][gc,heap        ] GC(15) DefNew: 139623K(157248K)->0K(157248K) Eden: 139623K(139776K)->0K(139776K) From: 0K(17472K)->0K(17472K)
[0.818s][info][gc,heap        ] GC(15) Tenured: 306821K(349568K)->304286K(349568K)
[0.818s][info][gc,metaspace   ] GC(15) Metaspace: 9173K(9600K)->9173K(9600K) NonClass: 8367K(8704K)->8367K(8704K) Class: 805K(896K)->805K(896K)
[0.818s][info][gc             ] GC(15) Pause Full (Allocation Failure) 435M->297M(494M) 36.580ms
[0.818s][info][gc,cpu         ] GC(15) User=0.03s Sys=0.00s Real=0.04s
[0.835s][info][gc,start       ] GC(16) Pause Young (Allocation Failure)
[0.846s][info][gc,heap        ] GC(16) DefNew: 139776K(157248K)->17471K(157248K) Eden: 139776K(139776K)->0K(139776K) From: 0K(17472K)->17471K(17472K)
[0.846s][info][gc,heap        ] GC(16) Tenured: 304286K(349568K)->345825K(349568K)
[0.846s][info][gc,metaspace   ] GC(16) Metaspace: 9173K(9600K)->9173K(9600K) NonClass: 8367K(8704K)->8367K(8704K) Class: 805K(896K)->805K(896K)
[0.846s][info][gc             ] GC(16) Pause Young (Allocation Failure) 433M->354M(494M) 11.423ms
[0.846s][info][gc,cpu         ] GC(16) User=0.00s Sys=0.00s Real=0.01s
[0.863s][info][gc,start       ] GC(17) Pause Young (Allocation Failure)
[0.863s][info][gc             ] GC(17) Pause Young (Allocation Failure) 491M->491M(494M) 0.089ms
[0.863s][info][gc,cpu         ] GC(17) User=0.00s Sys=0.00s Real=0.00s
[0.863s][info][gc,start       ] GC(18) Pause Full (Allocation Failure)
[0.863s][info][gc,phases,start] GC(18) Phase 1: Mark live objects
[0.865s][info][gc,phases      ] GC(18) Phase 1: Mark live objects 1.540ms
[0.865s][info][gc,phases,start] GC(18) Phase 2: Compute new object addresses
[0.865s][info][gc,phases      ] GC(18) Phase 2: Compute new object addresses 0.691ms
[0.865s][info][gc,phases,start] GC(18) Phase 3: Adjust pointers
[0.866s][info][gc,phases      ] GC(18) Phase 3: Adjust pointers 0.779ms
[0.866s][info][gc,phases,start] GC(18) Phase 4: Move objects
[0.896s][info][gc,phases      ] GC(18) Phase 4: Move objects 30.283ms
[0.897s][info][gc,heap        ] GC(18) DefNew: 157247K(157248K)->0K(157248K) Eden: 139776K(139776K)->0K(139776K) From: 17471K(17472K)->0K(17472K)
[0.897s][info][gc,heap        ] GC(18) Tenured: 345825K(349568K)->345905K(349568K)
[0.897s][info][gc,metaspace   ] GC(18) Metaspace: 9173K(9600K)->9173K(9600K) NonClass: 8367K(8704K)->8367K(8704K) Class: 805K(896K)->805K(896K)
[0.897s][info][gc             ] GC(18) Pause Full (Allocation Failure) 491M->337M(494M) 33.553ms
[0.897s][info][gc,cpu         ] GC(18) User=0.02s Sys=0.02s Real=0.03s
[0.913s][info][gc,start       ] GC(19) Pause Young (Allocation Failure)
[0.914s][info][gc             ] GC(19) Pause Young (Allocation Failure) 474M->474M(494M) 0.087ms
[0.914s][info][gc,cpu         ] GC(19) User=0.00s Sys=0.00s Real=0.00s
[0.914s][info][gc,start       ] GC(20) Pause Full (Allocation Failure)
[0.914s][info][gc,phases,start] GC(20) Phase 1: Mark live objects
[0.915s][info][gc,phases      ] GC(20) Phase 1: Mark live objects 1.564ms
[0.915s][info][gc,phases,start] GC(20) Phase 2: Compute new object addresses
[0.916s][info][gc,phases      ] GC(20) Phase 2: Compute new object addresses 0.688ms
[0.916s][info][gc,phases,start] GC(20) Phase 3: Adjust pointers
[0.917s][info][gc,phases      ] GC(20) Phase 3: Adjust pointers 0.773ms
[0.917s][info][gc,phases,start] GC(20) Phase 4: Move objects
[0.950s][info][gc,phases      ] GC(20) Phase 4: Move objects 33.417ms
[0.950s][info][gc,heap        ] GC(20) DefNew: 139776K(157248K)->2981K(157248K) Eden: 139776K(139776K)->2981K(139776K) From: 0K(17472K)->0K(17472K)
[0.950s][info][gc,heap        ] GC(20) Tenured: 345905K(349568K)->349434K(349568K)
[0.950s][info][gc,metaspace   ] GC(20) Metaspace: 9173K(9600K)->9173K(9600K) NonClass: 8367K(8704K)->8367K(8704K) Class: 805K(896K)->805K(896K)
[0.950s][info][gc             ] GC(20) Pause Full (Allocation Failure) 474M->344M(494M) 36.703ms
[0.950s][info][gc,cpu         ] GC(20) User=0.03s Sys=0.00s Real=0.04s
[0.969s][info][gc,start       ] GC(21) Pause Full (Allocation Failure)
[0.969s][info][gc,phases,start] GC(21) Phase 1: Mark live objects
[0.971s][info][gc,phases      ] GC(21) Phase 1: Mark live objects 1.567ms
[0.971s][info][gc,phases,start] GC(21) Phase 2: Compute new object addresses
[0.972s][info][gc,phases      ] GC(21) Phase 2: Compute new object addresses 0.726ms
[0.972s][info][gc,phases,start] GC(21) Phase 3: Adjust pointers
[0.972s][info][gc,phases      ] GC(21) Phase 3: Adjust pointers 0.765ms
[0.972s][info][gc,phases,start] GC(21) Phase 4: Move objects
[1.007s][info][gc,phases      ] GC(21) Phase 4: Move objects 34.644ms
[1.007s][info][gc,heap        ] GC(21) DefNew: 157205K(157248K)->12084K(157248K) Eden: 139776K(139776K)->12084K(139776K) From: 17429K(17472K)->0K(17472K)
[1.007s][info][gc,heap        ] GC(21) Tenured: 349434K(349568K)->349117K(349568K)
[1.007s][info][gc,metaspace   ] GC(21) Metaspace: 9173K(9600K)->9173K(9600K) NonClass: 8367K(8704K)->8367K(8704K) Class: 805K(896K)->805K(896K)
[1.007s][info][gc             ] GC(21) Pause Full (Allocation Failure) 494M->352M(494M) 38.052ms
[1.007s][info][gc,cpu         ] GC(21) User=0.05s Sys=0.00s Real=0.04s
[1.025s][info][gc,start       ] GC(22) Pause Full (Allocation Failure)
[1.025s][info][gc,phases,start] GC(22) Phase 1: Mark live objects
[1.026s][info][gc,phases      ] GC(22) Phase 1: Mark live objects 1.528ms
[1.026s][info][gc,phases,start] GC(22) Phase 2: Compute new object addresses
[1.027s][info][gc,phases      ] GC(22) Phase 2: Compute new object addresses 0.697ms
[1.027s][info][gc,phases,start] GC(22) Phase 3: Adjust pointers
[1.028s][info][gc,phases      ] GC(22) Phase 3: Adjust pointers 0.768ms
[1.028s][info][gc,phases,start] GC(22) Phase 4: Move objects
[1.066s][info][gc,phases      ] GC(22) Phase 4: Move objects 38.163ms
[1.066s][info][gc,heap        ] GC(22) DefNew: 157181K(157248K)->0K(157248K) Eden: 139776K(139776K)->0K(139776K) From: 17405K(17472K)->0K(17472K)
[1.066s][info][gc,heap        ] GC(22) Tenured: 349334K(349568K)->348388K(349568K)
[1.066s][info][gc,metaspace   ] GC(22) Metaspace: 9173K(9600K)->9173K(9600K) NonClass: 8367K(8704K)->8367K(8704K) Class: 805K(896K)->805K(896K)
[1.066s][info][gc             ] GC(22) Pause Full (Allocation Failure) 494M->340M(494M) 41.533ms
[1.066s][info][gc,cpu         ] GC(22) User=0.03s Sys=0.00s Real=0.04s
[1.083s][info][gc,start       ] GC(23) Pause Young (Allocation Failure)
[1.083s][info][gc             ] GC(23) Pause Young (Allocation Failure) 476M->476M(494M) 0.084ms
[1.083s][info][gc,cpu         ] GC(23) User=0.00s Sys=0.00s Real=0.00s
[1.083s][info][gc,start       ] GC(24) Pause Full (Allocation Failure)
[1.083s][info][gc,phases,start] GC(24) Phase 1: Mark live objects
[1.085s][info][gc,phases      ] GC(24) Phase 1: Mark live objects 1.547ms
[1.085s][info][gc,phases,start] GC(24) Phase 2: Compute new object addresses
[1.086s][info][gc,phases      ] GC(24) Phase 2: Compute new object addresses 0.711ms
[1.086s][info][gc,phases,start] GC(24) Phase 3: Adjust pointers
[1.087s][info][gc,phases      ] GC(24) Phase 3: Adjust pointers 0.803ms
[1.087s][info][gc,phases,start] GC(24) Phase 4: Move objects
[1.112s][info][gc,phases      ] GC(24) Phase 4: Move objects 25.175ms
[1.112s][info][gc,heap        ] GC(24) DefNew: 139776K(157248K)->15437K(157248K) Eden: 139776K(139776K)->15437K(139776K) From: 0K(17472K)->0K(17472K)
[1.112s][info][gc,heap        ] GC(24) Tenured: 348388K(349568K)->349423K(349568K)
[1.112s][info][gc,metaspace   ] GC(24) Metaspace: 9173K(9600K)->9173K(9600K) NonClass: 8367K(8704K)->8367K(8704K) Class: 805K(896K)->805K(896K)
[1.112s][info][gc             ] GC(24) Pause Full (Allocation Failure) 476M->356M(494M) 28.495ms
[1.112s][info][gc,cpu         ] GC(24) User=0.03s Sys=0.00s Real=0.03s
[1.129s][info][gc,start       ] GC(25) Pause Full (Allocation Failure)
[1.129s][info][gc,phases,start] GC(25) Phase 1: Mark live objects
[1.131s][info][gc,phases      ] GC(25) Phase 1: Mark live objects 1.578ms
[1.131s][info][gc,phases,start] GC(25) Phase 2: Compute new object addresses
[1.132s][info][gc,phases      ] GC(25) Phase 2: Compute new object addresses 0.698ms
[1.132s][info][gc,phases,start] GC(25) Phase 3: Adjust pointers
[1.133s][info][gc,phases      ] GC(25) Phase 3: Adjust pointers 0.783ms
[1.133s][info][gc,phases,start] GC(25) Phase 4: Move objects
[1.164s][info][gc,phases      ] GC(25) Phase 4: Move objects 31.523ms
[1.164s][info][gc,heap        ] GC(25) DefNew: 157029K(157248K)->13427K(157248K) Eden: 139776K(139776K)->13427K(139776K) From: 17253K(17472K)->0K(17472K)
[1.164s][info][gc,heap        ] GC(25) Tenured: 349423K(349568K)->348978K(349568K)
[1.164s][info][gc,metaspace   ] GC(25) Metaspace: 9173K(9600K)->9173K(9600K) NonClass: 8367K(8704K)->8367K(8704K) Class: 805K(896K)->805K(896K)
[1.164s][info][gc             ] GC(25) Pause Full (Allocation Failure) 494M->353M(494M) 34.905ms
[1.164s][info][gc,cpu         ] GC(25) User=0.05s Sys=0.00s Real=0.03s
[1.182s][info][gc,start       ] GC(26) Pause Full (Allocation Failure)
[1.182s][info][gc,phases,start] GC(26) Phase 1: Mark live objects
[1.184s][info][gc,phases      ] GC(26) Phase 1: Mark live objects 1.625ms
[1.184s][info][gc,phases,start] GC(26) Phase 2: Compute new object addresses
[1.184s][info][gc,phases      ] GC(26) Phase 2: Compute new object addresses 0.675ms
[1.184s][info][gc,phases,start] GC(26) Phase 3: Adjust pointers
[1.185s][info][gc,phases      ] GC(26) Phase 3: Adjust pointers 0.764ms
[1.185s][info][gc,phases,start] GC(26) Phase 4: Move objects
[1.220s][info][gc,phases      ] GC(26) Phase 4: Move objects 34.495ms
[1.220s][info][gc,heap        ] GC(26) DefNew: 157247K(157248K)->16639K(157248K) Eden: 139776K(139776K)->16639K(139776K) From: 17471K(17472K)->0K(17472K)
[1.220s][info][gc,heap        ] GC(26) Tenured: 349493K(349568K)->349418K(349568K)
[1.220s][info][gc,metaspace   ] GC(26) Metaspace: 9173K(9600K)->9173K(9600K) NonClass: 8367K(8704K)->8367K(8704K) Class: 805K(896K)->805K(896K)
[1.220s][info][gc             ] GC(26) Pause Full (Allocation Failure) 494M->357M(494M) 37.910ms
[1.220s][info][gc,cpu         ] GC(26) User=0.03s Sys=0.00s Real=0.04s
[1.236s][info][gc,start       ] GC(27) Pause Full (Allocation Failure)
[1.236s][info][gc,phases,start] GC(27) Phase 1: Mark live objects
[1.238s][info][gc,phases      ] GC(27) Phase 1: Mark live objects 1.523ms
[1.238s][info][gc,phases,start] GC(27) Phase 2: Compute new object addresses
[1.239s][info][gc,phases      ] GC(27) Phase 2: Compute new object addresses 0.665ms
[1.239s][info][gc,phases,start] GC(27) Phase 3: Adjust pointers
[1.239s][info][gc,phases      ] GC(27) Phase 3: Adjust pointers 0.776ms
[1.239s][info][gc,phases,start] GC(27) Phase 4: Move objects
[1.278s][info][gc,phases      ] GC(27) Phase 4: Move objects 38.222ms
[1.278s][info][gc,heap        ] GC(27) DefNew: 157105K(157248K)->0K(157248K) Eden: 139776K(139776K)->0K(139776K) From: 17329K(17472K)->0K(17472K)
[1.278s][info][gc,heap        ] GC(27) Tenured: 349418K(349568K)->349367K(349568K)
[1.278s][info][gc,metaspace   ] GC(27) Metaspace: 9173K(9600K)->9173K(9600K) NonClass: 8367K(8704K)->8367K(8704K) Class: 805K(896K)->805K(896K)
[1.278s][info][gc             ] GC(27) Pause Full (Allocation Failure) 494M->341M(494M) 41.511ms
[1.278s][info][gc,cpu         ] GC(27) User=0.05s Sys=0.00s Real=0.04s
[1.295s][info][gc,start       ] GC(28) Pause Young (Allocation Failure)
[1.295s][info][gc             ] GC(28) Pause Young (Allocation Failure) 477M->477M(494M) 0.084ms
[1.295s][info][gc,cpu         ] GC(28) User=0.00s Sys=0.00s Real=0.00s
[1.295s][info][gc,start       ] GC(29) Pause Full (Allocation Failure)
[1.295s][info][gc,phases,start] GC(29) Phase 1: Mark live objects
[1.296s][info][gc,phases      ] GC(29) Phase 1: Mark live objects 1.548ms
[1.296s][info][gc,phases,start] GC(29) Phase 2: Compute new object addresses
[1.297s][info][gc,phases      ] GC(29) Phase 2: Compute new object addresses 0.673ms
[1.297s][info][gc,phases,start] GC(29) Phase 3: Adjust pointers
[1.298s][info][gc,phases      ] GC(29) Phase 3: Adjust pointers 0.766ms
[1.298s][info][gc,phases,start] GC(29) Phase 4: Move objects
[1.324s][info][gc,phases      ] GC(29) Phase 4: Move objects 26.003ms
[1.324s][info][gc,heap        ] GC(29) DefNew: 139723K(157248K)->15630K(157248K) Eden: 139723K(139776K)->15630K(139776K) From: 0K(17472K)->0K(17472K)
[1.324s][info][gc,heap        ] GC(29) Tenured: 349367K(349568K)->348889K(349568K)
[1.324s][info][gc,metaspace   ] GC(29) Metaspace: 9173K(9600K)->9173K(9600K) NonClass: 8367K(8704K)->8367K(8704K) Class: 805K(896K)->805K(896K)
[1.324s][info][gc             ] GC(29) Pause Full (Allocation Failure) 477M->355M(494M) 29.266ms
[1.324s][info][gc,cpu         ] GC(29) User=0.03s Sys=0.00s Real=0.03s
[1.325s][info][gc,heap,exit   ] Heap
[1.325s][info][gc,heap,exit   ]  def new generation   total 157248K, used 21905K [0x00000000e0000000, 0x00000000eaaa0000, 0x00000000eaaa0000)
[1.325s][info][gc,heap,exit   ]   eden space 139776K,  15% used [0x00000000e0000000, 0x00000000e15646d0, 0x00000000e8880000)
[1.325s][info][gc,heap,exit   ]   from space 17472K,   0% used [0x00000000e9990000, 0x00000000e9990000, 0x00000000eaaa0000)
[1.325s][info][gc,heap,exit   ]   to   space 17472K,   0% used [0x00000000e8880000, 0x00000000e8880000, 0x00000000e9990000)
[1.325s][info][gc,heap,exit   ]  tenured generation   total 349568K, used 348889K [0x00000000eaaa0000, 0x0000000100000000, 0x0000000100000000)
[1.325s][info][gc,heap,exit   ]    the space 349568K,  99% used [0x00000000eaaa0000, 0x00000000fff567c0, 0x00000000fff56800, 0x0000000100000000)
[1.325s][info][gc,heap,exit   ]  Metaspace       used 9178K, capacity 9320K, committed 9600K, reserved 1058816K
[1.325s][info][gc,heap,exit   ]   class space    used 808K, capacity 868K, committed 896K, reserved 1048576K
